   Index                     J DQ                   J true      absolute difference
-----------------------------------------------------------------------------------
       0   -1.999982814026743e+00   -1.999982835662398e+00    2.163565526736022e-08
       1    4.999999946228110e-01    5.000000000000000e-01    5.377188971866786e-09
       2    4.999998207478195e-01    5.000000000000000e-01    1.792521805432656e-07
       3   -9.931339113985835e-01   -9.931342649593704e-01    3.535607868698776e-07
