CVODE -- RESIZE

t:      0.0000000000000000e+00
y:      0.0000000000000000e+00
y_true: 0.0000000000000000e+00
Error:  0.0000000000000000e+00
f:      1.0000000000000000e+00

========== Start Step 1 ==========

 Step Number:   1 | Time: 3.4322590648825020e-10 | Step Size: 3.4322590648825020e-10 | Order: 1
 idx                       zn
   0   3.4322590648825020e-10
   1   3.4322590648825020e-10

t:      3.4322590648825020e-10
y:      3.4322590648825020e-10
y_true: 3.4322590648825020e-10
Error:  0.0000000000000000e+00
f:      1.0000000000000000e+00
========== End Step 1 ==========

========== Start Step 2 ==========

 Step Number:   2 | Time: 3.4326022907889900e-06 | Step Size: 3.4322590648825019e-06 | Order: 1
 idx                       zn
   0   3.4326022907485484e-06
   1   3.4322590648420603e-06

t:      3.4326022907889900e-06
y:      3.4326022907485484e-06
y_true: 3.4326022907755082e-06
Error:  2.6959788161683498e-17
f:      9.9999999998821720e-01
========== End Step 2 ==========

========== Start Step 3 ==========

 Step Number:   3 | Time: 3.7755192939614006e-05 | Step Size: 3.4322590648825017e-05 | Order: 1
 idx                       zn
   0   3.7755192890647669e-05
   1   3.4322590599899120e-05

t:      3.7755192939614006e-05
y:      3.7755192890647669e-05
y_true: 3.7755192921674567e-05
Error:  3.1026898173087958e-14
f:      9.9999999857457633e-01
========== End Step 3 ==========

========== Start Step 4 ==========

 Step Number:   4 | Time: 3.8098109942786418e-04 | Step Size: 3.4322590648825019e-04 | Order: 1
 idx                       zn
   0   3.8098104955469055e-04
   1   3.4322585666404288e-04

t:      3.8098109942786418e-04
y:      3.8098104955469055e-04
y_true: 3.8098108099516225e-04
Error:  3.1440471699641787e-11
f:      9.9999985488486354e-01
========== End Step 4 ==========

========== Start Step 5 ==========

 Step Number:   5 | Time: 1.5071915632162349e-03 | Step Size: 1.1262104637883707e-03 | Order: 1
 idx                       zn
   0   1.5071889539743707e-03
   1   1.1262079044196802e-03

t:      1.5071915632162349e-03
y:      1.5071889539743707e-03
y_true: 1.5071904219590712e-03
Error:  1.4679847005951568e-09
f:      9.9999772984673674e-01
========== End Step 5 ==========

========== Start Step 6 ==========

 Step Number:   6 | Time: 2.6334020270046055e-03 | Step Size: 1.1262104637883707e-03 | Order: 1
 idx                       zn
   0   2.6333916126386830e-03
   1   1.1262026586643123e-03

t:      2.6334020270046055e-03
y:      2.6333916126386830e-03
y_true: 2.6333959396523349e-03
Error:  4.3270136518974711e-09
f:      9.9999306956886891e-01
========== End Step 6 ==========

========== Start Step 7 ==========

 Step Number:   7 | Time: 3.7596124907929764e-03 | Step Size: 1.1262104637883707e-03 | Order: 1
 idx                       zn
   0   3.7595861677168865e-03
   1   1.1261945550782033e-03

t:      3.7596124907929764e-03
y:      3.7595861677168865e-03
y_true: 3.7595947772957532e-03
Error:  8.6095788666765150e-09
f:      9.9998587412328444e-01
========== End Step 7 ==========

========== Start Step 8 ==========

 Step Number:   8 | Time: 6.5537056440918571e-03 | Step Size: 2.7940931532988806e-03 | Order: 2
 idx                       zn
   0   6.5535995801327181e-03
   1   2.7939731405481976e-03
   2  -4.0271867634035977e-08

t:      6.5537056440918571e-03
y:      6.5535995801327181e-03
y_true: 6.5536118169801398e-03
Error:  1.2236847421638608e-08
f:      9.9995706302389220e-01
========== End Step 8 ==========

========== Start Step 9 ==========

 Step Number:   9 | Time: 9.3477987973907377e-03 | Step Size: 2.7940931532988806e-03 | Order: 2
 idx                       zn
   0   9.3475106749886447e-03
   1   2.7938490063239372e-03
   2  -6.2088531988572325e-08

t:      9.3477987973907377e-03
y:      9.3475106749886447e-03
y_true: 9.3475265372625366e-03
Error:  1.5862273891956158e-08
f:      9.9991264215474929e-01
========== End Step 9 ==========

========== Start Step 10 ==========

 Step Number:  10 | Time: 1.3573382399242055e-02 | Step Size: 4.2255836018513168e-03 | Order: 2
 idx                       zn
   0   1.3572520585656330e-02
   1   4.2248053573624373e-03
   2  -2.0455330524705477e-07

t:      1.3573382399242055e-02
y:      1.3572520585656330e-02
y_true: 1.3572548919603477e-02
Error:  2.8333947146852445e-08
f:      9.9981582556110404e-01
========== End Step 10 ==========

========== Start Step 11 ==========

 Step Number:  11 | Time: 3.7821651901180683e-02 | Step Size: 2.4248269501938632e-02 | Order: 3
 idx                       zn
   0   3.7803609096814225e-02
   1   2.4213633286599718e-02
   2  -2.2195369765350002e-05
   3  -4.7401452071680970e-06

t:      3.7821651901180683e-02
y:      3.7803609096814225e-02
y_true: 3.7803633025183934e-02
Error:  2.3928369709269592e-08
f:      9.9857158991833672e-01
========== End Step 11 ==========

========== Start Step 12 ==========

 Step Number:  12 | Time: 8.2025676161590330e-02 | Step Size: 4.4204024260409647e-02 | Order: 3
 idx                       zn
   0   8.1842556698150673e-02
   1   4.3908593350501998e-02
   2  -1.5877331649934029e-04
   3  -2.8419065664897612e-05

t:      8.2025676161590330e-02
y:      8.1842556698150673e-02
y_true: 8.1842453218510469e-02
Error:  1.0347964020385181e-07
f:      9.9331665125855417e-01
========== End Step 12 ==========

========== Start Step 13 ==========

 Step Number:  13 | Time: 1.2622970042199999e-01 | Step Size: 4.4204024260409647e-02 | Order: 3
 idx                       zn
   0   1.2556600733943546e-01
   1   4.3510708735581528e-02
   2  -2.4034110218935963e-04
   3  -2.7599196486080774e-05

t:      1.2622970042199999e-01
y:      1.2556600733943546e-01
y_true: 1.2556559268794645e-01
Error:  4.1465148900576843e-07
f:      9.8431555641306001e-01
========== End Step 13 ==========

========== Start Step 14 ==========

 Step Number:  14 | Time: 1.7043372468240964e-01 | Step Size: 4.4204024260409647e-02 | Order: 3
 idx                       zn
   0   1.6881251728783814e-01
   1   4.2956208569336331e-02
   2  -3.1640397095378459e-04
   3  -2.6102591887455228e-05

t:      1.7043372468240964e-01
y:      1.6881251728783814e-01
y_true: 1.6881166903139067e-01
Error:  8.4825644747210660e-07
f:      9.7177144588188780e-01
========== End Step 14 ==========

========== Start Step 15 ==========

 Step Number:  15 | Time: 2.1463774894281928e-01 | Step Size: 4.4204024260409647e-02 | Order: 3
 idx                       zn
   0   2.1143126329714598e-01
   1   4.2257198458516984e-02
   2  -3.8563254155321347e-04
   3  -2.4084990762358902e-05

t:      2.1463774894281928e-01
y:      2.1143126329714598e-01
y_true: 2.1142988841331045e-01
Error:  1.3748838355309712e-06
f:      9.5595817723690157e-01
========== End Step 15 ==========

========== Start Step 16 ==========

 Step Number:  16 | Time: 2.5884177320322893e-01 | Step Size: 4.4204024260409647e-02 | Order: 3
 idx                       zn
   0   2.5328482656444146e-01
   1   4.1428276021749165e-02
   2  -4.4693929987102535e-04
   3  -2.1652054324744947e-05

t:      2.5884177320322893e-01
y:      2.5328482656444146e-01
y_true: 2.5328286453273657e-01
Error:  1.9620317048829605e-06
f:      9.3720598327635707e-01
========== End Step 16 ==========

========== Start Step 17 ==========

 Step Number:  17 | Time: 3.0304579746363858e-01 | Step Size: 4.4204024260409647e-02 | Order: 3
 idx                       zn
   0   2.9425133324316549e-01
   1   4.0485814085842460e-02
   2  -4.9961584273807140e-04
   3  -1.8923249856480678e-05

t:      3.0304579746363858e-01
y:      2.9425133324316549e-01
y_true: 2.9424875633519049e-01
Error:  2.5769079750048718e-06
f:      9.1588525622321415e-01
========== End Step 17 ==========

========== Start Step 18 ==========

 Step Number:  18 | Time: 3.4724982172404822e-01 | Step Size: 4.4204024260409647e-02 | Order: 3
 idx                       zn
   0   3.3422586290391204e-01
   1   3.9447223852793548e-02
   2  -5.4332719081001072e-04
   3  -1.6021382857035491e-05

t:      3.4724982172404822e-01
y:      3.3422586290391204e-01
y_true: 3.3422267408024758e-01
Error:  3.1888236644572743e-06
f:      8.9238987881299248e-01
========== End Step 18 ==========

========== Start Step 19 ==========

 Step Number:  19 | Time: 4.1836206880633786e-01 | Step Size: 7.1112247082289665e-02 | Order: 4
 idx                       zn
   0   3.9623778635758816e-01
   1   6.0519504035947795e-02
   2  -1.5319622443040126e-03
   3  -3.4592337630748741e-05
   4   4.9504889448808863e-06

t:      4.1836206880633786e-01
y:      3.9623778635758816e-01
y_true: 3.9623485269389180e-01
Error:  2.9336636963583906e-06
f:      8.5104147013623188e-01
========== End Step 19 ==========

========== Start Step 20 ==========

 Step Number:  20 | Time: 5.3730090532069708e-01 | Step Size: 1.1893883651435920e-01 | Order: 4
 idx                       zn
   0   4.9304217471927103e-01
   1   9.2294092923389540e-02
   2  -4.5664100816147852e-03
   3  -1.9427770139700688e-05
   4   3.6686873181704995e-05

t:      5.3730090532069708e-01
y:      4.9304217471927103e-01
y_true: 4.9304117614878290e-01
Error:  9.9857048813101201e-07
f:      7.7597944984308875e-01
========== End Step 20 ==========

========== Start Step 21 ==========

 Step Number:  21 | Time: 6.5623974183505629e-01 | Step Size: 1.1893883651435920e-01 | Order: 4
 idx                       zn
   0   5.8074543238482723e-01
   1   8.3136633693963416e-02
   2  -4.5111678864531010e-03
   3   8.6700884038481938e-05
   4   3.1244798898888457e-05

t:      6.5623974183505629e-01
y:      5.8074543238482723e-01
y_true: 5.8074918332171122e-01
Error:  3.7509368839838686e-06
f:      6.9898643815913342e-01
========== End Step 21 ==========

========== Start Step 22 ==========

 Step Number:  22 | Time: 7.3893501118231553e-01 | Step Size: 8.2695269347259265e-02 | Order: 4
 idx                       zn
   0   6.3637672653080135e-01
   1   5.3489383190527519e-02
   2  -2.1067584768160830e-03
   3   4.0638285031586319e-05
   4   5.4858064008812526e-06

t:      7.3893501118231553e-01
y:      6.3637672653080135e-01
y_true: 6.3638182368317764e-01
Error:  5.0971523762877169e-06
f:      6.4682518858378080e-01
========== End Step 22 ==========

========== Start Step 23 ==========

 Step Number:  23 | Time: 8.2163028052957476e-01 | Step Size: 8.2695269347259265e-02 | Order: 4
 idx                       zn
   0   6.8778600572070503e-01
   1   4.9368530421864260e-02
   2  -1.9977689037010528e-03
   3   4.6604496092235044e-05
   4   3.6246317538865181e-06

t:      8.2163028052957476e-01
y:      6.8778600572070503e-01
y_true: 6.8779168581063754e-01
Error:  5.6800899325137877e-06
f:      5.9699340496193043e-01
========== End Step 23 ==========

========== Start Step 24 ==========

 Step Number:  24 | Time: 9.0432554987683400e-01 | Step Size: 8.2695269347259265e-02 | Order: 4
 idx                       zn
   0   7.3519387768894495e-01
   1   4.5492321489035911e-02
   2  -1.8682755038929868e-03
   3   4.9441976201613147e-05
   4   2.1670008906154112e-06

t:      9.0432554987683400e-01
y:      7.3519387768894495e-01
y_true: 7.3519977480178389e-01
Error:  5.8971128389373462e-06
f:      5.5011999898085628e-01
========== End Step 24 ==========

========== Start Step 25 ==========

 Step Number:  25 | Time: 9.8702081922409324e-01 | Step Size: 8.2695269347259265e-02 | Order: 4
 idx                       zn
   0   7.7886006081655512e-01
   1   4.1887506187750764e-02
   2  -1.7301009434720432e-03
   3   4.9690571208590925e-05
   4   1.1145748211801289e-06

t:      9.8702081922409324e-01
y:      7.7886006081655512e-01
y_true: 7.7886627603027081e-01
Error:  6.2152137156878950e-06
f:      5.0653791679142257e-01
========== End Step 25 ==========

========== Start Step 26 ==========

 Step Number:  26 | Time: 1.0697160885713526e+00 | Step Size: 8.2695269347259265e-02 | Order: 4
 idx                       zn
   0   8.1906304031817989e-01
   1   3.8565231694738855e-02
   2  -1.5898190955226010e-03
   3   4.8295267570934746e-05
   4   3.6655620764292350e-07

t:      1.0697160885713526e+00
y:      8.1906304031817989e-01
y_true: 8.1906932253056830e-01
Error:  6.2822123884087588e-06
f:      4.6636056702532930e-01
========== End Step 26 ==========

========== Start Step 27 ==========

 Step Number:  27 | Time: 1.1524113579186119e+00 | Step Size: 8.2695269347259265e-02 | Order: 4
 idx                       zn
   0   8.5608359722867977e-01
   1   3.5521338924709767e-02
   2  -1.4533281907558912e-03
   3   4.5741783257995106e-05
   4  -1.4801177615663026e-07

t:      1.1524113579186119e+00
y:      8.5608359722867977e-01
y_true: 8.5608975815121358e-01
Error:  6.1609225338044027e-06
f:      4.2954984237463284e-01
========== End Step 27 ==========

========== Start Step 28 ==========

 Step Number:  28 | Time: 1.2351066272658713e+00 | Step Size: 8.2695269347259265e-02 | Order: 4
 idx                       zn
   0   8.9019496163525325e-01
   1   3.2744495717553217e-02
   2  -1.3238441787266847e-03
   3   4.2542202937610476e-05
   4  -4.8230735590258510e-07

t:      1.2351066272658713e+00
y:      8.9019496163525325e-01
y_true: 8.9020086967734879e-01
Error:  5.9080420955481827e-06
f:      3.9596892558583913e-01
========== End Step 28 ==========

========== Start Step 29 ==========

 Step Number:  29 | Time: 1.3178018966131306e+00 | Step Size: 8.2695269347259265e-02 | Order: 4
 idx                       zn
   0   9.2165639210221706e-01
   1   3.0218537326155204e-02
   2  -1.2031400649742284e-03
   3   3.9072804975534073e-05
   4  -6.8027085889037555e-07

t:      1.3178018966131306e+00
y:      9.2165639210221706e-01
y_true: 9.2166196350946739e-01
Error:  5.5714072503265655e-06
f:      3.6542226661372929e-01
========== End Step 29 ==========

========== Start Step 30 ==========

 Step Number:  30 | Time: 1.4519398163926365e+00 | Step Size: 1.3413791977950590e-01 | Order: 4
 idx                       zn
   0   9.6766648021726309e-01
   1   4.3157287990679138e-02
   2  -2.7041664381049321e-03
   3   1.4317292725886925e-04
   4  -5.4607590030069829e-06

t:      1.4519398163926365e+00
y:      9.6766648021726309e-01
y_true: 9.6767166997809018e-01
Error:  5.1897608270845552e-06
f:      3.2174213371114313e-01
========== End Step 30 ==========

========== Start Step 31 ==========

 Step Number:  31 | Time: 1.5860777361721423e+00 | Step Size: 1.3413791977950590e-01 | Order: 4
 idx                       zn
   0   1.0082571481909661e+00
   1   3.8154995896115061e-02
   2  -2.3098128338699024e-03
   3   1.2023801729475688e-04
   4  -5.6212264233087015e-06

t:      1.5860777361721423e+00
y:      1.0082571481909661e+00
y_true: 1.0082616590978570e+00
Error:  4.5109068909088279e-06
f:      2.8444753256534278e-01
========== End Step 31 ==========

========== Start Step 32 ==========

 Step Number:  32 | Time: 1.8076666526775851e+00 | Step Size: 2.2158891650544274e-01 | Order: 4
 idx                       zn
   0   1.0654985696448287e+00
   1   5.1923174662672600e-02
   2  -4.8865782700321997e-03
   3   3.9258474356680141e-04
   4  -3.9083777590888243e-05

t:      1.8076666526775851e+00
y:      1.0654985696448287e+00
y_true: 1.0655001272645097e+00
Error:  1.5576196810140885e-06
f:      2.3432207477487813e-01
========== End Step 32 ==========

========== Start Step 33 ==========

 Step Number:  33 | Time: 2.0292555691830279e+00 | Step Size: 2.2158891650544274e-01 | Order: 4
 idx                       zn
   0   1.1129347532828895e+00
   1   4.3296437868457278e-02
   2  -3.8255869776671969e-03
   3   2.8107232886436933e-04
   4  -3.3086463071951743e-05

t:      2.0292555691830279e+00
y:      1.1129347532828895e+00
y_true: 1.1129320880799536e+00
Error:  2.6652029359031104e-06
f:      1.9539080993427677e-01
========== End Step 33 ==========

========== Start Step 34 ==========

 Step Number:  34 | Time: 2.2508444856884706e+00 | Step Size: 2.2158891650544274e-01 | Order: 4
 idx                       zn
   0   1.1527174658594959e+00
   1   3.6526470567491712e-02
   2  -3.0247478761142523e-03
   3   2.0550498326439299e-04
   4  -2.5989149735973205e-05

t:      2.2508444856884706e+00
y:      1.1527174658594959e+00
y_true: 1.1527112501788772e+00
Error:  6.2156806186486335e-06
f:      1.6483888789895565e-01
========== End Step 34 ==========

========== Start Step 35 ==========

 Step Number:  35 | Time: 2.4724334021939134e+00 | Step Size: 2.2158891650544274e-01 | Order: 4
 idx                       zn
   0   1.1864593234279690e+00
   1   3.1151183948958550e-02
   2  -2.4159879404613725e-03
   3   1.5543197860251178e-04
   4  -1.9253700450721964e-05

t:      2.4724334021939134e+00
y:      1.1864593234279690e+00
y_true: 1.1864511888079383e+00
Error:  8.1346200306864347e-06
f:      1.4058096605293616e-01
========== End Step 35 ==========

========== Start Step 36 ==========

 Step Number:  36 | Time: 2.6940223186993562e+00 | Step Size: 2.2158891650544274e-01 | Order: 4
 idx                       zn
   0   1.2153770422141992e+00
   1   2.6832074534257119e-02
   2  -1.9519276528262241e-03
   3   1.1961228753851273e-04
   4  -1.4104311608360869e-05

t:      2.6940223186993562e+00
y:      1.2153770422141992e+00
y_true: 1.2153681969957919e+00
Error:  8.8452184072718154e-06
f:      1.2108942521770065e-01
========== End Step 36 ==========

========== Start Step 37 ==========

 Step Number:  37 | Time: 2.9156112352047989e+00 | Step Size: 2.2158891650544274e-01 | Order: 4
 idx                       zn
   0   1.2403966838278477e+00
   1   2.3321270194887007e-02
   2  -1.5946379222689681e-03
   3   9.3405491138480706e-05
   4  -1.0328005354184489e-05

t:      2.9156112352047989e+00
y:      1.2403966838278477e+00
y_true: 1.2403879191113492e+00
Error:  8.7647164985771298e-06
f:      1.0524565290843048e-01
========== End Step 37 ==========

========== Start Step 38 ==========

 Step Number:  38 | Time: 3.1372001517102417e+00 | Step Size: 2.2158891650544274e-01 | Order: 4
 idx                       zn
   0   1.2622308596059695e+00
   1   2.0436141521599956e-02
   2  -1.3165836549974728e-03
   3   7.3841042805800042e-05
   4  -7.6095587186773853e-06

t:      3.1372001517102417e+00
y:      1.2622308596059695e+00
y_true: 1.2622226332985087e+00
Error:  8.2263074607791253e-06
f:      9.2225467969640013e-02
========== End Step 38 ==========

========== Start Step 39 ==========

 Step Number:  39 | Time: 3.3587890682156845e+00 | Step Size: 2.2158891650544274e-01 | Order: 4
 idx                       zn
   0   1.2814342129932175e+00
   1   1.8040896535970505e-02
   2  -1.0977835673045516e-03
   3   5.9015284872033023e-05
   4  -5.6579991010594023e-06

t:      3.3587890682156845e+00
y:      1.2814342129932175e+00
y_true: 1.2814267555027690e+00
Error:  7.4574904485036342e-06
f:      8.1416060065113427e-02
========== End Step 39 ==========

========== Start Step 40 ==========

 Step Number:  40 | Time: 3.5803779847211272e+00 | Step Size: 2.2158891650544274e-01 | Order: 4
 idx                       zn
   0   1.2984443954544695e+00
   1   1.6036309144413511e-02
   2  -9.2116697952462098e-04
   3   4.8571916747856331e-05
   4  -4.1344205660523204e-06

t:      3.5803779847211272e+00
y:      1.2984443954544695e+00
y_true: 1.2984367402920767e+00
Error:  7.6551623928722279e-06
f:      7.2355923410856324e-02
========== End Step 40 ==========

========== Start Step 41 ==========

 Step Number:  41 | Time: 3.8019669012265700e+00 | Step Size: 2.2158891650544274e-01 | Order: 4
 idx                       zn
   0   1.3136072788477469e+00
   1   1.4338377760113952e-02
   2  -7.8174424522798062e-04
   3   3.9641130949637285e-05
   4  -3.1202569859064957e-06

t:      3.8019669012265700e+00
y:      1.3136072788477469e+00
y_true: 1.3135999401615890e+00
Error:  7.3386861578761398e-06
f:      6.4696840234787584e-02
========== End Step 41 ==========

========== Start Step 42 ==========

 Step Number:  42 | Time: 4.0235558177320128e+00 | Step Size: 2.2158891650544274e-01 | Order: 4
 idx                       zn
   0   1.3272024144989649e+00
   1   1.2891417844442508e-02
   2  -6.6888415516275571e-04
   3   3.2418032267119939e-05
   4  -2.4156193457337884e-06

t:      4.0235558177320128e+00
y:      1.3272024144989649e+00
y_true: 1.3271956615126141e+00
Error:  6.7529863507775900e-06
f:      5.8169983151982997e-02
========== End Step 42 ==========

========== Start Step 43 ==========

 Step Number:  43 | Time: 4.2451447342374555e+00 | Step Size: 2.2158891650544274e-01 | Order: 4
 idx                       zn
   0   1.3394567505053654e+00
   1   1.1649406652338072e-02
   2  -5.7624727688459902e-04
   3   2.6805975030681595e-05
   4  -1.8761021471146741e-06

t:      4.2451447342374555e+00
y:      1.3394567505053654e+00
y_true: 1.3394506811277942e+00
Error:  6.0693775711939679e-06
f:      5.2566700522127849e-02
========== End Step 43 ==========

========== Start Step 44 ==========

 Step Number:  44 | Time: 4.4667336507428983e+00 | Step Size: 2.2158891650544274e-01 | Order: 4
 idx                       zn
   0   1.3505561580358509e+00
   1   1.0575892183924252e-02
   2  -4.9971228416726050e-04
   3   2.2330788870878456e-05
   4  -1.4722735232479588e-06

t:      4.4667336507428983e+00
y:      1.3505561580358509e+00
y_true: 1.3505508005195928e+00
Error:  5.3575162581864788e-06
f:      4.7723444741200577e-02
========== End Step 44 ==========

========== Start Step 45 ==========

 Step Number:  45 | Time: 4.8306694803644525e+00 | Step Size: 3.6393582962155469e-01 | Order: 5
 idx                       zn
   0   1.3666719438496664e+00
   1   1.4952257524998036e-02
   2  -1.0802267269730179e-03
   3   7.8350381783423337e-05
   4  -4.2465703111899079e-06
   5   7.0460974963033111e-07

t:      4.8306694803644525e+00
y:      1.3666719438496664e+00
y_true: 1.3666689407969825e+00
Error:  3.0030526838586979e-06
f:      4.1089451980863917e-02
========== End Step 45 ==========

========== Start Step 46 ==========

 Step Number:  46 | Time: 5.1946053099860077e+00 | Step Size: 3.6393582962155469e-01 | Order: 5
 idx                       zn
   0   1.3806165898664473e+00
   1   1.3002072360522286e-02
   2  -8.7994730224680263e-04
   3   5.9024952521468489e-05
   4  -3.1250346814691034e-06
   5   4.7636680891408687e-07

t:      5.1946053099860077e+00
y:      1.3806165898664473e+00
y_true: 1.3806154535543020e+00
Error:  1.1363121452667713e-06
f:      3.5733665866825151e-02
========== End Step 46 ==========

========== Start Step 47 ==========

 Step Number:  47 | Time: 5.5585411396075628e+00 | Step Size: 3.6393582962155469e-01 | Order: 5
 idx                       zn
   0   1.3927970013578437e+00
   1   1.1407557998780404e-02
   2  -7.2410184460510515e-04
   3   4.6365684129764470e-05
   4  -2.0272271227440581e-06
   5   3.5873675831165168e-07

t:      5.5585411396075628e+00
y:      1.3927970013578437e+00
y_true: 1.3927970369518026e+00
Error:  3.5593958891411148e-08
f:      3.1350573240560717e-02
========== End Step 47 ==========

========== Start Step 48 ==========

 Step Number:  48 | Time: 5.9224769692291179e+00 | Step Size: 3.6393582962155469e-01 | Order: 5
 idx                       zn
   0   1.4035249632631914e+00
   1   1.0086339496428925e-02
   2  -6.0369672017034917e-04
   3   3.6081279012669376e-05
   4  -1.6019410723202551e-06
   5   2.4246866357298152e-07

t:      5.9224769692291179e+00
y:      1.4035249632631914e+00
y_true: 1.4035257605712816e+00
Error:  7.9730809021683058e-07
f:      2.7720261455836146e-02
========== End Step 48 ==========

========== Start Step 49 ==========

 Step Number:  49 | Time: 6.2864127988506731e+00 | Step Size: 3.6393582962155469e-01 | Order: 5
 idx                       zn
   0   1.4130437546561885e+00
   1   8.9807935786270481e-03
   2  -5.0800448134304468e-04
   3   2.8543422588260471e-05
   4  -1.2860110154684044e-06
   5   1.6389942326790146e-07

t:      6.2864127988506731e+00
y:      1.4130437546561885e+00
y_true: 1.4130448302238345e+00
Error:  1.0755676460583175e-06
f:      2.4680864025875302e-02
========== End Step 49 ==========

========== Start Step 50 ==========

 Step Number:  50 | Time: 6.6503486284722282e+00 | Step Size: 3.6393582962155469e-01 | Order: 5
 idx                       zn
   0   1.4215453620740379e+00
   1   8.0463474296336487e-03
   2  -4.3109777317522179e-04
   3   2.3058581429584710e-05
   4  -9.8616329397788484e-07
   5   1.1747031699110104e-07

t:      6.6503486284722282e+00
y:      1.4215453620740379e+00
y_true: 1.4215464409297027e+00
Error:  1.0788556648044789e-06
f:      2.2111698032119771e-02
========== End Step 50 ==========

========== Start Step 51 ==========

 Step Number:  51 | Time: 7.2388723304408522e+00 | Step Size: 5.8852370196862425e-01 | Order: 5
 idx                       zn
   0   1.4335199178718179e+00
   1   1.1017108242745216e-02
   2  -8.8212352549639993e-04
   3   7.0254989111348933e-05
   4  -4.2070805324239273e-06
   5   8.6195989474244530e-07

t:      7.2388723304408522e+00
y:      1.4335199178718179e+00
y_true: 1.4335220879782284e+00
Error:  2.1701064105705825e-06
f:      1.8728315589551660e-02
========== End Step 51 ==========

========== Start Step 52 ==========

 Step Number:  52 | Time: 7.8273960324094762e+00 | Step Size: 5.8852370196862425e-01 | Order: 5
 idx                       zn
   0   1.4437249580351752e+00
   1   9.4462022811414217e-03
   2  -7.0494249426383804e-04
   3   5.0141830918822605e-05
   4  -3.2229251916367618e-06
   5   5.3063184150564589e-07

t:      7.8273960324094762e+00
y:      1.4437249580351752e+00
y_true: 1.4437282577328048e+00
Error:  3.2996976295773806e-06
f:      1.6062879802406577e-02
========== End Step 52 ==========

========== Start Step 53 ==========

 Step Number:  53 | Time: 8.4159197343781003e+00 | Step Size: 5.8852370196862425e-01 | Order: 5
 idx                       zn
   0   1.4525250414203053e+00
   1   8.1904378274389126e-03
   2  -5.6874025752827744e-04
   3   3.8538711514097412e-05
   4  -1.9819346920997098e-06
   5   3.8465395664073241e-07

t:      8.4159197343781003e+00
y:      1.4525250414203053e+00
y_true: 1.4525284196217232e+00
Error:  3.3782014179362108e-06
f:      1.3925582737135275e-02
========== End Step 53 ==========

========== Start Step 54 ==========

 Step Number:  54 | Time: 9.0044434363467243e+00 | Step Size: 5.8852370196862425e-01 | Order: 5
 idx                       zn
   0   1.4601900546572810e+00
   1   7.1677337218670825e-03
   2  -4.6598460416150947e-04
   3   2.9604840368704898e-05
   4  -1.4322996586329901e-06
   5   2.5777091969408904e-07

t:      9.0044434363467243e+00
y:      1.4601900546572810e+00
y_true: 1.4601932674546649e+00
Error:  3.2127973839113366e-06
f:      1.2186448427582632e-02
========== End Step 54 ==========

========== Start Step 55 ==========

 Step Number:  55 | Time: 9.5929671383153483e+00 | Step Size: 5.8852370196862425e-01 | Order: 5
 idx                       zn
   0   1.4669256602596237e+00
   1   6.3246882972611967e-03
   2  -3.8700703938667825e-04
   3   2.2482713319403087e-05
   4  -1.2745354199293227e-06
   5   1.5301695563419172e-07

t:      9.5929671383153483e+00
y:      1.4669256602596237e+00
y_true: 1.4669284392976503e+00
Error:  2.7790380265901860e-06
f:      1.0752575339538996e-02
========== End Step 55 ==========

========== Start Step 56 ==========

 Step Number:  56 | Time: 1.0181490840283972e+01 | Step Size: 5.8852370196862425e-01 | Order: 5
 idx                       zn
   0   1.4728908395913352e+00
   1   5.6224954200162231e-03
   2  -3.2352136350532188e-04
   3   1.8153224965247786e-05
   4  -8.9899352376557749e-07
   5   1.1032970087084670e-07

t:      1.0181490840283972e+01
y:      1.4728908395913352e+00
y_true: 1.4728928915722734e+00
Error:  2.0519809382779641e-06
f:      9.5565491181262216e-03
========== End Step 56 ==========

========== Start Step 57 ==========

 Step Number:  57 | Time: 1.1107845322711370e+01 | Step Size: 9.2635448242739671e-01 | Order: 5
 idx                       zn
   0   1.4810089274247396e+00
   1   7.4423106831476892e-03
   2  -6.2158733861869466e-04
   3   5.0194397635845909e-05
   4  -3.2935111901422220e-06
   5   7.0190281212538019e-07

t:      1.1107845322711370e+01
y:      1.4810089274247396e+00
y_true: 1.4810119046128156e+00
Error:  2.9771880760698366e-06
f:      8.0425817133789775e-03
========== End Step 57 ==========

========== Start Step 58 ==========

 Step Number:  58 | Time: 1.2034199805138767e+01 | Step Size: 9.2635448242739671e-01 | Order: 5
 idx                       zn
   0   1.4878856149213902e+00
   1   6.3420233937963744e-03
   2  -5.0009746630345366e-04
   3   3.0498663774022778e-05
   4  -3.7725611317094272e-06
   5   2.9541164500806498e-07

t:      1.2034199805138767e+01
y:      1.4878856149213902e+00
y_true: 1.4878902899479252e+00
Error:  4.6750265350059550e-06
f:      6.8623524713758467e-03
========== End Step 58 ==========

========== Start Step 59 ==========

 Step Number:  59 | Time: 1.3690573010635749e+01 | Step Size: 1.6563732054969817e+00 | Order: 6
 idx                       zn
   0   1.4978842022474310e+00
   1   8.7880705259871048e-03
   2  -1.0773249398357558e-03
   3   1.0907806382974165e-04
   4  -2.4744943153719748e-05
   5  -1.4692710932141432e-06
   6  -8.3812432771601359e-07

t:      1.3690573010635749e+01
y:      1.4978842022474310e+00
y_true: 1.4978828522531278e+00
Error:  1.3499943032346806e-06
f:      5.3056101709579098e-03
========== End Step 59 ==========

========== Start Step 60 ==========

 Step Number:  60 | Time: 1.5346946216132730e+01 | Step Size: 1.6563732054969817e+00 | Order: 6
 idx                       zn
   0   1.5057259749675305e+00
   1   7.0074654745152353e-03
   2  -7.2817612929994648e-04
   3   1.0143130823239753e-04
   4  -3.9029015471087541e-06
   5   4.3417704132856837e-07
   6  -3.6272946325723128e-07

t:      1.5346946216132730e+01
y:      1.5057259749675305e+00
y_true: 1.5057287670991653e+00
Error:  2.7921316347878644e-06
f:      4.2306078432442331e-03
========== End Step 60 ==========

Current time                  = 15.3469462161327
Steps                         = 60
Error test fails              = 3
NLS step fails                = 0
Initial step size             = 3.4322590648825e-10
Last step size                = 1.65637320549698
Current step size             = 1.65637320549698
Last method order             = 6
Current method order          = 6
Stab. lim. order reductions   = 0
RHS fn evals                  = 95
NLS iters                     = 92
NLS fails                     = 0
NLS iters per step            = 1.53333333333333
LS setups                     = 0
Root fn evals                 = 0
