CVODE Resize History Test
Method: BDF
Algebraic solvers: Newton + Band
Case: Resize but do not change the problem size

t:      0.0000000000000000e+00
y:      0.0000000000000000e+00
y_true: 0.0000000000000000e+00
Error:  0.0000000000000000e+00
f:      1.0000000000000000e+00

========== Start Step 1 ==========

 Step Number:   1 | Time: 3.4322590648825020e-10 | Step Size: 3.4322590648825020e-10 | Order: 1
 idx                       zn
   0   3.4322590648825020e-10
   1   3.4322590648825020e-10

t:      3.4322590648825020e-10
y:      3.4322590648825020e-10
y_true: 3.4322590648825020e-10
Error:  0.0000000000000000e+00
f:      1.0000000000000000e+00
========== End Step 1 ==========

========== Start Step 2 ==========

 Step Number:   2 | Time: 3.4326022907889900e-06 | Step Size: 3.4322590648825019e-06 | Order: 1
 idx                       zn
   0   3.4326022907485484e-06
   1   3.4322590648420603e-06

t:      3.4326022907889900e-06
y:      3.4326022907485484e-06
y_true: 3.4326022907755082e-06
Error:  2.6959788161683498e-17
f:      9.9999999998821720e-01
========== End Step 2 ==========

========== Start Step 3 ==========

 Step Number:   3 | Time: 3.7755192939614006e-05 | Step Size: 3.4322590648825017e-05 | Order: 1
 idx                       zn
   0   3.7755192890649336e-05
   1   3.4322590599900787e-05

t:      3.7755192939614006e-05
y:      3.7755192890649336e-05
y_true: 3.7755192921674567e-05
Error:  3.1025231212247761e-14
f:      9.9999999857457633e-01
========== End Step 3 ==========

========== Start Step 4 ==========

 Step Number:   4 | Time: 3.8098109942786418e-04 | Step Size: 3.4322590648825019e-04 | Order: 1
 idx                       zn
   0   3.8098104957161945e-04
   1   3.4322585668097009e-04

t:      3.8098109942786418e-04
y:      3.8098104957161945e-04
y_true: 3.8098108099516225e-04
Error:  3.1423542804290272e-11
f:      9.9999985488484655e-01
========== End Step 4 ==========

========== Start Step 5 ==========

 Step Number:   5 | Time: 1.5071153777182979e-03 | Step Size: 1.1261342782904337e-03 | Order: 1
 idx                       zn
   0   1.5071127716199131e-03
   1   1.1261317220482934e-03

t:      1.5071153777182979e-03
y:      1.5071127716199131e-03
y_true: 1.5071142366341903e-03
Error:  1.4650142772087288e-09
f:      9.9999773007341175e-01
========== End Step 5 ==========

========== Start Step 6 ==========

 Step Number:   6 | Time: 2.6332496560087315e-03 | Step Size: 1.1261342782904337e-03 | Order: 1
 idx                       zn
   0   2.6332392462140217e-03
   1   1.1261264745941089e-03

t:      2.6332496560087315e-03
y:      2.6332392462140217e-03
y_true: 2.6332435697130558e-03
Error:  4.3234990340472457e-09
f:      9.9999307036782814e-01
========== End Step 6 ==========

========== Start Step 7 ==========

 Step Number:   7 | Time: 3.7593839342991652e-03 | Step Size: 1.1261342782904337e-03 | Order: 1
 idx                       zn
   0   3.7593576188008041e-03
   1   1.1261183725867821e-03

t:      3.7593839342991652e-03
y:      3.7593576188008041e-03
y_true: 3.7593662240322742e-03
Error:  8.6052314701018373e-09
f:      9.9998587583740406e-01
========== End Step 7 ==========

========== Start Step 8 ==========

 Step Number:   8 | Time: 5.7742469591236280e-03 | Step Size: 2.0148630248244623e-03 | Order: 2
 idx                       zn
   0   5.7741663947724264e-03
   1   2.0147958806716886e-03
   2  -1.2895299934002821e-08

t:      5.7742469591236280e-03
y:      5.7741663947724264e-03
y_true: 5.7741827855654097e-03
Error:  1.6390792983295155e-08
f:      9.9996667557449503e-01
========== End Step 8 ==========

========== Start Step 9 ==========

 Step Number:   9 | Time: 7.7891099839480903e-03 | Step Size: 2.0148630248244623e-03 | Order: 2
 idx                       zn
   0   7.7889298771261078e-03
   1   2.0147408355447108e-03
   2  -2.2646808970327641e-08

t:      7.7891099839480903e-03
y:      7.7889298771261078e-03
y_true: 7.7889524673059795e-03
Error:  2.2590179871682936e-08
f:      9.9993935603649187e-01
========== End Step 9 ==========

========== Start Step 10 ==========

 Step Number:  10 | Time: 9.8039730087725527e-03 | Step Size: 2.0148630248244623e-03 | Order: 2
 idx                       zn
   0   9.8036306619015638e-03
   1   2.0146694359863444e-03
   2  -3.1348789112459619e-08

t:      9.8039730087725527e-03
y:      9.8036306619015638e-03
y_true: 9.8036589144972590e-03
Error:  2.8252595695235638e-08
f:      9.9990391960359926e-01
========== End Step 10 ==========

========== Start Step 11 ==========

 Step Number:  11 | Time: 1.4546914445871955e-02 | Step Size: 4.7429414370994023e-03 | Order: 3
 idx                       zn
   0   1.4545833556102465e-02
   1   4.7419382431686192e-03
   2  -2.7472184955403536e-07
   3  -1.0070817273162293e-08

t:      1.4546914445871955e-02
y:      1.4545833556102465e-02
y_true: 1.4545888472090273e-02
Error:  5.4915987807505062e-08
f:      9.9978848696656153e-01
========== End Step 11 ==========

========== Start Step 12 ==========

 Step Number:  12 | Time: 1.9289855882971357e-02 | Step Size: 4.7429414370994023e-03 | Order: 3
 idx                       zn
   0   1.9287388292026447e-02
   1   4.7411776102917070e-03
   2  -4.0364887918490841e-07
   3  -2.6523246908638717e-08

t:      1.9289855882971357e-02
y:      1.9287388292026447e-02
y_true: 1.9287463841256926e-02
Error:  7.5549230479227125e-08
f:      9.9962811541506746e-01
========== End Step 12 ==========

========== Start Step 13 ==========

 Step Number:  13 | Time: 2.4032797320070760e-02 | Step Size: 4.7429414370994023e-03 | Order: 3
 idx                       zn
   0   2.4028088420737122e-02
   1   4.7402040087918913e-03
   2  -5.3052807484717517e-07
   3  -3.4408156064504268e-08

t:      2.4032797320070760e-02
y:      2.4028088420737122e-02
y_true: 2.4028172005761437e-02
Error:  8.3585024315130374e-08
f:      9.9942284163871420e-01
========== End Step 13 ==========

========== Start Step 14 ==========

 Step Number:  14 | Time: 3.1209157014402970e-02 | Step Size: 7.1763596943322100e-03 | Order: 3
 idx                       zn
   0   3.1198943098704184e-02
   1   7.1693772645236627e-03
   2  -1.6006897433192083e-06
   3  -1.2327629991997235e-07

t:      3.1209157014402970e-02
y:      3.1198943098704184e-02
y_true: 3.1199030239481035e-02
Error:  8.7140776851291069e-08
f:      9.9902702343444927e-01
========== End Step 14 ==========

========== Start Step 15 ==========

 Step Number:  15 | Time: 4.3965462551833881e-02 | Step Size: 1.2756305537430911e-02 | Order: 3
 idx                       zn
   0   4.3937084400704755e-02
   1   1.2731696714956128e-02
   2  -7.1372875239062516e-06
   3  -6.9270047946687862e-07

t:      4.3965462551833881e-02
y:      4.3937084400704755e-02
y_true: 4.3937167505901029e-02
Error:  8.3105196273247639e-08
f:      9.9807085034122356e-01
========== End Step 15 ==========

========== Start Step 16 ==========

 Step Number:  16 | Time: 8.7901002347603951e-02 | Step Size: 4.3935539795770064e-02 | Order: 3
 idx                       zn
   0   8.7676049053630953e-02
   1   4.3598653574467974e-02
   2  -1.6856106991716566e-04
   3  -2.8249991458942177e-05

t:      8.7901002347603951e-02
y:      8.7676049053630953e-02
y_true: 8.7675654572488410e-02
Error:  3.9448114254325706e-07
f:      9.9233226169820443e-01
========== End Step 16 ==========

========== Start Step 17 ==========

 Step Number:  17 | Time: 1.3183654214337401e-01 | Step Size: 4.3935539795770064e-02 | Order: 3
 idx                       zn
   0   1.3108230496830162e-01
   1   4.3184872696484605e-02
   2  -2.4889764271518005e-04
   3  -2.7514424529136733e-05

t:      1.3183654214337401e-01
y:      1.3108230496830162e-01
y_true: 1.3108059856186619e-01
Error:  1.7064064354310737e-06
f:      9.8291435355580337e-01
========== End Step 17 ==========

========== Start Step 18 ==========

 Step Number:  18 | Time: 1.7577208193914406e-01 | Step Size: 4.3935539795770064e-02 | Order: 3
 idx                       zn
   0   1.7399845547762396e-01
   1   4.2618632250950625e-02
   2  -3.2375103622053921e-04
   3  -2.6232777848796708e-05

t:      1.7577208193914406e-01
y:      1.7399845547762396e-01
y_true: 1.7399470765410319e-01
Error:  3.7478235207777377e-06
f:      9.7002637156750671e-01
========== End Step 18 ==========

========== Start Step 19 ==========

 Step Number:  19 | Time: 2.1970762173491412e-01 | Step Size: 4.3935539795770064e-02 | Order: 3
 idx                       zn
   0   2.1627782515033511e-01
   1   4.1912087443984586e-02
   2  -3.9172813393704417e-04
   3  -2.4445905210480836e-05

t:      2.1970762173491412e-01
y:      2.1627782515033511e-01
y_true: 2.1627140742067774e-01
Error:  6.4177296573708631e-06
f:      9.5394497572600012e-01
========== End Step 19 ==========

========== Start Step 20 ==========

 Step Number:  20 | Time: 2.6364316153068418e-01 | Step Size: 4.3935539795770064e-02 | Order: 3
 idx                       zn
   0   2.5778706852874617e-01
   1   4.1079731745364723e-02
   2  -4.5173587599449107e-04
   3  -2.2224242948148645e-05

t:      2.6364316153068418e-01
y:      2.5778706852874617e-01
y_true: 2.5777749834150954e-01
Error:  9.5701872366293905e-06
f:      9.3500004634789335e-01
========== End Step 20 ==========

========== Start Step 21 ==========

 Step Number:  21 | Time: 3.0757870132645426e-01 | Step Size: 4.3935539795770064e-02 | Order: 3
 idx                       zn
   0   2.9840817434357858e-01
   1   4.0137699943283561e-02
   2  -5.0307441642860487e-04
   3  -1.9668544879759515e-05

t:      3.0757870132645426e-01
y:      2.9840817434357858e-01
y_true: 2.9839514732202221e-01
Error:  1.3027021556366591e-05
f:      9.1355882116982357e-01
========== End Step 21 ==========

========== Start Step 22 ==========

 Step Number:  22 | Time: 3.5151424112222435e-01 | Step Size: 4.3935539795770064e-02 | Order: 3
 idx                       zn
   0   3.3803977448652950e-01
   1   3.9103057937575882e-02
   2  -5.4543689009216008e-04
   3  -1.6894684717137960e-05

t:      3.5151424112222435e-01
y:      3.3803977448652950e-01
y_true: 3.3802317181329705e-01
Error:  1.6602673232446463e-05
f:      8.9000973060402822e-01
========== End Step 22 ==========

========== Start Step 23 ==========

 Step Number:  23 | Time: 3.9544978091799443e-01 | Step Size: 4.3935539795770064e-02 | Order: 3
 idx                       zn
   0   3.7659775427273934e-01
   1   3.7993131379552778e-02
   2  -5.7886752080031937e-04
   3  -1.4019114143262121e-05

t:      3.9544978091799443e-01
y:      3.7659775427273934e-01
y_true: 3.7657763027222524e-01
Error:  2.0124000514099016e-05
f:      8.6474711716664965e-01
========== End Step 23 ==========

========== Start Step 24 ==========

 Step Number:  24 | Time: 4.3938532071376452e-01 | Step Size: 4.3935539795770064e-02 | Order: 3
 idx                       zn
   0   4.1401522127696644e-01
   1   3.6824913138155231e-02
   2  -6.0370260361215767e-04
   3  -1.1148737540269488e-05

t:      4.3938532071376452e-01
y:      4.1401522127696644e-01
y_true: 4.1399177861950998e-01
Error:  2.3442657456462790e-05
f:      8.3815774904171270e-01
========== End Step 24 ==========

========== Start Step 25 ==========

 Step Number:  25 | Time: 4.9705555266370632e-01 | Step Size: 5.7670231949941829e-02 | Order: 4
 idx                       zn
   0   4.6131656747640493e-01
   1   4.6243223314429899e-02
   2  -1.0731494287434379e-03
   3  -1.4221494619906913e-05
   4   8.0504911488657434e-07

t:      4.9705555266370632e-01
y:      4.6131656747640493e-01
y_true: 4.6128927790607760e-01
Error:  2.7289570327326818e-05
f:      8.0185603128091021e-01
========== End Step 25 ==========

========== Start Step 26 ==========

 Step Number:  26 | Time: 5.5472578461364819e-01 | Step Size: 5.7670231949941829e-02 | Order: 4
 idx                       zn
   0   5.0649275231935220e-01
   1   4.4098162258638378e-02
   2  -1.0825690640901249e-03
   3  -2.9592431560746327e-06
   4   1.5872366251818448e-06

t:      5.5472578461364819e-01
y:      5.0649275231935220e-01
y_true: 5.0646421079225479e-01
Error:  2.8541527097414310e-05
f:      7.6466074034375142e-01
========== End Step 26 ==========

========== Start Step 27 ==========

 Step Number:  27 | Time: 6.1239601656359000e-01 | Step Size: 5.7670231949941829e-02 | Order: 4
 idx                       zn
   0   5.4951132120104595e-01
   1   4.1939553042649784e-02
   2  -1.0755829871958607e-03
   3   5.2012423764791571e-06
   4   1.7683905283643976e-06

t:      6.1239601656359000e-01
y:      5.4951132120104595e-01
y_true: 5.4948439429955398e-01
Error:  2.6926901491974853e-05
f:      7.2723052473681060e-01
========== End Step 27 ==========

========== Start Step 28 ==========

 Step Number:  28 | Time: 6.7006624851353180e-01 | Step Size: 5.7670231949941829e-02 | Order: 4
 idx                       zn
   0   5.9037644484801710e-01
   1   3.9798947604609919e-02
   2  -1.0578506439199739e-03
   3   9.8514539117244434e-06
   4   1.5260554705430562e-06

t:      6.7006624851353180e-01
y:      5.9037644484801710e-01
y_true: 5.9035246885134252e-01
Error:  2.3975996674585609e-05
f:      6.9011249407069641e-01
========== End Step 28 ==========

========== Start Step 29 ==========

 Step Number:  29 | Time: 7.2773648046347361e-01 | Step Size: 5.7670231949941829e-02 | Order: 4
 idx                       zn
   0   6.2912061024950283e-01
   1   3.7701594340832090e-02
   2  -1.0312573410503339e-03
   3   1.2493563882790728e-05
   4   1.1798442794310260e-06

t:      7.2773648046347361e-01
y:      6.2912061024950283e-01
y_true: 6.2909953916424566e-01
Error:  2.1071085257173827e-05
f:      6.5374445473979259e-01
========== End Step 29 ==========

========== Start Step 30 ==========

 Step Number:  30 | Time: 7.8540671241341542e-01 | Step Size: 5.7670231949941829e-02 | Order: 4
 idx                       zn
   0   6.6579771087968065e-01
   1   3.5666884357151429e-02
   2  -9.9677434296757510e-04
   3   1.4333866931324899e-05
   4   8.9193687251266543e-07

t:      7.8540671241341542e-01
y:      6.6579771087968065e-01
y_true: 6.6577903745700262e-01
Error:  1.8673422678028295e-05
f:      6.1846264790664507e-01
========== End Step 30 ==========

========== Start Step 31 ==========

 Step Number:  31 | Time: 8.4307694436335723e-01 | Step Size: 5.7670231949941829e-02 | Order: 4
 idx                       zn
   0   7.0047779713577862e-01
   1   3.3708968432230216e-02
   2  -9.5607673202759993e-04
   3   1.5714296967352228e-05
   4   6.7320512711022454e-07

t:      8.4307694436335723e-01
y:      7.0047779713577862e-01
y_true: 7.0046111772899899e-01
Error:  1.6679406779629424e-05
f:      5.8451244762618337e-01
========== End Step 31 ==========

========== Start Step 32 ==========

 Step Number:  32 | Time: 9.0074717631329904e-01 | Step Size: 5.7670231949941829e-02 | Order: 4
 idx                       zn
   0   7.3324267387031150e-01
   1   3.1837478871743423e-02
   2  -9.1131487585223382e-04
   3   1.6572755907426432e-05
   4   4.8976897027479575e-07

t:      9.0074717631329904e-01
y:      7.3324267387031150e-01
y_true: 7.3322775304615684e-01
Error:  1.4920824154662782e-05
f:      5.5206087777449164e-01
========== End Step 32 ==========

========== Start Step 33 ==========

 Step Number:  33 | Time: 9.5841740826324084e-01 | Step Size: 5.7670231949941829e-02 | Order: 4
 idx                       zn
   0   7.6418194795086203e-01
   1   3.0058292213187163e-02
   2  -8.6442196962704335e-04
   3   1.6884981697436588e-05
   4   3.2508396116455157e-07

t:      9.5841740826324084e-01
y:      7.6418194795086203e-01
y_true: 7.6416860101661643e-01
Error:  1.3346934245594966e-05
f:      5.2120983732609172e-01
========== End Step 33 ==========

========== Start Step 34 ==========

 Step Number:  34 | Time: 1.0552090414264501e+00 | Step Size: 9.6791633163209212e-02 | Order: 5
 idx                       zn
   0   8.1226414130136437e-01
   1   4.5796664482768472e-02
   2  -2.2041950146959679e-03
   3   8.3972188524156520e-05
   4   2.8652473931822383e-06
   5   2.2691190701420897e-07

t:      1.0552090414264501e+00
y:      8.1226414130136437e-01
y_true: 8.1225468557236369e-01
Error:  9.4557290006846983e-06
f:      4.7314693415232006e-01
========== End Step 34 ==========

========== Start Step 35 ==========

 Step Number:  35 | Time: 1.1520006745896594e+00 | Step Size: 9.6791633163209212e-02 | Order: 5
 idx                       zn
   0   8.5591738133368689e-01
   1   4.1592749095562771e-02
   2  -1.9815908271396216e-03
   3   8.0038493300019711e-05
   4   1.2307634060612889e-06
   5   9.2379726175874185e-08

t:      1.1520006745896594e+00
y:      8.5591738133368689e-01
y_true: 8.5591331585457131e-01
Error:  4.0654791155780856e-06
f:      4.2971430211771960e-01
========== End Step 35 ==========

========== Start Step 36 ==========

 Step Number:  36 | Time: 1.2487923077528686e+00 | Step Size: 9.6791633163209212e-02 | Order: 5
 idx                       zn
   0   8.9558439303115855e-01
   1   3.7816824133246170e-02
   2  -1.7809388756227374e-03
   3   6.7919665687870019e-05
   4  -1.4398811231871737e-06
   5  -1.1085820821917329e-07

t:      1.2487923077528686e+00
y:      8.9558439303115855e-01
y_true: 8.9558381225899630e-01
Error:  5.8077216225083106e-07
f:      3.9070344096250309e-01
========== End Step 36 ==========

========== Start Step 37 ==========

 Step Number:  37 | Time: 1.3455839409160779e+00 | Step Size: 9.6791633163209212e-02 | Order: 5
 idx                       zn
   0   9.3168036348095962e-01
   1   3.4438043703822217e-02
   2  -1.5987097489654188e-03
   3   5.6600580736452234e-05
   4  -2.7796389365928187e-06
   5  -1.6322265970590597e-07

t:      1.3455839409160779e+00
y:      9.3168036348095962e-01
y_true: 9.3167962686928241e-01
Error:  7.3661167721006393e-07
f:      3.5579566723244643e-01
========== End Step 37 ==========

========== Start Step 38 ==========

 Step Number:  38 | Time: 1.4423755740792872e+00 | Step Size: 9.6791633163209212e-02 | Order: 5
 idx                       zn
   0   9.6458323334818941e-01
   1   3.1421046486937179e-02
   2  -1.4286964546615141e-03
   3   5.0846851932756275e-05
   4  -2.3609780810560201e-06
   5  -8.0904382768351888e-08

t:      1.4423755740792872e+00
y:      9.6458323334818941e-01
y_true: 9.6458069964427884e-01
Error:  2.5337039105677306e-06
f:      3.2462564645391695e-01
========== End Step 38 ==========

========== Start Step 39 ==========

 Step Number:  39 | Time: 1.5391672072424964e+00 | Step Size: 9.6791633163209212e-02 | Order: 5
 idx                       zn
   0   9.9463410168154975e-01
   1   2.8729437806363615e-02
   2  -1.2721683143978369e-03
   3   4.7757505675282569e-05
   4  -1.5013335429407491e-06
   5   3.3733806953642751e-09

t:      1.5391672072424964e+00
y:      9.9463410168154975e-01
y_true: 9.9463063094873605e-01
Error:  3.4707328137040250e-06
f:      2.9681736806651760e-01
========== End Step 39 ==========

========== Start Step 40 ==========

 Step Number:  40 | Time: 1.7429938867041024e+00 | Step Size: 2.0382667946160588e-01 | Order: 4
 idx                       zn
   0   1.0499276752945848e+00
   1   5.0475310477017789e-02
   2  -4.4579819538620672e-03
   3   3.2960715840251375e-04
   4  -3.0674023752656341e-05

t:      1.7429938867041024e+00
y:      1.0499276752945848e+00
y_true: 1.0499204119647443e+00
Error:  7.2633298404678470e-06
f:      2.4763838870527080e-01
========== End Step 40 ==========

========== Start Step 41 ==========

 Step Number:  41 | Time: 1.9468205661657083e+00 | Step Size: 2.0382667946160588e-01 | Order: 4
 idx                       zn
   0   1.0963024675572584e+00
   1   4.2547410709632506e-02
   2  -3.5684852639239072e-03
   3   2.3034215314092358e-04
   4  -2.8554135976286171e-05

t:      1.9468205661657083e+00
y:      1.0963024675572584e+00
y_true: 1.0962820973827572e+00
Error:  2.0370174501183058e-05
f:      2.0874308908931136e-01
========== End Step 41 ==========

========== Start Step 42 ==========

 Step Number:  42 | Time: 2.0889837842210484e+00 | Step Size: 1.4216321805533985e-01 | Order: 4
 idx                       zn
   0   1.1243563962984815e+00
   1   2.6500481817481918e-02
   2  -1.4791246725810363e-03
   3   6.9450824580156713e-05
   4  -4.8714265798875673e-06

t:      2.0889837842210484e+00
y:      1.1243563962984815e+00
y_true: 1.1243321058371374e+00
Error:  2.4290461344111947e-05
f:      1.8640884878651295e-01
========== End Step 42 ==========

========== Start Step 43 ==========

 Step Number:  43 | Time: 2.2311470022763884e+00 | Step Size: 1.4216321805533985e-01 | Order: 4
 idx                       zn
   0   1.1494646264908732e+00
   1   2.3777544342846152e-02
   2  -1.2674504862091322e-03
   3   5.9312188787272698e-05
   4  -3.9231745492430221e-06

t:      2.2311470022763884e+00
y:      1.1494646264908732e+00
y_true: 1.1494403222668483e+00
Error:  2.4304224024884746e-05
f:      1.6725524835538169e-01
========== End Step 43 ==========

========== Start Step 44 ==========

 Step Number:  44 | Time: 2.3733102203317284e+00 | Step Size: 1.4216321805533985e-01 | Order: 4
 idx                       zn
   0   1.1720425008665694e+00
   1   2.1430702873637145e-02
   2  -1.0949820226115333e-03
   3   4.8782617599244920e-05
   4  -3.4068618483482110e-06

t:      2.3733102203317284e+00
y:      1.1720425008665694e+00
y_true: 1.1720192663205773e+00
Error:  2.3234545992067979e-05
f:      1.5074717051843059e-01
========== End Step 44 ==========

========== Start Step 45 ==========

 Step Number:  45 | Time: 2.5154734383870685e+00 | Step Size: 1.4216321805533985e-01 | Order: 4
 idx                       zn
   0   1.1924353081252905e+00
   1   1.9397856425370306e-02
   2  -9.5199730681731613e-04
   3   4.0034608516344237e-05
   4  -2.9189180172962419e-06

t:      2.5154734383870685e+00
y:      1.1924353081252905e+00
y_true: 1.1924128865527885e+00
Error:  2.2421572501984954e-05
f:      1.3644778650001660e-01
========== End Step 45 ==========

========== Start Step 46 ==========

 Step Number:  46 | Time: 2.6576366564424085e+00 | Step Size: 1.4216321805533985e-01 | Order: 4
 idx                       zn
   0   1.2109308106478804e+00
   1   1.7628389368419491e-02
   2  -8.3113740712909185e-04
   3   3.3578817088039016e-05
   4  -2.3969299532062618e-06

t:      2.6576366564424085e+00
y:      1.2109308106478804e+00
y_true: 1.2109090531160089e+00
Error:  2.1757531871502422e-05
f:      1.2400105744340485e-01
========== End Step 46 ==========

========== Start Step 47 ==========

 Step Number:  47 | Time: 2.8918782275706243e+00 | Step Size: 2.3424157112821556e-01 | Order: 5
 idx                       zn
   0   1.2378963875076343e+00
   1   2.5012090312903121e-02
   2  -1.8366083829098158e-03
   3   9.9364823319875173e-05
   4  -1.8139715892800481e-05
   5  -6.2637527172854090e-07

t:      2.8918782275706243e+00
y:      1.2378963875076343e+00
y_true: 1.2378715935637619e+00
Error:  2.4793943872447599e-05
f:      1.0677904093809373e-01
========== End Step 47 ==========

========== Start Step 48 ==========

 Step Number:  48 | Time: 3.1261197986988400e+00 | Step Size: 2.3424157112821556e-01 | Order: 5
 idx                       zn
   0   1.2612292837916774e+00
   1   2.1736672947105729e-02
   2  -1.5110538393587046e-03
   3   7.2284418725266335e-05
   4  -1.3105373809955418e-05
   5  -2.2029495658683295e-07

t:      3.1261197986988400e+00
y:      1.2612292837916774e+00
y_true: 1.2611973645871442e+00
Error:  3.1919204533270573e-05
f:      9.2795966328316007e-02
========== End Step 48 ==========

========== Start Step 49 ==========

 Step Number:  49 | Time: 3.3603613698270558e+00 | Step Size: 2.3424157112821556e-01 | Order: 5
 idx                       zn
   0   1.2815885590029350e+00
   1   1.9048454511817990e-02
   2  -1.2351354469652702e-03
   3   7.0282382363794858e-05
   4  -5.0268886652485652e-06
   5   3.7598144529025110e-07

t:      3.3603613698270558e+00
y:      1.2815885590029350e+00
y_true: 1.2815547228039874e+00
Error:  3.3836198947589935e-05
f:      8.1319700939811154e-02
========== End Step 49 ==========

========== Start Step 50 ==========

 Step Number:  50 | Time: 3.5946029409552716e+00 | Step Size: 2.3424157112821556e-01 | Order: 5
 idx                       zn
   0   1.2994890651182438e+00
   1   1.6820021681173983e-02
   2  -1.0102731137018798e-03
   3   6.9203174668616222e-05
   4  -4.5253452475071957e-07
   5   5.5561123956021068e-07

t:      3.5946029409552716e+00
y:      1.2994890651182438e+00
y_true: 1.2994623288328380e+00
Error:  2.6736285405837279e-05
f:      7.1806304919152450e-02
========== End Step 50 ==========

========== Start Step 51 ==========

 Step Number:  51 | Time: 3.8288445120834873e+00 | Step Size: 2.3424157112821556e-01 | Order: 5
 idx                       zn
   0   1.3153444322281824e+00
   1   1.4953965960514340e-02
   2  -8.4423713866833860e-04
   3   5.6170355148995966e-05
   4  -6.3544194157659722e-07
   5   3.5821366525175019e-07

t:      3.8288445120834873e+00
y:      1.3153444322281824e+00
y_true: 1.3153276088676573e+00
Error:  1.6823360525108910e-05
f:      6.3839931949265599e-02
========== End Step 51 ==========

========== Start Step 52 ==========

 Step Number:  52 | Time: 4.0630860832117026e+00 | Step Size: 2.3424157112821556e-01 | Order: 5
 idx                       zn
   0   1.3294850229036494e+00
   1   1.3376097308592776e-02
   2  -7.2289022556583783e-04
   3   3.9480238814967660e-05
   4  -1.9732827718370719e-06
   5   1.4961972148351214e-07

t:      4.0630860832117026e+00
y:      1.3294850229036494e+00
y_true: 1.3294743146609436e+00
Error:  1.0708242705881332e-05
f:      5.7103857544018838e-02
========== End Step 52 ==========

========== Start Step 53 ==========

 Step Number:  53 | Time: 4.2973276543399184e+00 | Step Size: 2.3424157112821556e-01 | Order: 5
 idx                       zn
   0   1.3421711145340978e+00
   1   1.2030716410041928e-02
   2  -6.2374056168136073e-04
   3   2.9703118199001158e-05
   4  -1.8216877073903850e-06
   5   1.0985281861840111e-07

t:      4.2973276543399184e+00
y:      1.3421711145340978e+00
y_true: 1.3421624929336162e+00
Error:  8.6216004815398151e-06
f:      5.1360295920559351e-02
========== End Step 53 ==========

========== Start Step 54 ==========

 Step Number:  54 | Time: 4.5315692254681341e+00 | Step Size: 2.3424157112821556e-01 | Order: 5
 idx                       zn
   0   1.3536104070284380e+00
   1   1.0875483399301510e-02
   2  -5.3635275013742833e-04
   3   2.6578694113096612e-05
   4  -7.3175328062718455e-07
   5   1.4589750752979098e-07

t:      4.5315692254681341e+00
y:      1.3536104070284380e+00
y_true: 1.3536031247397171e+00
Error:  7.2822887209333942e-06
f:      4.6428494083779213e-02
========== End Step 54 ==========

========== Start Step 55 ==========

 Step Number:  55 | Time: 4.7658107965963499e+00 | Step Size: 2.3424157112821556e-01 | Order: 5
 idx                       zn
   0   1.3639740854422597e+00
   1   9.8770168708728987e-03
   2  -4.6225772556131490e-04
   3   2.4087062207397489e-05
   4  -1.8289995330449190e-07
   5   1.3385522684115597e-07

t:      4.7658107965963499e+00
y:      1.3639740854422597e+00
y_true: 1.3639689835534055e+00
Error:  5.1018888542753160e-06
f:      4.2165943573980624e-02
========== End Step 55 ==========

========== Start Step 56 ==========

 Step Number:  56 | Time: 5.1561230666326523e+00 | Step Size: 3.9031227003630231e-01 | Order: 5
 idx                       zn
   0   1.3792263128127289e+00
   1   1.4150725750514443e-02
   2  -9.9923582584608489e-04
   3   1.0777193425203416e-04
   4   7.7530115007077112e-06
   5   2.2468713574163504e-06

t:      5.1561230666326523e+00
y:      1.3792263128127289e+00
y_true: 1.3792304051399886e+00
Error:  4.0923272597304106e-06
f:      3.6254883171359970e-02
========== End Step 56 ==========

========== Start Step 57 ==========

 Step Number:  57 | Time: 5.5464353366689547e+00 | Step Size: 3.9031227003630231e-01 | Order: 5
 idx                       zn
   0   1.3923982138907154e+00
   1   1.2295509455376991e-02
   2  -7.8756730103401074e-04
   3   9.5778005210790827e-05
   4   8.6958855132017466e-06
   5   1.7422018778265415e-06

t:      5.5464353366689547e+00
y:      1.3923982138907154e+00
y_true: 1.3924167112054298e+00
Error:  1.8497314714371882e-05
f:      3.1501724130356977e-02
========== End Step 57 ==========

========== Start Step 58 ==========

 Step Number:  58 | Time: 5.9367476067052571e+00 | Step Size: 3.9031227003630231e-01 | Order: 5
 idx                       zn
   0   1.4038932955615273e+00
   1   1.0779311904879614e-02
   2  -6.5364740426561701e-04
   3   6.4109062082432408e-05
   4   2.7794524138174193e-06
   5   7.9275199807285754e-07

t:      5.9367476067052571e+00
y:      1.4038932955615273e+00
y_true: 1.4039204103967484e+00
Error:  2.7114835221109246e-05
f:      2.7617148453665176e-02
========== End Step 58 ==========

========== Start Step 59 ==========

 Step Number:  59 | Time: 6.3270598767415596e+00 | Step Size: 3.9031227003630231e-01 | Order: 5
 idx                       zn
   0   1.4140176324031073e+00
   1   9.5218554722847695e-03
   2  -5.6610771892046433e-04
   3   3.4273069469135084e-05
   4  -1.8829032868707283e-06
   5   2.1767761866934467e-07

t:      6.3270598767415596e+00
y:      1.4140176324031073e+00
y_true: 1.4140417046004676e+00
Error:  2.4072197360336389e-05
f:      2.4395480755445269e-02
========== End Step 59 ==========

========== Start Step 60 ==========

 Step Number:  60 | Time: 6.7173721467778620e+00 | Step Size: 3.9031227003630231e-01 | Order: 5
 idx                       zn
   0   1.4229983134373259e+00
   1   8.4684924324021464e-03
   2  -4.8679895957281339e-04
   3   2.3482083754334780e-05
   4  -1.7538355618831625e-06
   5   1.5372292744520545e-07

t:      6.7173721467778620e+00
y:      1.4229983134373259e+00
y_true: 1.4230139089281153e+00
Error:  1.5595490789444000e-05
f:      2.1696710768571388e-02
========== End Step 60 ==========

Current time                  = 6.71737214677786
Steps                         = 60
Error test fails              = 3
NLS step fails                = 0
Initial step size             = 3.4322590648825e-10
Last step size                = 0.390312270036302
Current step size             = 0.390312270036302
Last method order             = 5
Current method order          = 5
Stab. lim. order reductions   = 0
RHS fn evals                  = 106
NLS iters                     = 103
NLS fails                     = 0
NLS iters per step            = 1.71666666666667
LS setups                     = 63
Jac fn evals                  = 1
LS RHS fn evals               = 0
Prec setup evals              = 0
Prec solves                   = 0
LS iters                      = 0
LS fails                      = 0
Jac-times setups              = 0
Jac-times evals               = 0
LS iters per NLS iter         = 0
Jac evals per NLS iter        = 0.00970873786407767
Prec evals per NLS iter       = 0
Root fn evals                 = 0
