Jac nst = 0
Jac t   = 1.029830535847868e-04

   Index                     J DQ                   J true      absolute difference      relative difference
------------------------------------------------------------------------------------------------------------
       0   -1.999982814522242e+00   -1.999982836157736e+00    2.163549339684323e-08   -1.081783953626734e-08
       1    4.999999946228110e-01    5.000000000000000e-01    5.377188971866786e-09    1.075437794373357e-08
       2    4.999998207580588e-01    5.000000000000000e-01    1.792419411783541e-07    3.584838823567082e-07
       3   -9.931341095407900e-01   -9.931344630943482e-01    3.535535582077642e-07   -3.559976733726302e-07
