CVODE Resize History Test
Method: BDF
Algebraic solvers: Fixed-point
Case: No resize

t:      0.0000000000000000e+00
y:      0.0000000000000000e+00
y_true: 0.0000000000000000e+00
Error:  0.0000000000000000e+00
f:      1.0000000000000000e+00

========== Start Step 1 ==========

 Step Number:   1 | Time: 3.4322590648825020e-10 | Step Size: 3.4322590648825020e-10 | Order: 1
 idx                       zn
   0   3.4322590648825020e-10
   1   3.4322590648825020e-10

t:      3.4322590648825020e-10
y:      3.4322590648825020e-10
y_true: 3.4322590648825020e-10
Error:  0.0000000000000000e+00
f:      1.0000000000000000e+00
========== End Step 1 ==========

========== Start Step 2 ==========

 Step Number:   2 | Time: 3.4326022907889900e-06 | Step Size: 3.4322590648825019e-06 | Order: 1
 idx                       zn
   0   3.4326022907485484e-06
   1   3.4322590648420603e-06

t:      3.4326022907889900e-06
y:      3.4326022907485484e-06
y_true: 3.4326022907755082e-06
Error:  2.6959788161683498e-17
f:      9.9999999998821720e-01
========== End Step 2 ==========

========== Start Step 3 ==========

 Step Number:   3 | Time: 3.7755192939614006e-05 | Step Size: 3.4322590648825017e-05 | Order: 1
 idx                       zn
   0   3.7755192890647669e-05
   1   3.4322590599899120e-05

t:      3.7755192939614006e-05
y:      3.7755192890647669e-05
y_true: 3.7755192921674567e-05
Error:  3.1026898173087958e-14
f:      9.9999999857457633e-01
========== End Step 3 ==========

========== Start Step 4 ==========

 Step Number:   4 | Time: 3.8098109942786418e-04 | Step Size: 3.4322590648825019e-04 | Order: 1
 idx                       zn
   0   3.8098104955469055e-04
   1   3.4322585666404288e-04

t:      3.8098109942786418e-04
y:      3.8098104955469055e-04
y_true: 3.8098108099516225e-04
Error:  3.1440471699641787e-11
f:      9.9999985488486354e-01
========== End Step 4 ==========

========== Start Step 5 ==========

 Step Number:   5 | Time: 1.5071941514543446e-03 | Step Size: 1.1262130520264804e-03 | Order: 1
 idx                       zn
   0   1.5071915421978684e-03
   1   1.1262104926431779e-03

t:      1.5071941514543446e-03
y:      1.5071915421978684e-03
y_true: 1.5071930101913016e-03
Error:  1.4679934331931349e-09
f:      9.9999772983894364e-01
========== End Step 5 ==========

========== Start Step 6 ==========

 Step Number:   6 | Time: 2.6334072034808250e-03 | Step Size: 1.1262130520264804e-03 | Order: 1
 idx                       zn
   0   2.6333967890516796e-03
   1   1.1262052468538110e-03

t:      2.6334072034808250e-03
y:      2.6333967890516796e-03
y_true: 2.6334011160926568e-03
Error:  4.3270409772616647e-09
f:      9.9999306954163303e-01
========== End Step 6 ==========

========== Start Step 7 ==========

 Step Number:   7 | Time: 3.7596202555073054e-03 | Step Size: 1.1262130520264804e-03 | Order: 1
 idx                       zn
   0   3.7595939322657423e-03
   1   1.1261971432140632e-03

t:      3.7596202555073054e-03
y:      3.7595939322657423e-03
y_true: 3.7596025419003318e-03
Error:  8.6096345894640103e-09
f:      9.9998587406495720e-01
========== End Step 7 ==========

========== Start Step 8 ==========

 Step Number:   8 | Time: 5.7738781016612988e-03 | Step Size: 2.0142578461539934e-03 | Order: 2
 idx                       zn
   0   5.7737975503894170e-03
   1   2.0141907307462611e-03
   2  -1.2887377412697829e-08

t:      5.7738781016612988e-03
y:      5.7737975503894170e-03
y_true: 5.7738139404003037e-03
Error:  1.6390010886685458e-08
f:      9.9996667983304122e-01
========== End Step 8 ==========

========== Start Step 9 ==========

 Step Number:   9 | Time: 7.7881359478152922e-03 | Step Size: 2.0142578461539934e-03 | Order: 2
 idx                       zn
   0   7.7879558796757082e-03
   1   2.0141356848676004e-03
   2  -2.2644418691209969e-08

t:      7.7881359478152922e-03
y:      7.7879558796757082e-03
y_true: 7.7879784902572082e-03
Error:  2.2610581499986349e-08
f:      9.9993937122785326e-01
========== End Step 9 ==========

========== Start Step 10 ==========

 Step Number:  10 | Time: 9.8023937939692857e-03 | Step Size: 2.0142578461539934e-03 | Order: 2
 idx                       zn
   0   9.8020515513891210e-03
   1   2.0140643429269731e-03
   2  -3.1328786439426803e-08

t:      9.8023937939692857e-03
y:      9.8020515513891210e-03
y_true: 9.8020798514457490e-03
Error:  2.8300056627988956e-08
f:      9.9990395060777448e-01
========== End Step 10 ==========

========== Start Step 11 ==========

 Step Number:  11 | Time: 1.4517994031334757e-02 | Step Size: 4.7156002373654705e-03 | Order: 3
 idx                       zn
   0   1.4516919601643677e-02
   1   4.7146067869019617e-03
   2  -2.7125111151891563e-07
   3  -9.9877589237355481e-09

t:      1.4517994031334757e-02
y:      1.4516919601643677e-02
y_true: 1.4516974164032177e-02
Error:  5.4562388499684866e-08
f:      9.9978932682723254e-01
========== End Step 11 ==========

========== Start Step 12 ==========

 Step Number:  12 | Time: 1.9233594268700228e-02 | Step Size: 4.7156002373654705e-03 | Order: 3
 idx                       zn
   0   1.9231148064018027e-02
   1   4.7138563310306731e-03
   2  -3.9830004546043850e-07
   3  -2.6168701785454911e-08

t:      1.9233594268700228e-02
y:      1.9231148064018027e-02
y_true: 1.9231223093108520e-02
Error:  7.5029090492589878e-08
f:      9.9963028067904602e-01
========== End Step 12 ==========

========== Start Step 13 ==========

 Step Number:  13 | Time: 2.3949194506065700e-02 | Step Size: 4.7156002373654705e-03 | Order: 3
 idx                       zn
   0   2.3944534130469038e-02
   1   4.7128972658083013e-03
   2  -5.2260198323236515e-07
   3  -3.3801340521381908e-08

t:      2.3949194506065700e-02
y:      2.3944534130469038e-02
y_true: 2.3944617283219859e-02
Error:  8.3152750820353338e-08
f:      9.9942684802224857e-01
========== End Step 13 ==========

========== Start Step 14 ==========

 Step Number:  14 | Time: 3.1137433458736083e-02 | Step Size: 7.1882389526703823e-03 | Order: 3
 idx                       zn
   0   3.1127289292556870e-02
   1   7.1812768335809407e-03
   2  -1.6021340756724937e-06
   3  -1.2380556878184311e-07

t:      3.1137433458736083e-02
y:      3.1127289292556870e-02
y_true: 3.1127376315289345e-02
Error:  8.7022732474933973e-08
f:      9.9903148635719441e-01
========== End Step 14 ==========

========== Start Step 15 ==========

 Step Number:  15 | Time: 4.3894512774110384e-02 | Step Size: 1.2757079315374301e-02 | Order: 3
 idx                       zn
   0   4.3866270842349266e-02
   1   1.2732548173760745e-02
   2  -7.1258850485352425e-06
   3  -6.9250901688179108e-07

t:      4.3894512774110384e-02
y:      4.3866270842349266e-02
y_true: 4.3866354386467646e-02
Error:  8.3544118380241006e-08
f:      9.9807706043539401e-01
========== End Step 15 ==========

========== Start Step 16 ==========

 Step Number:  16 | Time: 8.3810274560686598e-02 | Step Size: 3.9915761786576215e-02 | Order: 3
 idx                       zn
   0   8.3615114605510396e-02
   1   3.9637332707834878e-02
   2  -1.3267761201917640e-04
   3  -2.1166556692930296e-05

t:      8.3810274560686598e-02
y:      8.3615114605510396e-02
y_true: 8.3614865135755792e-02
Error:  2.4946975460404808e-07
f:      9.9302458311505970e-01
========== End Step 16 ==========

========== Start Step 17 ==========

 Step Number:  17 | Time: 1.2372603634726281e-01 | Step Size: 3.9915761786576215e-02 | Order: 3
 idx                       zn
   0   1.2310155742152835e-01
   1   3.9313893988025574e-02
   2  -1.9322300520278223e-04
   3  -2.0674177210399457e-05

t:      1.2372603634726281e-01
y:      1.2310155742152835e-01
y_true: 1.2310043428348891e-01
Error:  1.1231380394466361e-06
f:      9.8492155049504659e-01
========== End Step 17 ==========

========== Start Step 18 ==========

 Step Number:  18 | Time: 1.6364179813383903e-01 | Step Size: 3.9915761786576215e-02 | Order: 3
 idx                       zn
   0   1.6220658621720074e-01
   1   3.8874650761098778e-02
   2  -2.5021354677399858e-04
   3  -1.9835512200402455e-05

t:      1.6364179813383903e-01
y:      1.6220658621720074e-01
y_true: 1.6220412623241809e-01
Error:  2.4599847826545229e-06
f:      9.7391729535204397e-01
========== End Step 18 ==========

========== Start Step 19 ==========

 Step Number:  19 | Time: 2.0355755992041524e-01 | Step Size: 3.9915761786576215e-02 | Order: 3
 idx                       zn
   0   2.0081814001926671e-01
   1   3.8327462647509136e-02
   2  -3.0276798343362431e-04
   3  -1.8676828876805502e-05

t:      2.0355755992041524e-01
y:      2.0081814001926671e-01
y_true: 2.0081393854788818e-01
Error:  4.2014713785287761e-06
f:      9.6020872287094283e-01
========== End Step 19 ==========

========== Start Step 20 ==========

 Step Number:  20 | Time: 2.4347332170699146e-01 | Step Size: 3.9915761786576215e-02 | Order: 3
 idx                       zn
   0   2.3883280565988163e-01
   1   3.7681750503941160e-02
   2  -3.5015066464784617e-04
   3  -1.7235527974106400e-05

t:      2.4347332170699146e-01
y:      2.3883280565988163e-01
y_true: 2.3882653683219890e-01
Error:  6.2688276827316258e-06
f:      9.4403185151319458e-01
========== End Step 20 ==========

========== Start Step 21 ==========

 Step Number:  21 | Time: 2.8338908349356767e-01 | Step Size: 3.9915761786576215e-02 | Order: 3
 idx                       zn
   0   2.7615719004939460e-01
   1   3.6948112734078387e-02
   2  -3.9183717037640078e-04
   3  -1.5565514941812316e-05

t:      2.8338908349356767e-01
y:      2.7615719004939460e-01
y_true: 2.7614862588606487e-01
Error:  8.5641633297273145e-06
f:      9.2565220054259734e-01
========== End Step 21 ==========

========== Start Step 22 ==========

 Step Number:  22 | Time: 3.2330484528014392e-01 | Step Size: 3.9915761786576215e-02 | Order: 3
 idx                       zn
   0   3.1270890860893169e-01
   1   3.6137924118257760e-02
   2  -4.2752520442495846e-04
   3  -1.3730763145665763e-05

t:      3.2330484528014392e-01
y:      3.1270890860893169e-01
y_true: 3.1269792644935057e-01
Error:  1.0982159581118811e-05
f:      9.0535473960091251e-01
========== End Step 22 ==========

========== Start Step 23 ==========

 Step Number:  23 | Time: 3.6322060706672010e-01 | Step Size: 3.9915761786576215e-02 | Order: 3
 idx                       zn
   0   3.4841717409537543e-01
   1   3.5262943202191331e-02
   2  -4.5712015810532705e-04
   3  -1.1797873852894326e-05

t:      3.6322060706672010e-01
y:      3.4841717409537543e-01
y_true: 3.4840375350451230e-01
Error:  1.3420590863122417e-05
f:      8.8343405271173769e-01
========== End Step 23 ==========

========== Start Step 24 ==========

 Step Number:  24 | Time: 4.0313636885329629e-01 | Step Size: 3.9915761786576215e-02 | Order: 3
 idx                       zn
   0   3.8322300321225367e-01
   1   3.4334949833271407e-02
   2  -4.8070983301887752e-04
   3  -9.8305494120389155e-06

t:      4.0313636885329629e-01
y:      3.8322300321225367e-01
y_true: 3.8320721581635203e-01
Error:  1.5787395901634138e-05
f:      8.6018525756455300e-01
========== End Step 24 ==========

========== Start Step 25 ==========

 Step Number:  25 | Time: 4.5025718127715275e-01 | Step Size: 4.7120812423856455e-02 | Order: 4
 idx                       zn
   0   4.2308540892107921e-01
   1   3.9177332638804581e-02
   2  -6.9558524489224979e-04
   3  -9.9677358061802791e-06
   4   5.4443906509823620e-07

t:      4.5025718127715275e-01
y:      4.2308540892107921e-01
y_true: 4.2306777771202780e-01
Error:  1.7631209051405250e-05
f:      8.3142311483088471e-01
========== End Step 25 ==========

========== Start Step 26 ==========

 Step Number:  26 | Time: 4.9737799370100921e-01 | Step Size: 4.7120812423856455e-02 | Order: 4
 idx                       zn
   0   4.6156560744643077e-01
   1   3.7774841756570816e-02
   2  -7.1075254775388342e-04
   3  -4.5303741988607867e-06
   4   8.6540477432590118e-07

t:      4.9737799370100921e-01
y:      4.6156560744643077e-01
y_true: 4.6154780476454527e-01
Error:  1.7802681885503713e-05
f:      8.0165939026649857e-01
========== End Step 26 ==========

========== Start Step 27 ==========

 Step Number:  27 | Time: 5.4449880612486568e-01 | Step Size: 4.7120812423856455e-02 | Order: 4
 idx                       zn
   0   4.9862663146849873e-01
   1   3.6344456704804580e-02
   2  -7.1827655863594350e-04
   3  -8.1884565339518281e-07
   4   8.9039571914210112e-07

t:      5.4449880612486568e-01
y:      4.9862663146849873e-01
y_true: 4.9860983684084403e-01
Error:  1.6794627654692640e-05
f:      7.7130309459938495e-01
========== End Step 27 ==========

========== Start Step 28 ==========

 Step Number:  28 | Time: 6.2363813152772063e-01 | Step Size: 7.9139325402855010e-02 | Order: 4
 idx                       zn
   0   5.5763121489122180e-01
   1   5.6977917128736948e-02
   2  -2.0130194008579050e-03
   3   2.0730930284737942e-05
   4   7.0840371564233098e-06

t:      6.2363813152772063e-01
y:      5.5763121489122180e-01
y_true: 5.5761939472280220e-01
Error:  1.1820168419607313e-05
f:      7.1996970960636253e-01
========== End Step 28 ==========

========== Start Step 29 ==========

 Step Number:  29 | Time: 7.0277745693057558e-01 | Step Size: 7.9139325402855010e-02 | Order: 4
 idx                       zn
   0   6.1259148134574748e-01
   1   5.2974810931512246e-02
   2  -1.9554117212957555e-03
   3   3.5889962304999766e-05
   4   5.8461605874232110e-06

t:      7.0277745693057558e-01
y:      6.1259148134574748e-01
y_true: 6.1258759814536801e-01
Error:  3.8832003794730952e-06
f:      6.6938668812055779e-01
========== End Step 29 ==========

========== Start Step 30 ==========

 Step Number:  30 | Time: 7.8191678233343054e-01 | Step Size: 7.9139325402855010e-02 | Order: 4
 idx                       zn
   0   6.6361306679764809e-01
   1   4.9112646432334581e-02
   2  -1.8703417809518073e-03
   3   4.2795487484524000e-05
   4   4.1982488704063500e-06

t:      7.8191678233343054e-01
y:      6.6361306679764809e-01
y_true: 6.6361691888650942e-01
Error:  3.8520888613335913e-06
f:      6.2058459788896303e-01
========== End Step 30 ==========

========== Start Step 31 ==========

 Step Number:  31 | Time: 8.6105610773628549e-01 | Step Size: 7.9139325402855010e-02 | Order: 4
 idx                       zn
   0   7.1086826449262119e-01
   1   4.5446099218440020e-02
   2  -1.7664960022240994e-03
   3   4.5379860980920240e-05
   4   2.7773866718834354e-06

t:      8.6105610773628549e-01
y:      7.1086826449262119e-01
y_true: 7.1087778864101958e-01
Error:  9.5241483983876662e-06
f:      5.7425431651203485e-01
========== End Step 31 ==========

========== Start Step 32 ==========

 Step Number:  32 | Time: 9.4019543313914045e-01 | Step Size: 7.9139325402855010e-02 | Order: 4
 idx                       zn
   0   7.5457078691964441e-01
   1   4.2007777100194071e-02
   2  -1.6504975696496680e-03
   3   4.5973558982845412e-05
   4   1.7258018033225795e-06

t:      9.4019543313914045e-01
y:      7.5457078691964441e-01
y_true: 7.5458392883320646e-01
Error:  1.3141913562053631e-05
f:      5.3080787442090860e-01
========== End Step 32 ==========

========== Start Step 33 ==========

 Step Number:  33 | Time: 1.0193347585419954e+00 | Step Size: 7.9139325402855010e-02 | Order: 4
 idx                       zn
   0   7.9495733236134547e-01
   1   3.8813202824995174e-02
   2  -1.5291041959241706e-03
   3   4.5196162183857292e-05
   4   9.5774140209473746e-07

t:      1.0193347585419954e+00
y:      7.9495733236134547e-01
y_true: 7.9497268671072330e-01
Error:  1.5354349377827425e-05
f:      4.9044141616596293e-01
========== End Step 33 ==========

========== Start Step 34 ==========

 Step Number:  34 | Time: 1.0984740839448504e+00 | Step Size: 7.9139325402855010e-02 | Order: 4
 idx                       zn
   0   8.3227366067655018e-01
   1   3.5865405098947950e-02
   2  -1.4080754114112143e-03
   3   4.3225370520469402e-05
   4   3.7756567491805326e-07

t:      1.0984740839448504e+00
y:      8.3227366067655018e-01
y_true: 8.3229028222421075e-01
Error:  1.6621547660577995e-05
f:      4.5319321230471443e-01
========== End Step 34 ==========

========== Start Step 35 ==========

 Step Number:  35 | Time: 1.1776134093477053e+00 | Step Size: 7.9139325402855010e-02 | Order: 4
 idx                       zn
   0   8.6676421029479866e-01
   1   3.3158809388962381e-02
   2  -1.2912757887972560e-03
   3   4.0409380935296435e-05
   4  -5.5059553566464491e-08

t:      1.1776134093477053e+00
y:      8.6676421029479866e-01
y_true: 8.6678134691203068e-01
Error:  1.7136617232016427e-05
f:      4.1899282335512739e-01
========== End Step 35 ==========

========== Start Step 36 ==========

 Step Number:  36 | Time: 1.3094740240409746e+00 | Step Size: 1.3186061469326929e-01 | Order: 3
 idx                       zn
   0   9.1857964424104499e-01
   1   4.8575966450891087e-02
   2  -3.0565274190041936e-03
   3   1.8294007635102341e-04

t:      1.3094740240409746e+00
y:      9.1857964424104499e-01
y_true: 9.1860657640747900e-01
Error:  2.6932166434012750e-05
f:      3.6838874567578223e-01
========== End Step 36 ==========

========== Start Step 37 ==========

 Step Number:  37 | Time: 1.3884554121454160e+00 | Step Size: 7.8981388104441524e-02 | Order: 3
 idx                       zn
   0   9.4659533090928250e-01
   1   2.6978645746321670e-02
   2  -1.0016599384016231e-03
   3   3.5380983514194806e-05

t:      1.3884554121454160e+00
y:      9.4659533090928250e-01
y_true: 9.4662524922571867e-01
Error:  2.9918316436172709e-05
f:      3.4158231950350487e-01
========== End Step 37 ==========

========== Start Step 38 ==========

 Step Number:  38 | Time: 1.4674368002498575e+00 | Step Size: 7.8981388104441524e-02 | Order: 3
 idx                       zn
   0   9.7259007261851294e-01
   1   2.5049156169354072e-02
   2  -9.1314207006282136e-04
   3   3.2443469813564369e-05

t:      1.4674368002498575e+00
y:      9.7259007261851294e-01
y_true: 9.7262174637990095e-01
Error:  3.1673761388018029e-05
f:      3.1715264533246956e-01
========== End Step 38 ==========

========== Start Step 39 ==========

 Step Number:  39 | Time: 1.5464181883542989e+00 | Step Size: 7.8981388104441524e-02 | Order: 3
 idx                       zn
   0   9.9674274943922447e-01
   1   2.3291271066614733e-02
   2  -8.3159240901543104e-04
   3   2.9813345081347212e-05

t:      1.5464181883542989e+00
y:      9.9674274943922447e-01
y_true: 9.9677576384562883e-01
Error:  3.3014406404352492e-05
f:      2.9489569157502499e-01
========== End Step 39 ==========

========== Start Step 40 ==========

 Step Number:  40 | Time: 1.6787367892333105e+00 | Step Size: 1.3231860087901168e-01 | Order: 4
 idx                       zn
   0   1.0335151745899342e+00
   1   3.4660354707921566e-02
   2  -1.9873568576707777e-03
   3   1.2469368661399344e-04
   4  -1.9898503308827470e-08

t:      1.6787367892333105e+00
y:      1.0335151745899342e+00
y_true: 1.0335549246670188e+00
Error:  3.9750077084566016e-05
f:      2.6194620013866365e-01
========== End Step 40 ==========

========== Start Step 41 ==========

 Step Number:  41 | Time: 1.8110553901123221e+00 | Step Size: 1.3231860087901168e-01 | Order: 4
 idx                       zn
   0   1.0662468899504005e+00
   1   3.0922233546126915e-02
   2  -1.7091204703964305e-03
   3   9.7823745718652642e-05
   4  -2.5375982241913972e-06

t:      1.8110553901123221e+00
y:      1.0662468899504005e+00
y_true: 1.0662930396764974e+00
Error:  4.6149726096844645e-05
f:      2.3369528804496142e-01
========== End Step 41 ==========

========== Start Step 42 ==========

 Step Number:  42 | Time: 1.9433739909913337e+00 | Step Size: 1.3231860087901168e-01 | Order: 4
 idx                       zn
   0   1.0955166291664205e+00
   1   2.7706771767916184e-02
   2  -1.4872539997595646e-03
   3   7.1565016486474563e-05
   4  -4.1484318577326469e-06

t:      1.9433739909913337e+00
y:      1.0955166291664205e+00
y_true: 1.0955615692539711e+00
Error:  4.4940087550626728e-05
f:      2.0939438282944423e-01
========== End Step 42 ==========

========== Start Step 43 ==========

 Step Number:  43 | Time: 2.0756925918703453e+00 | Step Size: 1.3231860087901168e-01 | Order: 4
 idx                       zn
   0   1.1218037688006510e+00
   1   2.4930792760103189e-02
   2  -1.2971501726721883e-03
   3   5.5056822991072084e-05
   4  -4.1398784641798367e-06

t:      2.0756925918703453e+00
y:      1.1218037688006510e+00
y_true: 1.1218412990041373e+00
Error:  3.7530203486291214e-05
f:      1.8841467059000686e-01
========== End Step 43 ==========

========== Start Step 44 ==========

 Step Number:  44 | Time: 2.2624819201933852e+00 | Step Size: 1.8678932832303977e-01 | Order: 4
 idx                       zn
   0   1.1546027929944120e+00
   1   3.0530466612159822e-02
   2  -2.1461414663916530e-03
   3   1.0702907249256414e-04
   4  -1.5387042716892500e-05

t:      2.2624819201933852e+00
y:      1.1546027929944120e+00
y_true: 1.1546213741000888e+00
Error:  1.8581105676762633e-05
f:      1.6344866640003858e-01
========== End Step 44 ==========

========== Start Step 45 ==========

 Step Number:  45 | Time: 2.4492712485164252e+00 | Step Size: 1.8678932832303977e-01 | Order: 4
 idx                       zn
   0   1.1831700751326995e+00
   1   2.6687962231702125e-02
   2  -1.7845995883146539e-03
   3   8.2942697117823990e-05
   4  -1.1777621152671839e-05

t:      2.4492712485164252e+00
y:      1.1831700751326995e+00
y_true: 1.1831684242863745e+00
Error:  1.6508463249742533e-06
f:      1.4287733925327392e-01
========== End Step 45 ==========

========== Start Step 46 ==========

 Step Number:  46 | Time: 2.6360605768394652e+00 | Step Size: 1.8678932832303977e-01 | Order: 4
 idx                       zn
   0   1.2082289553071339e+00
   1   2.3496214943236064e-02
   2  -1.4834232268828896e-03
   3   7.0979068791229046e-05
   4  -8.2629355242625987e-06

t:      2.6360605768394652e+00
y:      1.2082289553071339e+00
y_true: 1.2082139669857512e+00
Error:  1.4988321382691794e-05
f:      1.2578992148095811e-01
========== End Step 46 ==========

========== Start Step 47 ==========

 Step Number:  47 | Time: 2.8228499051625051e+00 | Step Size: 1.8678932832303977e-01 | Order: 4
 idx                       zn
   0   1.2303592785195332e+00
   1   2.0823452626203127e-02
   2  -1.2401245629354318e-03
   3   6.0767061185420489e-05
   4  -5.9789620751384149e-06

t:      2.8228499051625051e+00
y:      1.2303592785195332e+00
y_true: 1.2303386382844013e+00
Error:  2.0640235131930140e-05
f:      1.1148095457675358e-01
========== End Step 47 ==========

========== Start Step 48 ==========

 Step Number:  48 | Time: 3.0096392334855451e+00 | Step Size: 1.8678932832303977e-01 | Order: 4
 idx                       zn
   0   1.2500289091774786e+00
   1   1.8567244034686733e-02
   2  -1.0477385124608677e-03
   3   4.9982252704619129e-05
   4  -4.6658580931631843e-06

t:      3.0096392334855451e+00
y:      1.2500289091774786e+00
y_true: 1.2500069160435825e+00
Error:  2.1993133896058836e-05
f:      9.9402060071525661e-02
========== End Step 48 ==========

========== Start Step 49 ==========

 Step Number:  49 | Time: 3.1964285618085850e+00 | Step Size: 1.8678932832303977e-01 | Order: 4
 idx                       zn
   0   1.2676153149576697e+00
   1   1.6648016717492897e-02
   2  -8.9431043551530529e-04
   3   4.0312096729304691e-05
   4  -3.7665304534293539e-06

t:      3.1964285618085850e+00
y:      1.2676153149576697e+00
y_true: 1.2675933914152766e+00
Error:  2.1923542393054163e-05
f:      8.9127236908851784e-02
========== End Step 49 ==========

========== Start Step 50 ==========

 Step Number:  50 | Time: 3.3832178901316250e+00 | Step Size: 1.8678932832303977e-01 | Order: 4
 idx                       zn
   0   1.2834240547051885e+00
   1   1.5003782471639370e-02
   2  -7.6901180828594588e-04
   3   3.2949266276164854e-05
   4  -2.9962013173715961e-06

t:      3.3832178901316250e+00
y:      1.2834240547051885e+00
y_true: 1.2834026328808448e+00
Error:  2.1421824343725859e-05
f:      8.0324623501463369e-02
========== End Step 50 ==========

========== Start Step 51 ==========

 Step Number:  51 | Time: 3.5700072184546650e+00 | Step Size: 1.8678932832303977e-01 | Order: 4
 idx                       zn
   0   1.2977047250709715e+00
   1   1.3585844010023773e-02
   2  -6.6488570438358113e-04
   3   2.7608893286135539e-05
   4  -2.3317580894258892e-06

t:      3.5700072184546650e+00
y:      1.2977047250709715e+00
y_true: 1.2976842527769918e+00
Error:  2.0472293979612033e-05
f:      7.2733512840347833e-02
========== End Step 51 ==========

========== Start Step 52 ==========

 Step Number:  52 | Time: 3.7567965467777049e+00 | Step Size: 1.8678932832303977e-01 | Order: 4
 idx                       zn
   0   1.3106634222193276e+00
   1   1.2355534139422452e-02
   2  -5.7787624959613321e-04
   3   2.3474239061459616e-05
   4  -1.8125202761231263e-06

t:      3.7567965467777049e+00
y:      1.3106634222193276e+00
y_true: 1.3106443958211027e+00
Error:  1.9026398224930574e-05
f:      6.6146895276877907e-02
========== End Step 52 ==========

========== Start Step 53 ==========

 Step Number:  53 | Time: 3.9435858751007449e+00 | Step Size: 1.8678932832303977e-01 | Order: 4
 idx                       zn
   0   1.3224726328334990e+00
   1   1.1283560537892942e-02
   2  -5.0390427096048333e-04
   3   2.0345410273541326e-05
   4  -1.4003950444657048e-06

t:      3.9435858751007449e+00
y:      1.3224726328334990e+00
y_true: 1.3224545566583723e+00
Error:  1.8076175126724436e-05
f:      6.0398059701232125e-02
========== End Step 53 ==========

========== Start Step 54 ==========

 Step Number:  54 | Time: 4.1303752034237844e+00 | Step Size: 1.8678932832303977e-01 | Order: 4
 idx                       zn
   0   1.3332756140801623e+00
   1   1.0340311572660146e-02
   2  -4.4488296217486557e-04
   3   1.6568815304760805e-05
   4  -1.2178965235574756e-06

t:      4.1303752034237844e+00
y:      1.3332756140801623e+00
y_true: 1.3332583959859206e+00
Error:  1.7218094241711057e-05
f:      5.5353769590901443e-02
========== End Step 54 ==========

========== Start Step 55 ==========

 Step Number:  55 | Time: 4.3171645317468244e+00 | Step Size: 1.8678932832303977e-01 | Order: 4
 idx                       zn
   0   1.3431933750318494e+00
   1   9.5099251381735878e-03
   2  -3.9230265437174388e-04
   3   1.4606155219154929e-05
   4  -9.2700392269507335e-07

t:      4.3171645317468244e+00
y:      1.3431933750318494e+00
y_true: 1.3431770487914467e+00
Error:  1.6326240402708692e-05
f:      5.0905590636978852e-02
========== End Step 55 ==========

========== Start Step 56 ==========

 Step Number:  56 | Time: 4.5039538600698643e+00 | Step Size: 1.8678932832303977e-01 | Order: 4
 idx                       zn
   0   1.3523284337274897e+00
   1   8.7732574888594907e-03
   2  -3.4856716562655532e-04
   3   1.2463581420915845e-05
   4  -7.7045973344095266e-07

t:      4.5039538600698643e+00
y:      1.3523284337274897e+00
y_true: 1.3523132892632719e+00
Error:  1.5144464217797804e-05
f:      4.6964972725169959e-02
========== End Step 56 ==========

========== Start Step 57 ==========

 Step Number:  57 | Time: 4.6907431883929043e+00 | Step Size: 1.8678932832303977e-01 | Order: 4
 idx                       zn
   0   1.3607686052288444e+00
   1   8.1183238471737081e-03
   2  -3.1027493079761279e-04
   3   1.0960099334820804e-05
   4  -6.1262404867407566e-07

t:      4.6907431883929043e+00
y:      1.3607686052288444e+00
y_true: 1.3607548227978998e+00
Error:  1.3782430944520030e-05
f:      4.3458672674371500e-02
========== End Step 57 ==========

========== Start Step 58 ==========

 Step Number:  58 | Time: 4.8775325167159442e+00 | Step Size: 1.8678932832303977e-01 | Order: 4
 idx                       zn
   0   1.3685892472077366e+00
   1   7.5328820941171076e-03
   2  -2.7779556237499380e-04
   3   9.4452644858962191e-06
   4  -5.1905791409690358e-07

t:      4.8775325167159442e+00
y:      1.3685892472077366e+00
y_true: 1.3685769068139304e+00
Error:  1.2340393806153926e-05
f:      4.0325979594293744e-02
========== End Step 58 ==========

========== Start Step 59 ==========

 Step Number:  59 | Time: 5.1766360517174892e+00 | Step Size: 2.9910353500154524e-01 | Order: 4
 idx                       zn
   0   1.3799835698329252e+00
   1   1.0759031646134072e-02
   2  -6.0408115564245782e-04
   3   2.7853728897694005e-05
   4  -3.3560945144875782e-06

t:      5.1766360517174892e+00
y:      1.3799835698329252e+00
y_true: 1.3799711767031480e+00
Error:  1.2393129777299450e-05
f:      3.5961986304637733e-02
========== End Step 59 ==========

========== Start Step 60 ==========

 Step Number:  60 | Time: 5.4757395867190342e+00 | Step Size: 2.9910353500154524e-01 | Order: 4
 idx                       zn
   0   1.3901767045188433e+00
   1   9.6495198123241008e-03
   2  -5.2078249331936075e-04
   3   2.0003796401313323e-05
   4  -2.8285838731556501e-06

t:      5.4757395867190342e+00
y:      1.3901767045188433e+00
y_true: 1.3901631649079966e+00
Error:  1.3539610846713401e-05
f:      3.2261470304168288e-02
========== End Step 60 ==========

Current time                  = 5.47573958671903
Steps                         = 60
Error test fails              = 4
NLS step fails                = 0
Initial step size             = 3.4322590648825e-10
Last step size                = 0.299103535001545
Current step size             = 0.489453788934683
Last method order             = 4
Current method order          = 5
Stab. lim. order reductions   = 0
RHS fn evals                  = 112
NLS iters                     = 109
NLS fails                     = 0
NLS iters per step            = 1.81666666666667
LS setups                     = 0
Root fn evals                 = 0
