
Adaptive multirate stiff Brusselator test problem:
    time domain:  (0,10]
    ep = 0.0004

  Slow integrator: ARKODE_MRI_GARK_ERK45a (explicit)
    fixed steps, hs = 0.01
    rtol = 4e-06, atol = 1e-11

  Fast order 4
    I controller for fast time scale, based on order of RK embedding
    fast_rtol = 0.0001, atol = 1e-11
        t          u          v          w       uerr      verr      werr
   -------------------------------------------------------------------------
    0.000000   1.200000   3.100000   3.000000   0.0e+00   0.0e+00   0.0e+00
    0.500000   1.200613   2.996066   3.498311   1.2e-07   1.2e-07   8.6e-06
    1.000000   1.107158   3.008131   3.498438   1.2e-07   1.2e-07   1.3e-05
    1.500000   0.917798   3.188082   3.498698   1.0e-07   1.0e-07   1.7e-05
    2.000000   0.691486   3.512327   3.499015   7.6e-08   7.6e-08   1.7e-05
    2.500000   0.510160   3.896431   3.499274   5.5e-08   5.5e-08   1.2e-05
    3.000000   0.410222   4.269502   3.499416   4.6e-08   4.6e-08   9.6e-06
    3.500000   0.372044   4.614020   3.499469   3.0e-08   3.0e-08   9.8e-06
    4.000000   0.367587   4.934562   3.499478   5.3e-08   5.3e-08   7.9e-06
    4.500000   0.382205   5.233154   3.499474   3.2e-08   3.2e-08   9.1e-06
    5.000000   0.412956   5.504352   3.499431   4.1e-08   4.1e-08   8.5e-06
    5.500000   0.467990   5.730486   3.499356   5.5e-08   5.5e-08   1.1e-05
    6.000000   0.585318   5.854262   3.499196   6.5e-08   6.6e-08   1.5e-05
    6.500000   1.060808   5.503433   3.498555   5.4e-07   5.5e-07   3.8e-05
    7.000000   4.794999   0.734608   3.493240   3.6e-06   3.6e-06   5.8e-05
    7.500000   3.037708   1.057903   3.495704   2.0e-06   2.0e-06   4.7e-05
    8.000000   1.833974   1.562357   3.497406   7.7e-07   7.8e-07   2.7e-05
    8.500000   1.008519   2.191334   3.498570   2.5e-07   2.5e-07   1.8e-05
    9.000000   0.534097   2.794912   3.499237   6.6e-08   6.7e-08   1.5e-05
    9.500000   0.352784   3.263320   3.499486   4.3e-08   4.3e-08   2.0e-05
   10.000000   0.305955   3.648439   3.499562   2.5e-08   2.5e-08   9.8e-06
   -------------------------------------------------------------------------

Final Solver Statistics:
   Slow steps = 1000  (attempts = 1000,  fails = 0)
   Fast steps = 11777  (attempts = 16708,  fails = 4931)
   u error = 1.83324e-06, v error = 1.63119e-06, w error = 5.54867e-05, total error = 3.20666e-05
   Relative accuracy = 83.5081
   Total RHS evals:  Fse = 5000, Fsi = 0, Ff = 79611
