Forward solution of order 1 with 2 partitions completed with an error of 1.70008e-12
Current time                 = 1.000000000000001
Steps                        = 125
Step attempts                = 125
Stability limited steps      = 0
Accuracy limited steps       = 0
Error test fails             = 0
NLS step fails               = 0
Inequality constraint fails  = 0
Initial step size            = 0.008
Last step size               = 0.008
Current step size            = 0.008
Partition 0 evolves          = 125
Partition 1 evolves          = 125

Forward solution of order 2 with 2 partitions completed with an error of 1.65234e-12
Current time                 = 1.000000000000001
Steps                        = 125
Step attempts                = 125
Stability limited steps      = 0
Accuracy limited steps       = 0
Error test fails             = 0
NLS step fails               = 0
Inequality constraint fails  = 0
Initial step size            = 0.008
Last step size               = 0.008
Current step size            = 0.008
Partition 0 evolves          = 250
Partition 1 evolves          = 125

Forward solution of order 3 with 2 partitions completed with an error of 1.0843e-12
Current time                 = 1.000000000000001
Steps                        = 125
Step attempts                = 125
Stability limited steps      = 0
Accuracy limited steps       = 0
Error test fails             = 0
NLS step fails               = 0
Inequality constraint fails  = 0
Initial step size            = 0.008
Last step size               = 0.008
Current step size            = 0.008
Partition 0 evolves          = 375
Partition 1 evolves          = 375

Forward solution of order 4 with 2 partitions completed with an error of -2.71305e-12
Current time                 = 1.000000000000001
Steps                        = 125
Step attempts                = 125
Stability limited steps      = 0
Accuracy limited steps       = 0
Error test fails             = 0
NLS step fails               = 0
Inequality constraint fails  = 0
Initial step size            = 0.008
Last step size               = 0.008
Current step size            = 0.008
Partition 0 evolves          = 500
Partition 1 evolves          = 375

Forward solution of order 1 with 3 partitions completed with an error of 7.87148e-13
Current time                 = 1.000000000000001
Steps                        = 125
Step attempts                = 125
Stability limited steps      = 0
Accuracy limited steps       = 0
Error test fails             = 0
NLS step fails               = 0
Inequality constraint fails  = 0
Initial step size            = 0.008
Last step size               = 0.008
Current step size            = 0.008
Partition 0 evolves          = 125
Partition 1 evolves          = 125
Partition 2 evolves          = 125

Forward solution of order 2 with 3 partitions completed with an error of 7.64167e-13
Current time                 = 1.000000000000001
Steps                        = 125
Step attempts                = 125
Stability limited steps      = 0
Accuracy limited steps       = 0
Error test fails             = 0
NLS step fails               = 0
Inequality constraint fails  = 0
Initial step size            = 0.008
Last step size               = 0.008
Current step size            = 0.008
Partition 0 evolves          = 250
Partition 1 evolves          = 250
Partition 2 evolves          = 125

Forward solution of order 3 with 3 partitions completed with an error of 4.87888e-13
Current time                 = 1.000000000000001
Steps                        = 125
Step attempts                = 125
Stability limited steps      = 0
Accuracy limited steps       = 0
Error test fails             = 0
NLS step fails               = 0
Inequality constraint fails  = 0
Initial step size            = 0.008
Last step size               = 0.008
Current step size            = 0.008
Partition 0 evolves          = 375
Partition 1 evolves          = 625
Partition 2 evolves          = 375

Forward solution of order 4 with 3 partitions completed with an error of -1.02113e-12
Current time                 = 1.000000000000001
Steps                        = 125
Step attempts                = 125
Stability limited steps      = 0
Accuracy limited steps       = 0
Error test fails             = 0
NLS step fails               = 0
Inequality constraint fails  = 0
Initial step size            = 0.008
Last step size               = 0.008
Current step size            = 0.008
Partition 0 evolves          = 500
Partition 1 evolves          = 750
Partition 2 evolves          = 375

Forward solution of order 1 with 4 partitions completed with an error of 5.57776e-13
Current time                 = 1.000000000000001
Steps                        = 125
Step attempts                = 125
Stability limited steps      = 0
Accuracy limited steps       = 0
Error test fails             = 0
NLS step fails               = 0
Inequality constraint fails  = 0
Initial step size            = 0.008
Last step size               = 0.008
Current step size            = 0.008
Partition 0 evolves          = 125
Partition 1 evolves          = 125
Partition 2 evolves          = 125
Partition 3 evolves          = 125

Forward solution of order 2 with 4 partitions completed with an error of 5.41345e-13
Current time                 = 1.000000000000001
Steps                        = 125
Step attempts                = 125
Stability limited steps      = 0
Accuracy limited steps       = 0
Error test fails             = 0
NLS step fails               = 0
Inequality constraint fails  = 0
Initial step size            = 0.008
Last step size               = 0.008
Current step size            = 0.008
Partition 0 evolves          = 250
Partition 1 evolves          = 250
Partition 2 evolves          = 250
Partition 3 evolves          = 125

Forward solution of order 3 with 4 partitions completed with an error of 3.46445e-13
Current time                 = 1.000000000000001
Steps                        = 125
Step attempts                = 125
Stability limited steps      = 0
Accuracy limited steps       = 0
Error test fails             = 0
NLS step fails               = 0
Inequality constraint fails  = 0
Initial step size            = 0.008
Last step size               = 0.008
Current step size            = 0.008
Partition 0 evolves          = 375
Partition 1 evolves          = 625
Partition 2 evolves          = 625
Partition 3 evolves          = 375

Forward solution of order 4 with 4 partitions completed with an error of -7.25808e-13
Current time                 = 1.000000000000001
Steps                        = 125
Step attempts                = 125
Stability limited steps      = 0
Accuracy limited steps       = 0
Error test fails             = 0
NLS step fails               = 0
Inequality constraint fails  = 0
Initial step size            = 0.008
Last step size               = 0.008
Current step size            = 0.008
Partition 0 evolves          = 500
Partition 1 evolves          = 750
Partition 2 evolves          = 750
Partition 3 evolves          = 375

Forward solution of order 1 with 5 partitions completed with an error of 4.72899e-13
Current time                 = 1.000000000000001
Steps                        = 125
Step attempts                = 125
Stability limited steps      = 0
Accuracy limited steps       = 0
Error test fails             = 0
NLS step fails               = 0
Inequality constraint fails  = 0
Initial step size            = 0.008
Last step size               = 0.008
Current step size            = 0.008
Partition 0 evolves          = 125
Partition 1 evolves          = 125
Partition 2 evolves          = 125
Partition 3 evolves          = 125
Partition 4 evolves          = 125

Forward solution of order 2 with 5 partitions completed with an error of 4.58966e-13
Current time                 = 1.000000000000001
Steps                        = 125
Step attempts                = 125
Stability limited steps      = 0
Accuracy limited steps       = 0
Error test fails             = 0
NLS step fails               = 0
Inequality constraint fails  = 0
Initial step size            = 0.008
Last step size               = 0.008
Current step size            = 0.008
Partition 0 evolves          = 250
Partition 1 evolves          = 250
Partition 2 evolves          = 250
Partition 3 evolves          = 250
Partition 4 evolves          = 125

Forward solution of order 3 with 5 partitions completed with an error of 2.95819e-13
Current time                 = 1.000000000000001
Steps                        = 125
Step attempts                = 125
Stability limited steps      = 0
Accuracy limited steps       = 0
Error test fails             = 0
NLS step fails               = 0
Inequality constraint fails  = 0
Initial step size            = 0.008
Last step size               = 0.008
Current step size            = 0.008
Partition 0 evolves          = 375
Partition 1 evolves          = 625
Partition 2 evolves          = 625
Partition 3 evolves          = 625
Partition 4 evolves          = 375

Forward solution of order 4 with 5 partitions completed with an error of -6.1845e-13
Current time                 = 1.000000000000001
Steps                        = 125
Step attempts                = 125
Stability limited steps      = 0
Accuracy limited steps       = 0
Error test fails             = 0
NLS step fails               = 0
Inequality constraint fails  = 0
Initial step size            = 0.008
Last step size               = 0.008
Current step size            = 0.008
Partition 0 evolves          = 500
Partition 1 evolves          = 750
Partition 2 evolves          = 750
Partition 3 evolves          = 750
Partition 4 evolves          = 375

Mixed direction solution using ARKODE_SPLITTING_STRANG_2_2_2 completed with an error of 5.094e-07
Current time                 = -0.0009800000000017288
Steps                        = 2279
Step attempts                = 2279
Stability limited steps      = 0
Accuracy limited steps       = 0
Error test fails             = 0
NLS step fails               = 0
Inequality constraint fails  = 0
Initial step size            = -0.00123
Last step size               = -0.00123
Current step size            = -0.00123
Partition 0 evolves          = 4558
Partition 1 evolves          = 2279

Mixed direction solution using ARKODE_SPLITTING_BEST_2_2_2 completed with an error of 5.09492e-07
Current time                 = -0.0009800000000017288
Steps                        = 2279
Step attempts                = 2279
Stability limited steps      = 0
Accuracy limited steps       = 0
Error test fails             = 0
NLS step fails               = 0
Inequality constraint fails  = 0
Initial step size            = -0.00123
Last step size               = -0.00123
Current step size            = -0.00123
Partition 0 evolves          = 4558
Partition 1 evolves          = 4558

Mixed direction solution using ARKODE_SPLITTING_SUZUKI_3_3_2 completed with an error of 1.08724e-10
Current time                 = -0.0009800000000017288
Steps                        = 2279
Step attempts                = 2279
Stability limited steps      = 0
Accuracy limited steps       = 0
Error test fails             = 0
NLS step fails               = 0
Inequality constraint fails  = 0
Initial step size            = -0.00123
Last step size               = -0.00123
Current step size            = -0.00123
Partition 0 evolves          = 6837
Partition 1 evolves          = 6837

Mixed direction solution using ARKODE_SPLITTING_RUTH_3_3_2 completed with an error of 1.96248e-10
Current time                 = -0.0009800000000017288
Steps                        = 2279
Step attempts                = 2279
Stability limited steps      = 0
Accuracy limited steps       = 0
Error test fails             = 0
NLS step fails               = 0
Inequality constraint fails  = 0
Initial step size            = -0.00123
Last step size               = -0.00123
Current step size            = -0.00123
Partition 0 evolves          = 6837
Partition 1 evolves          = 6837

Resized solution completed with an error of 7.14694e-06
Current time                 = 1.004
Steps                        = 126
Step attempts                = 126
Stability limited steps      = 0
Accuracy limited steps       = 0
Error test fails             = 0
NLS step fails               = 0
Inequality constraint fails  = 0
Initial step size            = 0.008
Last step size               = 0.008
Current step size            = 0.008
Partition 0 evolves          = 252
Partition 1 evolves          = 252

Custom SUNStepper solution of order 4 completed with an error of -8.32667e-16
Current time                 = 1.1
Steps                        = 11
Step attempts                = 11
Stability limited steps      = 0
Accuracy limited steps       = 0
Error test fails             = 0
NLS step fails               = 0
Inequality constraint fails  = 0
Initial step size            = 0.1
Last step size               = 0.1
Current step size            = 0.1
Partition 0 evolves          = 66
Partition 1 evolves          = 55

Custom SUNStepper solution of order 6 completed with an error of 1.16573e-15
Current time                 = 1.1
Steps                        = 11
Step attempts                = 11
Stability limited steps      = 0
Accuracy limited steps       = 0
Error test fails             = 0
NLS step fails               = 0
Inequality constraint fails  = 0
Initial step size            = 0.1
Last step size               = 0.1
Current step size            = 0.1
Partition 0 evolves          = 286
Partition 1 evolves          = 275

Reinitialized solution completed with an error of -2.44249e-15
Current time                 = 2.000000000000001
Steps                        = 125
Step attempts                = 125
Stability limited steps      = 0
Accuracy limited steps       = 0
Error test fails             = 0
NLS step fails               = 0
Inequality constraint fails  = 0
Initial step size            = 0.008
Last step size               = 0.008
Current step size            = 0.008
Partition 0 evolves          = 250
Partition 1 evolves          = 125

Success
