
Accumulated error estimation test (Nonlinear Kvaerno-Prothero-Robinson problem):
    time domain:  (0,5]
    partition size = 20
    G = -10
    e = 0.1
    omega = 5
    ERK solver, order = 4

Fixed-step runs:
  h 0.005  rk_type 1  order 4  acc 1  t 0.25  dsm 5.99625e-11  dsm_est 2.97934e-09  nsteps 50
  h 0.005  rk_type 1  order 4  acc 1  t 0.5  dsm 1.42974e-10  dsm_est 1.09464e-08  nsteps 50
  h 0.005  rk_type 1  order 4  acc 1  t 0.75  dsm 2.42719e-10  dsm_est 4.48851e-08  nsteps 50
  h 0.005  rk_type 1  order 4  acc 1  t 1  dsm 6.83162e-10  dsm_est 2.52438e-08  nsteps 50
  h 0.005  rk_type 1  order 4  acc 1  t 1.25  dsm 3.14281e-09  dsm_est 6.51615e-07  nsteps 50
  h 0.005  rk_type 1  order 4  acc 1  t 1.5  dsm 4.52762e-09  dsm_est 3.9027e-07  nsteps 50
  h 0.005  rk_type 1  order 4  acc 1  t 1.75  dsm 4.7305e-10  dsm_est 1.03348e-06  nsteps 50
  h 0.005  rk_type 1  order 4  acc 1  t 2  dsm 1.22724e-09  dsm_est 2.15168e-07  nsteps 50
  h 0.005  rk_type 1  order 4  acc 1  t 2.25  dsm 2.1725e-10  dsm_est 4.54458e-08  nsteps 50
  h 0.005  rk_type 1  order 4  acc 1  t 2.5  dsm 1.44845e-10  dsm_est 1.64155e-08  nsteps 50
  h 0.005  rk_type 1  order 4  acc 1  t 2.75  dsm 1.45894e-10  dsm_est 1.12159e-08  nsteps 50
  h 0.005  rk_type 1  order 4  acc 1  t 3  dsm 2.11123e-10  dsm_est 1.10902e-08  nsteps 50
  h 0.005  rk_type 1  order 4  acc 1  t 3.25  dsm 2.34671e-10  dsm_est 3.64366e-09  nsteps 50
  h 0.005  rk_type 1  order 4  acc 1  t 3.5  dsm 1.99557e-10  dsm_est 7.94986e-10  nsteps 50
  h 0.005  rk_type 1  order 4  acc 1  t 3.75  dsm 1.51624e-10  dsm_est 7.64317e-10  nsteps 50
  h 0.005  rk_type 1  order 4  acc 1  t 4  dsm 9.7978e-11  dsm_est 1.84333e-09  nsteps 50
  h 0.005  rk_type 1  order 4  acc 1  t 4.25  dsm 3.36113e-11  dsm_est 3.03774e-09  nsteps 50
  h 0.005  rk_type 1  order 4  acc 1  t 4.5  dsm 7.15711e-11  dsm_est 1.1807e-08  nsteps 50
  h 0.005  rk_type 1  order 4  acc 1  t 4.75  dsm 3.79788e-11  dsm_est 3.66885e-09  nsteps 50
  h 0.005  rk_type 1  order 4  acc 1  t 5  dsm 4.13058e-11  dsm_est 1.68612e-09  nsteps 50
  h 0.005  rk_type 1  order 4  acc 2  t 0.25  dsm 5.99625e-11  dsm_est 6.92498e-08  nsteps 50
  h 0.005  rk_type 1  order 4  acc 2  t 0.5  dsm 1.42974e-10  dsm_est 3.44716e-07  nsteps 50
  h 0.005  rk_type 1  order 4  acc 2  t 0.75  dsm 2.42719e-10  dsm_est 1.11167e-06  nsteps 50
  h 0.005  rk_type 1  order 4  acc 2  t 1  dsm 6.83162e-10  dsm_est 3.96873e-07  nsteps 50
  h 0.005  rk_type 1  order 4  acc 2  t 1.25  dsm 3.14281e-09  dsm_est 9.51778e-06  nsteps 50
  h 0.005  rk_type 1  order 4  acc 2  t 1.5  dsm 4.52762e-09  dsm_est 4.8884e-06  nsteps 50
  h 0.005  rk_type 1  order 4  acc 2  t 1.75  dsm 4.7305e-10  dsm_est 1.58084e-05  nsteps 50
  h 0.005  rk_type 1  order 4  acc 2  t 2  dsm 1.22724e-09  dsm_est 3.22447e-06  nsteps 50
  h 0.005  rk_type 1  order 4  acc 2  t 2.25  dsm 2.1725e-10  dsm_est 1.37158e-06  nsteps 50
  h 0.005  rk_type 1  order 4  acc 2  t 2.5  dsm 1.44845e-10  dsm_est 5.71622e-07  nsteps 50
  h 0.005  rk_type 1  order 4  acc 2  t 2.75  dsm 1.45894e-10  dsm_est 2.89412e-07  nsteps 50
  h 0.005  rk_type 1  order 4  acc 2  t 3  dsm 2.11123e-10  dsm_est 2.24322e-07  nsteps 50
  h 0.005  rk_type 1  order 4  acc 2  t 3.25  dsm 2.34671e-10  dsm_est 1.10202e-07  nsteps 50
  h 0.005  rk_type 1  order 4  acc 2  t 3.5  dsm 1.99557e-10  dsm_est 2.70653e-08  nsteps 50
  h 0.005  rk_type 1  order 4  acc 2  t 3.75  dsm 1.51624e-10  dsm_est 2.01726e-08  nsteps 50
  h 0.005  rk_type 1  order 4  acc 2  t 4  dsm 9.7978e-11  dsm_est 4.76316e-08  nsteps 50
  h 0.005  rk_type 1  order 4  acc 2  t 4.25  dsm 3.36113e-11  dsm_est 1.20904e-07  nsteps 50
  h 0.005  rk_type 1  order 4  acc 2  t 4.5  dsm 7.15711e-11  dsm_est 3.7071e-07  nsteps 50
  h 0.005  rk_type 1  order 4  acc 2  t 4.75  dsm 3.79788e-11  dsm_est 8.7779e-08  nsteps 50
  h 0.005  rk_type 1  order 4  acc 2  t 5  dsm 4.13058e-11  dsm_est 6.13145e-08  nsteps 50
  h 0.005  rk_type 1  order 4  acc 3  t 0.25  dsm 5.99625e-11  dsm_est 1.385e-09  nsteps 50
  h 0.005  rk_type 1  order 4  acc 3  t 0.5  dsm 1.42974e-10  dsm_est 6.89431e-09  nsteps 50
  h 0.005  rk_type 1  order 4  acc 3  t 0.75  dsm 2.42719e-10  dsm_est 2.22335e-08  nsteps 50
  h 0.005  rk_type 1  order 4  acc 3  t 1  dsm 6.83162e-10  dsm_est 7.93747e-09  nsteps 50
  h 0.005  rk_type 1  order 4  acc 3  t 1.25  dsm 3.14281e-09  dsm_est 1.90356e-07  nsteps 50
  h 0.005  rk_type 1  order 4  acc 3  t 1.5  dsm 4.52762e-09  dsm_est 9.7768e-08  nsteps 50
  h 0.005  rk_type 1  order 4  acc 3  t 1.75  dsm 4.7305e-10  dsm_est 3.16168e-07  nsteps 50
  h 0.005  rk_type 1  order 4  acc 3  t 2  dsm 1.22724e-09  dsm_est 6.44894e-08  nsteps 50
  h 0.005  rk_type 1  order 4  acc 3  t 2.25  dsm 2.1725e-10  dsm_est 2.74317e-08  nsteps 50
  h 0.005  rk_type 1  order 4  acc 3  t 2.5  dsm 1.44845e-10  dsm_est 1.14324e-08  nsteps 50
  h 0.005  rk_type 1  order 4  acc 3  t 2.75  dsm 1.45894e-10  dsm_est 5.78824e-09  nsteps 50
  h 0.005  rk_type 1  order 4  acc 3  t 3  dsm 2.11123e-10  dsm_est 4.48643e-09  nsteps 50
  h 0.005  rk_type 1  order 4  acc 3  t 3.25  dsm 2.34671e-10  dsm_est 2.20404e-09  nsteps 50
  h 0.005  rk_type 1  order 4  acc 3  t 3.5  dsm 1.99557e-10  dsm_est 5.41306e-10  nsteps 50
  h 0.005  rk_type 1  order 4  acc 3  t 3.75  dsm 1.51624e-10  dsm_est 4.03452e-10  nsteps 50
  h 0.005  rk_type 1  order 4  acc 3  t 4  dsm 9.7978e-11  dsm_est 9.52633e-10  nsteps 50
  h 0.005  rk_type 1  order 4  acc 3  t 4.25  dsm 3.36113e-11  dsm_est 2.41808e-09  nsteps 50
  h 0.005  rk_type 1  order 4  acc 3  t 4.5  dsm 7.15711e-11  dsm_est 7.4142e-09  nsteps 50
  h 0.005  rk_type 1  order 4  acc 3  t 4.75  dsm 3.79788e-11  dsm_est 1.75558e-09  nsteps 50
  h 0.005  rk_type 1  order 4  acc 3  t 5  dsm 4.13058e-11  dsm_est 1.22629e-09  nsteps 50
  h 0.005  rk_type 1  order 4  acc 2  t 0.25  dsm 5.99625e-11  dsm_est 9.19534e-10  nsteps 75
  h 0.005  rk_type 1  order 4  acc 2  t 0.5  dsm 1.42974e-10  dsm_est 2.10629e-09  nsteps 75
  h 0.005  rk_type 1  order 4  acc 2  t 0.75  dsm 2.42719e-10  dsm_est 3.82746e-09  nsteps 75
  h 0.005  rk_type 1  order 4  acc 2  t 1  dsm 6.83162e-10  dsm_est 1.03061e-08  nsteps 75
  h 0.005  rk_type 1  order 4  acc 2  t 1.25  dsm 3.14281e-09  dsm_est 4.33257e-08  nsteps 75
  h 0.005  rk_type 1  order 4  acc 2  t 1.5  dsm 4.52762e-09  dsm_est 6.98227e-08  nsteps 75
  h 0.005  rk_type 1  order 4  acc 2  t 1.75  dsm 4.7305e-10  dsm_est 3.66571e-09  nsteps 75
  h 0.005  rk_type 1  order 4  acc 2  t 2  dsm 1.22724e-09  dsm_est 1.87356e-08  nsteps 75
  h 0.005  rk_type 1  order 4  acc 2  t 2.25  dsm 2.1725e-10  dsm_est 3.03702e-09  nsteps 75
  h 0.005  rk_type 1  order 4  acc 2  t 2.5  dsm 1.44845e-10  dsm_est 2.22121e-09  nsteps 75
  h 0.005  rk_type 1  order 4  acc 2  t 2.75  dsm 1.45894e-10  dsm_est 2.22678e-09  nsteps 75
  h 0.005  rk_type 1  order 4  acc 2  t 3  dsm 2.11123e-10  dsm_est 3.23991e-09  nsteps 75
  h 0.005  rk_type 1  order 4  acc 2  t 3.25  dsm 2.34671e-10  dsm_est 3.61593e-09  nsteps 75
  h 0.005  rk_type 1  order 4  acc 2  t 3.5  dsm 1.99557e-10  dsm_est 3.07907e-09  nsteps 75
  h 0.005  rk_type 1  order 4  acc 2  t 3.75  dsm 1.51624e-10  dsm_est 2.34121e-09  nsteps 75
  h 0.005  rk_type 1  order 4  acc 2  t 4  dsm 9.7978e-11  dsm_est 1.51474e-09  nsteps 75
  h 0.005  rk_type 1  order 4  acc 2  t 4.25  dsm 3.36113e-11  dsm_est 5.09945e-10  nsteps 75
  h 0.005  rk_type 1  order 4  acc 2  t 4.5  dsm 7.15711e-11  dsm_est 1.10419e-09  nsteps 75
  h 0.005  rk_type 1  order 4  acc 2  t 4.75  dsm 3.79788e-11  dsm_est 5.88316e-10  nsteps 75
  h 0.005  rk_type 1  order 4  acc 2  t 5  dsm 4.13058e-11  dsm_est 6.25891e-10  nsteps 75
  h 0.00125  rk_type 1  order 4  acc 1  t 0.25  dsm 2.30499e-13  dsm_est 1.18706e-11  nsteps 200
  h 0.00125  rk_type 1  order 4  acc 1  t 0.5  dsm 5.68219e-13  dsm_est 4.29143e-11  nsteps 200
  h 0.00125  rk_type 1  order 4  acc 1  t 0.75  dsm 9.09327e-13  dsm_est 1.75788e-10  nsteps 200
  h 0.00125  rk_type 1  order 4  acc 1  t 1  dsm 2.66412e-12  dsm_est 1.00941e-10  nsteps 200
  h 0.00125  rk_type 1  order 4  acc 1  t 1.25  dsm 1.30178e-11  dsm_est 2.55862e-09  nsteps 200
  h 0.00125  rk_type 1  order 4  acc 1  t 1.5  dsm 1.73534e-11  dsm_est 1.64905e-09  nsteps 200
  h 0.00125  rk_type 1  order 4  acc 1  t 1.75  dsm 3.44384e-12  dsm_est 4.05424e-09  nsteps 200
  h 0.00125  rk_type 1  order 4  acc 1  t 2  dsm 4.73982e-12  dsm_est 8.44242e-10  nsteps 200
  h 0.00125  rk_type 1  order 4  acc 1  t 2.25  dsm 8.24836e-13  dsm_est 1.78198e-10  nsteps 200
  h 0.00125  rk_type 1  order 4  acc 1  t 2.5  dsm 5.58183e-13  dsm_est 6.41367e-11  nsteps 200
  h 0.00125  rk_type 1  order 4  acc 1  t 2.75  dsm 5.66294e-13  dsm_est 4.38146e-11  nsteps 200
  h 0.00125  rk_type 1  order 4  acc 1  t 3  dsm 8.06614e-13  dsm_est 4.34752e-11  nsteps 200
  h 0.00125  rk_type 1  order 4  acc 1  t 3.25  dsm 8.98387e-13  dsm_est 1.416e-11  nsteps 200
  h 0.00125  rk_type 1  order 4  acc 1  t 3.5  dsm 7.63217e-13  dsm_est 3.10184e-12  nsteps 200
  h 0.00125  rk_type 1  order 4  acc 1  t 3.75  dsm 5.78309e-13  dsm_est 2.99367e-12  nsteps 200
  h 0.00125  rk_type 1  order 4  acc 1  t 4  dsm 3.75531e-13  dsm_est 7.27428e-12  nsteps 200
  h 0.00125  rk_type 1  order 4  acc 1  t 4.25  dsm 1.33194e-13  dsm_est 1.19044e-11  nsteps 200
  h 0.00125  rk_type 1  order 4  acc 1  t 4.5  dsm 2.44986e-13  dsm_est 4.62152e-11  nsteps 200
  h 0.00125  rk_type 1  order 4  acc 1  t 4.75  dsm 1.41286e-13  dsm_est 1.51237e-11  nsteps 200
  h 0.00125  rk_type 1  order 4  acc 1  t 5  dsm 1.73009e-13  dsm_est 6.57848e-12  nsteps 200
  h 0.00125  rk_type 1  order 4  acc 2  t 0.25  dsm 2.30499e-13  dsm_est 1.08204e-09  nsteps 200
  h 0.00125  rk_type 1  order 4  acc 2  t 0.5  dsm 5.68219e-13  dsm_est 5.40888e-09  nsteps 200
  h 0.00125  rk_type 1  order 4  acc 2  t 0.75  dsm 9.09327e-13  dsm_est 1.7413e-08  nsteps 200
  h 0.00125  rk_type 1  order 4  acc 2  t 1  dsm 2.66412e-12  dsm_est 6.10198e-09  nsteps 200
  h 0.00125  rk_type 1  order 4  acc 2  t 1.25  dsm 1.30178e-11  dsm_est 1.49252e-07  nsteps 200
  h 0.00125  rk_type 1  order 4  acc 2  t 1.5  dsm 1.73534e-11  dsm_est 7.5991e-08  nsteps 200
  h 0.00125  rk_type 1  order 4  acc 2  t 1.75  dsm 3.44384e-12  dsm_est 2.47716e-07  nsteps 200
  h 0.00125  rk_type 1  order 4  acc 2  t 2  dsm 4.73982e-12  dsm_est 4.99807e-08  nsteps 200
  h 0.00125  rk_type 1  order 4  acc 2  t 2.25  dsm 8.24836e-13  dsm_est 2.14752e-08  nsteps 200
  h 0.00125  rk_type 1  order 4  acc 2  t 2.5  dsm 5.58183e-13  dsm_est 8.93029e-09  nsteps 200
  h 0.00125  rk_type 1  order 4  acc 2  t 2.75  dsm 5.66294e-13  dsm_est 4.52416e-09  nsteps 200
  h 0.00125  rk_type 1  order 4  acc 2  t 3  dsm 8.06614e-13  dsm_est 3.502e-09  nsteps 200
  h 0.00125  rk_type 1  order 4  acc 2  t 3.25  dsm 8.98387e-13  dsm_est 1.71624e-09  nsteps 200
  h 0.00125  rk_type 1  order 4  acc 2  t 3.5  dsm 7.63217e-13  dsm_est 4.19654e-10  nsteps 200
  h 0.00125  rk_type 1  order 4  acc 2  t 3.75  dsm 5.78309e-13  dsm_est 3.14069e-10  nsteps 200
  h 0.00125  rk_type 1  order 4  acc 2  t 4  dsm 3.75531e-13  dsm_est 7.43405e-10  nsteps 200
  h 0.00125  rk_type 1  order 4  acc 2  t 4.25  dsm 1.33194e-13  dsm_est 1.89465e-09  nsteps 200
  h 0.00125  rk_type 1  order 4  acc 2  t 4.5  dsm 2.44986e-13  dsm_est 5.80293e-09  nsteps 200
  h 0.00125  rk_type 1  order 4  acc 2  t 4.75  dsm 1.41286e-13  dsm_est 1.36602e-09  nsteps 200
  h 0.00125  rk_type 1  order 4  acc 2  t 5  dsm 1.73009e-13  dsm_est 9.5065e-10  nsteps 200
  h 0.00125  rk_type 1  order 4  acc 3  t 0.25  dsm 2.30499e-13  dsm_est 5.41022e-12  nsteps 200
  h 0.00125  rk_type 1  order 4  acc 3  t 0.5  dsm 5.68219e-13  dsm_est 2.70444e-11  nsteps 200
  h 0.00125  rk_type 1  order 4  acc 3  t 0.75  dsm 9.09327e-13  dsm_est 8.70648e-11  nsteps 200
  h 0.00125  rk_type 1  order 4  acc 3  t 1  dsm 2.66412e-12  dsm_est 3.05099e-11  nsteps 200
  h 0.00125  rk_type 1  order 4  acc 3  t 1.25  dsm 1.30178e-11  dsm_est 7.46262e-10  nsteps 200
  h 0.00125  rk_type 1  order 4  acc 3  t 1.5  dsm 1.73534e-11  dsm_est 3.79955e-10  nsteps 200
  h 0.00125  rk_type 1  order 4  acc 3  t 1.75  dsm 3.44384e-12  dsm_est 1.23858e-09  nsteps 200
  h 0.00125  rk_type 1  order 4  acc 3  t 2  dsm 4.73982e-12  dsm_est 2.49903e-10  nsteps 200
  h 0.00125  rk_type 1  order 4  acc 3  t 2.25  dsm 8.24836e-13  dsm_est 1.07376e-10  nsteps 200
  h 0.00125  rk_type 1  order 4  acc 3  t 2.5  dsm 5.58183e-13  dsm_est 4.46515e-11  nsteps 200
  h 0.00125  rk_type 1  order 4  acc 3  t 2.75  dsm 5.66294e-13  dsm_est 2.26208e-11  nsteps 200
  h 0.00125  rk_type 1  order 4  acc 3  t 3  dsm 8.06614e-13  dsm_est 1.751e-11  nsteps 200
  h 0.00125  rk_type 1  order 4  acc 3  t 3.25  dsm 8.98387e-13  dsm_est 8.58119e-12  nsteps 200
  h 0.00125  rk_type 1  order 4  acc 3  t 3.5  dsm 7.63217e-13  dsm_est 2.09827e-12  nsteps 200
  h 0.00125  rk_type 1  order 4  acc 3  t 3.75  dsm 5.78309e-13  dsm_est 1.57035e-12  nsteps 200
  h 0.00125  rk_type 1  order 4  acc 3  t 4  dsm 3.75531e-13  dsm_est 3.71703e-12  nsteps 200
  h 0.00125  rk_type 1  order 4  acc 3  t 4.25  dsm 1.33194e-13  dsm_est 9.47327e-12  nsteps 200
  h 0.00125  rk_type 1  order 4  acc 3  t 4.5  dsm 2.44986e-13  dsm_est 2.90146e-11  nsteps 200
  h 0.00125  rk_type 1  order 4  acc 3  t 4.75  dsm 1.41286e-13  dsm_est 6.83008e-12  nsteps 200
  h 0.00125  rk_type 1  order 4  acc 3  t 5  dsm 1.73009e-13  dsm_est 4.75325e-12  nsteps 200
  h 0.00125  rk_type 1  order 4  acc 2  t 0.25  dsm 2.30499e-13  dsm_est 3.47846e-12  nsteps 300
  h 0.00125  rk_type 1  order 4  acc 2  t 0.5  dsm 5.68219e-13  dsm_est 8.44621e-12  nsteps 300
  h 0.00125  rk_type 1  order 4  acc 2  t 0.75  dsm 9.09327e-13  dsm_est 1.38911e-11  nsteps 300
  h 0.00125  rk_type 1  order 4  acc 2  t 1  dsm 2.66412e-12  dsm_est 3.99292e-11  nsteps 300
  h 0.00125  rk_type 1  order 4  acc 2  t 1.25  dsm 1.30178e-11  dsm_est 1.91091e-10  nsteps 300
  h 0.00125  rk_type 1  order 4  acc 2  t 1.5  dsm 1.73534e-11  dsm_est 2.61959e-10  nsteps 300
  h 0.00125  rk_type 1  order 4  acc 2  t 1.75  dsm 3.44384e-12  dsm_est 4.28383e-11  nsteps 300
  h 0.00125  rk_type 1  order 4  acc 2  t 2  dsm 4.73982e-12  dsm_est 7.1306e-11  nsteps 300
  h 0.00125  rk_type 1  order 4  acc 2  t 2.25  dsm 8.24836e-13  dsm_est 1.31816e-11  nsteps 300
  h 0.00125  rk_type 1  order 4  acc 2  t 2.5  dsm 5.58183e-13  dsm_est 8.4007e-12  nsteps 300
  h 0.00125  rk_type 1  order 4  acc 2  t 2.75  dsm 5.66294e-13  dsm_est 8.47988e-12  nsteps 300
  h 0.00125  rk_type 1  order 4  acc 2  t 3  dsm 8.06614e-13  dsm_est 1.22473e-11  nsteps 300
  h 0.00125  rk_type 1  order 4  acc 2  t 3.25  dsm 8.98387e-13  dsm_est 1.35837e-11  nsteps 300
  h 0.00125  rk_type 1  order 4  acc 2  t 3.5  dsm 7.63217e-13  dsm_est 1.15437e-11  nsteps 300
  h 0.00125  rk_type 1  order 4  acc 2  t 3.75  dsm 5.78309e-13  dsm_est 8.76917e-12  nsteps 300
  h 0.00125  rk_type 1  order 4  acc 2  t 4  dsm 3.75531e-13  dsm_est 5.66133e-12  nsteps 300
  h 0.00125  rk_type 1  order 4  acc 2  t 4.25  dsm 1.33194e-13  dsm_est 1.9304e-12  nsteps 300
  h 0.00125  rk_type 1  order 4  acc 2  t 4.5  dsm 2.44986e-13  dsm_est 4.1717e-12  nsteps 300
  h 0.00125  rk_type 1  order 4  acc 2  t 4.75  dsm 1.41286e-13  dsm_est 2.17896e-12  nsteps 300
  h 0.00125  rk_type 1  order 4  acc 2  t 5  dsm 1.73009e-13  dsm_est 2.38734e-12  nsteps 300
  h 0.0003125  rk_type 1  order 4  acc 1  t 0.25  dsm 9.97977e-16  dsm_est 4.66004e-14  nsteps 800
  h 0.0003125  rk_type 1  order 4  acc 1  t 0.5  dsm 7.34738e-15  dsm_est 1.67783e-13  nsteps 800
  h 0.0003125  rk_type 1  order 4  acc 1  t 0.75  dsm 1.89479e-14  dsm_est 6.87079e-13  nsteps 800
  h 0.0003125  rk_type 1  order 4  acc 1  t 1  dsm 6.41345e-15  dsm_est 3.96662e-13  nsteps 800
  h 0.0003125  rk_type 1  order 4  acc 1  t 1.25  dsm 1.49538e-13  dsm_est 1.00006e-11  nsteps 801
  h 0.0003125  rk_type 1  order 4  acc 1  t 1.5  dsm 1.0257e-13  dsm_est 6.56125e-12  nsteps 801
  h 0.0003125  rk_type 1  order 4  acc 1  t 1.75  dsm 4.74681e-14  dsm_est 1.58483e-11  nsteps 801
  h 0.0003125  rk_type 1  order 4  acc 1  t 2  dsm 3.28771e-14  dsm_est 3.30065e-12  nsteps 801
  h 0.0003125  rk_type 1  order 4  acc 1  t 2.25  dsm 2.08777e-13  dsm_est 6.96642e-13  nsteps 800
  h 0.0003125  rk_type 1  order 4  acc 1  t 2.5  dsm 1.03256e-14  dsm_est 2.50524e-13  nsteps 800
  h 0.0003125  rk_type 1  order 4  acc 1  t 2.75  dsm 1.44079e-14  dsm_est 1.71146e-13  nsteps 800
  h 0.0003125  rk_type 1  order 4  acc 1  t 3  dsm 6.86653e-14  dsm_est 1.69952e-13  nsteps 800
  h 0.0003125  rk_type 1  order 4  acc 1  t 3.25  dsm 4.56716e-14  dsm_est 5.52408e-14  nsteps 800
  h 0.0003125  rk_type 1  order 4  acc 1  t 3.5  dsm 1.14798e-14  dsm_est 1.21147e-14  nsteps 800
  h 0.0003125  rk_type 1  order 4  acc 1  t 3.75  dsm 1.10427e-14  dsm_est 1.17036e-14  nsteps 800
  h 0.0003125  rk_type 1  order 4  acc 1  t 4  dsm 5.31806e-14  dsm_est 2.84886e-14  nsteps 800
  h 0.0003125  rk_type 1  order 4  acc 1  t 4.25  dsm 2.08119e-13  dsm_est 4.65384e-14  nsteps 801
  h 0.0003125  rk_type 1  order 4  acc 1  t 4.5  dsm 1.57233e-14  dsm_est 1.80608e-13  nsteps 801
  h 0.0003125  rk_type 1  order 4  acc 1  t 4.75  dsm 1.39902e-13  dsm_est 5.98529e-14  nsteps 801
  h 0.0003125  rk_type 1  order 4  acc 1  t 5  dsm 7.63042e-14  dsm_est 2.56897e-14  nsteps 801
  h 0.0003125  rk_type 1  order 4  acc 2  t 0.25  dsm 9.97977e-16  dsm_est 1.6907e-11  nsteps 800
  h 0.0003125  rk_type 1  order 4  acc 2  t 0.5  dsm 7.34738e-15  dsm_est 8.45809e-11  nsteps 800
  h 0.0003125  rk_type 1  order 4  acc 2  t 0.75  dsm 1.89479e-14  dsm_est 2.72242e-10  nsteps 800
  h 0.0003125  rk_type 1  order 4  acc 2  t 1  dsm 6.41345e-15  dsm_est 9.49565e-11  nsteps 800
  h 0.0003125  rk_type 1  order 4  acc 2  t 1.25  dsm 1.49538e-13  dsm_est 2.33397e-09  nsteps 801
  h 0.0003125  rk_type 1  order 4  acc 2  t 1.5  dsm 1.0257e-13  dsm_est 1.18555e-09  nsteps 801
  h 0.0003125  rk_type 1  order 4  acc 2  t 1.75  dsm 4.74681e-14  dsm_est 3.87341e-09  nsteps 801
  h 0.0003125  rk_type 1  order 4  acc 2  t 2  dsm 3.28771e-14  dsm_est 7.79395e-10  nsteps 801
  h 0.0003125  rk_type 1  order 4  acc 2  t 2.25  dsm 2.08777e-13  dsm_est 3.3572e-10  nsteps 800
  h 0.0003125  rk_type 1  order 4  acc 2  t 2.5  dsm 1.03256e-14  dsm_est 1.39527e-10  nsteps 800
  h 0.0003125  rk_type 1  order 4  acc 2  t 2.75  dsm 1.44079e-14  dsm_est 7.06925e-11  nsteps 800
  h 0.0003125  rk_type 1  order 4  acc 2  t 3  dsm 6.86653e-14  dsm_est 5.47055e-11  nsteps 800
  h 0.0003125  rk_type 1  order 4  acc 2  t 3.25  dsm 4.56716e-14  dsm_est 2.67951e-11  nsteps 800
  h 0.0003125  rk_type 1  order 4  acc 2  t 3.5  dsm 1.14798e-14  dsm_est 6.54805e-12  nsteps 800
  h 0.0003125  rk_type 1  order 4  acc 2  t 3.75  dsm 1.10427e-14  dsm_est 4.9065e-12  nsteps 800
  h 0.0003125  rk_type 1  order 4  acc 2  t 4  dsm 5.31806e-14  dsm_est 1.16127e-11  nsteps 800
  h 0.0003125  rk_type 1  order 4  acc 2  t 4.25  dsm 2.08119e-13  dsm_est 2.96268e-11  nsteps 801
  h 0.0003125  rk_type 1  order 4  acc 2  t 4.5  dsm 1.57233e-14  dsm_est 9.07089e-11  nsteps 801
  h 0.0003125  rk_type 1  order 4  acc 2  t 4.75  dsm 1.39902e-13  dsm_est 2.13237e-11  nsteps 801
  h 0.0003125  rk_type 1  order 4  acc 2  t 5  dsm 7.63042e-14  dsm_est 1.48242e-11  nsteps 801
  h 0.0003125  rk_type 1  order 4  acc 3  t 0.25  dsm 9.97977e-16  dsm_est 2.11337e-14  nsteps 800
  h 0.0003125  rk_type 1  order 4  acc 3  t 0.5  dsm 7.34738e-15  dsm_est 1.05726e-13  nsteps 800
  h 0.0003125  rk_type 1  order 4  acc 3  t 0.75  dsm 1.89479e-14  dsm_est 3.40303e-13  nsteps 800
  h 0.0003125  rk_type 1  order 4  acc 3  t 1  dsm 6.41345e-15  dsm_est 1.18696e-13  nsteps 800
  h 0.0003125  rk_type 1  order 4  acc 3  t 1.25  dsm 1.49538e-13  dsm_est 2.91746e-12  nsteps 801
  h 0.0003125  rk_type 1  order 4  acc 3  t 1.5  dsm 1.0257e-13  dsm_est 1.48193e-12  nsteps 801
  h 0.0003125  rk_type 1  order 4  acc 3  t 1.75  dsm 4.74681e-14  dsm_est 4.84176e-12  nsteps 801
  h 0.0003125  rk_type 1  order 4  acc 3  t 2  dsm 3.28771e-14  dsm_est 9.74244e-13  nsteps 801
  h 0.0003125  rk_type 1  order 4  acc 3  t 2.25  dsm 2.08777e-13  dsm_est 4.1965e-13  nsteps 800
  h 0.0003125  rk_type 1  order 4  acc 3  t 2.5  dsm 1.03256e-14  dsm_est 1.74409e-13  nsteps 800
  h 0.0003125  rk_type 1  order 4  acc 3  t 2.75  dsm 1.44079e-14  dsm_est 8.83656e-14  nsteps 800
  h 0.0003125  rk_type 1  order 4  acc 3  t 3  dsm 6.86653e-14  dsm_est 6.83819e-14  nsteps 800
  h 0.0003125  rk_type 1  order 4  acc 3  t 3.25  dsm 4.56716e-14  dsm_est 3.34939e-14  nsteps 800
  h 0.0003125  rk_type 1  order 4  acc 3  t 3.5  dsm 1.14798e-14  dsm_est 8.18506e-15  nsteps 800
  h 0.0003125  rk_type 1  order 4  acc 3  t 3.75  dsm 1.10427e-14  dsm_est 6.13312e-15  nsteps 800
  h 0.0003125  rk_type 1  order 4  acc 3  t 4  dsm 5.31806e-14  dsm_est 1.45159e-14  nsteps 800
  h 0.0003125  rk_type 1  order 4  acc 3  t 4.25  dsm 2.08119e-13  dsm_est 3.70335e-14  nsteps 801
  h 0.0003125  rk_type 1  order 4  acc 3  t 4.5  dsm 1.57233e-14  dsm_est 1.13386e-13  nsteps 801
  h 0.0003125  rk_type 1  order 4  acc 3  t 4.75  dsm 1.39902e-13  dsm_est 2.66546e-14  nsteps 801
  h 0.0003125  rk_type 1  order 4  acc 3  t 5  dsm 7.63042e-14  dsm_est 1.85303e-14  nsteps 801
  h 0.0003125  rk_type 1  order 4  acc 2  t 0.25  dsm 9.97977e-16  dsm_est 1.35296e-14  nsteps 1200
  h 0.0003125  rk_type 1  order 4  acc 2  t 0.5  dsm 7.34738e-15  dsm_est 3.14131e-14  nsteps 1200
  h 0.0003125  rk_type 1  order 4  acc 2  t 0.75  dsm 1.89479e-14  dsm_est 6.96153e-14  nsteps 1200
  h 0.0003125  rk_type 1  order 4  acc 2  t 1  dsm 6.41345e-15  dsm_est 1.77682e-13  nsteps 1200
  h 0.0003125  rk_type 1  order 4  acc 2  t 1.25  dsm 1.49538e-13  dsm_est 5.92376e-13  nsteps 1201
  h 0.0003125  rk_type 1  order 4  acc 2  t 1.5  dsm 1.0257e-13  dsm_est 9.50139e-13  nsteps 1201
  h 0.0003125  rk_type 1  order 4  acc 2  t 1.75  dsm 4.74681e-14  dsm_est 1.5963e-13  nsteps 1201
  h 0.0003125  rk_type 1  order 4  acc 2  t 2  dsm 3.28771e-14  dsm_est 2.52198e-13  nsteps 1201
  h 0.0003125  rk_type 1  order 4  acc 2  t 2.25  dsm 2.08777e-13  dsm_est 3.31346e-13  nsteps 1200
  h 0.0003125  rk_type 1  order 4  acc 2  t 2.5  dsm 1.03256e-14  dsm_est 3.26259e-14  nsteps 1200
  h 0.0003125  rk_type 1  order 4  acc 2  t 2.75  dsm 1.44079e-14  dsm_est 3.69706e-14  nsteps 1200
  h 0.0003125  rk_type 1  order 4  acc 2  t 3  dsm 6.86653e-14  dsm_est 8.29842e-14  nsteps 1200
  h 0.0003125  rk_type 1  order 4  acc 2  t 3.25  dsm 4.56716e-14  dsm_est 7.57076e-14  nsteps 1200
  h 0.0003125  rk_type 1  order 4  acc 2  t 3.5  dsm 1.14798e-14  dsm_est 4.72639e-14  nsteps 1200
  h 0.0003125  rk_type 1  order 4  acc 2  t 3.75  dsm 1.10427e-14  dsm_est 3.43678e-14  nsteps 1200
  h 0.0003125  rk_type 1  order 4  acc 2  t 4  dsm 5.31806e-14  dsm_est 4.43107e-14  nsteps 1200
  h 0.0003125  rk_type 1  order 4  acc 2  t 4.25  dsm 2.08119e-13  dsm_est 3.19466e-13  nsteps 1201
  h 0.0003125  rk_type 1  order 4  acc 2  t 4.5  dsm 1.57233e-14  dsm_est 3.54399e-14  nsteps 1201
  h 0.0003125  rk_type 1  order 4  acc 2  t 4.75  dsm 1.39902e-13  dsm_est 2.1045e-13  nsteps 1201
  h 0.0003125  rk_type 1  order 4  acc 2  t 5  dsm 7.63042e-14  dsm_est 1.1047e-13  nsteps 1201
  h 7.8125e-05  rk_type 1  order 4  acc 1  t 0.25  dsm 1.20076e-14  dsm_est 1.82253e-16  nsteps 3200
  h 7.8125e-05  rk_type 1  order 4  acc 1  t 0.5  dsm 6.92895e-14  dsm_est 6.55669e-16  nsteps 3201
  h 7.8125e-05  rk_type 1  order 4  acc 1  t 0.75  dsm 7.1887e-14  dsm_est 2.68471e-15  nsteps 3200
  h 7.8125e-05  rk_type 1  order 4  acc 1  t 1  dsm 5.29714e-14  dsm_est 1.55185e-15  nsteps 3200
  h 7.8125e-05  rk_type 1  order 4  acc 1  t 1.25  dsm 4.54758e-13  dsm_est 3.90711e-14  nsteps 3201
  h 7.8125e-05  rk_type 1  order 4  acc 1  t 1.5  dsm 1.61784e-13  dsm_est 2.57413e-14  nsteps 3201
  h 7.8125e-05  rk_type 1  order 4  acc 1  t 1.75  dsm 1.4649e-13  dsm_est 6.1914e-14  nsteps 3201
  h 7.8125e-05  rk_type 1  order 4  acc 1  t 2  dsm 6.85301e-14  dsm_est 1.28969e-14  nsteps 3201
  h 7.8125e-05  rk_type 1  order 4  acc 1  t 2.25  dsm 3.74507e-13  dsm_est 2.72291e-15  nsteps 3201
  h 7.8125e-05  rk_type 1  order 4  acc 1  t 2.5  dsm 1.92671e-14  dsm_est 9.81217e-16  nsteps 3201
  h 7.8125e-05  rk_type 1  order 4  acc 1  t 2.75  dsm 1.93516e-14  dsm_est 6.71729e-16  nsteps 3201
  h 7.8125e-05  rk_type 1  order 4  acc 1  t 3  dsm 1.23711e-13  dsm_est 6.65622e-16  nsteps 3201
  h 7.8125e-05  rk_type 1  order 4  acc 1  t 3.25  dsm 8.16997e-14  dsm_est 2.16207e-16  nsteps 3201
  h 7.8125e-05  rk_type 1  order 4  acc 1  t 3.5  dsm 1.95956e-14  dsm_est 4.74185e-17  nsteps 3201
  h 7.8125e-05  rk_type 1  order 4  acc 1  t 3.75  dsm 2.16401e-14  dsm_est 4.58122e-17  nsteps 3201
  h 7.8125e-05  rk_type 1  order 4  acc 1  t 4  dsm 9.37664e-14  dsm_est 1.11469e-16  nsteps 3201
  h 7.8125e-05  rk_type 1  order 4  acc 1  t 4.25  dsm 2.10442e-13  dsm_est 1.82276e-16  nsteps 3201
  h 7.8125e-05  rk_type 1  order 4  acc 1  t 4.5  dsm 1.64627e-14  dsm_est 7.11037e-16  nsteps 3201
  h 7.8125e-05  rk_type 1  order 4  acc 1  t 4.75  dsm 1.39177e-13  dsm_est 2.35957e-16  nsteps 3201
  h 7.8125e-05  rk_type 1  order 4  acc 1  t 5  dsm 7.51104e-14  dsm_est 1.00425e-16  nsteps 3201
  h 7.8125e-05  rk_type 1  order 4  acc 2  t 0.25  dsm 1.20076e-14  dsm_est 2.64165e-13  nsteps 3200
  h 7.8125e-05  rk_type 1  order 4  acc 2  t 0.5  dsm 6.92895e-14  dsm_est 1.32181e-12  nsteps 3201
  h 7.8125e-05  rk_type 1  order 4  acc 2  t 0.75  dsm 7.1887e-14  dsm_est 4.25372e-12  nsteps 3200
  h 7.8125e-05  rk_type 1  order 4  acc 2  t 1  dsm 5.29714e-14  dsm_est 1.48185e-12  nsteps 3200
  h 7.8125e-05  rk_type 1  order 4  acc 2  t 1.25  dsm 4.54758e-13  dsm_est 3.64743e-11  nsteps 3201
  h 7.8125e-05  rk_type 1  order 4  acc 2  t 1.5  dsm 1.61784e-13  dsm_est 1.85159e-11  nsteps 3201
  h 7.8125e-05  rk_type 1  order 4  acc 2  t 1.75  dsm 1.4649e-13  dsm_est 6.05314e-11  nsteps 3201
  h 7.8125e-05  rk_type 1  order 4  acc 2  t 2  dsm 6.85301e-14  dsm_est 1.2171e-11  nsteps 3201
  h 7.8125e-05  rk_type 1  order 4  acc 2  t 2.25  dsm 3.74507e-13  dsm_est 5.24549e-12  nsteps 3201
  h 7.8125e-05  rk_type 1  order 4  acc 2  t 2.5  dsm 1.92671e-14  dsm_est 2.18076e-12  nsteps 3201
  h 7.8125e-05  rk_type 1  order 4  acc 2  t 2.75  dsm 1.93516e-14  dsm_est 1.10503e-12  nsteps 3201
  h 7.8125e-05  rk_type 1  order 4  acc 2  t 3  dsm 1.23711e-13  dsm_est 8.55102e-13  nsteps 3201
  h 7.8125e-05  rk_type 1  order 4  acc 2  t 3.25  dsm 8.16997e-14  dsm_est 4.18589e-13  nsteps 3201
  h 7.8125e-05  rk_type 1  order 4  acc 2  t 3.5  dsm 1.95956e-14  dsm_est 1.02298e-13  nsteps 3201
  h 7.8125e-05  rk_type 1  order 4  acc 2  t 3.75  dsm 2.16401e-14  dsm_est 7.6628e-14  nsteps 3201
  h 7.8125e-05  rk_type 1  order 4  acc 2  t 4  dsm 9.37664e-14  dsm_est 1.81659e-13  nsteps 3201
  h 7.8125e-05  rk_type 1  order 4  acc 2  t 4.25  dsm 2.10442e-13  dsm_est 4.62687e-13  nsteps 3201
  h 7.8125e-05  rk_type 1  order 4  acc 2  t 4.5  dsm 1.64627e-14  dsm_est 1.42144e-12  nsteps 3201
  h 7.8125e-05  rk_type 1  order 4  acc 2  t 4.75  dsm 1.39177e-13  dsm_est 3.32669e-13  nsteps 3201
  h 7.8125e-05  rk_type 1  order 4  acc 2  t 5  dsm 7.51104e-14  dsm_est 2.32583e-13  nsteps 3201
  h 7.8125e-05  rk_type 1  order 4  acc 3  t 0.25  dsm 1.20076e-14  dsm_est 8.25514e-17  nsteps 3200
  h 7.8125e-05  rk_type 1  order 4  acc 3  t 0.5  dsm 6.92895e-14  dsm_est 4.13064e-16  nsteps 3201
  h 7.8125e-05  rk_type 1  order 4  acc 3  t 0.75  dsm 7.1887e-14  dsm_est 1.32929e-15  nsteps 3200
  h 7.8125e-05  rk_type 1  order 4  acc 3  t 1  dsm 5.29714e-14  dsm_est 4.63079e-16  nsteps 3200
  h 7.8125e-05  rk_type 1  order 4  acc 3  t 1.25  dsm 4.54758e-13  dsm_est 1.13982e-14  nsteps 3201
  h 7.8125e-05  rk_type 1  order 4  acc 3  t 1.5  dsm 1.61784e-13  dsm_est 5.78623e-15  nsteps 3201
  h 7.8125e-05  rk_type 1  order 4  acc 3  t 1.75  dsm 1.4649e-13  dsm_est 1.89161e-14  nsteps 3201
  h 7.8125e-05  rk_type 1  order 4  acc 3  t 2  dsm 6.85301e-14  dsm_est 3.80343e-15  nsteps 3201
  h 7.8125e-05  rk_type 1  order 4  acc 3  t 2.25  dsm 3.74507e-13  dsm_est 1.63922e-15  nsteps 3201
  h 7.8125e-05  rk_type 1  order 4  acc 3  t 2.5  dsm 1.92671e-14  dsm_est 6.81488e-16  nsteps 3201
  h 7.8125e-05  rk_type 1  order 4  acc 3  t 2.75  dsm 1.93516e-14  dsm_est 3.45321e-16  nsteps 3201
  h 7.8125e-05  rk_type 1  order 4  acc 3  t 3  dsm 1.23711e-13  dsm_est 2.67219e-16  nsteps 3201
  h 7.8125e-05  rk_type 1  order 4  acc 3  t 3.25  dsm 8.16997e-14  dsm_est 1.30809e-16  nsteps 3201
  h 7.8125e-05  rk_type 1  order 4  acc 3  t 3.5  dsm 1.95956e-14  dsm_est 3.19683e-17  nsteps 3201
  h 7.8125e-05  rk_type 1  order 4  acc 3  t 3.75  dsm 2.16401e-14  dsm_est 2.39462e-17  nsteps 3201
  h 7.8125e-05  rk_type 1  order 4  acc 3  t 4  dsm 9.37664e-14  dsm_est 5.67685e-17  nsteps 3201
  h 7.8125e-05  rk_type 1  order 4  acc 3  t 4.25  dsm 2.10442e-13  dsm_est 1.4459e-16  nsteps 3201
  h 7.8125e-05  rk_type 1  order 4  acc 3  t 4.5  dsm 1.64627e-14  dsm_est 4.44199e-16  nsteps 3201
  h 7.8125e-05  rk_type 1  order 4  acc 3  t 4.75  dsm 1.39177e-13  dsm_est 1.03959e-16  nsteps 3201
  h 7.8125e-05  rk_type 1  order 4  acc 3  t 5  dsm 7.51104e-14  dsm_est 7.26822e-17  nsteps 3201
  h 7.8125e-05  rk_type 1  order 4  acc 2  t 0.25  dsm 1.20076e-14  dsm_est 9.70841e-15  nsteps 4800
  h 7.8125e-05  rk_type 1  order 4  acc 2  t 0.5  dsm 6.92895e-14  dsm_est 1.22494e-13  nsteps 4801
  h 7.8125e-05  rk_type 1  order 4  acc 2  t 0.75  dsm 7.1887e-14  dsm_est 1.01008e-13  nsteps 4801
  h 7.8125e-05  rk_type 1  order 4  acc 2  t 1  dsm 5.29714e-14  dsm_est 7.31368e-14  nsteps 4801
  h 7.8125e-05  rk_type 1  order 4  acc 2  t 1.25  dsm 4.54758e-13  dsm_est 7.05734e-13  nsteps 4801
  h 7.8125e-05  rk_type 1  order 4  acc 2  t 1.5  dsm 1.61784e-13  dsm_est 2.49851e-13  nsteps 4801
  h 7.8125e-05  rk_type 1  order 4  acc 2  t 1.75  dsm 1.4649e-13  dsm_est 2.2764e-13  nsteps 4801
  h 7.8125e-05  rk_type 1  order 4  acc 2  t 2  dsm 6.85301e-14  dsm_est 1.06912e-13  nsteps 4801
  h 7.8125e-05  rk_type 1  order 4  acc 2  t 2.25  dsm 3.74507e-13  dsm_est 1.85903e-15  nsteps 4802
  h 7.8125e-05  rk_type 1  order 4  acc 2  t 2.5  dsm 1.92671e-14  dsm_est 4.28748e-15  nsteps 4802
  h 7.8125e-05  rk_type 1  order 4  acc 2  t 2.75  dsm 1.93516e-14  dsm_est 3.17803e-15  nsteps 4802
  h 7.8125e-05  rk_type 1  order 4  acc 2  t 3  dsm 1.23711e-13  dsm_est 2.14064e-15  nsteps 4802
  h 7.8125e-05  rk_type 1  order 4  acc 2  t 3.25  dsm 8.16997e-14  dsm_est 9.8125e-16  nsteps 4802
  h 7.8125e-05  rk_type 1  order 4  acc 2  t 3.5  dsm 1.95956e-14  dsm_est 1.42241e-15  nsteps 4802
  h 7.8125e-05  rk_type 1  order 4  acc 2  t 3.75  dsm 2.16401e-14  dsm_est 9.52702e-16  nsteps 4802
  h 7.8125e-05  rk_type 1  order 4  acc 2  t 4  dsm 9.37664e-14  dsm_est 1.67292e-15  nsteps 4802
  h 7.8125e-05  rk_type 1  order 4  acc 2  t 4.25  dsm 2.10442e-13  dsm_est 5.74872e-16  nsteps 4802
  h 7.8125e-05  rk_type 1  order 4  acc 2  t 4.5  dsm 1.64627e-14  dsm_est 2.39534e-15  nsteps 4802
  h 7.8125e-05  rk_type 1  order 4  acc 2  t 4.75  dsm 1.39177e-13  dsm_est 1.10424e-15  nsteps 4802
  h 7.8125e-05  rk_type 1  order 4  acc 2  t 5  dsm 7.51104e-14  dsm_est 1.21712e-15  nsteps 4802
