
Dahlquist ODE test problem:
  lambda expl  = -1
  step size    = 0.01
  relative tol = 0.0001
  absolute tol = 1e-06
  interp type  = None

========================
Test explicit RK methods
========================

========================
ARKODE_HEUN_EULER_2_1_2
  stages:             2
  order:              2
  explicit 1st stage: 1
  stiffly accurate:   0
  first same as last: 0
========================
--------------------
Steps: 1
Fe RHS evals:
  actual:   2
  expected: 2
--------------------
Steps: 2
Fe RHS evals:
  actual:   4
  expected: 4
--------------------
Steps: 3
Fe RHS evals:
  actual:   6
  expected: 6
--------------------
Dense Output
Fe RHS evals:
  actual:   6
  expected: 6
--------------------
Steps: 4
Fe RHS evals:
  actual:   8
  expected: 8
--------------------

========================
ARKODE_BOGACKI_SHAMPINE_4_2_3
  stages:             4
  order:              3
  explicit 1st stage: 1
  stiffly accurate:   1
  first same as last: 1
========================
--------------------
Steps: 1
Fe RHS evals:
  actual:   4
  expected: 4
--------------------
Steps: 2
Fe RHS evals:
  actual:   7
  expected: 7
--------------------
Steps: 3
Fe RHS evals:
  actual:   10
  expected: 10
--------------------
Dense Output
Fe RHS evals:
  actual:   10
  expected: 10
--------------------
Steps: 4
Fe RHS evals:
  actual:   13
  expected: 13
--------------------

========================
ARKODE_ARK324L2SA_ERK_4_2_3
  stages:             4
  order:              3
  explicit 1st stage: 1
  stiffly accurate:   0
  first same as last: 0
========================
--------------------
Steps: 1
Fe RHS evals:
  actual:   4
  expected: 4
--------------------
Steps: 2
Fe RHS evals:
  actual:   8
  expected: 8
--------------------
Steps: 3
Fe RHS evals:
  actual:   12
  expected: 12
--------------------
Dense Output
Fe RHS evals:
  actual:   12
  expected: 12
--------------------
Steps: 4
Fe RHS evals:
  actual:   16
  expected: 16
--------------------

========================
ARKODE_ZONNEVELD_5_3_4
  stages:             5
  order:              4
  explicit 1st stage: 1
  stiffly accurate:   0
  first same as last: 0
========================
--------------------
Steps: 1
Fe RHS evals:
  actual:   5
  expected: 5
--------------------
Steps: 2
Fe RHS evals:
  actual:   10
  expected: 10
--------------------
Steps: 3
Fe RHS evals:
  actual:   15
  expected: 15
--------------------
Dense Output
Fe RHS evals:
  actual:   15
  expected: 15
--------------------
Steps: 4
Fe RHS evals:
  actual:   20
  expected: 20
--------------------

========================
ARKODE_ARK436L2SA_ERK_6_3_4
  stages:             6
  order:              4
  explicit 1st stage: 1
  stiffly accurate:   0
  first same as last: 0
========================
--------------------
Steps: 1
Fe RHS evals:
  actual:   6
  expected: 6
--------------------
Steps: 2
Fe RHS evals:
  actual:   12
  expected: 12
--------------------
Steps: 3
Fe RHS evals:
  actual:   18
  expected: 18
--------------------
Dense Output
Fe RHS evals:
  actual:   18
  expected: 18
--------------------
Steps: 4
Fe RHS evals:
  actual:   24
  expected: 24
--------------------

========================
ARKODE_SAYFY_ABURUB_6_3_4
  stages:             6
  order:              4
  explicit 1st stage: 1
  stiffly accurate:   0
  first same as last: 0
========================
--------------------
Steps: 1
Fe RHS evals:
  actual:   6
  expected: 6
--------------------
Steps: 2
Fe RHS evals:
  actual:   12
  expected: 12
--------------------
Steps: 3
Fe RHS evals:
  actual:   18
  expected: 18
--------------------
Dense Output
Fe RHS evals:
  actual:   18
  expected: 18
--------------------
Steps: 4
Fe RHS evals:
  actual:   24
  expected: 24
--------------------

========================
ARKODE_CASH_KARP_6_4_5
  stages:             6
  order:              5
  explicit 1st stage: 1
  stiffly accurate:   0
  first same as last: 0
========================
--------------------
Steps: 1
Fe RHS evals:
  actual:   6
  expected: 6
--------------------
Steps: 2
Fe RHS evals:
  actual:   12
  expected: 12
--------------------
Steps: 3
Fe RHS evals:
  actual:   18
  expected: 18
--------------------
Dense Output
Fe RHS evals:
  actual:   18
  expected: 18
--------------------
Steps: 4
Fe RHS evals:
  actual:   24
  expected: 24
--------------------

========================
ARKODE_FEHLBERG_6_4_5
  stages:             6
  order:              5
  explicit 1st stage: 1
  stiffly accurate:   0
  first same as last: 0
========================
--------------------
Steps: 1
Fe RHS evals:
  actual:   6
  expected: 6
--------------------
Steps: 2
Fe RHS evals:
  actual:   12
  expected: 12
--------------------
Steps: 3
Fe RHS evals:
  actual:   18
  expected: 18
--------------------
Dense Output
Fe RHS evals:
  actual:   18
  expected: 18
--------------------
Steps: 4
Fe RHS evals:
  actual:   24
  expected: 24
--------------------

========================
ARKODE_DORMAND_PRINCE_7_4_5
  stages:             7
  order:              5
  explicit 1st stage: 1
  stiffly accurate:   1
  first same as last: 1
========================
--------------------
Steps: 1
Fe RHS evals:
  actual:   7
  expected: 7
--------------------
Steps: 2
Fe RHS evals:
  actual:   13
  expected: 13
--------------------
Steps: 3
Fe RHS evals:
  actual:   19
  expected: 19
--------------------
Dense Output
Fe RHS evals:
  actual:   19
  expected: 19
--------------------
Steps: 4
Fe RHS evals:
  actual:   25
  expected: 25
--------------------

========================
ARKODE_ARK548L2SA_ERK_8_4_5
  stages:             8
  order:              5
  explicit 1st stage: 1
  stiffly accurate:   0
  first same as last: 0
========================
--------------------
Steps: 1
Fe RHS evals:
  actual:   8
  expected: 8
--------------------
Steps: 2
Fe RHS evals:
  actual:   16
  expected: 16
--------------------
Steps: 3
Fe RHS evals:
  actual:   24
  expected: 24
--------------------
Dense Output
Fe RHS evals:
  actual:   24
  expected: 24
--------------------
Steps: 4
Fe RHS evals:
  actual:   32
  expected: 32
--------------------

========================
ARKODE_VERNER_8_5_6
  stages:             8
  order:              6
  explicit 1st stage: 1
  stiffly accurate:   0
  first same as last: 0
========================
--------------------
Steps: 1
Fe RHS evals:
  actual:   8
  expected: 8
--------------------
Steps: 2
Fe RHS evals:
  actual:   16
  expected: 16
--------------------
Steps: 3
Fe RHS evals:
  actual:   24
  expected: 24
--------------------
Dense Output
Fe RHS evals:
  actual:   24
  expected: 24
--------------------
Steps: 4
Fe RHS evals:
  actual:   32
  expected: 32
--------------------

========================
ARKODE_FEHLBERG_13_7_8
  stages:             13
  order:              8
  explicit 1st stage: 1
  stiffly accurate:   0
  first same as last: 0
========================
--------------------
Steps: 1
Fe RHS evals:
  actual:   13
  expected: 13
--------------------
Steps: 2
Fe RHS evals:
  actual:   26
  expected: 26
--------------------
Steps: 3
Fe RHS evals:
  actual:   39
  expected: 39
--------------------
Dense Output
Fe RHS evals:
  actual:   39
  expected: 39
--------------------
Steps: 4
Fe RHS evals:
  actual:   52
  expected: 52
--------------------

========================
ARKODE_KNOTH_WOLKE_3_3
  stages:             3
  order:              3
  explicit 1st stage: 1
  stiffly accurate:   0
  first same as last: 0
========================
--------------------
Steps: 1
Fe RHS evals:
  actual:   3
  expected: 3
--------------------
Steps: 2
Fe RHS evals:
  actual:   6
  expected: 6
--------------------
Steps: 3
Fe RHS evals:
  actual:   9
  expected: 9
--------------------
Dense Output
Fe RHS evals:
  actual:   9
  expected: 9
--------------------
Steps: 4
Fe RHS evals:
  actual:   12
  expected: 12
--------------------

========================
ARKODE_ARK437L2SA_ERK_7_3_4
  stages:             7
  order:              4
  explicit 1st stage: 1
  stiffly accurate:   0
  first same as last: 0
========================
--------------------
Steps: 1
Fe RHS evals:
  actual:   7
  expected: 7
--------------------
Steps: 2
Fe RHS evals:
  actual:   14
  expected: 14
--------------------
Steps: 3
Fe RHS evals:
  actual:   21
  expected: 21
--------------------
Dense Output
Fe RHS evals:
  actual:   21
  expected: 21
--------------------
Steps: 4
Fe RHS evals:
  actual:   28
  expected: 28
--------------------

========================
ARKODE_ARK548L2SAb_ERK_8_4_5
  stages:             8
  order:              5
  explicit 1st stage: 1
  stiffly accurate:   0
  first same as last: 0
========================
--------------------
Steps: 1
Fe RHS evals:
  actual:   8
  expected: 8
--------------------
Steps: 2
Fe RHS evals:
  actual:   16
  expected: 16
--------------------
Steps: 3
Fe RHS evals:
  actual:   24
  expected: 24
--------------------
Dense Output
Fe RHS evals:
  actual:   24
  expected: 24
--------------------
Steps: 4
Fe RHS evals:
  actual:   32
  expected: 32
--------------------

========================
ARKODE_ARK2_ERK_3_1_2
  stages:             3
  order:              2
  explicit 1st stage: 1
  stiffly accurate:   0
  first same as last: 0
========================
--------------------
Steps: 1
Fe RHS evals:
  actual:   3
  expected: 3
--------------------
Steps: 2
Fe RHS evals:
  actual:   6
  expected: 6
--------------------
Steps: 3
Fe RHS evals:
  actual:   9
  expected: 9
--------------------
Dense Output
Fe RHS evals:
  actual:   9
  expected: 9
--------------------
Steps: 4
Fe RHS evals:
  actual:   12
  expected: 12
--------------------

========================
ARKODE_SOFRONIOU_SPALETTA_5_3_4
  stages:             5
  order:              4
  explicit 1st stage: 1
  stiffly accurate:   1
  first same as last: 1
========================
--------------------
Steps: 1
Fe RHS evals:
  actual:   5
  expected: 5
--------------------
Steps: 2
Fe RHS evals:
  actual:   9
  expected: 9
--------------------
Steps: 3
Fe RHS evals:
  actual:   13
  expected: 13
--------------------
Dense Output
Fe RHS evals:
  actual:   13
  expected: 13
--------------------
Steps: 4
Fe RHS evals:
  actual:   17
  expected: 17
--------------------

========================
ARKODE_SHU_OSHER_3_2_3
  stages:             3
  order:              3
  explicit 1st stage: 1
  stiffly accurate:   0
  first same as last: 0
========================
--------------------
Steps: 1
Fe RHS evals:
  actual:   3
  expected: 3
--------------------
Steps: 2
Fe RHS evals:
  actual:   6
  expected: 6
--------------------
Steps: 3
Fe RHS evals:
  actual:   9
  expected: 9
--------------------
Dense Output
Fe RHS evals:
  actual:   9
  expected: 9
--------------------
Steps: 4
Fe RHS evals:
  actual:   12
  expected: 12
--------------------

========================
ARKODE_VERNER_9_5_6
  stages:             9
  order:              6
  explicit 1st stage: 1
  stiffly accurate:   1
  first same as last: 1
========================
--------------------
Steps: 1
Fe RHS evals:
  actual:   9
  expected: 9
--------------------
Steps: 2
Fe RHS evals:
  actual:   17
  expected: 17
--------------------
Steps: 3
Fe RHS evals:
  actual:   25
  expected: 25
--------------------
Dense Output
Fe RHS evals:
  actual:   25
  expected: 25
--------------------
Steps: 4
Fe RHS evals:
  actual:   33
  expected: 33
--------------------

========================
ARKODE_VERNER_10_6_7
  stages:             10
  order:              7
  explicit 1st stage: 1
  stiffly accurate:   0
  first same as last: 0
========================
--------------------
Steps: 1
Fe RHS evals:
  actual:   10
  expected: 10
--------------------
Steps: 2
Fe RHS evals:
  actual:   20
  expected: 20
--------------------
Steps: 3
Fe RHS evals:
  actual:   30
  expected: 30
--------------------
Dense Output
Fe RHS evals:
  actual:   30
  expected: 30
--------------------
Steps: 4
Fe RHS evals:
  actual:   40
  expected: 40
--------------------

========================
ARKODE_VERNER_13_7_8
  stages:             13
  order:              8
  explicit 1st stage: 1
  stiffly accurate:   0
  first same as last: 0
========================
--------------------
Steps: 1
Fe RHS evals:
  actual:   13
  expected: 13
--------------------
Steps: 2
Fe RHS evals:
  actual:   26
  expected: 26
--------------------
Steps: 3
Fe RHS evals:
  actual:   39
  expected: 39
--------------------
Dense Output
Fe RHS evals:
  actual:   39
  expected: 39
--------------------
Steps: 4
Fe RHS evals:
  actual:   52
  expected: 52
--------------------

========================
ARKODE_VERNER_16_8_9
  stages:             16
  order:              9
  explicit 1st stage: 1
  stiffly accurate:   0
  first same as last: 0
========================
--------------------
Steps: 1
Fe RHS evals:
  actual:   16
  expected: 16
--------------------
Steps: 2
Fe RHS evals:
  actual:   32
  expected: 32
--------------------
Steps: 3
Fe RHS evals:
  actual:   48
  expected: 48
--------------------
Dense Output
Fe RHS evals:
  actual:   48
  expected: 48
--------------------
Steps: 4
Fe RHS evals:
  actual:   64
  expected: 64
--------------------

========================
ARKODE_FORWARD_EULER_1_1
  stages:             1
  order:              1
  explicit 1st stage: 1
  stiffly accurate:   0
  first same as last: 0
========================
--------------------
Steps: 1
Fe RHS evals:
  actual:   1
  expected: 1
--------------------
Steps: 2
Fe RHS evals:
  actual:   2
  expected: 2
--------------------
Steps: 3
Fe RHS evals:
  actual:   3
  expected: 3
--------------------
Dense Output
Fe RHS evals:
  actual:   3
  expected: 3
--------------------
Steps: 4
Fe RHS evals:
  actual:   4
  expected: 4
--------------------

========================
ARKODE_RALSTON_EULER_2_1_2
  stages:             2
  order:              2
  explicit 1st stage: 1
  stiffly accurate:   0
  first same as last: 0
========================
--------------------
Steps: 1
Fe RHS evals:
  actual:   2
  expected: 2
--------------------
Steps: 2
Fe RHS evals:
  actual:   4
  expected: 4
--------------------
Steps: 3
Fe RHS evals:
  actual:   6
  expected: 6
--------------------
Dense Output
Fe RHS evals:
  actual:   6
  expected: 6
--------------------
Steps: 4
Fe RHS evals:
  actual:   8
  expected: 8
--------------------

========================
ARKODE_EXPLICIT_MIDPOINT_EULER_2_1_2
  stages:             2
  order:              2
  explicit 1st stage: 1
  stiffly accurate:   0
  first same as last: 0
========================
--------------------
Steps: 1
Fe RHS evals:
  actual:   2
  expected: 2
--------------------
Steps: 2
Fe RHS evals:
  actual:   4
  expected: 4
--------------------
Steps: 3
Fe RHS evals:
  actual:   6
  expected: 6
--------------------
Dense Output
Fe RHS evals:
  actual:   6
  expected: 6
--------------------
Steps: 4
Fe RHS evals:
  actual:   8
  expected: 8
--------------------


All tests passed!
