
Accumulated error estimation test (stiff Brusselator ODE problem):
    time domain:  (0,10]
    partition size = 20
    initial conditions:  u0 = 1.2,  v0 = 3.1,  w0 = 3
    problem parameters:  a = 1,  b = 3.5,  ep = 0.0004
    DIRK solver, order = 5

Adaptive-step runs:
  rtol 0.01  rk_type 0  order 5  acc 1  t 0.5  dsm 7.48644e-05  dsm_est 3.4373e-05  nsteps 9
  rtol 0.01  rk_type 0  order 5  acc 1  t 1  dsm 0.000110257  dsm_est 2.23308e-06  nsteps 5
  rtol 0.01  rk_type 0  order 5  acc 1  t 1.5  dsm 0.00132404  dsm_est 2.08137e-06  nsteps 6
  rtol 0.01  rk_type 0  order 5  acc 1  t 2  dsm 0.00110273  dsm_est 6.3665e-07  nsteps 6
  rtol 0.01  rk_type 0  order 5  acc 1  t 2.5  dsm 6.10485e-05  dsm_est 1.85399e-07  nsteps 6
  rtol 0.01  rk_type 0  order 5  acc 1  t 3  dsm 0.000275174  dsm_est 6.46876e-07  nsteps 6
  rtol 0.01  rk_type 0  order 5  acc 1  t 3.5  dsm 0.00032811  dsm_est 1.68426e-06  nsteps 6
  rtol 0.01  rk_type 0  order 5  acc 1  t 4  dsm 7.35974e-05  dsm_est 4.88814e-07  nsteps 6
  rtol 0.01  rk_type 0  order 5  acc 1  t 4.5  dsm 0.000394423  dsm_est 1.74045e-06  nsteps 6
  rtol 0.01  rk_type 0  order 5  acc 1  t 5  dsm 4.44693e-05  dsm_est 4.77027e-07  nsteps 6
  rtol 0.01  rk_type 0  order 5  acc 1  t 5.5  dsm 0.000153383  dsm_est 6.89334e-07  nsteps 5
  rtol 0.01  rk_type 0  order 5  acc 1  t 6  dsm 0.00039377  dsm_est 3.77896e-06  nsteps 6
  rtol 0.01  rk_type 0  order 5  acc 1  t 6.5  dsm 0.000506258  dsm_est 1.01998e-06  nsteps 6
  rtol 0.01  rk_type 0  order 5  acc 1  t 7  dsm 0.00148699  dsm_est 4.63864e-05  nsteps 12
  rtol 0.01  rk_type 0  order 5  acc 1  t 7.5  dsm 0.000435975  dsm_est 0.000225656  nsteps 4
  rtol 0.01  rk_type 0  order 5  acc 1  t 8  dsm 0.000824606  dsm_est 1.36787e-05  nsteps 7
  rtol 0.01  rk_type 0  order 5  acc 1  t 8.5  dsm 0.00100819  dsm_est 1.09309e-05  nsteps 6
  rtol 0.01  rk_type 0  order 5  acc 1  t 9  dsm 0.00058073  dsm_est 4.52926e-06  nsteps 6
  rtol 0.01  rk_type 0  order 5  acc 1  t 9.5  dsm 6.70214e-05  dsm_est 2.50118e-06  nsteps 6
  rtol 0.01  rk_type 0  order 5  acc 1  t 10  dsm 0.000490488  dsm_est 4.64334e-06  nsteps 6
  rtol 0.01  rk_type 0  order 5  acc 2  t 0.5  dsm 7.48644e-05  dsm_est 5.4592e-05  nsteps 9
  rtol 0.01  rk_type 0  order 5  acc 2  t 1  dsm 0.000110257  dsm_est 2.23312e-06  nsteps 5
  rtol 0.01  rk_type 0  order 5  acc 2  t 1.5  dsm 0.00132404  dsm_est 2.37777e-06  nsteps 6
  rtol 0.01  rk_type 0  order 5  acc 2  t 2  dsm 0.00110273  dsm_est 8.17396e-07  nsteps 6
  rtol 0.01  rk_type 0  order 5  acc 2  t 2.5  dsm 6.10485e-05  dsm_est 3.28054e-07  nsteps 6
  rtol 0.01  rk_type 0  order 5  acc 2  t 3  dsm 0.000275174  dsm_est 6.76339e-07  nsteps 6
  rtol 0.01  rk_type 0  order 5  acc 2  t 3.5  dsm 0.00032811  dsm_est 1.69526e-06  nsteps 6
  rtol 0.01  rk_type 0  order 5  acc 2  t 4  dsm 7.35974e-05  dsm_est 4.93897e-07  nsteps 6
  rtol 0.01  rk_type 0  order 5  acc 2  t 4.5  dsm 0.000394423  dsm_est 1.74465e-06  nsteps 6
  rtol 0.01  rk_type 0  order 5  acc 2  t 5  dsm 4.44693e-05  dsm_est 4.91596e-07  nsteps 6
  rtol 0.01  rk_type 0  order 5  acc 2  t 5.5  dsm 0.000153383  dsm_est 6.90221e-07  nsteps 5
  rtol 0.01  rk_type 0  order 5  acc 2  t 6  dsm 0.00039377  dsm_est 4.6301e-06  nsteps 6
  rtol 0.01  rk_type 0  order 5  acc 2  t 6.5  dsm 0.000506258  dsm_est 1.7875e-06  nsteps 6
  rtol 0.01  rk_type 0  order 5  acc 2  t 7  dsm 0.00148699  dsm_est 7.28369e-05  nsteps 12
  rtol 0.01  rk_type 0  order 5  acc 2  t 7.5  dsm 0.000435975  dsm_est 0.000234031  nsteps 4
  rtol 0.01  rk_type 0  order 5  acc 2  t 8  dsm 0.000824606  dsm_est 2.56036e-05  nsteps 7
  rtol 0.01  rk_type 0  order 5  acc 2  t 8.5  dsm 0.00100819  dsm_est 1.09812e-05  nsteps 6
  rtol 0.01  rk_type 0  order 5  acc 2  t 9  dsm 0.00058073  dsm_est 4.93642e-06  nsteps 6
  rtol 0.01  rk_type 0  order 5  acc 2  t 9.5  dsm 6.70214e-05  dsm_est 2.55332e-06  nsteps 6
  rtol 0.01  rk_type 0  order 5  acc 2  t 10  dsm 0.000490488  dsm_est 4.66143e-06  nsteps 6
  rtol 0.01  rk_type 0  order 5  acc 3  t 0.5  dsm 7.48644e-05  dsm_est 8.43563e-06  nsteps 9
  rtol 0.01  rk_type 0  order 5  acc 3  t 1  dsm 0.000110257  dsm_est 1.92448e-06  nsteps 5
  rtol 0.01  rk_type 0  order 5  acc 3  t 1.5  dsm 0.00132404  dsm_est 1.36392e-06  nsteps 6
  rtol 0.01  rk_type 0  order 5  acc 3  t 2  dsm 0.00110273  dsm_est 3.97765e-07  nsteps 6
  rtol 0.01  rk_type 0  order 5  acc 3  t 2.5  dsm 6.10485e-05  dsm_est 1.42453e-07  nsteps 6
  rtol 0.01  rk_type 0  order 5  acc 3  t 3  dsm 0.000275174  dsm_est 3.75126e-07  nsteps 6
  rtol 0.01  rk_type 0  order 5  acc 3  t 3.5  dsm 0.00032811  dsm_est 1.23035e-06  nsteps 6
  rtol 0.01  rk_type 0  order 5  acc 3  t 4  dsm 7.35974e-05  dsm_est 3.49622e-07  nsteps 6
  rtol 0.01  rk_type 0  order 5  acc 3  t 4.5  dsm 0.000394423  dsm_est 1.33208e-06  nsteps 6
  rtol 0.01  rk_type 0  order 5  acc 3  t 5  dsm 4.44693e-05  dsm_est 3.3167e-07  nsteps 6
  rtol 0.01  rk_type 0  order 5  acc 3  t 5.5  dsm 0.000153383  dsm_est 5.43622e-07  nsteps 5
  rtol 0.01  rk_type 0  order 5  acc 3  t 6  dsm 0.00039377  dsm_est 1.51647e-06  nsteps 6
  rtol 0.01  rk_type 0  order 5  acc 3  t 6.5  dsm 0.000506258  dsm_est 6.62913e-07  nsteps 6
  rtol 0.01  rk_type 0  order 5  acc 3  t 7  dsm 0.00148699  dsm_est 1.33552e-05  nsteps 12
  rtol 0.01  rk_type 0  order 5  acc 3  t 7.5  dsm 0.000435975  dsm_est 0.000128373  nsteps 4
  rtol 0.01  rk_type 0  order 5  acc 3  t 8  dsm 0.000824606  dsm_est 9.87403e-06  nsteps 7
  rtol 0.01  rk_type 0  order 5  acc 3  t 8.5  dsm 0.00100819  dsm_est 5.15624e-06  nsteps 6
  rtol 0.01  rk_type 0  order 5  acc 3  t 9  dsm 0.00058073  dsm_est 2.61771e-06  nsteps 6
  rtol 0.01  rk_type 0  order 5  acc 3  t 9.5  dsm 6.70214e-05  dsm_est 1.42911e-06  nsteps 6
  rtol 0.01  rk_type 0  order 5  acc 3  t 10  dsm 0.000490488  dsm_est 3.46267e-06  nsteps 6
  rtol 0.0001  rk_type 0  order 5  acc 1  t 0.5  dsm 1.9124e-05  dsm_est 4.10549e-06  nsteps 13
  rtol 0.0001  rk_type 0  order 5  acc 1  t 1  dsm 1.46639e-06  dsm_est 2.99051e-08  nsteps 3
  rtol 0.0001  rk_type 0  order 5  acc 1  t 1.5  dsm 1.49779e-06  dsm_est 2.8794e-08  nsteps 3
  rtol 0.0001  rk_type 0  order 5  acc 1  t 2  dsm 2.48711e-06  dsm_est 5.23997e-08  nsteps 3
  rtol 0.0001  rk_type 0  order 5  acc 1  t 2.5  dsm 8.68487e-07  dsm_est 8.11031e-09  nsteps 3
  rtol 0.0001  rk_type 0  order 5  acc 1  t 3  dsm 4.6854e-06  dsm_est 3.54429e-08  nsteps 4
  rtol 0.0001  rk_type 0  order 5  acc 1  t 3.5  dsm 4.86491e-06  dsm_est 1.27286e-08  nsteps 4
  rtol 0.0001  rk_type 0  order 5  acc 1  t 4  dsm 9.38226e-06  dsm_est 6.18062e-10  nsteps 3
  rtol 0.0001  rk_type 0  order 5  acc 1  t 4.5  dsm 3.64804e-06  dsm_est 5.92484e-10  nsteps 3
  rtol 0.0001  rk_type 0  order 5  acc 1  t 5  dsm 1.20837e-06  dsm_est 1.11283e-08  nsteps 3
  rtol 0.0001  rk_type 0  order 5  acc 1  t 5.5  dsm 1.96373e-05  dsm_est 1.16786e-08  nsteps 3
  rtol 0.0001  rk_type 0  order 5  acc 1  t 6  dsm 6.78601e-06  dsm_est 5.56249e-08  nsteps 4
  rtol 0.0001  rk_type 0  order 5  acc 1  t 6.5  dsm 3.28653e-05  dsm_est 5.49255e-08  nsteps 8
  rtol 0.0001  rk_type 0  order 5  acc 1  t 7  dsm 1.0851e-05  dsm_est 2.95421e-06  nsteps 17
  rtol 0.0001  rk_type 0  order 5  acc 1  t 7.5  dsm 8.11463e-06  dsm_est 7.59043e-08  nsteps 13
  rtol 0.0001  rk_type 0  order 5  acc 1  t 8  dsm 1.12113e-05  dsm_est 6.59216e-08  nsteps 7
  rtol 0.0001  rk_type 0  order 5  acc 1  t 8.5  dsm 7.59151e-06  dsm_est 8.65901e-08  nsteps 5
  rtol 0.0001  rk_type 0  order 5  acc 1  t 9  dsm 1.10466e-05  dsm_est 2.02617e-08  nsteps 4
  rtol 0.0001  rk_type 0  order 5  acc 1  t 9.5  dsm 1.12334e-05  dsm_est 1.10517e-07  nsteps 4
  rtol 0.0001  rk_type 0  order 5  acc 1  t 10  dsm 9.05222e-07  dsm_est 1.64841e-08  nsteps 4
  rtol 0.0001  rk_type 0  order 5  acc 2  t 0.5  dsm 1.9124e-05  dsm_est 5.71969e-06  nsteps 13
  rtol 0.0001  rk_type 0  order 5  acc 2  t 1  dsm 1.46639e-06  dsm_est 2.99989e-08  nsteps 3
  rtol 0.0001  rk_type 0  order 5  acc 2  t 1.5  dsm 1.49779e-06  dsm_est 2.89735e-08  nsteps 3
  rtol 0.0001  rk_type 0  order 5  acc 2  t 2  dsm 2.48711e-06  dsm_est 5.35748e-08  nsteps 3
  rtol 0.0001  rk_type 0  order 5  acc 2  t 2.5  dsm 8.68487e-07  dsm_est 1.05987e-08  nsteps 3
  rtol 0.0001  rk_type 0  order 5  acc 2  t 3  dsm 4.6854e-06  dsm_est 3.58967e-08  nsteps 4
  rtol 0.0001  rk_type 0  order 5  acc 2  t 3.5  dsm 4.86491e-06  dsm_est 1.53193e-08  nsteps 4
  rtol 0.0001  rk_type 0  order 5  acc 2  t 4  dsm 9.38226e-06  dsm_est 1.14771e-09  nsteps 3
  rtol 0.0001  rk_type 0  order 5  acc 2  t 4.5  dsm 3.64804e-06  dsm_est 8.14332e-10  nsteps 3
  rtol 0.0001  rk_type 0  order 5  acc 2  t 5  dsm 1.20837e-06  dsm_est 1.18132e-08  nsteps 3
  rtol 0.0001  rk_type 0  order 5  acc 2  t 5.5  dsm 1.96373e-05  dsm_est 1.51402e-08  nsteps 3
  rtol 0.0001  rk_type 0  order 5  acc 2  t 6  dsm 6.78601e-06  dsm_est 8.14402e-08  nsteps 4
  rtol 0.0001  rk_type 0  order 5  acc 2  t 6.5  dsm 3.28653e-05  dsm_est 1.13828e-07  nsteps 8
  rtol 0.0001  rk_type 0  order 5  acc 2  t 7  dsm 1.0851e-05  dsm_est 4.33597e-06  nsteps 17
  rtol 0.0001  rk_type 0  order 5  acc 2  t 7.5  dsm 8.11463e-06  dsm_est 2.04239e-07  nsteps 13
  rtol 0.0001  rk_type 0  order 5  acc 2  t 8  dsm 1.12113e-05  dsm_est 6.62221e-08  nsteps 7
  rtol 0.0001  rk_type 0  order 5  acc 2  t 8.5  dsm 7.59151e-06  dsm_est 8.67008e-08  nsteps 5
  rtol 0.0001  rk_type 0  order 5  acc 2  t 9  dsm 1.10466e-05  dsm_est 3.06823e-08  nsteps 4
  rtol 0.0001  rk_type 0  order 5  acc 2  t 9.5  dsm 1.12334e-05  dsm_est 1.36785e-07  nsteps 4
  rtol 0.0001  rk_type 0  order 5  acc 2  t 10  dsm 9.05222e-07  dsm_est 3.2806e-08  nsteps 4
  rtol 0.0001  rk_type 0  order 5  acc 3  t 0.5  dsm 1.9124e-05  dsm_est 8.037e-08  nsteps 13
  rtol 0.0001  rk_type 0  order 5  acc 3  t 1  dsm 1.46639e-06  dsm_est 1.96624e-08  nsteps 3
  rtol 0.0001  rk_type 0  order 5  acc 3  t 1.5  dsm 1.49779e-06  dsm_est 1.97143e-08  nsteps 3
  rtol 0.0001  rk_type 0  order 5  acc 3  t 2  dsm 2.48711e-06  dsm_est 3.32323e-08  nsteps 3
  rtol 0.0001  rk_type 0  order 5  acc 3  t 2.5  dsm 8.68487e-07  dsm_est 5.8804e-09  nsteps 3
  rtol 0.0001  rk_type 0  order 5  acc 3  t 3  dsm 4.6854e-06  dsm_est 2.06494e-08  nsteps 4
  rtol 0.0001  rk_type 0  order 5  acc 3  t 3.5  dsm 4.86491e-06  dsm_est 7.91268e-09  nsteps 4
  rtol 0.0001  rk_type 0  order 5  acc 3  t 4  dsm 9.38226e-06  dsm_est 5.58758e-10  nsteps 3
  rtol 0.0001  rk_type 0  order 5  acc 3  t 4.5  dsm 3.64804e-06  dsm_est 4.12749e-10  nsteps 3
  rtol 0.0001  rk_type 0  order 5  acc 3  t 5  dsm 1.20837e-06  dsm_est 6.31634e-09  nsteps 3
  rtol 0.0001  rk_type 0  order 5  acc 3  t 5.5  dsm 1.96373e-05  dsm_est 7.63049e-09  nsteps 3
  rtol 0.0001  rk_type 0  order 5  acc 3  t 6  dsm 6.78601e-06  dsm_est 3.45501e-08  nsteps 4
  rtol 0.0001  rk_type 0  order 5  acc 3  t 6.5  dsm 3.28653e-05  dsm_est 2.5131e-08  nsteps 8
  rtol 0.0001  rk_type 0  order 5  acc 3  t 7  dsm 1.0851e-05  dsm_est 4.68539e-07  nsteps 17
  rtol 0.0001  rk_type 0  order 5  acc 3  t 7.5  dsm 8.11463e-06  dsm_est 1.75019e-08  nsteps 13
  rtol 0.0001  rk_type 0  order 5  acc 3  t 8  dsm 1.12113e-05  dsm_est 2.06416e-08  nsteps 7
  rtol 0.0001  rk_type 0  order 5  acc 3  t 8.5  dsm 7.59151e-06  dsm_est 4.50463e-08  nsteps 5
  rtol 0.0001  rk_type 0  order 5  acc 3  t 9  dsm 1.10466e-05  dsm_est 1.18403e-08  nsteps 4
  rtol 0.0001  rk_type 0  order 5  acc 3  t 9.5  dsm 1.12334e-05  dsm_est 6.19359e-08  nsteps 4
  rtol 0.0001  rk_type 0  order 5  acc 3  t 10  dsm 9.05222e-07  dsm_est 1.24356e-08  nsteps 4
  rtol 1e-06  rk_type 0  order 5  acc 1  t 0.5  dsm 1.88136e-07  dsm_est 1.26411e-07  nsteps 20
  rtol 1e-06  rk_type 0  order 5  acc 1  t 1  dsm 3.6815e-08  dsm_est 2.79712e-09  nsteps 5
  rtol 1e-06  rk_type 0  order 5  acc 1  t 1.5  dsm 3.46973e-08  dsm_est 3.51635e-09  nsteps 7
  rtol 1e-06  rk_type 0  order 5  acc 1  t 2  dsm 2.15722e-07  dsm_est 6.11647e-09  nsteps 7
  rtol 1e-06  rk_type 0  order 5  acc 1  t 2.5  dsm 9.55646e-08  dsm_est 1.88588e-09  nsteps 7
  rtol 1e-06  rk_type 0  order 5  acc 1  t 3  dsm 1.61192e-07  dsm_est 1.2608e-08  nsteps 5
  rtol 1e-06  rk_type 0  order 5  acc 1  t 3.5  dsm 4.89781e-08  dsm_est 3.86937e-09  nsteps 5
  rtol 1e-06  rk_type 0  order 5  acc 1  t 4  dsm 2.89671e-09  dsm_est 1.89611e-10  nsteps 5
  rtol 1e-06  rk_type 0  order 5  acc 1  t 4.5  dsm 1.33856e-07  dsm_est 1.34787e-10  nsteps 4
  rtol 1e-06  rk_type 0  order 5  acc 1  t 5  dsm 1.14768e-07  dsm_est 3.89832e-09  nsteps 5
  rtol 1e-06  rk_type 0  order 5  acc 1  t 5.5  dsm 3.35877e-07  dsm_est 5.30354e-09  nsteps 7
  rtol 1e-06  rk_type 0  order 5  acc 1  t 6  dsm 3.66079e-07  dsm_est 3.68188e-09  nsteps 9
  rtol 1e-06  rk_type 0  order 5  acc 1  t 6.5  dsm 1.18284e-06  dsm_est 5.36543e-09  nsteps 13
  rtol 1e-06  rk_type 0  order 5  acc 1  t 7  dsm 6.15151e-07  dsm_est 1.3137e-07  nsteps 32
  rtol 1e-06  rk_type 0  order 5  acc 1  t 7.5  dsm 7.6586e-08  dsm_est 5.37386e-09  nsteps 17
  rtol 1e-06  rk_type 0  order 5  acc 1  t 8  dsm 4.14322e-07  dsm_est 7.83969e-10  nsteps 13
  rtol 1e-06  rk_type 0  order 5  acc 1  t 8.5  dsm 2.50606e-07  dsm_est 1.87037e-08  nsteps 9
  rtol 1e-06  rk_type 0  order 5  acc 1  t 9  dsm 1.33343e-07  dsm_est 8.70204e-09  nsteps 7
  rtol 1e-06  rk_type 0  order 5  acc 1  t 9.5  dsm 1.44237e-07  dsm_est 1.59014e-08  nsteps 6
  rtol 1e-06  rk_type 0  order 5  acc 1  t 10  dsm 1.34853e-07  dsm_est 2.74315e-08  nsteps 6
  rtol 1e-06  rk_type 0  order 5  acc 2  t 0.5  dsm 1.88136e-07  dsm_est 3.10757e-07  nsteps 20
  rtol 1e-06  rk_type 0  order 5  acc 2  t 1  dsm 3.6815e-08  dsm_est 2.85172e-09  nsteps 5
  rtol 1e-06  rk_type 0  order 5  acc 2  t 1.5  dsm 3.46973e-08  dsm_est 3.53495e-09  nsteps 7
  rtol 1e-06  rk_type 0  order 5  acc 2  t 2  dsm 2.15722e-07  dsm_est 6.21173e-09  nsteps 7
  rtol 1e-06  rk_type 0  order 5  acc 2  t 2.5  dsm 9.55646e-08  dsm_est 1.95849e-09  nsteps 7
  rtol 1e-06  rk_type 0  order 5  acc 2  t 3  dsm 1.61192e-07  dsm_est 1.42375e-08  nsteps 5
  rtol 1e-06  rk_type 0  order 5  acc 2  t 3.5  dsm 4.89781e-08  dsm_est 5.44995e-09  nsteps 5
  rtol 1e-06  rk_type 0  order 5  acc 2  t 4  dsm 2.89671e-09  dsm_est 2.05845e-10  nsteps 5
  rtol 1e-06  rk_type 0  order 5  acc 2  t 4.5  dsm 1.33856e-07  dsm_est 1.4524e-10  nsteps 4
  rtol 1e-06  rk_type 0  order 5  acc 2  t 5  dsm 1.14768e-07  dsm_est 3.97399e-09  nsteps 5
  rtol 1e-06  rk_type 0  order 5  acc 2  t 5.5  dsm 3.35877e-07  dsm_est 5.39098e-09  nsteps 7
  rtol 1e-06  rk_type 0  order 5  acc 2  t 6  dsm 3.66079e-07  dsm_est 4.54425e-09  nsteps 9
  rtol 1e-06  rk_type 0  order 5  acc 2  t 6.5  dsm 1.18284e-06  dsm_est 1.43453e-08  nsteps 13
  rtol 1e-06  rk_type 0  order 5  acc 2  t 7  dsm 6.15151e-07  dsm_est 3.71172e-07  nsteps 32
  rtol 1e-06  rk_type 0  order 5  acc 2  t 7.5  dsm 7.6586e-08  dsm_est 1.05078e-08  nsteps 17
  rtol 1e-06  rk_type 0  order 5  acc 2  t 8  dsm 4.14322e-07  dsm_est 1.80819e-09  nsteps 13
  rtol 1e-06  rk_type 0  order 5  acc 2  t 8.5  dsm 2.50606e-07  dsm_est 1.87833e-08  nsteps 9
  rtol 1e-06  rk_type 0  order 5  acc 2  t 9  dsm 1.33343e-07  dsm_est 1.22048e-08  nsteps 7
  rtol 1e-06  rk_type 0  order 5  acc 2  t 9.5  dsm 1.44237e-07  dsm_est 3.40516e-08  nsteps 6
  rtol 1e-06  rk_type 0  order 5  acc 2  t 10  dsm 1.34853e-07  dsm_est 3.35247e-08  nsteps 6
  rtol 1e-06  rk_type 0  order 5  acc 3  t 0.5  dsm 1.88136e-07  dsm_est 1.26851e-08  nsteps 20
  rtol 1e-06  rk_type 0  order 5  acc 3  t 1  dsm 3.6815e-08  dsm_est 1.6608e-09  nsteps 5
  rtol 1e-06  rk_type 0  order 5  acc 3  t 1.5  dsm 3.46973e-08  dsm_est 1.70095e-09  nsteps 7
  rtol 1e-06  rk_type 0  order 5  acc 3  t 2  dsm 2.15722e-07  dsm_est 2.55077e-09  nsteps 7
  rtol 1e-06  rk_type 0  order 5  acc 3  t 2.5  dsm 9.55646e-08  dsm_est 8.55183e-10  nsteps 7
  rtol 1e-06  rk_type 0  order 5  acc 3  t 3  dsm 1.61192e-07  dsm_est 6.55528e-09  nsteps 5
  rtol 1e-06  rk_type 0  order 5  acc 3  t 3.5  dsm 4.89781e-08  dsm_est 2.24419e-09  nsteps 5
  rtol 1e-06  rk_type 0  order 5  acc 3  t 4  dsm 2.89671e-09  dsm_est 1.14512e-10  nsteps 5
  rtol 1e-06  rk_type 0  order 5  acc 3  t 4.5  dsm 1.33856e-07  dsm_est 9.42445e-11  nsteps 4
  rtol 1e-06  rk_type 0  order 5  acc 3  t 5  dsm 1.14768e-07  dsm_est 2.14148e-09  nsteps 5
  rtol 1e-06  rk_type 0  order 5  acc 3  t 5.5  dsm 3.35877e-07  dsm_est 2.26456e-09  nsteps 7
  rtol 1e-06  rk_type 0  order 5  acc 3  t 6  dsm 3.66079e-07  dsm_est 1.25374e-09  nsteps 9
  rtol 1e-06  rk_type 0  order 5  acc 3  t 6.5  dsm 1.18284e-06  dsm_est 2.39129e-09  nsteps 13
  rtol 1e-06  rk_type 0  order 5  acc 3  t 7  dsm 6.15151e-07  dsm_est 2.56642e-08  nsteps 32
  rtol 1e-06  rk_type 0  order 5  acc 3  t 7.5  dsm 7.6586e-08  dsm_est 1.02588e-09  nsteps 17
  rtol 1e-06  rk_type 0  order 5  acc 3  t 8  dsm 4.14322e-07  dsm_est 2.56944e-10  nsteps 13
  rtol 1e-06  rk_type 0  order 5  acc 3  t 8.5  dsm 2.50606e-07  dsm_est 7.50375e-09  nsteps 9
  rtol 1e-06  rk_type 0  order 5  acc 3  t 9  dsm 1.33343e-07  dsm_est 3.79527e-09  nsteps 7
  rtol 1e-06  rk_type 0  order 5  acc 3  t 9.5  dsm 1.44237e-07  dsm_est 1.06042e-08  nsteps 6
  rtol 1e-06  rk_type 0  order 5  acc 3  t 10  dsm 1.34853e-07  dsm_est 1.51614e-08  nsteps 6
