
Slow error estimation test (stiff Brusselator ODE problem):
    time domain:  (0,10]
    partition size = 20
    initial conditions:  u0 = 1.2,  v0 = 3.1,  w0 = 3
    problem parameters:  a = 1,  b = 3.5,  ep = 0.0004
    MRI method: ARKODE_MRI_GARK_ERK33a (explicit)
  H 0.025  method ARKODE_MRI_GARK_ERK33a  t 0.025  dsm 3.18615e+13  dsm_est 2.87651e+09
  H 0.025  method ARKODE_MRI_GARK_ERK33a  t 0.525  dsm 837.406  dsm_est 1222.98
  H 0.025  method ARKODE_MRI_GARK_ERK33a  t 1.025  dsm 2348.79  dsm_est 726.699
  H 0.025  method ARKODE_MRI_GARK_ERK33a  t 1.525  dsm 7973.51  dsm_est 2607.8
  H 0.025  method ARKODE_MRI_GARK_ERK33a  t 2.025  dsm 9623.78  dsm_est 2984.3
  H 0.025  method ARKODE_MRI_GARK_ERK33a  t 2.525  dsm 8578.19  dsm_est 2152.09
  H 0.025  method ARKODE_MRI_GARK_ERK33a  t 3.025  dsm 1758.42  dsm_est 2231.61
  H 0.025  method ARKODE_MRI_GARK_ERK33a  t 3.525  dsm 6231.49  dsm_est 2031.06
  H 0.025  method ARKODE_MRI_GARK_ERK33a  t 4.025  dsm 581.953  dsm_est 611.637
  H 0.025  method ARKODE_MRI_GARK_ERK33a  t 4.525  dsm 18745.1  dsm_est 4370.47
  H 0.025  method ARKODE_MRI_GARK_ERK33a  t 5.025  dsm 1260.35  dsm_est 475.824
  H 0.025  method ARKODE_MRI_GARK_ERK33a  t 5.525  dsm 883.239  dsm_est 2069.94
  H 0.025  method ARKODE_MRI_GARK_ERK33a  t 6.025  dsm 1948.31  dsm_est 14304.8
  H 0.025  method ARKODE_MRI_GARK_ERK33a  t 6.525  dsm 61433.5  dsm_est 330405
  H 0.025  method ARKODE_MRI_GARK_ERK33a  t 7.025  dsm 742189  dsm_est 1.51629e+06
  H 0.025  method ARKODE_MRI_GARK_ERK33a  t 7.525  dsm 9668.21  dsm_est 19961.4
  H 0.025  method ARKODE_MRI_GARK_ERK33a  t 8.025  dsm 893.005  dsm_est 6498.9
  H 0.025  method ARKODE_MRI_GARK_ERK33a  t 8.525  dsm 844.884  dsm_est 2277.18
  H 0.025  method ARKODE_MRI_GARK_ERK33a  t 9.025  dsm 810.509  dsm_est 10912.2
  H 0.025  method ARKODE_MRI_GARK_ERK33a  t 9.525  dsm 1454.42  dsm_est 10680.6
  H 0.00625  method ARKODE_MRI_GARK_ERK33a  t 0.00625  dsm 4.33933e+11  dsm_est 1.53179e+09
  H 0.00625  method ARKODE_MRI_GARK_ERK33a  t 0.50625  dsm 12.1853  dsm_est 19.2231
  H 0.00625  method ARKODE_MRI_GARK_ERK33a  t 1.00625  dsm 32.4451  dsm_est 11.3701
  H 0.00625  method ARKODE_MRI_GARK_ERK33a  t 1.50625  dsm 109.586  dsm_est 40.659
  H 0.00625  method ARKODE_MRI_GARK_ERK33a  t 2.00625  dsm 131.993  dsm_est 46.7335
  H 0.00625  method ARKODE_MRI_GARK_ERK33a  t 2.50625  dsm 117.719  dsm_est 33.46
  H 0.00625  method ARKODE_MRI_GARK_ERK33a  t 3.00625  dsm 24.1579  dsm_est 34.5477
  H 0.00625  method ARKODE_MRI_GARK_ERK33a  t 3.50625  dsm 85.0006  dsm_est 31.747
  H 0.00625  method ARKODE_MRI_GARK_ERK33a  t 4.00625  dsm 7.95919  dsm_est 9.62849
  H 0.00625  method ARKODE_MRI_GARK_ERK33a  t 4.50625  dsm 255.567  dsm_est 68.3015
  H 0.00625  method ARKODE_MRI_GARK_ERK33a  t 5.00625  dsm 17.322  dsm_est 7.33608
  H 0.00625  method ARKODE_MRI_GARK_ERK33a  t 5.50625  dsm 12.3537  dsm_est 31.9016
  H 0.00625  method ARKODE_MRI_GARK_ERK33a  t 6.00625  dsm 25.1474  dsm_est 221.476
  H 0.00625  method ARKODE_MRI_GARK_ERK33a  t 6.50625  dsm 230.645  dsm_est 5222.75
  H 0.00625  method ARKODE_MRI_GARK_ERK33a  t 7.00625  dsm 3236.88  dsm_est 24290.4
  H 0.00625  method ARKODE_MRI_GARK_ERK33a  t 7.50625  dsm 116.715  dsm_est 305.487
  H 0.00625  method ARKODE_MRI_GARK_ERK33a  t 8.00625  dsm 11.908  dsm_est 101.68
  H 0.00625  method ARKODE_MRI_GARK_ERK33a  t 8.50625  dsm 13.9795  dsm_est 36.3543
  H 0.00625  method ARKODE_MRI_GARK_ERK33a  t 9.00625  dsm 10.4298  dsm_est 164.536
  H 0.00625  method ARKODE_MRI_GARK_ERK33a  t 9.50625  dsm 18.0339  dsm_est 165.001
  H 0.0015625  method ARKODE_MRI_GARK_ERK33a  t 0.0015625  dsm 4.30937e+09  dsm_est 1.04109e+09
  H 0.0015625  method ARKODE_MRI_GARK_ERK33a  t 0.501563  dsm 0.124019  dsm_est 0.300808
  H 0.0015625  method ARKODE_MRI_GARK_ERK33a  t 1.00156  dsm 0.4016  dsm_est 0.177725
  H 0.0015625  method ARKODE_MRI_GARK_ERK33a  t 1.50156  dsm 1.08417  dsm_est 0.634969
  H 0.0015625  method ARKODE_MRI_GARK_ERK33a  t 2.00156  dsm 1.63593  dsm_est 0.730609
  H 0.0015625  method ARKODE_MRI_GARK_ERK33a  t 2.50156  dsm 1.21684  dsm_est 0.522198
  H 0.0015625  method ARKODE_MRI_GARK_ERK33a  t 3.00156  dsm 0.297567  dsm_est 0.53854
  H 0.0015625  method ARKODE_MRI_GARK_ERK33a  t 3.50156  dsm 0.843901  dsm_est 0.496086
  H 0.0015625  method ARKODE_MRI_GARK_ERK33a  t 4.00156  dsm 0.0984505  dsm_est 0.150722
  H 0.0015625  method ARKODE_MRI_GARK_ERK33a  t 4.50156  dsm 3.172  dsm_est 1.06726
  H 0.0015625  method ARKODE_MRI_GARK_ERK33a  t 5.00156  dsm 0.177227  dsm_est 0.114246
  H 0.0015625  method ARKODE_MRI_GARK_ERK33a  t 5.50156  dsm 0.153004  dsm_est 0.496739
  H 0.0015625  method ARKODE_MRI_GARK_ERK33a  t 6.00156  dsm 0.2503  dsm_est 3.45242
  H 0.0015625  method ARKODE_MRI_GARK_ERK33a  t 6.50156  dsm 0.94962  dsm_est 81.8018
  H 0.0015625  method ARKODE_MRI_GARK_ERK33a  t 7.00156  dsm 12.9921  dsm_est 381.512
  H 0.0015625  method ARKODE_MRI_GARK_ERK33a  t 7.50156  dsm 1.43794  dsm_est 4.74552
  H 0.0015625  method ARKODE_MRI_GARK_ERK33a  t 8.00156  dsm 0.120488  dsm_est 1.58917
  H 0.0015625  method ARKODE_MRI_GARK_ERK33a  t 8.50156  dsm 0.179682  dsm_est 0.571046
  H 0.0015625  method ARKODE_MRI_GARK_ERK33a  t 9.00156  dsm 0.118533  dsm_est 2.54788
  H 0.0015625  method ARKODE_MRI_GARK_ERK33a  t 9.50156  dsm 0.220342  dsm_est 2.57065
  H 0.000390625  method ARKODE_MRI_GARK_ERK33a  t 0.000390625  dsm 2.73843e+07  dsm_est 2.97866e+07
  H 0.000390625  method ARKODE_MRI_GARK_ERK33a  t 0.500391  dsm 0.00068624  dsm_est 0.00470174
  H 0.000390625  method ARKODE_MRI_GARK_ERK33a  t 1.00039  dsm 0.00193295  dsm_est 0.00277739
  H 0.000390625  method ARKODE_MRI_GARK_ERK33a  t 1.50039  dsm 0.00652841  dsm_est 0.00992044
  H 0.000390625  method ARKODE_MRI_GARK_ERK33a  t 2.00039  dsm 0.007873  dsm_est 0.0114169
  H 0.000390625  method ARKODE_MRI_GARK_ERK33a  t 2.50039  dsm 0.00699861  dsm_est 0.00815712
  H 0.000390625  method ARKODE_MRI_GARK_ERK33a  t 3.00039  dsm 0.00143196  dsm_est 0.00840977
  H 0.000390625  method ARKODE_MRI_GARK_ERK33a  t 3.50039  dsm 0.00507095  dsm_est 0.00775185
  H 0.000390625  method ARKODE_MRI_GARK_ERK33a  t 4.00039  dsm 0.000473415  dsm_est 0.00235627
  H 0.000390625  method ARKODE_MRI_GARK_ERK33a  t 4.50039  dsm 0.0152604  dsm_est 0.0166753
  H 0.000390625  method ARKODE_MRI_GARK_ERK33a  t 5.00039  dsm 0.00103306  dsm_est 0.00178339
  H 0.000390625  method ARKODE_MRI_GARK_ERK33a  t 5.50039  dsm 0.000737914  dsm_est 0.00775519
  H 0.000390625  method ARKODE_MRI_GARK_ERK33a  t 6.00039  dsm 0.00150366  dsm_est 0.0539128
  H 0.000390625  method ARKODE_MRI_GARK_ERK33a  t 6.50039  dsm 0.00386116  dsm_est 1.27888
  H 0.000390625  method ARKODE_MRI_GARK_ERK33a  t 7.00039  dsm 0.0511055  dsm_est 5.9684
  H 0.000390625  method ARKODE_MRI_GARK_ERK33a  t 7.50039  dsm 0.00692078  dsm_est 0.074038
  H 0.000390625  method ARKODE_MRI_GARK_ERK33a  t 8.00039  dsm 0.000733274  dsm_est 0.0248325
  H 0.000390625  method ARKODE_MRI_GARK_ERK33a  t 8.50039  dsm 0.000872554  dsm_est 0.00893449
  H 0.000390625  method ARKODE_MRI_GARK_ERK33a  t 9.00039  dsm 0.000620849  dsm_est 0.0397209
  H 0.000390625  method ARKODE_MRI_GARK_ERK33a  t 9.50039  dsm 0.00105929  dsm_est 0.0401369
  H 9.76563e-05  method ARKODE_MRI_GARK_ERK33a  t 9.76563e-05  dsm 130431  dsm_est 498019
  H 9.76563e-05  method ARKODE_MRI_GARK_ERK33a  t 0.500098  dsm 3.22403e-06  dsm_est 7.35991e-05
  H 9.76563e-05  method ARKODE_MRI_GARK_ERK33a  t 1.0001  dsm 8.76951e-06  dsm_est 4.34727e-05
  H 9.76563e-05  method ARKODE_MRI_GARK_ERK33a  t 1.5001  dsm 2.85184e-05  dsm_est 0.000154848
  H 9.76563e-05  method ARKODE_MRI_GARK_ERK33a  t 2.0001  dsm 3.58103e-05  dsm_est 0.000178405
  H 9.76563e-05  method ARKODE_MRI_GARK_ERK33a  t 2.5001  dsm 3.14166e-05  dsm_est 0.000127273
  H 9.76563e-05  method ARKODE_MRI_GARK_ERK33a  t 3.0001  dsm 6.6836e-06  dsm_est 0.000131134
  H 9.76563e-05  method ARKODE_MRI_GARK_ERK33a  t 3.5001  dsm 2.19334e-05  dsm_est 0.000121472
  H 9.76563e-05  method ARKODE_MRI_GARK_ERK33a  t 4.0001  dsm 1.46115e-06  dsm_est 3.65453e-05
  H 9.76563e-05  method ARKODE_MRI_GARK_ERK33a  t 4.5001  dsm 6.79441e-05  dsm_est 0.000260953
  H 9.76563e-05  method ARKODE_MRI_GARK_ERK33a  t 5.0001  dsm 4.63814e-06  dsm_est 2.73436e-05
  H 9.76563e-05  method ARKODE_MRI_GARK_ERK33a  t 5.5001  dsm 3.99263e-06  dsm_est 0.000121193
  H 9.76563e-05  method ARKODE_MRI_GARK_ERK33a  t 6.0001  dsm 7.38533e-06  dsm_est 0.000842724
  H 9.76563e-05  method ARKODE_MRI_GARK_ERK33a  t 6.5001  dsm 1.91204e-05  dsm_est 0.0199852
  H 9.76563e-05  method ARKODE_MRI_GARK_ERK33a  t 7.0001  dsm 0.00020015  dsm_est 0.0932838
  H 9.76563e-05  method ARKODE_MRI_GARK_ERK33a  t 7.5001  dsm 3.17543e-05  dsm_est 0.00115569
  H 9.76563e-05  method ARKODE_MRI_GARK_ERK33a  t 8.0001  dsm 4.92456e-06  dsm_est 0.000387364
  H 9.76563e-05  method ARKODE_MRI_GARK_ERK33a  t 8.5001  dsm 3.86449e-06  dsm_est 0.000139579
  H 9.76563e-05  method ARKODE_MRI_GARK_ERK33a  t 9.0001  dsm 3.70097e-06  dsm_est 0.000619442
  H 9.76563e-05  method ARKODE_MRI_GARK_ERK33a  t 9.5001  dsm 3.7359e-06  dsm_est 0.000626912

ARKODE_MRI_GARK_ERK33a summary:
  Stepsize 0.025  	maxdsm 3.18615e+13  	maxdsmest 2.87651e+09
  Stepsize 0.00625  	maxdsm 4.33933e+11  	maxdsmest 1.53179e+09
  Stepsize 0.0015625  	maxdsm 4.30937e+09  	maxdsmest 1.04109e+09
  Stepsize 0.000390625  	maxdsm 2.73843e+07  	maxdsmest 2.97866e+07
  Stepsize 9.76563e-05  	maxdsm 130431  	maxdsmest 498019
