
Dahlquist ODE test problem:
  problem type = Identity
  lambda expl  = -1
  lambda impl  = -1
  step size    = 0.01
  relative tol = 0.0001
  absolute tol = 1e-06
  interp type  = Lagrange
  pred type    = Trivial (0)

========================
Test explicit RK methods
========================

========================
ERK: ARKODE_HEUN_EULER_2_1_2
  stages:             2
  order:              2
  explicit 1st stage: 1
  stiffly accurate:   0
  first same as last: 0
========================
--------------------
Steps: 1
Fe RHS evals:
  actual:   2
  expected: 2
--------------------
Steps: 2
Fe RHS evals:
  actual:   4
  expected: 4
--------------------
Steps: 3
Fe RHS evals:
  actual:   6
  expected: 6
--------------------
Dense Output
Fe RHS evals:
  actual:   6
  expected: 6
--------------------
Steps: 4
Fe RHS evals:
  actual:   8
  expected: 8
--------------------

========================
ERK: ARKODE_BOGACKI_SHAMPINE_4_2_3
  stages:             4
  order:              3
  explicit 1st stage: 1
  stiffly accurate:   1
  first same as last: 1
========================
--------------------
Steps: 1
Fe RHS evals:
  actual:   4
  expected: 4
--------------------
Steps: 2
Fe RHS evals:
  actual:   7
  expected: 7
--------------------
Steps: 3
Fe RHS evals:
  actual:   10
  expected: 10
--------------------
Dense Output
Fe RHS evals:
  actual:   10
  expected: 10
--------------------
Steps: 4
Fe RHS evals:
  actual:   13
  expected: 13
--------------------

========================
ERK: ARKODE_ARK324L2SA_ERK_4_2_3
  stages:             4
  order:              3
  explicit 1st stage: 1
  stiffly accurate:   0
  first same as last: 0
========================
--------------------
Steps: 1
Fe RHS evals:
  actual:   4
  expected: 4
--------------------
Steps: 2
Fe RHS evals:
  actual:   8
  expected: 8
--------------------
Steps: 3
Fe RHS evals:
  actual:   12
  expected: 12
--------------------
Dense Output
Fe RHS evals:
  actual:   12
  expected: 12
--------------------
Steps: 4
Fe RHS evals:
  actual:   16
  expected: 16
--------------------

========================
ERK: ARKODE_ZONNEVELD_5_3_4
  stages:             5
  order:              4
  explicit 1st stage: 1
  stiffly accurate:   0
  first same as last: 0
========================
--------------------
Steps: 1
Fe RHS evals:
  actual:   5
  expected: 5
--------------------
Steps: 2
Fe RHS evals:
  actual:   10
  expected: 10
--------------------
Steps: 3
Fe RHS evals:
  actual:   15
  expected: 15
--------------------
Dense Output
Fe RHS evals:
  actual:   15
  expected: 15
--------------------
Steps: 4
Fe RHS evals:
  actual:   20
  expected: 20
--------------------

========================
ERK: ARKODE_ARK436L2SA_ERK_6_3_4
  stages:             6
  order:              4
  explicit 1st stage: 1
  stiffly accurate:   0
  first same as last: 0
========================
--------------------
Steps: 1
Fe RHS evals:
  actual:   6
  expected: 6
--------------------
Steps: 2
Fe RHS evals:
  actual:   12
  expected: 12
--------------------
Steps: 3
Fe RHS evals:
  actual:   18
  expected: 18
--------------------
Dense Output
Fe RHS evals:
  actual:   18
  expected: 18
--------------------
Steps: 4
Fe RHS evals:
  actual:   24
  expected: 24
--------------------

========================
ERK: ARKODE_SAYFY_ABURUB_6_3_4
  stages:             6
  order:              4
  explicit 1st stage: 1
  stiffly accurate:   0
  first same as last: 0
========================
--------------------
Steps: 1
Fe RHS evals:
  actual:   6
  expected: 6
--------------------
Steps: 2
Fe RHS evals:
  actual:   12
  expected: 12
--------------------
Steps: 3
Fe RHS evals:
  actual:   18
  expected: 18
--------------------
Dense Output
Fe RHS evals:
  actual:   18
  expected: 18
--------------------
Steps: 4
Fe RHS evals:
  actual:   24
  expected: 24
--------------------

========================
ERK: ARKODE_CASH_KARP_6_4_5
  stages:             6
  order:              5
  explicit 1st stage: 1
  stiffly accurate:   0
  first same as last: 0
========================
--------------------
Steps: 1
Fe RHS evals:
  actual:   6
  expected: 6
--------------------
Steps: 2
Fe RHS evals:
  actual:   12
  expected: 12
--------------------
Steps: 3
Fe RHS evals:
  actual:   18
  expected: 18
--------------------
Dense Output
Fe RHS evals:
  actual:   18
  expected: 18
--------------------
Steps: 4
Fe RHS evals:
  actual:   24
  expected: 24
--------------------

========================
ERK: ARKODE_FEHLBERG_6_4_5
  stages:             6
  order:              5
  explicit 1st stage: 1
  stiffly accurate:   0
  first same as last: 0
========================
--------------------
Steps: 1
Fe RHS evals:
  actual:   6
  expected: 6
--------------------
Steps: 2
Fe RHS evals:
  actual:   12
  expected: 12
--------------------
Steps: 3
Fe RHS evals:
  actual:   18
  expected: 18
--------------------
Dense Output
Fe RHS evals:
  actual:   18
  expected: 18
--------------------
Steps: 4
Fe RHS evals:
  actual:   24
  expected: 24
--------------------

========================
ERK: ARKODE_DORMAND_PRINCE_7_4_5
  stages:             7
  order:              5
  explicit 1st stage: 1
  stiffly accurate:   1
  first same as last: 1
========================
--------------------
Steps: 1
Fe RHS evals:
  actual:   7
  expected: 7
--------------------
Steps: 2
Fe RHS evals:
  actual:   13
  expected: 13
--------------------
Steps: 3
Fe RHS evals:
  actual:   19
  expected: 19
--------------------
Dense Output
Fe RHS evals:
  actual:   19
  expected: 19
--------------------
Steps: 4
Fe RHS evals:
  actual:   25
  expected: 25
--------------------

========================
ERK: ARKODE_ARK548L2SA_ERK_8_4_5
  stages:             8
  order:              5
  explicit 1st stage: 1
  stiffly accurate:   0
  first same as last: 0
========================
--------------------
Steps: 1
Fe RHS evals:
  actual:   8
  expected: 8
--------------------
Steps: 2
Fe RHS evals:
  actual:   16
  expected: 16
--------------------
Steps: 3
Fe RHS evals:
  actual:   24
  expected: 24
--------------------
Dense Output
Fe RHS evals:
  actual:   24
  expected: 24
--------------------
Steps: 4
Fe RHS evals:
  actual:   32
  expected: 32
--------------------

========================
ERK: ARKODE_VERNER_8_5_6
  stages:             8
  order:              6
  explicit 1st stage: 1
  stiffly accurate:   0
  first same as last: 0
========================
--------------------
Steps: 1
Fe RHS evals:
  actual:   8
  expected: 8
--------------------
Steps: 2
Fe RHS evals:
  actual:   16
  expected: 16
--------------------
Steps: 3
Fe RHS evals:
  actual:   24
  expected: 24
--------------------
Dense Output
Fe RHS evals:
  actual:   24
  expected: 24
--------------------
Steps: 4
Fe RHS evals:
  actual:   32
  expected: 32
--------------------

========================
ERK: ARKODE_FEHLBERG_13_7_8
  stages:             13
  order:              8
  explicit 1st stage: 1
  stiffly accurate:   0
  first same as last: 0
========================
--------------------
Steps: 1
Fe RHS evals:
  actual:   13
  expected: 13
--------------------
Steps: 2
Fe RHS evals:
  actual:   26
  expected: 26
--------------------
Steps: 3
Fe RHS evals:
  actual:   39
  expected: 39
--------------------
Dense Output
Fe RHS evals:
  actual:   39
  expected: 39
--------------------
Steps: 4
Fe RHS evals:
  actual:   52
  expected: 52
--------------------

========================
ERK: ARKODE_KNOTH_WOLKE_3_3
  stages:             3
  order:              3
  explicit 1st stage: 1
  stiffly accurate:   0
  first same as last: 0
========================
--------------------
Steps: 1
Fe RHS evals:
  actual:   3
  expected: 3
--------------------
Steps: 2
Fe RHS evals:
  actual:   6
  expected: 6
--------------------
Steps: 3
Fe RHS evals:
  actual:   9
  expected: 9
--------------------
Dense Output
Fe RHS evals:
  actual:   9
  expected: 9
--------------------
Steps: 4
Fe RHS evals:
  actual:   12
  expected: 12
--------------------

========================
ERK: ARKODE_ARK437L2SA_ERK_7_3_4
  stages:             7
  order:              4
  explicit 1st stage: 1
  stiffly accurate:   0
  first same as last: 0
========================
--------------------
Steps: 1
Fe RHS evals:
  actual:   7
  expected: 7
--------------------
Steps: 2
Fe RHS evals:
  actual:   14
  expected: 14
--------------------
Steps: 3
Fe RHS evals:
  actual:   21
  expected: 21
--------------------
Dense Output
Fe RHS evals:
  actual:   21
  expected: 21
--------------------
Steps: 4
Fe RHS evals:
  actual:   28
  expected: 28
--------------------

========================
ERK: ARKODE_ARK548L2SAb_ERK_8_4_5
  stages:             8
  order:              5
  explicit 1st stage: 1
  stiffly accurate:   0
  first same as last: 0
========================
--------------------
Steps: 1
Fe RHS evals:
  actual:   8
  expected: 8
--------------------
Steps: 2
Fe RHS evals:
  actual:   16
  expected: 16
--------------------
Steps: 3
Fe RHS evals:
  actual:   24
  expected: 24
--------------------
Dense Output
Fe RHS evals:
  actual:   24
  expected: 24
--------------------
Steps: 4
Fe RHS evals:
  actual:   32
  expected: 32
--------------------

========================
ERK: ARKODE_ARK2_ERK_3_1_2
  stages:             3
  order:              2
  explicit 1st stage: 1
  stiffly accurate:   0
  first same as last: 0
========================
--------------------
Steps: 1
Fe RHS evals:
  actual:   3
  expected: 3
--------------------
Steps: 2
Fe RHS evals:
  actual:   6
  expected: 6
--------------------
Steps: 3
Fe RHS evals:
  actual:   9
  expected: 9
--------------------
Dense Output
Fe RHS evals:
  actual:   9
  expected: 9
--------------------
Steps: 4
Fe RHS evals:
  actual:   12
  expected: 12
--------------------

========================
ERK: ARKODE_SOFRONIOU_SPALETTA_5_3_4
  stages:             5
  order:              4
  explicit 1st stage: 1
  stiffly accurate:   1
  first same as last: 1
========================
--------------------
Steps: 1
Fe RHS evals:
  actual:   5
  expected: 5
--------------------
Steps: 2
Fe RHS evals:
  actual:   9
  expected: 9
--------------------
Steps: 3
Fe RHS evals:
  actual:   13
  expected: 13
--------------------
Dense Output
Fe RHS evals:
  actual:   13
  expected: 13
--------------------
Steps: 4
Fe RHS evals:
  actual:   17
  expected: 17
--------------------

========================
ERK: ARKODE_SHU_OSHER_3_2_3
  stages:             3
  order:              3
  explicit 1st stage: 1
  stiffly accurate:   0
  first same as last: 0
========================
--------------------
Steps: 1
Fe RHS evals:
  actual:   3
  expected: 3
--------------------
Steps: 2
Fe RHS evals:
  actual:   6
  expected: 6
--------------------
Steps: 3
Fe RHS evals:
  actual:   9
  expected: 9
--------------------
Dense Output
Fe RHS evals:
  actual:   9
  expected: 9
--------------------
Steps: 4
Fe RHS evals:
  actual:   12
  expected: 12
--------------------

========================
ERK: ARKODE_VERNER_9_5_6
  stages:             9
  order:              6
  explicit 1st stage: 1
  stiffly accurate:   1
  first same as last: 1
========================
--------------------
Steps: 1
Fe RHS evals:
  actual:   9
  expected: 9
--------------------
Steps: 2
Fe RHS evals:
  actual:   17
  expected: 17
--------------------
Steps: 3
Fe RHS evals:
  actual:   25
  expected: 25
--------------------
Dense Output
Fe RHS evals:
  actual:   25
  expected: 25
--------------------
Steps: 4
Fe RHS evals:
  actual:   33
  expected: 33
--------------------

========================
ERK: ARKODE_VERNER_10_6_7
  stages:             10
  order:              7
  explicit 1st stage: 1
  stiffly accurate:   0
  first same as last: 0
========================
--------------------
Steps: 1
Fe RHS evals:
  actual:   10
  expected: 10
--------------------
Steps: 2
Fe RHS evals:
  actual:   20
  expected: 20
--------------------
Steps: 3
Fe RHS evals:
  actual:   30
  expected: 30
--------------------
Dense Output
Fe RHS evals:
  actual:   30
  expected: 30
--------------------
Steps: 4
Fe RHS evals:
  actual:   40
  expected: 40
--------------------

========================
ERK: ARKODE_VERNER_13_7_8
  stages:             13
  order:              8
  explicit 1st stage: 1
  stiffly accurate:   0
  first same as last: 0
========================
--------------------
Steps: 1
Fe RHS evals:
  actual:   13
  expected: 13
--------------------
Steps: 2
Fe RHS evals:
  actual:   26
  expected: 26
--------------------
Steps: 3
Fe RHS evals:
  actual:   39
  expected: 39
--------------------
Dense Output
Fe RHS evals:
  actual:   39
  expected: 39
--------------------
Steps: 4
Fe RHS evals:
  actual:   52
  expected: 52
--------------------

========================
ERK: ARKODE_VERNER_16_8_9
  stages:             16
  order:              9
  explicit 1st stage: 1
  stiffly accurate:   0
  first same as last: 0
========================
--------------------
Steps: 1
Fe RHS evals:
  actual:   16
  expected: 16
--------------------
Steps: 2
Fe RHS evals:
  actual:   32
  expected: 32
--------------------
Steps: 3
Fe RHS evals:
  actual:   48
  expected: 48
--------------------
Dense Output
Fe RHS evals:
  actual:   48
  expected: 48
--------------------
Steps: 4
Fe RHS evals:
  actual:   64
  expected: 64
--------------------

========================
ERK: ARKODE_FORWARD_EULER_1_1
  stages:             1
  order:              1
  explicit 1st stage: 1
  stiffly accurate:   0
  first same as last: 0
========================
--------------------
Steps: 1
Fe RHS evals:
  actual:   1
  expected: 1
--------------------
Steps: 2
Fe RHS evals:
  actual:   2
  expected: 2
--------------------
Steps: 3
Fe RHS evals:
  actual:   3
  expected: 3
--------------------
Dense Output
Fe RHS evals:
  actual:   3
  expected: 3
--------------------
Steps: 4
Fe RHS evals:
  actual:   4
  expected: 4
--------------------

========================
ERK: ARKODE_RALSTON_EULER_2_1_2
  stages:             2
  order:              2
  explicit 1st stage: 1
  stiffly accurate:   0
  first same as last: 0
========================
--------------------
Steps: 1
Fe RHS evals:
  actual:   2
  expected: 2
--------------------
Steps: 2
Fe RHS evals:
  actual:   4
  expected: 4
--------------------
Steps: 3
Fe RHS evals:
  actual:   6
  expected: 6
--------------------
Dense Output
Fe RHS evals:
  actual:   6
  expected: 6
--------------------
Steps: 4
Fe RHS evals:
  actual:   8
  expected: 8
--------------------

========================
ERK: ARKODE_EXPLICIT_MIDPOINT_EULER_2_1_2
  stages:             2
  order:              2
  explicit 1st stage: 1
  stiffly accurate:   0
  first same as last: 0
========================
--------------------
Steps: 1
Fe RHS evals:
  actual:   2
  expected: 2
--------------------
Steps: 2
Fe RHS evals:
  actual:   4
  expected: 4
--------------------
Steps: 3
Fe RHS evals:
  actual:   6
  expected: 6
--------------------
Dense Output
Fe RHS evals:
  actual:   6
  expected: 6
--------------------
Steps: 4
Fe RHS evals:
  actual:   8
  expected: 8
--------------------

========================
Test implicit RK methods
========================

========================
DIRK: ARKODE_SDIRK_2_1_2
  stages:             2
  order:              2
  explicit 1st stage: 0
  stiffly accurate:   0
  first same as last: 0
========================
--------------------
Steps: 1
NLS iters: 2
Fi RHS evals:
  actual:   3
  expected: 3
--------------------
Steps: 2
NLS iters: 4
Fi RHS evals:
  actual:   6
  expected: 6
--------------------
Steps: 3
NLS iters: 6
Fi RHS evals:
  actual:   9
  expected: 9
--------------------
Dense Output
Fi RHS evals:
  actual:   9
  expected: 9
--------------------
Steps: 4
NLS iters: 8
Fi RHS evals:
  actual:   12
  expected: 12
--------------------

========================
DIRK: ARKODE_BILLINGTON_3_3_2
  stages:             3
  order:              2
  explicit 1st stage: 0
  stiffly accurate:   0
  first same as last: 0
========================
--------------------
Steps: 1
NLS iters: 3
Fi RHS evals:
  actual:   4
  expected: 4
--------------------
Steps: 2
NLS iters: 6
Fi RHS evals:
  actual:   8
  expected: 8
--------------------
Steps: 3
NLS iters: 9
Fi RHS evals:
  actual:   12
  expected: 12
--------------------
Dense Output
Fi RHS evals:
  actual:   12
  expected: 12
--------------------
Steps: 4
NLS iters: 12
Fi RHS evals:
  actual:   16
  expected: 16
--------------------

========================
DIRK: ARKODE_TRBDF2_3_3_2
  stages:             3
  order:              2
  explicit 1st stage: 1
  stiffly accurate:   1
  first same as last: 1
========================
--------------------
Steps: 1
NLS iters: 2
Fi RHS evals:
  actual:   3
  expected: 3
--------------------
Steps: 2
NLS iters: 4
Fi RHS evals:
  actual:   5
  expected: 5
--------------------
Steps: 3
NLS iters: 6
Fi RHS evals:
  actual:   7
  expected: 7
--------------------
Dense Output
Fi RHS evals:
  actual:   7
  expected: 7
--------------------
Steps: 4
NLS iters: 8
Fi RHS evals:
  actual:   9
  expected: 9
--------------------

========================
DIRK: ARKODE_KVAERNO_4_2_3
  stages:             4
  order:              3
  explicit 1st stage: 1
  stiffly accurate:   1
  first same as last: 1
========================
--------------------
Steps: 1
NLS iters: 3
Fi RHS evals:
  actual:   4
  expected: 4
--------------------
Steps: 2
NLS iters: 6
Fi RHS evals:
  actual:   7
  expected: 7
--------------------
Steps: 3
NLS iters: 9
Fi RHS evals:
  actual:   10
  expected: 10
--------------------
Dense Output
Fi RHS evals:
  actual:   10
  expected: 10
--------------------
Steps: 4
NLS iters: 12
Fi RHS evals:
  actual:   13
  expected: 13
--------------------

========================
DIRK: ARKODE_ARK324L2SA_DIRK_4_2_3
  stages:             4
  order:              3
  explicit 1st stage: 1
  stiffly accurate:   1
  first same as last: 1
========================
--------------------
Steps: 1
NLS iters: 3
Fi RHS evals:
  actual:   4
  expected: 4
--------------------
Steps: 2
NLS iters: 6
Fi RHS evals:
  actual:   7
  expected: 7
--------------------
Steps: 3
NLS iters: 9
Fi RHS evals:
  actual:   10
  expected: 10
--------------------
Dense Output
Fi RHS evals:
  actual:   10
  expected: 10
--------------------
Steps: 4
NLS iters: 12
Fi RHS evals:
  actual:   13
  expected: 13
--------------------

========================
DIRK: ARKODE_CASH_5_2_4
  stages:             5
  order:              4
  explicit 1st stage: 0
  stiffly accurate:   1
  first same as last: 0
========================
--------------------
Steps: 1
NLS iters: 5
Fi RHS evals:
  actual:   6
  expected: 6
--------------------
Steps: 2
NLS iters: 10
Fi RHS evals:
  actual:   11
  expected: 11
--------------------
Steps: 3
NLS iters: 15
Fi RHS evals:
  actual:   16
  expected: 16
--------------------
Dense Output
Fi RHS evals:
  actual:   16
  expected: 16
--------------------
Steps: 4
NLS iters: 20
Fi RHS evals:
  actual:   21
  expected: 21
--------------------

========================
DIRK: ARKODE_CASH_5_3_4
  stages:             5
  order:              4
  explicit 1st stage: 0
  stiffly accurate:   1
  first same as last: 0
========================
--------------------
Steps: 1
NLS iters: 5
Fi RHS evals:
  actual:   6
  expected: 6
--------------------
Steps: 2
NLS iters: 10
Fi RHS evals:
  actual:   11
  expected: 11
--------------------
Steps: 3
NLS iters: 15
Fi RHS evals:
  actual:   16
  expected: 16
--------------------
Dense Output
Fi RHS evals:
  actual:   16
  expected: 16
--------------------
Steps: 4
NLS iters: 20
Fi RHS evals:
  actual:   21
  expected: 21
--------------------

========================
DIRK: ARKODE_SDIRK_5_3_4
  stages:             5
  order:              4
  explicit 1st stage: 0
  stiffly accurate:   1
  first same as last: 0
========================
--------------------
Steps: 1
NLS iters: 5
Fi RHS evals:
  actual:   6
  expected: 6
--------------------
Steps: 2
NLS iters: 10
Fi RHS evals:
  actual:   11
  expected: 11
--------------------
Steps: 3
NLS iters: 15
Fi RHS evals:
  actual:   16
  expected: 16
--------------------
Dense Output
Fi RHS evals:
  actual:   16
  expected: 16
--------------------
Steps: 4
NLS iters: 20
Fi RHS evals:
  actual:   21
  expected: 21
--------------------

========================
DIRK: ARKODE_KVAERNO_5_3_4
  stages:             5
  order:              4
  explicit 1st stage: 1
  stiffly accurate:   1
  first same as last: 1
========================
--------------------
Steps: 1
NLS iters: 4
Fi RHS evals:
  actual:   5
  expected: 5
--------------------
Steps: 2
NLS iters: 8
Fi RHS evals:
  actual:   9
  expected: 9
--------------------
Steps: 3
NLS iters: 12
Fi RHS evals:
  actual:   13
  expected: 13
--------------------
Dense Output
Fi RHS evals:
  actual:   13
  expected: 13
--------------------
Steps: 4
NLS iters: 16
Fi RHS evals:
  actual:   17
  expected: 17
--------------------

========================
DIRK: ARKODE_ARK436L2SA_DIRK_6_3_4
  stages:             6
  order:              4
  explicit 1st stage: 1
  stiffly accurate:   1
  first same as last: 1
========================
--------------------
Steps: 1
NLS iters: 5
Fi RHS evals:
  actual:   6
  expected: 6
--------------------
Steps: 2
NLS iters: 10
Fi RHS evals:
  actual:   11
  expected: 11
--------------------
Steps: 3
NLS iters: 15
Fi RHS evals:
  actual:   16
  expected: 16
--------------------
Dense Output
Fi RHS evals:
  actual:   16
  expected: 16
--------------------
Steps: 4
NLS iters: 20
Fi RHS evals:
  actual:   21
  expected: 21
--------------------

========================
DIRK: ARKODE_KVAERNO_7_4_5
  stages:             7
  order:              5
  explicit 1st stage: 1
  stiffly accurate:   1
  first same as last: 1
========================
--------------------
Steps: 1
NLS iters: 6
Fi RHS evals:
  actual:   7
  expected: 7
--------------------
Steps: 2
NLS iters: 12
Fi RHS evals:
  actual:   13
  expected: 13
--------------------
Steps: 3
NLS iters: 18
Fi RHS evals:
  actual:   19
  expected: 19
--------------------
Dense Output
Fi RHS evals:
  actual:   19
  expected: 19
--------------------
Steps: 4
NLS iters: 24
Fi RHS evals:
  actual:   25
  expected: 25
--------------------

========================
DIRK: ARKODE_ARK548L2SA_DIRK_8_4_5
  stages:             8
  order:              5
  explicit 1st stage: 1
  stiffly accurate:   1
  first same as last: 1
========================
--------------------
Steps: 1
NLS iters: 7
Fi RHS evals:
  actual:   8
  expected: 8
--------------------
Steps: 2
NLS iters: 14
Fi RHS evals:
  actual:   15
  expected: 15
--------------------
Steps: 3
NLS iters: 21
Fi RHS evals:
  actual:   22
  expected: 22
--------------------
Dense Output
Fi RHS evals:
  actual:   22
  expected: 22
--------------------
Steps: 4
NLS iters: 28
Fi RHS evals:
  actual:   29
  expected: 29
--------------------

========================
DIRK: ARKODE_ARK437L2SA_DIRK_7_3_4
  stages:             7
  order:              4
  explicit 1st stage: 1
  stiffly accurate:   1
  first same as last: 1
========================
--------------------
Steps: 1
NLS iters: 6
Fi RHS evals:
  actual:   7
  expected: 7
--------------------
Steps: 2
NLS iters: 12
Fi RHS evals:
  actual:   13
  expected: 13
--------------------
Steps: 3
NLS iters: 18
Fi RHS evals:
  actual:   19
  expected: 19
--------------------
Dense Output
Fi RHS evals:
  actual:   19
  expected: 19
--------------------
Steps: 4
NLS iters: 24
Fi RHS evals:
  actual:   25
  expected: 25
--------------------

========================
DIRK: ARKODE_ARK548L2SAb_DIRK_8_4_5
  stages:             8
  order:              5
  explicit 1st stage: 1
  stiffly accurate:   1
  first same as last: 1
========================
--------------------
Steps: 1
NLS iters: 7
Fi RHS evals:
  actual:   8
  expected: 8
--------------------
Steps: 2
NLS iters: 14
Fi RHS evals:
  actual:   15
  expected: 15
--------------------
Steps: 3
NLS iters: 21
Fi RHS evals:
  actual:   22
  expected: 22
--------------------
Dense Output
Fi RHS evals:
  actual:   22
  expected: 22
--------------------
Steps: 4
NLS iters: 28
Fi RHS evals:
  actual:   29
  expected: 29
--------------------

========================
DIRK: ARKODE_ESDIRK324L2SA_4_2_3
  stages:             4
  order:              3
  explicit 1st stage: 1
  stiffly accurate:   1
  first same as last: 1
========================
--------------------
Steps: 1
NLS iters: 3
Fi RHS evals:
  actual:   4
  expected: 4
--------------------
Steps: 2
NLS iters: 6
Fi RHS evals:
  actual:   7
  expected: 7
--------------------
Steps: 3
NLS iters: 9
Fi RHS evals:
  actual:   10
  expected: 10
--------------------
Dense Output
Fi RHS evals:
  actual:   10
  expected: 10
--------------------
Steps: 4
NLS iters: 12
Fi RHS evals:
  actual:   13
  expected: 13
--------------------

========================
DIRK: ARKODE_ESDIRK325L2SA_5_2_3
  stages:             5
  order:              3
  explicit 1st stage: 1
  stiffly accurate:   1
  first same as last: 1
========================
--------------------
Steps: 1
NLS iters: 4
Fi RHS evals:
  actual:   5
  expected: 5
--------------------
Steps: 2
NLS iters: 8
Fi RHS evals:
  actual:   9
  expected: 9
--------------------
Steps: 3
NLS iters: 12
Fi RHS evals:
  actual:   13
  expected: 13
--------------------
Dense Output
Fi RHS evals:
  actual:   13
  expected: 13
--------------------
Steps: 4
NLS iters: 16
Fi RHS evals:
  actual:   17
  expected: 17
--------------------

========================
DIRK: ARKODE_ESDIRK32I5L2SA_5_2_3
  stages:             5
  order:              3
  explicit 1st stage: 1
  stiffly accurate:   1
  first same as last: 1
========================
--------------------
Steps: 1
NLS iters: 4
Fi RHS evals:
  actual:   5
  expected: 5
--------------------
Steps: 2
NLS iters: 8
Fi RHS evals:
  actual:   9
  expected: 9
--------------------
Steps: 3
NLS iters: 12
Fi RHS evals:
  actual:   13
  expected: 13
--------------------
Dense Output
Fi RHS evals:
  actual:   13
  expected: 13
--------------------
Steps: 4
NLS iters: 16
Fi RHS evals:
  actual:   17
  expected: 17
--------------------

========================
DIRK: ARKODE_ESDIRK436L2SA_6_3_4
  stages:             6
  order:              4
  explicit 1st stage: 1
  stiffly accurate:   1
  first same as last: 1
========================
--------------------
Steps: 1
NLS iters: 5
Fi RHS evals:
  actual:   6
  expected: 6
--------------------
Steps: 2
NLS iters: 10
Fi RHS evals:
  actual:   11
  expected: 11
--------------------
Steps: 3
NLS iters: 15
Fi RHS evals:
  actual:   16
  expected: 16
--------------------
Dense Output
Fi RHS evals:
  actual:   16
  expected: 16
--------------------
Steps: 4
NLS iters: 20
Fi RHS evals:
  actual:   21
  expected: 21
--------------------

========================
DIRK: ARKODE_ESDIRK43I6L2SA_6_3_4
  stages:             6
  order:              4
  explicit 1st stage: 1
  stiffly accurate:   1
  first same as last: 1
========================
--------------------
Steps: 1
NLS iters: 5
Fi RHS evals:
  actual:   6
  expected: 6
--------------------
Steps: 2
NLS iters: 10
Fi RHS evals:
  actual:   11
  expected: 11
--------------------
Steps: 3
NLS iters: 15
Fi RHS evals:
  actual:   16
  expected: 16
--------------------
Dense Output
Fi RHS evals:
  actual:   16
  expected: 16
--------------------
Steps: 4
NLS iters: 20
Fi RHS evals:
  actual:   21
  expected: 21
--------------------

========================
DIRK: ARKODE_QESDIRK436L2SA_6_3_4
  stages:             6
  order:              4
  explicit 1st stage: 1
  stiffly accurate:   1
  first same as last: 1
========================
--------------------
Steps: 1
NLS iters: 5
Fi RHS evals:
  actual:   6
  expected: 6
--------------------
Steps: 2
NLS iters: 10
Fi RHS evals:
  actual:   11
  expected: 11
--------------------
Steps: 3
NLS iters: 15
Fi RHS evals:
  actual:   16
  expected: 16
--------------------
Dense Output
Fi RHS evals:
  actual:   16
  expected: 16
--------------------
Steps: 4
NLS iters: 20
Fi RHS evals:
  actual:   21
  expected: 21
--------------------

========================
DIRK: ARKODE_ESDIRK437L2SA_7_3_4
  stages:             7
  order:              4
  explicit 1st stage: 1
  stiffly accurate:   1
  first same as last: 1
========================
--------------------
Steps: 1
NLS iters: 6
Fi RHS evals:
  actual:   7
  expected: 7
--------------------
Steps: 2
NLS iters: 12
Fi RHS evals:
  actual:   13
  expected: 13
--------------------
Steps: 3
NLS iters: 18
Fi RHS evals:
  actual:   19
  expected: 19
--------------------
Dense Output
Fi RHS evals:
  actual:   19
  expected: 19
--------------------
Steps: 4
NLS iters: 24
Fi RHS evals:
  actual:   25
  expected: 25
--------------------

========================
DIRK: ARKODE_ESDIRK547L2SA_7_4_5
  stages:             7
  order:              5
  explicit 1st stage: 1
  stiffly accurate:   1
  first same as last: 1
========================
--------------------
Steps: 1
NLS iters: 6
Fi RHS evals:
  actual:   7
  expected: 7
--------------------
Steps: 2
NLS iters: 12
Fi RHS evals:
  actual:   13
  expected: 13
--------------------
Steps: 3
NLS iters: 18
Fi RHS evals:
  actual:   19
  expected: 19
--------------------
Dense Output
Fi RHS evals:
  actual:   19
  expected: 19
--------------------
Steps: 4
NLS iters: 24
Fi RHS evals:
  actual:   25
  expected: 25
--------------------

========================
DIRK: ARKODE_ESDIRK547L2SA2_7_4_5
  stages:             7
  order:              5
  explicit 1st stage: 1
  stiffly accurate:   1
  first same as last: 1
========================
--------------------
Steps: 1
NLS iters: 6
Fi RHS evals:
  actual:   7
  expected: 7
--------------------
Steps: 2
NLS iters: 12
Fi RHS evals:
  actual:   13
  expected: 13
--------------------
Steps: 3
NLS iters: 18
Fi RHS evals:
  actual:   19
  expected: 19
--------------------
Dense Output
Fi RHS evals:
  actual:   19
  expected: 19
--------------------
Steps: 4
NLS iters: 24
Fi RHS evals:
  actual:   25
  expected: 25
--------------------

========================
DIRK: ARKODE_ARK2_DIRK_3_1_2
  stages:             3
  order:              2
  explicit 1st stage: 1
  stiffly accurate:   1
  first same as last: 1
========================
--------------------
Steps: 1
NLS iters: 2
Fi RHS evals:
  actual:   3
  expected: 3
--------------------
Steps: 2
NLS iters: 4
Fi RHS evals:
  actual:   5
  expected: 5
--------------------
Steps: 3
NLS iters: 6
Fi RHS evals:
  actual:   7
  expected: 7
--------------------
Dense Output
Fi RHS evals:
  actual:   7
  expected: 7
--------------------
Steps: 4
NLS iters: 8
Fi RHS evals:
  actual:   9
  expected: 9
--------------------

========================
DIRK: ARKODE_BACKWARD_EULER_1_1
  stages:             1
  order:              1
  explicit 1st stage: 0
  stiffly accurate:   1
  first same as last: 0
========================
--------------------
Steps: 1
NLS iters: 1
Fi RHS evals:
  actual:   2
  expected: 2
--------------------
Steps: 2
NLS iters: 2
Fi RHS evals:
  actual:   3
  expected: 3
--------------------
Steps: 3
NLS iters: 3
Fi RHS evals:
  actual:   4
  expected: 4
--------------------
Dense Output
Fi RHS evals:
  actual:   4
  expected: 4
--------------------
Steps: 4
NLS iters: 4
Fi RHS evals:
  actual:   5
  expected: 5
--------------------

========================
DIRK: ARKODE_IMPLICIT_MIDPOINT_1_2
  stages:             1
  order:              2
  explicit 1st stage: 0
  stiffly accurate:   0
  first same as last: 0
========================
--------------------
Steps: 1
NLS iters: 1
Fi RHS evals:
  actual:   2
  expected: 2
--------------------
Steps: 2
NLS iters: 2
Fi RHS evals:
  actual:   4
  expected: 4
--------------------
Steps: 3
NLS iters: 3
Fi RHS evals:
  actual:   6
  expected: 6
--------------------
Dense Output
Fi RHS evals:
  actual:   6
  expected: 6
--------------------
Steps: 4
NLS iters: 4
Fi RHS evals:
  actual:   8
  expected: 8
--------------------

========================
DIRK: ARKODE_IMPLICIT_TRAPEZOIDAL_2_2
  stages:             2
  order:              2
  explicit 1st stage: 1
  stiffly accurate:   1
  first same as last: 1
========================
--------------------
Steps: 1
NLS iters: 1
Fi RHS evals:
  actual:   2
  expected: 2
--------------------
Steps: 2
NLS iters: 2
Fi RHS evals:
  actual:   3
  expected: 3
--------------------
Steps: 3
NLS iters: 3
Fi RHS evals:
  actual:   4
  expected: 4
--------------------
Dense Output
Fi RHS evals:
  actual:   4
  expected: 4
--------------------
Steps: 4
NLS iters: 4
Fi RHS evals:
  actual:   5
  expected: 5
--------------------

=====================
Test IMEX ARK methods
=====================

========================
IMEX Euler
  stages:             2
  order:              1
  explicit 1st stage: 1
  stiffly accurate:   1
  first same as last: 1
========================
--------------------
Steps: 1
NLS iters: 1
Fe RHS evals:
  actual:   2
  expected: 2
Fi RHS evals:
  actual:   2
  expected: 2
--------------------
Steps: 2
NLS iters: 2
Fe RHS evals:
  actual:   3
  expected: 3
Fi RHS evals:
  actual:   3
  expected: 3
--------------------
Steps: 3
NLS iters: 3
Fe RHS evals:
  actual:   4
  expected: 4
Fi RHS evals:
  actual:   4
  expected: 4
--------------------
Dense Output
Fe RHS evals:
  actual:   4
  expected: 4
Fi RHS evals:
  actual:   4
  expected: 4
--------------------
Steps: 4
NLS iters: 4
Fe RHS evals:
  actual:   5
  expected: 5
Fi RHS evals:
  actual:   5
  expected: 5
--------------------

========================
DIRK: ARKODE_ARK2_DIRK_3_1_2
ERK: ARKODE_ARK2_ERK_3_1_2
  stages:             3
  order:              2
  explicit 1st stage: 1
  stiffly accurate:   0
  first same as last: 0
========================
--------------------
Steps: 1
NLS iters: 2
Fe RHS evals:
  actual:   3
  expected: 3
Fi RHS evals:
  actual:   3
  expected: 3
--------------------
Steps: 2
NLS iters: 4
Fe RHS evals:
  actual:   6
  expected: 6
Fi RHS evals:
  actual:   6
  expected: 6
--------------------
Steps: 3
NLS iters: 6
Fe RHS evals:
  actual:   9
  expected: 9
Fi RHS evals:
  actual:   9
  expected: 9
--------------------
Dense Output
Fe RHS evals:
  actual:   9
  expected: 9
Fi RHS evals:
  actual:   9
  expected: 9
--------------------
Steps: 4
NLS iters: 8
Fe RHS evals:
  actual:   12
  expected: 12
Fi RHS evals:
  actual:   12
  expected: 12
--------------------

========================
DIRK: ARKODE_ARK324L2SA_DIRK_4_2_3
ERK: ARKODE_ARK324L2SA_ERK_4_2_3
  stages:             4
  order:              3
  explicit 1st stage: 1
  stiffly accurate:   0
  first same as last: 0
========================
--------------------
Steps: 1
NLS iters: 3
Fe RHS evals:
  actual:   4
  expected: 4
Fi RHS evals:
  actual:   4
  expected: 4
--------------------
Steps: 2
NLS iters: 6
Fe RHS evals:
  actual:   8
  expected: 8
Fi RHS evals:
  actual:   8
  expected: 8
--------------------
Steps: 3
NLS iters: 9
Fe RHS evals:
  actual:   12
  expected: 12
Fi RHS evals:
  actual:   12
  expected: 12
--------------------
Dense Output
Fe RHS evals:
  actual:   12
  expected: 12
Fi RHS evals:
  actual:   12
  expected: 12
--------------------
Steps: 4
NLS iters: 12
Fe RHS evals:
  actual:   16
  expected: 16
Fi RHS evals:
  actual:   16
  expected: 16
--------------------

========================
DIRK: ARKODE_ARK436L2SA_DIRK_6_3_4
ERK: ARKODE_ARK436L2SA_ERK_6_3_4
  stages:             6
  order:              4
  explicit 1st stage: 1
  stiffly accurate:   0
  first same as last: 0
========================
--------------------
Steps: 1
NLS iters: 5
Fe RHS evals:
  actual:   6
  expected: 6
Fi RHS evals:
  actual:   6
  expected: 6
--------------------
Steps: 2
NLS iters: 10
Fe RHS evals:
  actual:   12
  expected: 12
Fi RHS evals:
  actual:   12
  expected: 12
--------------------
Steps: 3
NLS iters: 15
Fe RHS evals:
  actual:   18
  expected: 18
Fi RHS evals:
  actual:   18
  expected: 18
--------------------
Dense Output
Fe RHS evals:
  actual:   18
  expected: 18
Fi RHS evals:
  actual:   18
  expected: 18
--------------------
Steps: 4
NLS iters: 20
Fe RHS evals:
  actual:   24
  expected: 24
Fi RHS evals:
  actual:   24
  expected: 24
--------------------

========================
DIRK: ARKODE_ARK437L2SA_DIRK_7_3_4
ERK: ARKODE_ARK437L2SA_ERK_7_3_4
  stages:             7
  order:              4
  explicit 1st stage: 1
  stiffly accurate:   0
  first same as last: 0
========================
--------------------
Steps: 1
NLS iters: 6
Fe RHS evals:
  actual:   7
  expected: 7
Fi RHS evals:
  actual:   7
  expected: 7
--------------------
Steps: 2
NLS iters: 12
Fe RHS evals:
  actual:   14
  expected: 14
Fi RHS evals:
  actual:   14
  expected: 14
--------------------
Steps: 3
NLS iters: 18
Fe RHS evals:
  actual:   21
  expected: 21
Fi RHS evals:
  actual:   21
  expected: 21
--------------------
Dense Output
Fe RHS evals:
  actual:   21
  expected: 21
Fi RHS evals:
  actual:   21
  expected: 21
--------------------
Steps: 4
NLS iters: 24
Fe RHS evals:
  actual:   28
  expected: 28
Fi RHS evals:
  actual:   28
  expected: 28
--------------------

========================
DIRK: ARKODE_ARK548L2SA_DIRK_8_4_5
ERK: ARKODE_ARK548L2SA_ERK_8_4_5
  stages:             8
  order:              5
  explicit 1st stage: 1
  stiffly accurate:   0
  first same as last: 0
========================
--------------------
Steps: 1
NLS iters: 7
Fe RHS evals:
  actual:   8
  expected: 8
Fi RHS evals:
  actual:   8
  expected: 8
--------------------
Steps: 2
NLS iters: 14
Fe RHS evals:
  actual:   16
  expected: 16
Fi RHS evals:
  actual:   16
  expected: 16
--------------------
Steps: 3
NLS iters: 21
Fe RHS evals:
  actual:   24
  expected: 24
Fi RHS evals:
  actual:   24
  expected: 24
--------------------
Dense Output
Fe RHS evals:
  actual:   24
  expected: 24
Fi RHS evals:
  actual:   24
  expected: 24
--------------------
Steps: 4
NLS iters: 28
Fe RHS evals:
  actual:   32
  expected: 32
Fi RHS evals:
  actual:   32
  expected: 32
--------------------

========================
DIRK: ARKODE_ARK548L2SAb_DIRK_8_4_5
ERK: ARKODE_ARK548L2SAb_ERK_8_4_5
  stages:             8
  order:              5
  explicit 1st stage: 1
  stiffly accurate:   0
  first same as last: 0
========================
--------------------
Steps: 1
NLS iters: 7
Fe RHS evals:
  actual:   8
  expected: 8
Fi RHS evals:
  actual:   8
  expected: 8
--------------------
Steps: 2
NLS iters: 14
Fe RHS evals:
  actual:   16
  expected: 16
Fi RHS evals:
  actual:   16
  expected: 16
--------------------
Steps: 3
NLS iters: 21
Fe RHS evals:
  actual:   24
  expected: 24
Fi RHS evals:
  actual:   24
  expected: 24
--------------------
Dense Output
Fe RHS evals:
  actual:   24
  expected: 24
Fi RHS evals:
  actual:   24
  expected: 24
--------------------
Steps: 4
NLS iters: 28
Fe RHS evals:
  actual:   32
  expected: 32
Fi RHS evals:
  actual:   32
  expected: 32
--------------------


All tests passed!
