
Slow error estimation test (Nonlinear Kvaerno-Prothero-Robinson problem):
    time domain:  (0,5]
    partition size = 20
    problem parameters:  G = -10,  e = 0.1,  omega = 5
    MRI method: ARKODE_MRI_GARK_ERK33a (explicit)
  H 0.0125  method ARKODE_MRI_GARK_ERK33a  t 0.0125  dsm 59.7276  dsm_est 727.532
  H 0.0125  method ARKODE_MRI_GARK_ERK33a  t 0.2625  dsm 159.194  dsm_est 4712.03
  H 0.0125  method ARKODE_MRI_GARK_ERK33a  t 0.5125  dsm 496.974  dsm_est 33493.8
  H 0.0125  method ARKODE_MRI_GARK_ERK33a  t 0.7625  dsm 712.688  dsm_est 32624.2
  H 0.0125  method ARKODE_MRI_GARK_ERK33a  t 1.0125  dsm 1224.36  dsm_est 1716.11
  H 0.0125  method ARKODE_MRI_GARK_ERK33a  t 1.2625  dsm 5167.32  dsm_est 267128
  H 0.0125  method ARKODE_MRI_GARK_ERK33a  t 1.5125  dsm 4827.92  dsm_est 54878.4
  H 0.0125  method ARKODE_MRI_GARK_ERK33a  t 1.7625  dsm 13680.4  dsm_est 176534
  H 0.0125  method ARKODE_MRI_GARK_ERK33a  t 2.0125  dsm 130.837  dsm_est 49597.7
  H 0.0125  method ARKODE_MRI_GARK_ERK33a  t 2.2625  dsm 162.492  dsm_est 34976.3
  H 0.0125  method ARKODE_MRI_GARK_ERK33a  t 2.5125  dsm 287.688  dsm_est 7113.08
  H 0.0125  method ARKODE_MRI_GARK_ERK33a  t 2.7625  dsm 382.02  dsm_est 4317.48
  H 0.0125  method ARKODE_MRI_GARK_ERK33a  t 3.0125  dsm 301.235  dsm_est 4949.38
  H 0.0125  method ARKODE_MRI_GARK_ERK33a  t 3.2625  dsm 258.571  dsm_est 2977.9
  H 0.0125  method ARKODE_MRI_GARK_ERK33a  t 3.5125  dsm 218.068  dsm_est 1269.3
  H 0.0125  method ARKODE_MRI_GARK_ERK33a  t 3.7625  dsm 162.764  dsm_est 1320.67
  H 0.0125  method ARKODE_MRI_GARK_ERK33a  t 4.0125  dsm 130.736  dsm_est 2369.28
  H 0.0125  method ARKODE_MRI_GARK_ERK33a  t 4.2625  dsm 20.6137  dsm_est 12728.2
  H 0.0125  method ARKODE_MRI_GARK_ERK33a  t 4.5125  dsm 176.78  dsm_est 15676.7
  H 0.0125  method ARKODE_MRI_GARK_ERK33a  t 4.7625  dsm 90.7369  dsm_est 3719.41
  H 0.003125  method ARKODE_MRI_GARK_ERK33a  t 0.003125  dsm 0.232651  dsm_est 10.9877
  H 0.003125  method ARKODE_MRI_GARK_ERK33a  t 0.253125  dsm 0.594785  dsm_est 70.8981
  H 0.003125  method ARKODE_MRI_GARK_ERK33a  t 0.503125  dsm 1.46693  dsm_est 527.764
  H 0.003125  method ARKODE_MRI_GARK_ERK33a  t 0.753125  dsm 2.86452  dsm_est 520.741
  H 0.003125  method ARKODE_MRI_GARK_ERK33a  t 1.00313  dsm 4.48531  dsm_est 12.8296
  H 0.003125  method ARKODE_MRI_GARK_ERK33a  t 1.25313  dsm 37.2232  dsm_est 3954.15
  H 0.003125  method ARKODE_MRI_GARK_ERK33a  t 1.50313  dsm 17.7805  dsm_est 786.062
  H 0.003125  method ARKODE_MRI_GARK_ERK33a  t 1.75313  dsm 58.1561  dsm_est 2999.34
  H 0.003125  method ARKODE_MRI_GARK_ERK33a  t 2.00312  dsm 0.615846  dsm_est 764.348
  H 0.003125  method ARKODE_MRI_GARK_ERK33a  t 2.25312  dsm 0.208735  dsm_est 542.352
  H 0.003125  method ARKODE_MRI_GARK_ERK33a  t 2.50312  dsm 1.15342  dsm_est 106.225
  H 0.003125  method ARKODE_MRI_GARK_ERK33a  t 2.75312  dsm 1.54621  dsm_est 59.6688
  H 0.003125  method ARKODE_MRI_GARK_ERK33a  t 3.00312  dsm 1.18391  dsm_est 80.2941
  H 0.003125  method ARKODE_MRI_GARK_ERK33a  t 3.25312  dsm 1.00984  dsm_est 46.1362
  H 0.003125  method ARKODE_MRI_GARK_ERK33a  t 3.50312  dsm 0.853892  dsm_est 19.4476
  H 0.003125  method ARKODE_MRI_GARK_ERK33a  t 3.75312  dsm 0.637603  dsm_est 20.4096
  H 0.003125  method ARKODE_MRI_GARK_ERK33a  t 4.00312  dsm 0.50676  dsm_est 35.5067
  H 0.003125  method ARKODE_MRI_GARK_ERK33a  t 4.25312  dsm 0.0997811  dsm_est 197.159
  H 0.003125  method ARKODE_MRI_GARK_ERK33a  t 4.50312  dsm 0.602658  dsm_est 244.1
  H 0.003125  method ARKODE_MRI_GARK_ERK33a  t 4.75312  dsm 0.3657  dsm_est 59.8484
  H 0.00078125  method ARKODE_MRI_GARK_ERK33a  t 0.00078125  dsm 0.000906789  dsm_est 0.1702
  H 0.00078125  method ARKODE_MRI_GARK_ERK33a  t 0.250781  dsm 0.00229725  dsm_est 1.09748
  H 0.00078125  method ARKODE_MRI_GARK_ERK33a  t 0.500781  dsm 0.00528907  dsm_est 8.25834
  H 0.00078125  method ARKODE_MRI_GARK_ERK33a  t 0.750781  dsm 0.0112664  dsm_est 8.18019
  H 0.00078125  method ARKODE_MRI_GARK_ERK33a  t 1.00078  dsm 0.0172485  dsm_est 0.149038
  H 0.00078125  method ARKODE_MRI_GARK_ERK33a  t 1.25078  dsm 0.162364  dsm_est 60.7616
  H 0.00078125  method ARKODE_MRI_GARK_ERK33a  t 1.50078  dsm 0.0684956  dsm_est 12.019
  H 0.00078125  method ARKODE_MRI_GARK_ERK33a  t 1.75078  dsm 0.231817  dsm_est 47.8533
  H 0.00078125  method ARKODE_MRI_GARK_ERK33a  t 2.00078  dsm 0.00251159  dsm_est 11.9018
  H 0.00078125  method ARKODE_MRI_GARK_ERK33a  t 2.25078  dsm 0.000388484  dsm_est 8.4539
  H 0.00078125  method ARKODE_MRI_GARK_ERK33a  t 2.50078  dsm 0.00453393  dsm_est 1.64038
  H 0.00078125  method ARKODE_MRI_GARK_ERK33a  t 2.75078  dsm 0.00608412  dsm_est 0.901588
  H 0.00078125  method ARKODE_MRI_GARK_ERK33a  t 3.00078  dsm 0.00463348  dsm_est 1.26635
  H 0.00078125  method ARKODE_MRI_GARK_ERK33a  t 3.25078  dsm 0.00394414  dsm_est 0.719303
  H 0.00078125  method ARKODE_MRI_GARK_ERK33a  t 3.50078  dsm 0.00333765  dsm_est 0.302408
  H 0.00078125  method ARKODE_MRI_GARK_ERK33a  t 3.75078  dsm 0.00249229  dsm_est 0.318005
  H 0.00078125  method ARKODE_MRI_GARK_ERK33a  t 4.00078  dsm 0.00197527  dsm_est 0.548996
  H 0.00078125  method ARKODE_MRI_GARK_ERK33a  t 4.25078  dsm 0.000423031  dsm_est 3.07331
  H 0.00078125  method ARKODE_MRI_GARK_ERK33a  t 4.50078  dsm 0.00226465  dsm_est 3.80981
  H 0.00078125  method ARKODE_MRI_GARK_ERK33a  t 4.75078  dsm 0.00143499  dsm_est 0.942031
  H 0.000195313  method ARKODE_MRI_GARK_ERK33a  t 0.000195313  dsm 2.85013e-06  dsm_est 0.00265424
  H 0.000195313  method ARKODE_MRI_GARK_ERK33a  t 0.250195  dsm 9.05953e-06  dsm_est 0.0171084
  H 0.000195313  method ARKODE_MRI_GARK_ERK33a  t 0.500195  dsm 2.05759e-05  dsm_est 0.129079
  H 0.000195313  method ARKODE_MRI_GARK_ERK33a  t 0.750195  dsm 4.6605e-05  dsm_est 0.127987
  H 0.000195313  method ARKODE_MRI_GARK_ERK33a  t 1.0002  dsm 6.66547e-05  dsm_est 0.00213263
  H 0.000195313  method ARKODE_MRI_GARK_ERK33a  t 1.2502  dsm 0.000653038  dsm_est 0.945246
  H 0.000195313  method ARKODE_MRI_GARK_ERK33a  t 1.5002  dsm 0.000267427  dsm_est 0.186783
  H 0.000195313  method ARKODE_MRI_GARK_ERK33a  t 1.7502  dsm 0.000909834  dsm_est 0.751614
  H 0.000195313  method ARKODE_MRI_GARK_ERK33a  t 2.0002  dsm 1.02331e-05  dsm_est 0.185807
  H 0.000195313  method ARKODE_MRI_GARK_ERK33a  t 2.2502  dsm 1.54333e-06  dsm_est 0.132009
  H 0.000195313  method ARKODE_MRI_GARK_ERK33a  t 2.5002  dsm 1.7004e-05  dsm_est 0.0255566
  H 0.000195313  method ARKODE_MRI_GARK_ERK33a  t 2.7502  dsm 2.75731e-05  dsm_est 0.0139673
  H 0.000195313  method ARKODE_MRI_GARK_ERK33a  t 3.0002  dsm 1.60122e-05  dsm_est 0.0198318
  H 0.000195313  method ARKODE_MRI_GARK_ERK33a  t 3.2502  dsm 1.59604e-05  dsm_est 0.0112328
  H 0.000195313  method ARKODE_MRI_GARK_ERK33a  t 3.5002  dsm 1.2611e-05  dsm_est 0.00471821
  H 0.000195313  method ARKODE_MRI_GARK_ERK33a  t 3.7502  dsm 1.0072e-05  dsm_est 0.00496521
  H 0.000195313  method ARKODE_MRI_GARK_ERK33a  t 4.0002  dsm 7.64165e-06  dsm_est 0.00855534
  H 0.000195313  method ARKODE_MRI_GARK_ERK33a  t 4.2502  dsm 3.12732e-06  dsm_est 0.0479914
  H 0.000195313  method ARKODE_MRI_GARK_ERK33a  t 4.5002  dsm 6.25467e-06  dsm_est 0.0595107
  H 0.000195313  method ARKODE_MRI_GARK_ERK33a  t 4.7502  dsm 1.05712e-05  dsm_est 0.0147462
  H 4.88281e-05  method ARKODE_MRI_GARK_ERK33a  t 4.88281e-05  dsm 2.01535e-06  dsm_est 4.1115e-05
  H 4.88281e-05  method ARKODE_MRI_GARK_ERK33a  t 0.250049  dsm 0  dsm_est 0.000267507
  H 4.88281e-05  method ARKODE_MRI_GARK_ERK33a  t 0.500049  dsm 1.50297e-06  dsm_est 0.00201586
  H 4.88281e-05  method ARKODE_MRI_GARK_ERK33a  t 0.750049  dsm 1.49086e-06  dsm_est 0.00200068
  H 4.88281e-05  method ARKODE_MRI_GARK_ERK33a  t 1.00005  dsm 9.78971e-07  dsm_est 3.2652e-05
  H 4.88281e-05  method ARKODE_MRI_GARK_ERK33a  t 1.25005  dsm 3.17142e-06  dsm_est 0.0147541
  H 4.88281e-05  method ARKODE_MRI_GARK_ERK33a  t 1.50005  dsm 2.18254e-06  dsm_est 0.0029151
  H 4.88281e-05  method ARKODE_MRI_GARK_ERK33a  t 1.75005  dsm 2.39243e-06  dsm_est 0.0117588
  H 4.88281e-05  method ARKODE_MRI_GARK_ERK33a  t 2.00005  dsm 1.0054e-06  dsm_est 0.00290265
  H 4.88281e-05  method ARKODE_MRI_GARK_ERK33a  t 2.25005  dsm 2.03676e-06  dsm_est 0.00206178
  H 4.88281e-05  method ARKODE_MRI_GARK_ERK33a  t 2.50005  dsm 3.37798e-06  dsm_est 0.000398446
  H 4.88281e-05  method ARKODE_MRI_GARK_ERK33a  t 2.75005  dsm 4.72989e-06  dsm_est 0.000217912
  H 4.88281e-05  method ARKODE_MRI_GARK_ERK33a  t 3.00005  dsm 6.95491e-06  dsm_est 0.000310377
  H 4.88281e-05  method ARKODE_MRI_GARK_ERK33a  t 3.25005  dsm 1.55004e-06  dsm_est 0.000175458
  H 4.88281e-05  method ARKODE_MRI_GARK_ERK33a  t 3.50005  dsm 9.19766e-07  dsm_est 7.37004e-05
  H 4.88281e-05  method ARKODE_MRI_GARK_ERK33a  t 3.75005  dsm 0  dsm_est 7.66833e-05
  H 4.88281e-05  method ARKODE_MRI_GARK_ERK33a  t 4.00005  dsm 1.08798e-06  dsm_est 0.000134086
  H 4.88281e-05  method ARKODE_MRI_GARK_ERK33a  t 4.25005  dsm 3.12694e-06  dsm_est 0.000748179
  H 4.88281e-05  method ARKODE_MRI_GARK_ERK33a  t 4.50005  dsm 1.16508e-06  dsm_est 0.000930348
  H 4.88281e-05  method ARKODE_MRI_GARK_ERK33a  t 4.75005  dsm 6.40365e-06  dsm_est 0.000231401

ARKODE_MRI_GARK_ERK33a summary:
  Stepsize 0.0125  	maxdsm 13680.4  	maxdsmest 267128
  Stepsize 0.003125  	maxdsm 58.1561  	maxdsmest 3954.15
  Stepsize 0.00078125  	maxdsm 0.231817  	maxdsmest 60.7616
  Stepsize 0.000195313  	maxdsm 0.000909834  	maxdsmest 0.945246
  Stepsize 4.88281e-05  	maxdsm 6.95491e-06  	maxdsmest 0.0147541
