Start MRIStep Logging test
Using Im-MRI-GARK method
Using Newton nonlinear solver
Using GMRES iterative linear solver
           t                        u                        v                      u err                    v err            
------------------------------------------------------------------------------------------------------------------------------
 0.000000000000000e+00    1.224744871391589e+00    1.732050807568877e+00    0.000000000000000e+00    0.000000000000000e+00
[INFO][rank 0][ARKodeEvolve][begin-step-attempt] step = 1, tn = 0, h = 0.001
[INFO][rank 0][mriStep_TakeStepMRIGARK][begin-stage] stage = 0, stage type = -2, tcur = 0
[INFO][rank 0][mriStep_TakeStepMRIGARK][end-stage] status = success
[INFO][rank 0][mriStep_TakeStepMRIGARK][begin-stage] stage = 1, stage type = 0, tcur = 0.000333333333333333
[INFO][rank 0][mriStep_StageERKFast][begin-fast-steps] 
[INFO][rank 0][ARKodeEvolve][begin-step-attempt] step = 1, tn = 0, h = 1.14408635496083e-08
[INFO][rank 0][arkStep_TakeStep_Z][begin-stage] stage = 0, implicit = 0, tcur = 0
[INFO][rank 0][arkStep_TakeStep_Z][end-stage] status = success
[INFO][rank 0][arkStep_TakeStep_Z][begin-stage] stage = 1, implicit = 0, tcur = 4.57634541984334e-09
[INFO][rank 0][arkStep_TakeStep_Z][end-stage] status = success
[INFO][rank 0][arkStep_TakeStep_Z][begin-stage] stage = 2, implicit = 0, tcur = 6.864518129765e-09
[INFO][rank 0][arkStep_TakeStep_Z][end-stage] status = success
[INFO][rank 0][arkStep_TakeStep_Z][begin-stage] stage = 3, implicit = 0, tcur = 1.14408635496083e-08
[INFO][rank 0][arkStep_TakeStep_Z][end-stage] status = success
[INFO][rank 0][arkStep_TakeStep_Z][begin-stage] stage = 4, implicit = 0, tcur = 1.14408635496083e-08
[INFO][rank 0][arkStep_TakeStep_Z][end-stage] status = success
[INFO][rank 0][arkStep_TakeStep_Z][begin-compute-solution] mass type = 0
[INFO][rank 0][arkStep_TakeStep_Z][end-compute-solution] status = success
[INFO][rank 0][ARKodeEvolve][end-step-attempt] status = success, dsm = 7.81663103431959e-20
[INFO][rank 0][ARKodeEvolve][begin-step-attempt] step = 2, tn = 1.14408635496083e-08, h = 0.000114408635496083
[INFO][rank 0][arkStep_TakeStep_Z][begin-stage] stage = 0, implicit = 0, tcur = 1.14408635496083e-08
[INFO][rank 0][arkStep_TakeStep_Z][end-stage] status = success
[INFO][rank 0][arkStep_TakeStep_Z][begin-stage] stage = 1, implicit = 0, tcur = 4.5774895061983e-05
[INFO][rank 0][arkStep_TakeStep_Z][end-stage] status = success
[INFO][rank 0][arkStep_TakeStep_Z][begin-stage] stage = 2, implicit = 0, tcur = 6.86566221611996e-05
[INFO][rank 0][arkStep_TakeStep_Z][end-stage] status = success
[INFO][rank 0][arkStep_TakeStep_Z][begin-stage] stage = 3, implicit = 0, tcur = 0.000114420076359633
[INFO][rank 0][arkStep_TakeStep_Z][end-stage] status = success
[INFO][rank 0][arkStep_TakeStep_Z][begin-stage] stage = 4, implicit = 0, tcur = 0.000114420076359633
[INFO][rank 0][arkStep_TakeStep_Z][end-stage] status = success
[INFO][rank 0][arkStep_TakeStep_Z][begin-compute-solution] mass type = 0
[INFO][rank 0][arkStep_TakeStep_Z][end-compute-solution] status = success
[INFO][rank 0][ARKodeEvolve][end-step-attempt] status = success, dsm = 2.44544264770262e-09
[INFO][rank 0][ARKodeEvolve][begin-step-attempt] step = 3, tn = 0.000114420076359633, h = 0.0002189132569737
[INFO][rank 0][arkStep_TakeStep_Z][begin-stage] stage = 0, implicit = 0, tcur = 0.000114420076359633
[INFO][rank 0][arkStep_TakeStep_Z][end-stage] status = success
[INFO][rank 0][arkStep_TakeStep_Z][begin-stage] stage = 1, implicit = 0, tcur = 0.000201985379149113
[INFO][rank 0][arkStep_TakeStep_Z][end-stage] status = success
[INFO][rank 0][arkStep_TakeStep_Z][begin-stage] stage = 2, implicit = 0, tcur = 0.000245768030543853
[INFO][rank 0][arkStep_TakeStep_Z][end-stage] status = success
[INFO][rank 0][arkStep_TakeStep_Z][begin-stage] stage = 3, implicit = 0, tcur = 0.000333333333333333
[INFO][rank 0][arkStep_TakeStep_Z][end-stage] status = success
[INFO][rank 0][arkStep_TakeStep_Z][begin-stage] stage = 4, implicit = 0, tcur = 0.000333333333333333
[INFO][rank 0][arkStep_TakeStep_Z][end-stage] status = success
[INFO][rank 0][arkStep_TakeStep_Z][begin-compute-solution] mass type = 0
[INFO][rank 0][arkStep_TakeStep_Z][end-compute-solution] status = success
[INFO][rank 0][ARKodeEvolve][end-step-attempt] status = success, dsm = 3.2835207774456e-08
[INFO][rank 0][mriStep_StageERKFast][end-fast-steps] status = success
[INFO][rank 0][mriStep_TakeStepMRIGARK][end-stage] status = success
[INFO][rank 0][mriStep_TakeStepMRIGARK][begin-stage] stage = 2, stage type = 2, tcur = 0.000333333333333333
[INFO][rank 0][mriStep_Nls][begin-nonlinear-solve] tol = 0.1
[INFO][rank 0][SUNNonlinSolSolve_Newton][nonlinear-solver] solver = Newton
[INFO][rank 0][SUNNonlinSolSolve_Newton][begin-nonlinear-iterate] 
[INFO][rank 0][arkLsSolve][begin-linear-solve] iterative = 1, b-norm = 2.618808553544664, b-tol = 0.0005000000000000001, res-tol = 0.0007071067811865477
[INFO][rank 0][SUNLinSolSolve_SPGMR][linear-solver] solver = spgmr
[INFO][rank 0][SUNLinSolSolve_SPGMR][begin-linear-iterate] 
[INFO][rank 0][SUNLinSolSolve_SPGMR][end-linear-iterate] cur-iter = 0, total-iters = 0, res-norm = 3.703554573681532, status = continue
[INFO][rank 0][SUNLinSolSolve_SPGMR][begin-linear-iterate] 
[INFO][rank 0][SUNLinSolSolve_SPGMR][linear-iterate] cur-iter = 1, total-iters = 1, res-norm = 0.001121259783340799
[INFO][rank 0][SUNLinSolSolve_SPGMR][end-linear-iterate] status = continue
[INFO][rank 0][SUNLinSolSolve_SPGMR][begin-linear-iterate] 
[INFO][rank 0][SUNLinSolSolve_SPGMR][linear-iterate] cur-iter = 2, total-iters = 2, res-norm = 1.080918309247983e-16
[INFO][rank 0][SUNLinSolSolve_SPGMR][end-linear-iterate] status = success
[INFO][rank 0][arkLsSolve][end-linear-solve] status = success, iters = 2, p-solves = 0, resnorm = 1.080918309247983e-16
[INFO][rank 0][SUNNonlinSolSolve_Newton][nonlinear-iterate] cur-iter = 1, total-iters = 1, update-norm = 2.618813609955846
[INFO][rank 0][SUNNonlinSolSolve_Newton][end-nonlinear-iterate] status = continue
[INFO][rank 0][SUNNonlinSolSolve_Newton][begin-nonlinear-iterate] 
[INFO][rank 0][arkLsSolve][begin-linear-solve] iterative = 1, b-norm = 9.232010012030245e-10, b-tol = 0.0005000000000000001, res-tol = 0.0007071067811865477
[INFO][rank 0][arkLsSolve][end-linear-solve] status = success small rhs
[INFO][rank 0][SUNNonlinSolSolve_Newton][nonlinear-iterate] cur-iter = 2, total-iters = 2, update-norm = 0
[INFO][rank 0][SUNNonlinSolSolve_Newton][end-nonlinear-iterate] status = success
[INFO][rank 0][mriStep_Nls][end-nonlinear-solve] status = success, iters = 2
[INFO][rank 0][mriStep_TakeStepMRIGARK][end-stage] status = success
[INFO][rank 0][mriStep_TakeStepMRIGARK][begin-stage] stage = 3, stage type = 0, tcur = 0.000666666666666667
[INFO][rank 0][mriStep_StageERKFast][begin-fast-steps] 
[INFO][rank 0][ARKodeEvolve][begin-step-attempt] step = 4, tn = 0.000333333333333333, h = 0.000333333333333333
[INFO][rank 0][arkStep_TakeStep_Z][begin-stage] stage = 0, implicit = 0, tcur = 0.000333333333333333
[INFO][rank 0][arkStep_TakeStep_Z][end-stage] status = success
[INFO][rank 0][arkStep_TakeStep_Z][begin-stage] stage = 1, implicit = 0, tcur = 0.000466666666666667
[INFO][rank 0][arkStep_TakeStep_Z][end-stage] status = success
[INFO][rank 0][arkStep_TakeStep_Z][begin-stage] stage = 2, implicit = 0, tcur = 0.000533333333333333
[INFO][rank 0][arkStep_TakeStep_Z][end-stage] status = success
[INFO][rank 0][arkStep_TakeStep_Z][begin-stage] stage = 3, implicit = 0, tcur = 0.000666666666666666
[INFO][rank 0][arkStep_TakeStep_Z][end-stage] status = success
[INFO][rank 0][arkStep_TakeStep_Z][begin-stage] stage = 4, implicit = 0, tcur = 0.000666666666666666
[INFO][rank 0][arkStep_TakeStep_Z][end-stage] status = success
[INFO][rank 0][arkStep_TakeStep_Z][begin-compute-solution] mass type = 0
[INFO][rank 0][arkStep_TakeStep_Z][end-compute-solution] status = success
[INFO][rank 0][ARKodeEvolve][end-step-attempt] status = success, dsm = 1.76957339993511e-07
[INFO][rank 0][mriStep_StageERKFast][end-fast-steps] status = success
[INFO][rank 0][mriStep_TakeStepMRIGARK][end-stage] status = success
[INFO][rank 0][mriStep_TakeStepMRIGARK][begin-stage] stage = 4, stage type = 2, tcur = 0.000666666666666667
[INFO][rank 0][mriStep_Nls][begin-nonlinear-solve] tol = 0.1
[INFO][rank 0][SUNNonlinSolSolve_Newton][nonlinear-solver] solver = Newton
[INFO][rank 0][SUNNonlinSolSolve_Newton][begin-nonlinear-iterate] 
[INFO][rank 0][arkLsSolve][begin-linear-solve] iterative = 1, b-norm = 10.47508400496729, b-tol = 0.0005000000000000001, res-tol = 0.0007071067811865477
[INFO][rank 0][SUNLinSolSolve_SPGMR][linear-solver] solver = spgmr
[INFO][rank 0][SUNLinSolSolve_SPGMR][begin-linear-iterate] 
[INFO][rank 0][SUNLinSolSolve_SPGMR][end-linear-iterate] cur-iter = 0, total-iters = 0, res-norm = 14.81400586682223, status = continue
[INFO][rank 0][SUNLinSolSolve_SPGMR][begin-linear-iterate] 
[INFO][rank 0][SUNLinSolSolve_SPGMR][linear-iterate] cur-iter = 1, total-iters = 1, res-norm = 0.004506588438707521
[INFO][rank 0][SUNLinSolSolve_SPGMR][end-linear-iterate] status = continue
[INFO][rank 0][SUNLinSolSolve_SPGMR][begin-linear-iterate] 
[INFO][rank 0][SUNLinSolSolve_SPGMR][linear-iterate] cur-iter = 2, total-iters = 2, res-norm = 1.784461814300813e-15
[INFO][rank 0][SUNLinSolSolve_SPGMR][end-linear-iterate] status = success
[INFO][rank 0][arkLsSolve][end-linear-solve] status = success, iters = 2, p-solves = 0, resnorm = 1.784461814300813e-15
[INFO][rank 0][SUNNonlinSolSolve_Newton][nonlinear-iterate] cur-iter = 1, total-iters = 1, update-norm = 10.47509900841071
[INFO][rank 0][SUNNonlinSolSolve_Newton][end-nonlinear-iterate] status = continue
[INFO][rank 0][SUNNonlinSolSolve_Newton][begin-nonlinear-iterate] 
[INFO][rank 0][arkLsSolve][begin-linear-solve] iterative = 1, b-norm = 2.162702708411528e-08, b-tol = 0.0005000000000000001, res-tol = 0.0007071067811865477
[INFO][rank 0][arkLsSolve][end-linear-solve] status = success small rhs
[INFO][rank 0][SUNNonlinSolSolve_Newton][nonlinear-iterate] cur-iter = 2, total-iters = 2, update-norm = 0
[INFO][rank 0][SUNNonlinSolSolve_Newton][end-nonlinear-iterate] status = success
[INFO][rank 0][mriStep_Nls][end-nonlinear-solve] status = success, iters = 2
[INFO][rank 0][mriStep_TakeStepMRIGARK][end-stage] status = success
[INFO][rank 0][mriStep_TakeStepMRIGARK][begin-stage] stage = 5, stage type = 0, tcur = 0.001
[INFO][rank 0][mriStep_StageERKFast][begin-fast-steps] 
[INFO][rank 0][ARKodeEvolve][begin-step-attempt] step = 5, tn = 0.000666666666666667, h = 0.000333333333333333
[INFO][rank 0][arkStep_TakeStep_Z][begin-stage] stage = 0, implicit = 0, tcur = 0.000666666666666667
[INFO][rank 0][arkStep_TakeStep_Z][end-stage] status = success
[INFO][rank 0][arkStep_TakeStep_Z][begin-stage] stage = 1, implicit = 0, tcur = 0.0008
[INFO][rank 0][arkStep_TakeStep_Z][end-stage] status = success
[INFO][rank 0][arkStep_TakeStep_Z][begin-stage] stage = 2, implicit = 0, tcur = 0.000866666666666667
[INFO][rank 0][arkStep_TakeStep_Z][end-stage] status = success
[INFO][rank 0][arkStep_TakeStep_Z][begin-stage] stage = 3, implicit = 0, tcur = 0.001
[INFO][rank 0][arkStep_TakeStep_Z][end-stage] status = success
[INFO][rank 0][arkStep_TakeStep_Z][begin-stage] stage = 4, implicit = 0, tcur = 0.001
[INFO][rank 0][arkStep_TakeStep_Z][end-stage] status = success
[INFO][rank 0][arkStep_TakeStep_Z][begin-compute-solution] mass type = 0
[INFO][rank 0][arkStep_TakeStep_Z][end-compute-solution] status = success
[INFO][rank 0][ARKodeEvolve][end-step-attempt] status = success, dsm = 1.77410745229413e-07
[INFO][rank 0][mriStep_StageERKFast][end-fast-steps] status = success
[INFO][rank 0][mriStep_TakeStepMRIGARK][end-stage] status = success
[INFO][rank 0][mriStep_TakeStepMRIGARK][begin-stage] stage = 6, stage type = 2, tcur = 0.001
[INFO][rank 0][mriStep_Nls][begin-nonlinear-solve] tol = 0.1
[INFO][rank 0][SUNNonlinSolSolve_Newton][nonlinear-solver] solver = Newton
[INFO][rank 0][SUNNonlinSolSolve_Newton][begin-nonlinear-iterate] 
[INFO][rank 0][arkLsSolve][begin-linear-solve] iterative = 1, b-norm = 23.56852919194102, b-tol = 0.0005000000000000001, res-tol = 0.0007071067811865477
[INFO][rank 0][SUNLinSolSolve_SPGMR][linear-solver] solver = spgmr
[INFO][rank 0][SUNLinSolSolve_SPGMR][begin-linear-iterate] 
[INFO][rank 0][SUNLinSolSolve_SPGMR][end-linear-iterate] cur-iter = 0, total-iters = 0, res-norm = 33.33093362842919, status = continue
[INFO][rank 0][SUNLinSolSolve_SPGMR][begin-linear-iterate] 
[INFO][rank 0][SUNLinSolSolve_SPGMR][linear-iterate] cur-iter = 1, total-iters = 1, res-norm = 0.01020836739073424
[INFO][rank 0][SUNLinSolSolve_SPGMR][end-linear-iterate] status = continue
[INFO][rank 0][SUNLinSolSolve_SPGMR][begin-linear-iterate] 
[INFO][rank 0][SUNLinSolSolve_SPGMR][linear-iterate] cur-iter = 2, total-iters = 2, res-norm = 7.355663625576664e-16
[INFO][rank 0][SUNLinSolSolve_SPGMR][end-linear-iterate] status = success
[INFO][rank 0][arkLsSolve][end-linear-solve] status = success, iters = 2, p-solves = 0, resnorm = 7.355663625576664e-16
[INFO][rank 0][SUNNonlinSolSolve_Newton][nonlinear-iterate] cur-iter = 1, total-iters = 1, update-norm = 23.56854611856336
[INFO][rank 0][SUNNonlinSolSolve_Newton][end-nonlinear-iterate] status = continue
[INFO][rank 0][SUNNonlinSolSolve_Newton][begin-nonlinear-iterate] 
[INFO][rank 0][arkLsSolve][begin-linear-solve] iterative = 1, b-norm = 1.159124529421133e-07, b-tol = 0.0005000000000000001, res-tol = 0.0007071067811865477
[INFO][rank 0][arkLsSolve][end-linear-solve] status = success small rhs
[INFO][rank 0][SUNNonlinSolSolve_Newton][nonlinear-iterate] cur-iter = 2, total-iters = 2, update-norm = 0
[INFO][rank 0][SUNNonlinSolSolve_Newton][end-nonlinear-iterate] status = success
[INFO][rank 0][mriStep_Nls][end-nonlinear-solve] status = success, iters = 2
[INFO][rank 0][mriStep_TakeStepMRIGARK][end-stage] status = success
[INFO][rank 0][mriStep_TakeStepMRIGARK][begin-stage] stage = 7, stage type = -1, tcur = 0.001
[INFO][rank 0][mriStep_TakeStepMRIGARK][end-stage] status = success
[INFO][rank 0][ARKodeEvolve][end-step-attempt] status = success
 1.000000000000000e-03    1.224744769329781e+00    1.731993073504227e+00    2.609024107869118e-13    1.154631945610163e-14
[INFO][rank 0][ARKodeEvolve][begin-step-attempt] step = 2, tn = 0.001, h = 0.001
[INFO][rank 0][mriStep_TakeStepMRIGARK][begin-stage] stage = 0, stage type = -2, tcur = 0.001
[INFO][rank 0][mriStep_TakeStepMRIGARK][end-stage] status = success
[INFO][rank 0][mriStep_TakeStepMRIGARK][begin-stage] stage = 1, stage type = 0, tcur = 0.00133333333333333
[INFO][rank 0][mriStep_StageERKFast][begin-fast-steps] 
[INFO][rank 0][ARKodeEvolve][begin-step-attempt] step = 6, tn = 0.001, h = 0.000333333333333333
[INFO][rank 0][arkStep_TakeStep_Z][begin-stage] stage = 0, implicit = 0, tcur = 0.001
[INFO][rank 0][arkStep_TakeStep_Z][end-stage] status = success
[INFO][rank 0][arkStep_TakeStep_Z][begin-stage] stage = 1, implicit = 0, tcur = 0.00113333333333333
[INFO][rank 0][arkStep_TakeStep_Z][end-stage] status = success
[INFO][rank 0][arkStep_TakeStep_Z][begin-stage] stage = 2, implicit = 0, tcur = 0.0012
[INFO][rank 0][arkStep_TakeStep_Z][end-stage] status = success
[INFO][rank 0][arkStep_TakeStep_Z][begin-stage] stage = 3, implicit = 0, tcur = 0.00133333333333333
[INFO][rank 0][arkStep_TakeStep_Z][end-stage] status = success
[INFO][rank 0][arkStep_TakeStep_Z][begin-stage] stage = 4, implicit = 0, tcur = 0.00133333333333333
[INFO][rank 0][arkStep_TakeStep_Z][end-stage] status = success
[INFO][rank 0][arkStep_TakeStep_Z][begin-compute-solution] mass type = 0
[INFO][rank 0][arkStep_TakeStep_Z][end-compute-solution] status = success
[INFO][rank 0][ARKodeEvolve][end-step-attempt] status = success, dsm = 1.7784697743203e-07
[INFO][rank 0][mriStep_StageERKFast][end-fast-steps] status = success
[INFO][rank 0][mriStep_TakeStepMRIGARK][end-stage] status = success
[INFO][rank 0][mriStep_TakeStepMRIGARK][begin-stage] stage = 2, stage type = 2, tcur = 0.00133333333333333
[INFO][rank 0][mriStep_Nls][begin-nonlinear-solve] tol = 0.1
[INFO][rank 0][SUNNonlinSolSolve_Newton][nonlinear-solver] solver = Newton
[INFO][rank 0][SUNNonlinSolSolve_Newton][begin-nonlinear-iterate] 
[INFO][rank 0][arkLsSolve][begin-linear-solve] iterative = 1, b-norm = 18.33117208679076, b-tol = 0.0005000000000000001, res-tol = 0.0007071067811865477
[INFO][rank 0][SUNLinSolSolve_SPGMR][linear-solver] solver = spgmr
[INFO][rank 0][SUNLinSolSolve_SPGMR][begin-linear-iterate] 
[INFO][rank 0][SUNLinSolSolve_SPGMR][end-linear-iterate] cur-iter = 0, total-iters = 0, res-norm = 25.9241921793346, status = continue
[INFO][rank 0][SUNLinSolSolve_SPGMR][begin-linear-iterate] 
[INFO][rank 0][SUNLinSolSolve_SPGMR][linear-iterate] cur-iter = 1, total-iters = 1, res-norm = 0.007926620801967321
[INFO][rank 0][SUNLinSolSolve_SPGMR][end-linear-iterate] status = continue
[INFO][rank 0][SUNLinSolSolve_SPGMR][begin-linear-iterate] 
[INFO][rank 0][SUNLinSolSolve_SPGMR][linear-iterate] cur-iter = 2, total-iters = 2, res-norm = 5.96020189895167e-15
[INFO][rank 0][SUNLinSolSolve_SPGMR][end-linear-iterate] status = success
[INFO][rank 0][arkLsSolve][end-linear-solve] status = success, iters = 2, p-solves = 0, resnorm = 5.96020189895167e-15
[INFO][rank 0][SUNNonlinSolSolve_Newton][nonlinear-iterate] cur-iter = 1, total-iters = 1, update-norm = 18.3311884590036
[INFO][rank 0][SUNNonlinSolSolve_Newton][end-nonlinear-iterate] status = continue
[INFO][rank 0][SUNNonlinSolSolve_Newton][begin-nonlinear-iterate] 
[INFO][rank 0][arkLsSolve][begin-linear-solve] iterative = 1, b-norm = 6.923065181149995e-08, b-tol = 0.0005000000000000001, res-tol = 0.0007071067811865477
[INFO][rank 0][arkLsSolve][end-linear-solve] status = success small rhs
[INFO][rank 0][SUNNonlinSolSolve_Newton][nonlinear-iterate] cur-iter = 2, total-iters = 2, update-norm = 0
[INFO][rank 0][SUNNonlinSolSolve_Newton][end-nonlinear-iterate] status = success
[INFO][rank 0][mriStep_Nls][end-nonlinear-solve] status = success, iters = 2
[INFO][rank 0][mriStep_TakeStepMRIGARK][end-stage] status = success
[INFO][rank 0][mriStep_TakeStepMRIGARK][begin-stage] stage = 3, stage type = 0, tcur = 0.00166666666666667
[INFO][rank 0][mriStep_StageERKFast][begin-fast-steps] 
[INFO][rank 0][ARKodeEvolve][begin-step-attempt] step = 7, tn = 0.00133333333333333, h = 0.000333333333333333
[INFO][rank 0][arkStep_TakeStep_Z][begin-stage] stage = 0, implicit = 0, tcur = 0.00133333333333333
[INFO][rank 0][arkStep_TakeStep_Z][end-stage] status = success
[INFO][rank 0][arkStep_TakeStep_Z][begin-stage] stage = 1, implicit = 0, tcur = 0.00146666666666667
[INFO][rank 0][arkStep_TakeStep_Z][end-stage] status = success
[INFO][rank 0][arkStep_TakeStep_Z][begin-stage] stage = 2, implicit = 0, tcur = 0.00153333333333333
[INFO][rank 0][arkStep_TakeStep_Z][end-stage] status = success
[INFO][rank 0][arkStep_TakeStep_Z][begin-stage] stage = 3, implicit = 0, tcur = 0.00166666666666667
[INFO][rank 0][arkStep_TakeStep_Z][end-stage] status = success
[INFO][rank 0][arkStep_TakeStep_Z][begin-stage] stage = 4, implicit = 0, tcur = 0.00166666666666667
[INFO][rank 0][arkStep_TakeStep_Z][end-stage] status = success
[INFO][rank 0][arkStep_TakeStep_Z][begin-compute-solution] mass type = 0
[INFO][rank 0][arkStep_TakeStep_Z][end-compute-solution] status = success
[INFO][rank 0][ARKodeEvolve][end-step-attempt] status = success, dsm = 1.78264583570881e-07
[INFO][rank 0][mriStep_StageERKFast][end-fast-steps] status = success
[INFO][rank 0][mriStep_TakeStepMRIGARK][end-stage] status = success
[INFO][rank 0][mriStep_TakeStepMRIGARK][begin-stage] stage = 4, stage type = 2, tcur = 0.00166666666666667
[INFO][rank 0][mriStep_Nls][begin-nonlinear-solve] tol = 0.1
[INFO][rank 0][SUNNonlinSolSolve_Newton][nonlinear-solver] solver = Newton
[INFO][rank 0][SUNNonlinSolSolve_Newton][begin-nonlinear-iterate] 
[INFO][rank 0][arkLsSolve][begin-linear-solve] iterative = 1, b-norm = 41.8991272714572, b-tol = 0.0005000000000000001, res-tol = 0.0007071067811865477
[INFO][rank 0][SUNLinSolSolve_SPGMR][linear-solver] solver = spgmr
[INFO][rank 0][SUNLinSolSolve_SPGMR][begin-linear-iterate] 
[INFO][rank 0][SUNLinSolSolve_SPGMR][end-linear-iterate] cur-iter = 0, total-iters = 0, res-norm = 59.25431403889118, status = continue
[INFO][rank 0][SUNLinSolSolve_SPGMR][begin-linear-iterate] 
[INFO][rank 0][SUNLinSolSolve_SPGMR][linear-iterate] cur-iter = 1, total-iters = 1, res-norm = 0.01811631882340358
[INFO][rank 0][SUNLinSolSolve_SPGMR][end-linear-iterate] status = continue
[INFO][rank 0][SUNLinSolSolve_SPGMR][begin-linear-iterate] 
[INFO][rank 0][SUNLinSolSolve_SPGMR][linear-iterate] cur-iter = 2, total-iters = 2, res-norm = 3.767859298135969e-15
[INFO][rank 0][SUNLinSolSolve_SPGMR][end-linear-iterate] status = success
[INFO][rank 0][arkLsSolve][end-linear-solve] status = success, iters = 2, p-solves = 0, resnorm = 3.767859298135969e-15
[INFO][rank 0][SUNNonlinSolSolve_Newton][nonlinear-iterate] cur-iter = 1, total-iters = 1, update-norm = 41.89916487967248
[INFO][rank 0][SUNNonlinSolSolve_Newton][end-nonlinear-iterate] status = continue
[INFO][rank 0][SUNNonlinSolSolve_Newton][begin-nonlinear-iterate] 
[INFO][rank 0][arkLsSolve][begin-linear-solve] iterative = 1, b-norm = 3.734177522130014e-07, b-tol = 0.0005000000000000001, res-tol = 0.0007071067811865477
[INFO][rank 0][arkLsSolve][end-linear-solve] status = success small rhs
[INFO][rank 0][SUNNonlinSolSolve_Newton][nonlinear-iterate] cur-iter = 2, total-iters = 2, update-norm = 0
[INFO][rank 0][SUNNonlinSolSolve_Newton][end-nonlinear-iterate] status = success
[INFO][rank 0][mriStep_Nls][end-nonlinear-solve] status = success, iters = 2
[INFO][rank 0][mriStep_TakeStepMRIGARK][end-stage] status = success
[INFO][rank 0][mriStep_TakeStepMRIGARK][begin-stage] stage = 5, stage type = 0, tcur = 0.002
[INFO][rank 0][mriStep_StageERKFast][begin-fast-steps] 
[INFO][rank 0][ARKodeEvolve][begin-step-attempt] step = 8, tn = 0.00166666666666667, h = 0.000333333333333333
[INFO][rank 0][arkStep_TakeStep_Z][begin-stage] stage = 0, implicit = 0, tcur = 0.00166666666666667
[INFO][rank 0][arkStep_TakeStep_Z][end-stage] status = success
[INFO][rank 0][arkStep_TakeStep_Z][begin-stage] stage = 1, implicit = 0, tcur = 0.0018
[INFO][rank 0][arkStep_TakeStep_Z][end-stage] status = success
[INFO][rank 0][arkStep_TakeStep_Z][begin-stage] stage = 2, implicit = 0, tcur = 0.00186666666666667
[INFO][rank 0][arkStep_TakeStep_Z][end-stage] status = success
[INFO][rank 0][arkStep_TakeStep_Z][begin-stage] stage = 3, implicit = 0, tcur = 0.002
[INFO][rank 0][arkStep_TakeStep_Z][end-stage] status = success
[INFO][rank 0][arkStep_TakeStep_Z][begin-stage] stage = 4, implicit = 0, tcur = 0.002
[INFO][rank 0][arkStep_TakeStep_Z][end-stage] status = success
[INFO][rank 0][arkStep_TakeStep_Z][begin-compute-solution] mass type = 0
[INFO][rank 0][arkStep_TakeStep_Z][end-compute-solution] status = success
[INFO][rank 0][ARKodeEvolve][end-step-attempt] status = success, dsm = 1.7866331166939e-07
[INFO][rank 0][mriStep_StageERKFast][end-fast-steps] status = success
[INFO][rank 0][mriStep_TakeStepMRIGARK][end-stage] status = success
[INFO][rank 0][mriStep_TakeStepMRIGARK][begin-stage] stage = 6, stage type = 2, tcur = 0.002
[INFO][rank 0][mriStep_Nls][begin-nonlinear-solve] tol = 0.1
[INFO][rank 0][SUNNonlinSolSolve_Newton][nonlinear-solver] solver = Newton
[INFO][rank 0][SUNNonlinSolSolve_Newton][begin-nonlinear-iterate] 
[INFO][rank 0][arkLsSolve][begin-linear-solve] iterative = 1, b-norm = 70.70323025789027, b-tol = 0.0005000000000000001, res-tol = 0.0007071067811865477
[INFO][rank 0][SUNLinSolSolve_SPGMR][linear-solver] solver = spgmr
[INFO][rank 0][SUNLinSolSolve_SPGMR][begin-linear-iterate] 
[INFO][rank 0][SUNLinSolSolve_SPGMR][end-linear-iterate] cur-iter = 0, total-iters = 0, res-norm = 99.98946713429621, status = continue
[INFO][rank 0][SUNLinSolSolve_SPGMR][begin-linear-iterate] 
[INFO][rank 0][SUNLinSolSolve_SPGMR][linear-iterate] cur-iter = 1, total-iters = 1, res-norm = 0.0306210098787736
[INFO][rank 0][SUNLinSolSolve_SPGMR][end-linear-iterate] status = continue
[INFO][rank 0][SUNLinSolSolve_SPGMR][begin-linear-iterate] 
[INFO][rank 0][SUNLinSolSolve_SPGMR][linear-iterate] cur-iter = 2, total-iters = 2, res-norm = 8.142537668128806e-15
[INFO][rank 0][SUNLinSolSolve_SPGMR][end-linear-iterate] status = success
[INFO][rank 0][arkLsSolve][end-linear-solve] status = success, iters = 2, p-solves = 0, resnorm = 8.142537668128806e-15
[INFO][rank 0][SUNNonlinSolSolve_Newton][nonlinear-iterate] cur-iter = 1, total-iters = 1, update-norm = 70.70328103277684
[INFO][rank 0][SUNNonlinSolSolve_Newton][end-nonlinear-iterate] status = continue
[INFO][rank 0][SUNNonlinSolSolve_Newton][begin-nonlinear-iterate] 
[INFO][rank 0][arkLsSolve][begin-linear-solve] iterative = 1, b-norm = 1.073884719277568e-06, b-tol = 0.0005000000000000001, res-tol = 0.0007071067811865477
[INFO][rank 0][arkLsSolve][end-linear-solve] status = success small rhs
[INFO][rank 0][SUNNonlinSolSolve_Newton][nonlinear-iterate] cur-iter = 2, total-iters = 2, update-norm = 0
[INFO][rank 0][SUNNonlinSolSolve_Newton][end-nonlinear-iterate] status = success
[INFO][rank 0][mriStep_Nls][end-nonlinear-solve] status = success, iters = 2
[INFO][rank 0][mriStep_TakeStepMRIGARK][end-stage] status = success
[INFO][rank 0][mriStep_TakeStepMRIGARK][begin-stage] stage = 7, stage type = -1, tcur = 0.002
[INFO][rank 0][mriStep_TakeStepMRIGARK][end-stage] status = success
[INFO][rank 0][ARKodeEvolve][end-step-attempt] status = success
 2.000000000000000e-03    1.224744463146273e+00    1.731819882857643e+00    2.906785923073585e-12    2.398081733190338e-14
[INFO][rank 0][ARKodeEvolve][begin-step-attempt] step = 3, tn = 0.002, h = 0.001
[INFO][rank 0][mriStep_TakeStepMRIGARK][begin-stage] stage = 0, stage type = -2, tcur = 0.002
[INFO][rank 0][mriStep_TakeStepMRIGARK][end-stage] status = success
[INFO][rank 0][mriStep_TakeStepMRIGARK][begin-stage] stage = 1, stage type = 0, tcur = 0.00233333333333333
[INFO][rank 0][mriStep_StageERKFast][begin-fast-steps] 
[INFO][rank 0][ARKodeEvolve][begin-step-attempt] step = 9, tn = 0.002, h = 0.000333333333333333
[INFO][rank 0][arkStep_TakeStep_Z][begin-stage] stage = 0, implicit = 0, tcur = 0.002
[INFO][rank 0][arkStep_TakeStep_Z][end-stage] status = success
[INFO][rank 0][arkStep_TakeStep_Z][begin-stage] stage = 1, implicit = 0, tcur = 0.00213333333333333
[INFO][rank 0][arkStep_TakeStep_Z][end-stage] status = success
[INFO][rank 0][arkStep_TakeStep_Z][begin-stage] stage = 2, implicit = 0, tcur = 0.0022
[INFO][rank 0][arkStep_TakeStep_Z][end-stage] status = success
[INFO][rank 0][arkStep_TakeStep_Z][begin-stage] stage = 3, implicit = 0, tcur = 0.00233333333333333
[INFO][rank 0][arkStep_TakeStep_Z][end-stage] status = success
[INFO][rank 0][arkStep_TakeStep_Z][begin-stage] stage = 4, implicit = 0, tcur = 0.00233333333333333
[INFO][rank 0][arkStep_TakeStep_Z][end-stage] status = success
[INFO][rank 0][arkStep_TakeStep_Z][begin-compute-solution] mass type = 0
[INFO][rank 0][arkStep_TakeStep_Z][end-compute-solution] status = success
[INFO][rank 0][ARKodeEvolve][end-step-attempt] status = success, dsm = 1.79044824379906e-07
[INFO][rank 0][mriStep_StageERKFast][end-fast-steps] status = success
[INFO][rank 0][mriStep_TakeStepMRIGARK][end-stage] status = success
[INFO][rank 0][mriStep_TakeStepMRIGARK][begin-stage] stage = 2, stage type = 2, tcur = 0.00233333333333333
[INFO][rank 0][mriStep_Nls][begin-nonlinear-solve] tol = 0.1
[INFO][rank 0][SUNNonlinSolSolve_Newton][nonlinear-solver] solver = Newton
[INFO][rank 0][SUNNonlinSolSolve_Newton][begin-nonlinear-iterate] 
[INFO][rank 0][arkLsSolve][begin-linear-solve] iterative = 1, b-norm = 34.04320254847141, b-tol = 0.0005000000000000001, res-tol = 0.0007071067811865477
[INFO][rank 0][SUNLinSolSolve_SPGMR][linear-solver] solver = spgmr
[INFO][rank 0][SUNLinSolSolve_SPGMR][begin-linear-iterate] 
[INFO][rank 0][SUNLinSolSolve_SPGMR][end-linear-iterate] cur-iter = 0, total-iters = 0, res-norm = 48.14435875066259, status = continue
[INFO][rank 0][SUNLinSolSolve_SPGMR][begin-linear-iterate] 
[INFO][rank 0][SUNLinSolSolve_SPGMR][linear-iterate] cur-iter = 1, total-iters = 1, res-norm = 0.0147300815422269
[INFO][rank 0][SUNLinSolSolve_SPGMR][end-linear-iterate] status = continue
[INFO][rank 0][SUNLinSolSolve_SPGMR][begin-linear-iterate] 
[INFO][rank 0][SUNLinSolSolve_SPGMR][linear-iterate] cur-iter = 2, total-iters = 2, res-norm = 1.475993886304119e-19
[INFO][rank 0][SUNLinSolSolve_SPGMR][end-linear-iterate] status = success
[INFO][rank 0][arkLsSolve][end-linear-solve] status = success, iters = 2, p-solves = 0, resnorm = 1.475993886304119e-19
[INFO][rank 0][SUNNonlinSolSolve_Newton][nonlinear-iterate] cur-iter = 1, total-iters = 1, update-norm = 34.04323020408164
[INFO][rank 0][SUNNonlinSolSolve_Newton][end-nonlinear-iterate] status = continue
[INFO][rank 0][SUNNonlinSolSolve_Newton][begin-nonlinear-iterate] 
[INFO][rank 0][arkLsSolve][begin-linear-solve] iterative = 1, b-norm = 2.451037074099789e-07, b-tol = 0.0005000000000000001, res-tol = 0.0007071067811865477
[INFO][rank 0][arkLsSolve][end-linear-solve] status = success small rhs
[INFO][rank 0][SUNNonlinSolSolve_Newton][nonlinear-iterate] cur-iter = 2, total-iters = 2, update-norm = 0
[INFO][rank 0][SUNNonlinSolSolve_Newton][end-nonlinear-iterate] status = success
[INFO][rank 0][mriStep_Nls][end-nonlinear-solve] status = success, iters = 2
[INFO][rank 0][mriStep_TakeStepMRIGARK][end-stage] status = success
[INFO][rank 0][mriStep_TakeStepMRIGARK][begin-stage] stage = 3, stage type = 0, tcur = 0.00266666666666667
[INFO][rank 0][mriStep_StageERKFast][begin-fast-steps] 
[INFO][rank 0][ARKodeEvolve][begin-step-attempt] step = 10, tn = 0.00233333333333333, h = 0.000333333333333333
[INFO][rank 0][arkStep_TakeStep_Z][begin-stage] stage = 0, implicit = 0, tcur = 0.00233333333333333
[INFO][rank 0][arkStep_TakeStep_Z][end-stage] status = success
[INFO][rank 0][arkStep_TakeStep_Z][begin-stage] stage = 1, implicit = 0, tcur = 0.00246666666666667
[INFO][rank 0][arkStep_TakeStep_Z][end-stage] status = success
[INFO][rank 0][arkStep_TakeStep_Z][begin-stage] stage = 2, implicit = 0, tcur = 0.00253333333333333
[INFO][rank 0][arkStep_TakeStep_Z][end-stage] status = success
[INFO][rank 0][arkStep_TakeStep_Z][begin-stage] stage = 3, implicit = 0, tcur = 0.00266666666666667
[INFO][rank 0][arkStep_TakeStep_Z][end-stage] status = success
[INFO][rank 0][arkStep_TakeStep_Z][begin-stage] stage = 4, implicit = 0, tcur = 0.00266666666666667
[INFO][rank 0][arkStep_TakeStep_Z][end-stage] status = success
[INFO][rank 0][arkStep_TakeStep_Z][begin-compute-solution] mass type = 0
[INFO][rank 0][arkStep_TakeStep_Z][end-compute-solution] status = success
[INFO][rank 0][ARKodeEvolve][end-step-attempt] status = success, dsm = 1.79407655316113e-07
[INFO][rank 0][mriStep_StageERKFast][end-fast-steps] status = success
[INFO][rank 0][mriStep_TakeStepMRIGARK][end-stage] status = success
[INFO][rank 0][mriStep_TakeStepMRIGARK][begin-stage] stage = 4, stage type = 2, tcur = 0.00266666666666667
[INFO][rank 0][mriStep_Nls][begin-nonlinear-solve] tol = 0.1
[INFO][rank 0][SUNNonlinSolSolve_Newton][nonlinear-solver] solver = Newton
[INFO][rank 0][SUNNonlinSolSolve_Newton][begin-nonlinear-iterate] 
[INFO][rank 0][arkLsSolve][begin-linear-solve] iterative = 1, b-norm = 73.32179062888304, b-tol = 0.0005000000000000001, res-tol = 0.0007071067811865477
[INFO][rank 0][SUNLinSolSolve_SPGMR][linear-solver] solver = spgmr
[INFO][rank 0][SUNLinSolSolve_SPGMR][begin-linear-iterate] 
[INFO][rank 0][SUNLinSolSolve_SPGMR][end-linear-iterate] cur-iter = 0, total-iters = 0, res-norm = 103.6926707248469, status = continue
[INFO][rank 0][SUNLinSolSolve_SPGMR][begin-linear-iterate] 
[INFO][rank 0][SUNLinSolSolve_SPGMR][linear-iterate] cur-iter = 1, total-iters = 1, res-norm = 0.03172118985328261
[INFO][rank 0][SUNLinSolSolve_SPGMR][end-linear-iterate] status = continue
[INFO][rank 0][SUNLinSolSolve_SPGMR][begin-linear-iterate] 
[INFO][rank 0][SUNLinSolSolve_SPGMR][linear-iterate] cur-iter = 2, total-iters = 2, res-norm = 1.528691940896443e-14
[INFO][rank 0][SUNLinSolSolve_SPGMR][end-linear-iterate] status = success
[INFO][rank 0][arkLsSolve][end-linear-solve] status = success, iters = 2, p-solves = 0, resnorm = 1.528691940896443e-14
[INFO][rank 0][SUNNonlinSolSolve_Newton][nonlinear-iterate] cur-iter = 1, total-iters = 1, update-norm = 73.32185080179332
[INFO][rank 0][SUNNonlinSolSolve_Newton][end-nonlinear-iterate] status = continue
[INFO][rank 0][SUNNonlinSolSolve_Newton][begin-nonlinear-iterate] 
[INFO][rank 0][arkLsSolve][begin-linear-solve] iterative = 1, b-norm = 1.155370726632578e-06, b-tol = 0.0005000000000000001, res-tol = 0.0007071067811865477
[INFO][rank 0][arkLsSolve][end-linear-solve] status = success small rhs
[INFO][rank 0][SUNNonlinSolSolve_Newton][nonlinear-iterate] cur-iter = 2, total-iters = 2, update-norm = 0
[INFO][rank 0][SUNNonlinSolSolve_Newton][end-nonlinear-iterate] status = success
[INFO][rank 0][mriStep_Nls][end-nonlinear-solve] status = success, iters = 2
[INFO][rank 0][mriStep_TakeStepMRIGARK][end-stage] status = success
[INFO][rank 0][mriStep_TakeStepMRIGARK][begin-stage] stage = 5, stage type = 0, tcur = 0.003
[INFO][rank 0][mriStep_StageERKFast][begin-fast-steps] 
[INFO][rank 0][ARKodeEvolve][begin-step-attempt] step = 11, tn = 0.00266666666666667, h = 0.000333333333333333
[INFO][rank 0][arkStep_TakeStep_Z][begin-stage] stage = 0, implicit = 0, tcur = 0.00266666666666667
[INFO][rank 0][arkStep_TakeStep_Z][end-stage] status = success
[INFO][rank 0][arkStep_TakeStep_Z][begin-stage] stage = 1, implicit = 0, tcur = 0.0028
[INFO][rank 0][arkStep_TakeStep_Z][end-stage] status = success
[INFO][rank 0][arkStep_TakeStep_Z][begin-stage] stage = 2, implicit = 0, tcur = 0.00286666666666667
[INFO][rank 0][arkStep_TakeStep_Z][end-stage] status = success
[INFO][rank 0][arkStep_TakeStep_Z][begin-stage] stage = 3, implicit = 0, tcur = 0.003
[INFO][rank 0][arkStep_TakeStep_Z][end-stage] status = success
[INFO][rank 0][arkStep_TakeStep_Z][begin-stage] stage = 4, implicit = 0, tcur = 0.003
[INFO][rank 0][arkStep_TakeStep_Z][end-stage] status = success
[INFO][rank 0][arkStep_TakeStep_Z][begin-compute-solution] mass type = 0
[INFO][rank 0][arkStep_TakeStep_Z][end-compute-solution] status = success
[INFO][rank 0][ARKodeEvolve][end-step-attempt] status = success, dsm = 1.79751562703098e-07
[INFO][rank 0][mriStep_StageERKFast][end-fast-steps] status = success
[INFO][rank 0][mriStep_TakeStepMRIGARK][end-stage] status = success
[INFO][rank 0][mriStep_TakeStepMRIGARK][begin-stage] stage = 6, stage type = 2, tcur = 0.003
[INFO][rank 0][mriStep_Nls][begin-nonlinear-solve] tol = 0.1
[INFO][rank 0][SUNNonlinSolSolve_Newton][nonlinear-solver] solver = Newton
[INFO][rank 0][SUNNonlinSolSolve_Newton][begin-nonlinear-iterate] 
[INFO][rank 0][arkLsSolve][begin-linear-solve] iterative = 1, b-norm = 117.8347847336424, b-tol = 0.0005000000000000001, res-tol = 0.0007071067811865477
[INFO][rank 0][SUNLinSolSolve_SPGMR][linear-solver] solver = spgmr
[INFO][rank 0][SUNLinSolSolve_SPGMR][begin-linear-iterate] 
[INFO][rank 0][SUNLinSolSolve_SPGMR][end-linear-iterate] cur-iter = 0, total-iters = 0, res-norm = 166.6435506896312, status = continue
[INFO][rank 0][SUNLinSolSolve_SPGMR][begin-linear-iterate] 
[INFO][rank 0][SUNLinSolSolve_SPGMR][linear-iterate] cur-iter = 1, total-iters = 1, res-norm = 0.05102477837642599
[INFO][rank 0][SUNLinSolSolve_SPGMR][end-linear-iterate] status = continue
[INFO][rank 0][SUNLinSolSolve_SPGMR][begin-linear-iterate] 
[INFO][rank 0][SUNLinSolSolve_SPGMR][linear-iterate] cur-iter = 2, total-iters = 2, res-norm = 2.299812179248708e-14
[INFO][rank 0][SUNLinSolSolve_SPGMR][end-linear-iterate] status = success
[INFO][rank 0][arkLsSolve][end-linear-solve] status = success, iters = 2, p-solves = 0, resnorm = 2.299812179248708e-14
[INFO][rank 0][SUNNonlinSolSolve_Newton][nonlinear-iterate] cur-iter = 1, total-iters = 1, update-norm = 117.834869344836
[INFO][rank 0][SUNNonlinSolSolve_Newton][end-nonlinear-iterate] status = continue
[INFO][rank 0][SUNNonlinSolSolve_Newton][begin-nonlinear-iterate] 
[INFO][rank 0][arkLsSolve][begin-linear-solve] iterative = 1, b-norm = 2.999452857884201e-06, b-tol = 0.0005000000000000001, res-tol = 0.0007071067811865477
[INFO][rank 0][arkLsSolve][end-linear-solve] status = success small rhs
[INFO][rank 0][SUNNonlinSolSolve_Newton][nonlinear-iterate] cur-iter = 2, total-iters = 2, update-norm = 0
[INFO][rank 0][SUNNonlinSolSolve_Newton][end-nonlinear-iterate] status = success
[INFO][rank 0][mriStep_Nls][end-nonlinear-solve] status = success, iters = 2
[INFO][rank 0][mriStep_TakeStepMRIGARK][end-stage] status = success
[INFO][rank 0][mriStep_TakeStepMRIGARK][begin-stage] stage = 7, stage type = -1, tcur = 0.003
[INFO][rank 0][mriStep_TakeStepMRIGARK][end-stage] status = success
[INFO][rank 0][ARKodeEvolve][end-step-attempt] status = success
 3.000000000000000e-03    1.224743952843819e+00    1.731531270273608e+00    1.053868103895184e-11    3.774758283725532e-14
------------------------------------------------------------------------------------------------------------------------------
Current time                  = 0.003
Steps                         = 3
Step attempts                 = 3
Stability limited steps       = 0
Accuracy limited steps        = 0
Error test fails              = 0
NLS step fails                = 0
Inequality constraint fails   = 0
Initial step size             = 0.001
Last step size                = 0.001
Current step size             = 0.001
Explicit slow RHS fn evals    = 0
Implicit slow RHS fn evals    = 27
Inner stepper failures        = 0
NLS iters                     = 18
NLS fails                     = 0
NLS iters per step            = 6
LS setups                     = 0
Jac fn evals                  = 0
LS RHS fn evals               = 18
Prec setup evals              = 0
Prec solves                   = 0
LS iters                      = 18
LS fails                      = 0
Jac-times setups              = 0
Jac-times evals               = 18
LS iters per NLS iter         = 1
Jac evals per NLS iter        = 0
Prec evals per NLS iter       = 0
End MRIStep Logging test
