Start LSRKStep Logging test
                      t                      y                  y err
---------------------------------------------------------------------
  0.000000000000000e+00  0.000000000000000e+00  0.000000000000000e+00
[INFO][rank 0][ARKodeEvolve][begin-step-attempt] step = 1, tn = 0, h = 6.103515625e-12
[INFO][rank 0][lsrkStep_TakeStepSSPs2][begin-stage] stage = 0, tcur = 0
[INFO][rank 0][lsrkStep_TakeStepSSPs2][end-stage] status = success
[INFO][rank 0][lsrkStep_TakeStepSSPs2][begin-stage] stage = 1, tcur = 6.78168402777778e-13
[INFO][rank 0][lsrkStep_TakeStepSSPs2][end-stage] status = success
[INFO][rank 0][lsrkStep_TakeStepSSPs2][begin-stage] stage = 2, tcur = 1.35633680555556e-12
[INFO][rank 0][lsrkStep_TakeStepSSPs2][end-stage] status = success
[INFO][rank 0][lsrkStep_TakeStepSSPs2][begin-stage] stage = 3, tcur = 2.03450520833333e-12
[INFO][rank 0][lsrkStep_TakeStepSSPs2][end-stage] status = success
[INFO][rank 0][lsrkStep_TakeStepSSPs2][begin-stage] stage = 4, tcur = 2.71267361111111e-12
[INFO][rank 0][lsrkStep_TakeStepSSPs2][end-stage] status = success
[INFO][rank 0][lsrkStep_TakeStepSSPs2][begin-stage] stage = 5, tcur = 3.39084201388889e-12
[INFO][rank 0][lsrkStep_TakeStepSSPs2][end-stage] status = success
[INFO][rank 0][lsrkStep_TakeStepSSPs2][begin-stage] stage = 6, tcur = 4.06901041666667e-12
[INFO][rank 0][lsrkStep_TakeStepSSPs2][end-stage] status = success
[INFO][rank 0][lsrkStep_TakeStepSSPs2][begin-stage] stage = 7, tcur = 4.74717881944444e-12
[INFO][rank 0][lsrkStep_TakeStepSSPs2][end-stage] status = success
[INFO][rank 0][lsrkStep_TakeStepSSPs2][begin-stage] stage = 8, tcur = 5.42534722222222e-12
[INFO][rank 0][lsrkStep_TakeStepSSPs2][end-stage] status = success
[INFO][rank 0][lsrkStep_TakeStepSSPs2][begin-stage] stage = 9, tcur = 6.103515625e-12
[INFO][rank 0][lsrkStep_TakeStepSSPs2][end-stage] status = success
[INFO][rank 0][lsrkStep_TakeStepSSPs2][begin-stage] stage = 10, tcur = 6.103515625e-12
[INFO][rank 0][lsrkStep_TakeStepSSPs2][end-stage] status = success
[INFO][rank 0][ARKodeEvolve][end-step-attempt] status = success, dsm = 8.07793566946316e-18
  6.103515625000001e-12  6.103515625000000e-12  8.077935669463161e-28
[INFO][rank 0][ARKodeEvolve][begin-step-attempt] step = 2, tn = 6.103515625e-12, h = 6.103515625e-08
[INFO][rank 0][lsrkStep_TakeStepSSPs2][begin-stage] stage = 0, tcur = 6.103515625e-12
[INFO][rank 0][lsrkStep_TakeStepSSPs2][end-stage] status = success
[INFO][rank 0][lsrkStep_TakeStepSSPs2][begin-stage] stage = 1, tcur = 6.78778754340278e-09
[INFO][rank 0][lsrkStep_TakeStepSSPs2][end-stage] status = success
[INFO][rank 0][lsrkStep_TakeStepSSPs2][begin-stage] stage = 2, tcur = 1.35694715711806e-08
[INFO][rank 0][lsrkStep_TakeStepSSPs2][end-stage] status = success
[INFO][rank 0][lsrkStep_TakeStepSSPs2][begin-stage] stage = 3, tcur = 2.03511555989583e-08
[INFO][rank 0][lsrkStep_TakeStepSSPs2][end-stage] status = success
[INFO][rank 0][lsrkStep_TakeStepSSPs2][begin-stage] stage = 4, tcur = 2.71328396267361e-08
[INFO][rank 0][lsrkStep_TakeStepSSPs2][end-stage] status = success
[INFO][rank 0][lsrkStep_TakeStepSSPs2][begin-stage] stage = 5, tcur = 3.39145236545139e-08
[INFO][rank 0][lsrkStep_TakeStepSSPs2][end-stage] status = success
[INFO][rank 0][lsrkStep_TakeStepSSPs2][begin-stage] stage = 6, tcur = 4.06962076822917e-08
[INFO][rank 0][lsrkStep_TakeStepSSPs2][end-stage] status = success
[INFO][rank 0][lsrkStep_TakeStepSSPs2][begin-stage] stage = 7, tcur = 4.74778917100694e-08
[INFO][rank 0][lsrkStep_TakeStepSSPs2][end-stage] status = success
[INFO][rank 0][lsrkStep_TakeStepSSPs2][begin-stage] stage = 8, tcur = 5.42595757378472e-08
[INFO][rank 0][lsrkStep_TakeStepSSPs2][end-stage] status = success
[INFO][rank 0][lsrkStep_TakeStepSSPs2][begin-stage] stage = 9, tcur = 6.1041259765625e-08
[INFO][rank 0][lsrkStep_TakeStepSSPs2][end-stage] status = success
[INFO][rank 0][lsrkStep_TakeStepSSPs2][begin-stage] stage = 10, tcur = 6.1041259765625e-08
[INFO][rank 0][lsrkStep_TakeStepSSPs2][end-stage] status = success
[INFO][rank 0][ARKodeEvolve][end-step-attempt] status = success, dsm = 0
  6.104125976562500e-08  6.104125976562493e-08  0.000000000000000e+00
[INFO][rank 0][ARKodeEvolve][begin-step-attempt] step = 3, tn = 6.1041259765625e-08, h = 1.220703125e-06
[INFO][rank 0][lsrkStep_TakeStepSSPs2][begin-stage] stage = 0, tcur = 6.1041259765625e-08
[INFO][rank 0][lsrkStep_TakeStepSSPs2][end-stage] status = success
[INFO][rank 0][lsrkStep_TakeStepSSPs2][begin-stage] stage = 1, tcur = 1.96674940321181e-07
[INFO][rank 0][lsrkStep_TakeStepSSPs2][end-stage] status = success
[INFO][rank 0][lsrkStep_TakeStepSSPs2][begin-stage] stage = 2, tcur = 3.32308620876736e-07
[INFO][rank 0][lsrkStep_TakeStepSSPs2][end-stage] status = success
[INFO][rank 0][lsrkStep_TakeStepSSPs2][begin-stage] stage = 3, tcur = 4.67942301432292e-07
[INFO][rank 0][lsrkStep_TakeStepSSPs2][end-stage] status = success
[INFO][rank 0][lsrkStep_TakeStepSSPs2][begin-stage] stage = 4, tcur = 6.03575981987847e-07
[INFO][rank 0][lsrkStep_TakeStepSSPs2][end-stage] status = success
[INFO][rank 0][lsrkStep_TakeStepSSPs2][begin-stage] stage = 5, tcur = 7.39209662543403e-07
[INFO][rank 0][lsrkStep_TakeStepSSPs2][end-stage] status = success
[INFO][rank 0][lsrkStep_TakeStepSSPs2][begin-stage] stage = 6, tcur = 8.74843343098958e-07
[INFO][rank 0][lsrkStep_TakeStepSSPs2][end-stage] status = success
[INFO][rank 0][lsrkStep_TakeStepSSPs2][begin-stage] stage = 7, tcur = 1.01047702365451e-06
[INFO][rank 0][lsrkStep_TakeStepSSPs2][end-stage] status = success
[INFO][rank 0][lsrkStep_TakeStepSSPs2][begin-stage] stage = 8, tcur = 1.14611070421007e-06
[INFO][rank 0][lsrkStep_TakeStepSSPs2][end-stage] status = success
[INFO][rank 0][lsrkStep_TakeStepSSPs2][begin-stage] stage = 9, tcur = 1.28174438476562e-06
[INFO][rank 0][lsrkStep_TakeStepSSPs2][end-stage] status = success
[INFO][rank 0][lsrkStep_TakeStepSSPs2][begin-stage] stage = 10, tcur = 1.28174438476563e-06
[INFO][rank 0][lsrkStep_TakeStepSSPs2][end-stage] status = success
[INFO][rank 0][ARKodeEvolve][end-step-attempt] status = success, dsm = 2.01047602983307e-10
  1.281744384765625e-06  1.281744384764889e-06  3.388131789017201e-20
---------------------------------------------------------------------
Current time                  = 1.28174438476563e-06
Steps                         = 3
Step attempts                 = 3
Stability limited steps       = 0
Accuracy limited steps        = 3
Error test fails              = 0
NLS step fails                = 0
Inequality constraint fails   = 0
Initial step size             = 6.103515625e-12
Last step size                = 1.220703125e-06
Current step size             = 2.44140625e-05
RHS fn evals                  = 32
Number of stages used         = 10
End LSRKStep Logging test
