Start MRIStep Logging test
Using Im-MRI-SR method
Using Newton nonlinear solver
Using dense direct linear solver
           t                        u                        v                      u err                    v err            
------------------------------------------------------------------------------------------------------------------------------
 0.000000000000000e+00    1.224744871391589e+00    1.732050807568877e+00    0.000000000000000e+00    0.000000000000000e+00
[INFO][rank 0][ARKodeEvolve][begin-step-attempt] step = 1, tn = 0, h = 0.001
[INFO][rank 0][mriStep_TakeStepMRISR][begin-stage] stage = 0, stage type = -2, tcur = 0
[INFO][rank 0][mriStep_TakeStepMRISR][end-stage] status = success
[INFO][rank 0][mriStep_TakeStepMRISR][begin-stage] stage = 1, stage type = 0, tcur = 0.0005999999999999999
[INFO][rank 0][mriStep_StageERKFast][begin-fast-steps] 
[INFO][rank 0][ARKodeEvolve][begin-step-attempt] step = 1, tn = 0, h = 2.059355438929501e-08
[INFO][rank 0][arkStep_TakeStep_Z][begin-stage] stage = 0, implicit = 0, tcur = 0
[INFO][rank 0][arkStep_TakeStep_Z][end-stage] status = success
[INFO][rank 0][arkStep_TakeStep_Z][begin-stage] stage = 1, implicit = 0, tcur = 1.02967771946475e-08
[INFO][rank 0][arkStep_TakeStep_Z][end-stage] status = success
[INFO][rank 0][arkStep_TakeStep_Z][begin-stage] stage = 2, implicit = 0, tcur = 1.02967771946475e-08
[INFO][rank 0][arkStep_TakeStep_Z][end-stage] status = success
[INFO][rank 0][arkStep_TakeStep_Z][begin-stage] stage = 3, implicit = 0, tcur = 2.059355438929501e-08
[INFO][rank 0][arkStep_TakeStep_Z][end-stage] status = success
[INFO][rank 0][arkStep_TakeStep_Z][begin-stage] stage = 4, implicit = 0, tcur = 1.544516579197126e-08
[INFO][rank 0][arkStep_TakeStep_Z][end-stage] status = success
[INFO][rank 0][arkStep_TakeStep_Z][begin-compute-solution] mass type = 0
[INFO][rank 0][arkStep_TakeStep_Z][end-compute-solution] status = success
[DEBUG][rank 0][arkAdapt][new-step-before-bounds] h_acc = 1.766300713710683e-06, h_cfl = 2.059355438929501e+22
[DEBUG][rank 0][arkAdapt][new-step-after-max-min-bounds] h_acc = 1.695648685162256e-06, h_cfl = 1.029677719464751e+22
[DEBUG][rank 0][arkAdapt][new-step-eta] eta = 82.33880626472583
[INFO][rank 0][ARKodeEvolve][end-step-attempt] status = success, dsm = 4.861712124677889e-19
[INFO][rank 0][ARKodeEvolve][begin-step-attempt] step = 2, tn = 2.059355438929501e-08, h = 1.695648685162256e-06
[INFO][rank 0][arkStep_TakeStep_Z][begin-stage] stage = 0, implicit = 0, tcur = 2.059355438929501e-08
[INFO][rank 0][arkStep_TakeStep_Z][end-stage] status = success
[INFO][rank 0][arkStep_TakeStep_Z][begin-stage] stage = 1, implicit = 0, tcur = 8.68417896970423e-07
[INFO][rank 0][arkStep_TakeStep_Z][end-stage] status = success
[INFO][rank 0][arkStep_TakeStep_Z][begin-stage] stage = 2, implicit = 0, tcur = 8.68417896970423e-07
[INFO][rank 0][arkStep_TakeStep_Z][end-stage] status = success
[INFO][rank 0][arkStep_TakeStep_Z][begin-stage] stage = 3, implicit = 0, tcur = 1.716242239551551e-06
[INFO][rank 0][arkStep_TakeStep_Z][end-stage] status = success
[INFO][rank 0][arkStep_TakeStep_Z][begin-stage] stage = 4, implicit = 0, tcur = 1.292330068260987e-06
[INFO][rank 0][arkStep_TakeStep_Z][end-stage] status = success
[INFO][rank 0][arkStep_TakeStep_Z][begin-compute-solution] mass type = 0
[INFO][rank 0][arkStep_TakeStep_Z][end-compute-solution] status = success
[DEBUG][rank 0][arkAdapt][new-step-before-bounds] h_acc = 2.901811588832878e-05, h_cfl = 1.695648685162256e+24
[DEBUG][rank 0][arkAdapt][new-step-after-max-min-bounds] h_acc = 2.785739125279562e-05, h_cfl = 8.47824342581128e+23
[DEBUG][rank 0][arkAdapt][new-step-eta] eta = 16.4287517199531
[INFO][rank 0][ARKodeEvolve][end-step-attempt] status = success, dsm = 3.270050270926313e-15
[INFO][rank 0][ARKodeEvolve][begin-step-attempt] step = 3, tn = 1.716242239551551e-06, h = 2.785739125279562e-05
[INFO][rank 0][arkStep_TakeStep_Z][begin-stage] stage = 0, implicit = 0, tcur = 1.716242239551551e-06
[INFO][rank 0][arkStep_TakeStep_Z][end-stage] status = success
[INFO][rank 0][arkStep_TakeStep_Z][begin-stage] stage = 1, implicit = 0, tcur = 1.564493786594936e-05
[INFO][rank 0][arkStep_TakeStep_Z][end-stage] status = success
[INFO][rank 0][arkStep_TakeStep_Z][begin-stage] stage = 2, implicit = 0, tcur = 1.564493786594936e-05
[INFO][rank 0][arkStep_TakeStep_Z][end-stage] status = success
[INFO][rank 0][arkStep_TakeStep_Z][begin-stage] stage = 3, implicit = 0, tcur = 2.957363349234717e-05
[INFO][rank 0][arkStep_TakeStep_Z][end-stage] status = success
[INFO][rank 0][arkStep_TakeStep_Z][begin-stage] stage = 4, implicit = 0, tcur = 2.260928567914827e-05
[INFO][rank 0][arkStep_TakeStep_Z][end-stage] status = success
[INFO][rank 0][arkStep_TakeStep_Z][begin-compute-solution] mass type = 0
[INFO][rank 0][arkStep_TakeStep_Z][end-compute-solution] status = success
[DEBUG][rank 0][arkAdapt][new-step-before-bounds] h_acc = 0.0008040108168818409, h_cfl = 2.785739125279562e+25
[DEBUG][rank 0][arkAdapt][new-step-after-max-min-bounds] h_acc = 0.0005571478250559124, h_cfl = 1.392869562639781e+25
[DEBUG][rank 0][arkAdapt][new-step-eta] eta = 20
[INFO][rank 0][ARKodeEvolve][end-step-attempt] status = success, dsm = 2.365757457818316e-10
[INFO][rank 0][ARKodeEvolve][begin-step-attempt] step = 4, tn = 2.957363349234717e-05, h = 0.0005571478250559124
[INFO][rank 0][arkStep_TakeStep_Z][begin-stage] stage = 0, implicit = 0, tcur = 2.957363349234717e-05
[INFO][rank 0][arkStep_TakeStep_Z][end-stage] status = success
[INFO][rank 0][arkStep_TakeStep_Z][begin-stage] stage = 1, implicit = 0, tcur = 0.0003081475460203033
[INFO][rank 0][arkStep_TakeStep_Z][end-stage] status = success
[INFO][rank 0][arkStep_TakeStep_Z][begin-stage] stage = 2, implicit = 0, tcur = 0.0003081475460203033
[INFO][rank 0][arkStep_TakeStep_Z][end-stage] status = success
[INFO][rank 0][arkStep_TakeStep_Z][begin-stage] stage = 3, implicit = 0, tcur = 0.0005867214585482596
[INFO][rank 0][arkStep_TakeStep_Z][end-stage] status = success
[INFO][rank 0][arkStep_TakeStep_Z][begin-stage] stage = 4, implicit = 0, tcur = 0.0004474345022842815
[INFO][rank 0][arkStep_TakeStep_Z][end-stage] status = success
[INFO][rank 0][arkStep_TakeStep_Z][begin-compute-solution] mass type = 0
[INFO][rank 0][arkStep_TakeStep_Z][end-compute-solution] status = success
[DEBUG][rank 0][arkAdapt][new-step-before-bounds] h_acc = 0.001732294472367856, h_cfl = 5.571478250559124e+26
[DEBUG][rank 0][arkAdapt][new-step-after-max-min-bounds] h_acc = 0.001663002693473142, h_cfl = 2.785739125279562e+26
[DEBUG][rank 0][arkAdapt][new-step-eta] eta = 2.984850014098595
[INFO][rank 0][ARKodeEvolve][end-step-attempt] status = success, dsm = 3.787223456299231e-05
[INFO][rank 0][ARKodeEvolve][begin-step-attempt] step = 5, tn = 0.0005867214585482596, h = 1.327854145174034e-05
[INFO][rank 0][arkStep_TakeStep_Z][begin-stage] stage = 0, implicit = 0, tcur = 0.0005867214585482596
[INFO][rank 0][arkStep_TakeStep_Z][end-stage] status = success
[INFO][rank 0][arkStep_TakeStep_Z][begin-stage] stage = 1, implicit = 0, tcur = 0.0005933607292741297
[INFO][rank 0][arkStep_TakeStep_Z][end-stage] status = success
[INFO][rank 0][arkStep_TakeStep_Z][begin-stage] stage = 2, implicit = 0, tcur = 0.0005933607292741297
[INFO][rank 0][arkStep_TakeStep_Z][end-stage] status = success
[INFO][rank 0][arkStep_TakeStep_Z][begin-stage] stage = 3, implicit = 0, tcur = 0.0005999999999999999
[INFO][rank 0][arkStep_TakeStep_Z][end-stage] status = success
[INFO][rank 0][arkStep_TakeStep_Z][begin-stage] stage = 4, implicit = 0, tcur = 0.0005966803646370648
[INFO][rank 0][arkStep_TakeStep_Z][end-stage] status = success
[INFO][rank 0][arkStep_TakeStep_Z][begin-compute-solution] mass type = 0
[INFO][rank 0][arkStep_TakeStep_Z][end-compute-solution] status = success
[DEBUG][rank 0][arkAdapt][new-step-before-bounds] h_acc = 0.00118656220548466, h_cfl = 1.327854145174034e+25
[DEBUG][rank 0][arkAdapt][new-step-after-max-min-bounds] h_acc = 0.0002655708290348068, h_cfl = 6.63927072587017e+24
[DEBUG][rank 0][arkAdapt][new-step-eta] eta = 20
[INFO][rank 0][ARKodeEvolve][end-step-attempt] status = success, dsm = 1.221308228319648e-11
[INFO][rank 0][mriStep_StageERKFast][end-fast-steps] status = success
[INFO][rank 0][mriStep_Nls][begin-nonlinear-solve] tol = 0.1
[INFO][rank 0][SUNNonlinSolSolve_Newton][nonlinear-solver] solver = Newton
[INFO][rank 0][SUNNonlinSolSolve_Newton][begin-nonlinear-iterate] 
[INFO][rank 0][arkLsSolve][begin-linear-solve] iterative = 0
[INFO][rank 0][arkLsSolve][end-linear-solve] status = success, iters = 0, p-solves = 0, resnorm = 0
[INFO][rank 0][SUNNonlinSolSolve_Newton][nonlinear-iterate] cur-iter = 1, total-iters = 1, update-norm = 8.480918398010767
[INFO][rank 0][SUNNonlinSolSolve_Newton][end-nonlinear-iterate] status = continue
[INFO][rank 0][SUNNonlinSolSolve_Newton][begin-nonlinear-iterate] 
[INFO][rank 0][arkLsSolve][begin-linear-solve] iterative = 0
[INFO][rank 0][arkLsSolve][end-linear-solve] status = success, iters = 0, p-solves = 0, resnorm = 0
[INFO][rank 0][SUNNonlinSolSolve_Newton][nonlinear-iterate] cur-iter = 2, total-iters = 2, update-norm = 0.003886272468077529
[INFO][rank 0][SUNNonlinSolSolve_Newton][end-nonlinear-iterate] status = success
[INFO][rank 0][mriStep_Nls][end-nonlinear-solve] status = success, iters = 2
[INFO][rank 0][mriStep_TakeStepMRISR][end-stage] status = success
[INFO][rank 0][mriStep_TakeStepMRISR][begin-stage] stage = 2, stage type = 0, tcur = 0.0002666666666666667
[DEBUG][rank 0][mriStepInnerStepper_Reset][reset-inner-state] tR = 0
[INFO][rank 0][mriStep_StageERKFast][begin-fast-steps] 
[INFO][rank 0][ARKodeEvolve][begin-step-attempt] step = 6, tn = 0, h = 0.0002655708290348068
[INFO][rank 0][arkStep_TakeStep_Z][begin-stage] stage = 0, implicit = 0, tcur = 0
[INFO][rank 0][arkStep_TakeStep_Z][end-stage] status = success
[INFO][rank 0][arkStep_TakeStep_Z][begin-stage] stage = 1, implicit = 0, tcur = 0.0001327854145174034
[INFO][rank 0][arkStep_TakeStep_Z][end-stage] status = success
[INFO][rank 0][arkStep_TakeStep_Z][begin-stage] stage = 2, implicit = 0, tcur = 0.0001327854145174034
[INFO][rank 0][arkStep_TakeStep_Z][end-stage] status = success
[INFO][rank 0][arkStep_TakeStep_Z][begin-stage] stage = 3, implicit = 0, tcur = 0.0002655708290348068
[INFO][rank 0][arkStep_TakeStep_Z][end-stage] status = success
[INFO][rank 0][arkStep_TakeStep_Z][begin-stage] stage = 4, implicit = 0, tcur = 0.0001991781217761051
[INFO][rank 0][arkStep_TakeStep_Z][end-stage] status = success
[INFO][rank 0][arkStep_TakeStep_Z][begin-compute-solution] mass type = 0
[INFO][rank 0][arkStep_TakeStep_Z][end-compute-solution] status = success
[DEBUG][rank 0][arkAdapt][new-step-before-bounds] h_acc = 0.0008617674194043493, h_cfl = 2.655708290348068e+26
[DEBUG][rank 0][arkAdapt][new-step-after-max-min-bounds] h_acc = 0.0008272967226281753, h_cfl = 1.327854145174034e+26
[DEBUG][rank 0][arkAdapt][new-step-eta] eta = 3.115164137698822
[INFO][rank 0][ARKodeEvolve][end-step-attempt] status = success, dsm = 1.954469389405397e-06
[INFO][rank 0][ARKodeEvolve][begin-step-attempt] step = 7, tn = 0.0002655708290348068, h = 1.095837631859871e-06
[INFO][rank 0][arkStep_TakeStep_Z][begin-stage] stage = 0, implicit = 0, tcur = 0.0002655708290348068
[INFO][rank 0][arkStep_TakeStep_Z][end-stage] status = success
[INFO][rank 0][arkStep_TakeStep_Z][begin-stage] stage = 1, implicit = 0, tcur = 0.0002661187478507367
[INFO][rank 0][arkStep_TakeStep_Z][end-stage] status = success
[INFO][rank 0][arkStep_TakeStep_Z][begin-stage] stage = 2, implicit = 0, tcur = 0.0002661187478507367
[INFO][rank 0][arkStep_TakeStep_Z][end-stage] status = success
[INFO][rank 0][arkStep_TakeStep_Z][begin-stage] stage = 3, implicit = 0, tcur = 0.0002666666666666667
[INFO][rank 0][arkStep_TakeStep_Z][end-stage] status = success
[INFO][rank 0][arkStep_TakeStep_Z][begin-stage] stage = 4, implicit = 0, tcur = 0.0002663927072587017
[INFO][rank 0][arkStep_TakeStep_Z][end-stage] status = success
[INFO][rank 0][arkStep_TakeStep_Z][begin-compute-solution] mass type = 0
[INFO][rank 0][arkStep_TakeStep_Z][end-compute-solution] status = success
[DEBUG][rank 0][arkAdapt][new-step-before-bounds] h_acc = 8.300634407533082e-05, h_cfl = 1.095837631859871e+24
[DEBUG][rank 0][arkAdapt][new-step-after-max-min-bounds] h_acc = 2.191675263719742e-05, h_cfl = 5.479188159299354e+23
[DEBUG][rank 0][arkAdapt][new-step-eta] eta = 20
[INFO][rank 0][ARKodeEvolve][end-step-attempt] status = success, dsm = 4.970596152824813e-16
[INFO][rank 0][mriStep_StageERKFast][end-fast-steps] status = success
[INFO][rank 0][mriStep_Nls][begin-nonlinear-solve] tol = 0.1
[INFO][rank 0][SUNNonlinSolSolve_Newton][nonlinear-solver] solver = Newton
[INFO][rank 0][SUNNonlinSolSolve_Newton][begin-nonlinear-iterate] 
[INFO][rank 0][arkLsSolve][begin-linear-solve] iterative = 0
[INFO][rank 0][arkLsSolve][end-linear-solve] status = success, iters = 0, p-solves = 0, resnorm = 0
[INFO][rank 0][SUNNonlinSolSolve_Newton][nonlinear-iterate] cur-iter = 1, total-iters = 1, update-norm = 1.675240952507911
[INFO][rank 0][SUNNonlinSolSolve_Newton][end-nonlinear-iterate] status = continue
[INFO][rank 0][SUNNonlinSolSolve_Newton][begin-nonlinear-iterate] 
[INFO][rank 0][arkLsSolve][begin-linear-solve] iterative = 0
[INFO][rank 0][arkLsSolve][end-linear-solve] status = success, iters = 0, p-solves = 0, resnorm = 0
[INFO][rank 0][SUNNonlinSolSolve_Newton][nonlinear-iterate] cur-iter = 2, total-iters = 2, update-norm = 0.0007682656087209085
[INFO][rank 0][SUNNonlinSolSolve_Newton][end-nonlinear-iterate] status = success
[INFO][rank 0][mriStep_Nls][end-nonlinear-solve] status = success, iters = 2
[INFO][rank 0][mriStep_TakeStepMRISR][end-stage] status = success
[INFO][rank 0][mriStep_TakeStepMRISR][begin-stage] stage = 3, stage type = 0, tcur = 0.001
[DEBUG][rank 0][mriStepInnerStepper_Reset][reset-inner-state] tR = 0
[INFO][rank 0][mriStep_StageERKFast][begin-fast-steps] 
[INFO][rank 0][ARKodeEvolve][begin-step-attempt] step = 8, tn = 0, h = 2.191675263719742e-05
[INFO][rank 0][arkStep_TakeStep_Z][begin-stage] stage = 0, implicit = 0, tcur = 0
[INFO][rank 0][arkStep_TakeStep_Z][end-stage] status = success
[INFO][rank 0][arkStep_TakeStep_Z][begin-stage] stage = 1, implicit = 0, tcur = 1.095837631859871e-05
[INFO][rank 0][arkStep_TakeStep_Z][end-stage] status = success
[INFO][rank 0][arkStep_TakeStep_Z][begin-stage] stage = 2, implicit = 0, tcur = 1.095837631859871e-05
[INFO][rank 0][arkStep_TakeStep_Z][end-stage] status = success
[INFO][rank 0][arkStep_TakeStep_Z][begin-stage] stage = 3, implicit = 0, tcur = 2.191675263719742e-05
[INFO][rank 0][arkStep_TakeStep_Z][end-stage] status = success
[INFO][rank 0][arkStep_TakeStep_Z][begin-stage] stage = 4, implicit = 0, tcur = 1.643756447789806e-05
[INFO][rank 0][arkStep_TakeStep_Z][end-stage] status = success
[INFO][rank 0][arkStep_TakeStep_Z][begin-compute-solution] mass type = 0
[INFO][rank 0][arkStep_TakeStep_Z][end-compute-solution] status = success
[DEBUG][rank 0][arkAdapt][new-step-before-bounds] h_acc = 0.0005404386289653829, h_cfl = 2.191675263719742e+25
[DEBUG][rank 0][arkAdapt][new-step-after-max-min-bounds] h_acc = 0.0004383350527439483, h_cfl = 1.095837631859871e+25
[DEBUG][rank 0][arkAdapt][new-step-eta] eta = 20
[INFO][rank 0][ARKodeEvolve][end-step-attempt] status = success, dsm = 9.063963430758315e-11
[INFO][rank 0][ARKodeEvolve][begin-step-attempt] step = 9, tn = 2.191675263719742e-05, h = 0.0004383350527439483
[INFO][rank 0][arkStep_TakeStep_Z][begin-stage] stage = 0, implicit = 0, tcur = 2.191675263719742e-05
[INFO][rank 0][arkStep_TakeStep_Z][end-stage] status = success
[INFO][rank 0][arkStep_TakeStep_Z][begin-stage] stage = 1, implicit = 0, tcur = 0.0002410842790091716
[INFO][rank 0][arkStep_TakeStep_Z][end-stage] status = success
[INFO][rank 0][arkStep_TakeStep_Z][begin-stage] stage = 2, implicit = 0, tcur = 0.0002410842790091716
[INFO][rank 0][arkStep_TakeStep_Z][end-stage] status = success
[INFO][rank 0][arkStep_TakeStep_Z][begin-stage] stage = 3, implicit = 0, tcur = 0.0004602518053811457
[INFO][rank 0][arkStep_TakeStep_Z][end-stage] status = success
[INFO][rank 0][arkStep_TakeStep_Z][begin-stage] stage = 4, implicit = 0, tcur = 0.0003506680421951587
[INFO][rank 0][arkStep_TakeStep_Z][end-stage] status = success
[INFO][rank 0][arkStep_TakeStep_Z][begin-compute-solution] mass type = 0
[INFO][rank 0][arkStep_TakeStep_Z][end-compute-solution] status = success
[DEBUG][rank 0][arkAdapt][new-step-before-bounds] h_acc = 0.00153410775187103, h_cfl = 4.383350527439483e+26
[DEBUG][rank 0][arkAdapt][new-step-after-max-min-bounds] h_acc = 0.001472743441796188, h_cfl = 2.191675263719742e+26
[DEBUG][rank 0][arkAdapt][new-step-eta] eta = 3.359857790466248
[INFO][rank 0][ARKodeEvolve][end-step-attempt] status = success, dsm = 1.450809670603232e-05
[INFO][rank 0][ARKodeEvolve][begin-step-attempt] step = 10, tn = 0.0004602518053811457, h = 0.0005397481946188539
[INFO][rank 0][arkStep_TakeStep_Z][begin-stage] stage = 0, implicit = 0, tcur = 0.0004602518053811457
[INFO][rank 0][arkStep_TakeStep_Z][end-stage] status = success
[INFO][rank 0][arkStep_TakeStep_Z][begin-stage] stage = 1, implicit = 0, tcur = 0.0007301259026905727
[INFO][rank 0][arkStep_TakeStep_Z][end-stage] status = success
[INFO][rank 0][arkStep_TakeStep_Z][begin-stage] stage = 2, implicit = 0, tcur = 0.0007301259026905727
[INFO][rank 0][arkStep_TakeStep_Z][end-stage] status = success
[INFO][rank 0][arkStep_TakeStep_Z][begin-stage] stage = 3, implicit = 0, tcur = 0.0009999999999999996
[INFO][rank 0][arkStep_TakeStep_Z][end-stage] status = success
[INFO][rank 0][arkStep_TakeStep_Z][begin-stage] stage = 4, implicit = 0, tcur = 0.0008650629513452862
[INFO][rank 0][arkStep_TakeStep_Z][end-stage] status = success
[INFO][rank 0][arkStep_TakeStep_Z][begin-compute-solution] mass type = 0
[INFO][rank 0][arkStep_TakeStep_Z][end-compute-solution] status = success
[DEBUG][rank 0][arkAdapt][new-step-before-bounds] h_acc = 0.003682865918977238, h_cfl = 5.397481946188539e+26
[DEBUG][rank 0][arkAdapt][new-step-after-max-min-bounds] h_acc = 0.003535551282218148, h_cfl = 2.698740973094269e+26
[DEBUG][rank 0][arkAdapt][new-step-eta] eta = 6.550371668616321
[INFO][rank 0][ARKodeEvolve][end-step-attempt] status = success, dsm = 3.335844435520364e-05
[INFO][rank 0][mriStep_StageERKFast][end-fast-steps] status = success
[INFO][rank 0][mriStep_Nls][begin-nonlinear-solve] tol = 0.1
[INFO][rank 0][SUNNonlinSolSolve_Newton][nonlinear-solver] solver = Newton
[INFO][rank 0][SUNNonlinSolSolve_Newton][begin-nonlinear-iterate] 
[INFO][rank 0][arkLsSolve][begin-linear-solve] iterative = 0
[INFO][rank 0][arkLsSolve][end-linear-solve] status = success, iters = 0, p-solves = 0, resnorm = 0
[INFO][rank 0][SUNNonlinSolSolve_Newton][nonlinear-iterate] cur-iter = 1, total-iters = 1, update-norm = 23.55774369269417
[INFO][rank 0][SUNNonlinSolSolve_Newton][end-nonlinear-iterate] status = continue
[INFO][rank 0][SUNNonlinSolSolve_Newton][begin-nonlinear-iterate] 
[INFO][rank 0][arkLsSolve][begin-linear-solve] iterative = 0
[INFO][rank 0][arkLsSolve][end-linear-solve] status = success, iters = 0, p-solves = 0, resnorm = 0
[INFO][rank 0][SUNNonlinSolSolve_Newton][nonlinear-iterate] cur-iter = 2, total-iters = 2, update-norm = 0.01080099623073331
[INFO][rank 0][SUNNonlinSolSolve_Newton][end-nonlinear-iterate] status = success
[INFO][rank 0][mriStep_Nls][end-nonlinear-solve] status = success, iters = 2
[INFO][rank 0][mriStep_TakeStepMRISR][end-stage] status = success
[INFO][rank 0][ARKodeEvolve][end-step-attempt] status = success
 1.000000000000000e-03    1.224744769306223e+00    1.731993073507874e+00    2.329714199333921e-11    3.659073044559591e-12
[INFO][rank 0][ARKodeEvolve][begin-step-attempt] step = 2, tn = 0.001, h = 0.001
[INFO][rank 0][mriStep_TakeStepMRISR][begin-stage] stage = 0, stage type = -2, tcur = 0.001
[INFO][rank 0][mriStep_TakeStepMRISR][end-stage] status = success
[INFO][rank 0][mriStep_TakeStepMRISR][begin-stage] stage = 1, stage type = 0, tcur = 0.0016
[INFO][rank 0][mriStep_StageERKFast][begin-fast-steps] 
[INFO][rank 0][ARKodeEvolve][begin-step-attempt] step = 11, tn = 0.001, h = 0.0005999999999999993
[INFO][rank 0][arkStep_TakeStep_Z][begin-stage] stage = 0, implicit = 0, tcur = 0.001
[INFO][rank 0][arkStep_TakeStep_Z][end-stage] status = success
[INFO][rank 0][arkStep_TakeStep_Z][begin-stage] stage = 1, implicit = 0, tcur = 0.0013
[INFO][rank 0][arkStep_TakeStep_Z][end-stage] status = success
[INFO][rank 0][arkStep_TakeStep_Z][begin-stage] stage = 2, implicit = 0, tcur = 0.0013
[INFO][rank 0][arkStep_TakeStep_Z][end-stage] status = success
[INFO][rank 0][arkStep_TakeStep_Z][begin-stage] stage = 3, implicit = 0, tcur = 0.001599999999999999
[INFO][rank 0][arkStep_TakeStep_Z][end-stage] status = success
[INFO][rank 0][arkStep_TakeStep_Z][begin-stage] stage = 4, implicit = 0, tcur = 0.001449999999999999
[INFO][rank 0][arkStep_TakeStep_Z][end-stage] status = success
[INFO][rank 0][arkStep_TakeStep_Z][begin-compute-solution] mass type = 0
[INFO][rank 0][arkStep_TakeStep_Z][end-compute-solution] status = success
[DEBUG][rank 0][arkAdapt][new-step-before-bounds] h_acc = 0.002681794542729744, h_cfl = 5.999999999999993e+26
[DEBUG][rank 0][arkAdapt][new-step-after-max-min-bounds] h_acc = 0.002574522761020554, h_cfl = 2.999999999999997e+26
[DEBUG][rank 0][arkAdapt][new-step-eta] eta = 4.290871268367595
[INFO][rank 0][ARKodeEvolve][end-step-attempt] status = success, dsm = 5.094654002685442e-05
[INFO][rank 0][mriStep_StageERKFast][end-fast-steps] status = success
[INFO][rank 0][mriStep_Nls][begin-nonlinear-solve] tol = 0.1
[INFO][rank 0][SUNNonlinSolSolve_Newton][nonlinear-solver] solver = Newton
[INFO][rank 0][SUNNonlinSolSolve_Newton][begin-nonlinear-iterate] 
[INFO][rank 0][arkLsSolve][begin-linear-solve] iterative = 0
[INFO][rank 0][arkLsSolve][end-linear-solve] status = success, iters = 0, p-solves = 0, resnorm = 0
[INFO][rank 0][SUNNonlinSolSolve_Newton][nonlinear-iterate] cur-iter = 1, total-iters = 1, update-norm = 36.74977069074764
[INFO][rank 0][SUNNonlinSolSolve_Newton][end-nonlinear-iterate] status = continue
[INFO][rank 0][SUNNonlinSolSolve_Newton][begin-nonlinear-iterate] 
[INFO][rank 0][arkLsSolve][begin-linear-solve] iterative = 0
[INFO][rank 0][arkLsSolve][end-linear-solve] status = success, iters = 0, p-solves = 0, resnorm = 0
[INFO][rank 0][SUNNonlinSolSolve_Newton][nonlinear-iterate] cur-iter = 2, total-iters = 2, update-norm = 0.01684727551980917
[INFO][rank 0][SUNNonlinSolSolve_Newton][end-nonlinear-iterate] status = success
[INFO][rank 0][mriStep_Nls][end-nonlinear-solve] status = success, iters = 2
[INFO][rank 0][mriStep_TakeStepMRISR][end-stage] status = success
[INFO][rank 0][mriStep_TakeStepMRISR][begin-stage] stage = 2, stage type = 0, tcur = 0.001266666666666667
[DEBUG][rank 0][mriStepInnerStepper_Reset][reset-inner-state] tR = 0.001
[INFO][rank 0][mriStep_StageERKFast][begin-fast-steps] 
[INFO][rank 0][ARKodeEvolve][begin-step-attempt] step = 12, tn = 0.001, h = 0.0002666666666666666
[INFO][rank 0][arkStep_TakeStep_Z][begin-stage] stage = 0, implicit = 0, tcur = 0.001
[INFO][rank 0][arkStep_TakeStep_Z][end-stage] status = success
[INFO][rank 0][arkStep_TakeStep_Z][begin-stage] stage = 1, implicit = 0, tcur = 0.001133333333333333
[INFO][rank 0][arkStep_TakeStep_Z][end-stage] status = success
[INFO][rank 0][arkStep_TakeStep_Z][begin-stage] stage = 2, implicit = 0, tcur = 0.001133333333333333
[INFO][rank 0][arkStep_TakeStep_Z][end-stage] status = success
[INFO][rank 0][arkStep_TakeStep_Z][begin-stage] stage = 3, implicit = 0, tcur = 0.001266666666666667
[INFO][rank 0][arkStep_TakeStep_Z][end-stage] status = success
[INFO][rank 0][arkStep_TakeStep_Z][begin-stage] stage = 4, implicit = 0, tcur = 0.0012
[INFO][rank 0][arkStep_TakeStep_Z][end-stage] status = success
[INFO][rank 0][arkStep_TakeStep_Z][begin-compute-solution] mass type = 0
[INFO][rank 0][arkStep_TakeStep_Z][end-compute-solution] status = success
[DEBUG][rank 0][arkAdapt][new-step-before-bounds] h_acc = 0.002235868658914024, h_cfl = 2.666666666666666e+26
[DEBUG][rank 0][arkAdapt][new-step-after-max-min-bounds] h_acc = 0.002146433912557463, h_cfl = 1.333333333333333e+26
[DEBUG][rank 0][arkAdapt][new-step-eta] eta = 8.049127172090488
[INFO][rank 0][ARKodeEvolve][end-step-attempt] status = success, dsm = 1.987182892949201e-06
[INFO][rank 0][mriStep_StageERKFast][end-fast-steps] status = success
[INFO][rank 0][mriStep_Nls][begin-nonlinear-solve] tol = 0.1
[INFO][rank 0][SUNNonlinSolSolve_Newton][nonlinear-solver] solver = Newton
[INFO][rank 0][SUNNonlinSolSolve_Newton][begin-nonlinear-iterate] 
[INFO][rank 0][arkLsSolve][begin-linear-solve] iterative = 0
[INFO][rank 0][arkLsSolve][end-linear-solve] status = success, iters = 0, p-solves = 0, resnorm = 0
[INFO][rank 0][SUNNonlinSolSolve_Newton][nonlinear-iterate] cur-iter = 1, total-iters = 1, update-norm = 14.23943664292217
[INFO][rank 0][SUNNonlinSolSolve_Newton][end-nonlinear-iterate] status = continue
[INFO][rank 0][SUNNonlinSolSolve_Newton][begin-nonlinear-iterate] 
[INFO][rank 0][arkLsSolve][begin-linear-solve] iterative = 0
[INFO][rank 0][arkLsSolve][end-linear-solve] status = success, iters = 0, p-solves = 0, resnorm = 0
[INFO][rank 0][SUNNonlinSolSolve_Newton][nonlinear-iterate] cur-iter = 2, total-iters = 2, update-norm = 0.006528828278646521
[INFO][rank 0][SUNNonlinSolSolve_Newton][end-nonlinear-iterate] status = success
[INFO][rank 0][mriStep_Nls][end-nonlinear-solve] status = success, iters = 2
[INFO][rank 0][mriStep_TakeStepMRISR][end-stage] status = success
[INFO][rank 0][mriStep_TakeStepMRISR][begin-stage] stage = 3, stage type = 0, tcur = 0.002
[DEBUG][rank 0][mriStepInnerStepper_Reset][reset-inner-state] tR = 0.001
[INFO][rank 0][mriStep_StageERKFast][begin-fast-steps] 
[INFO][rank 0][ARKodeEvolve][begin-step-attempt] step = 13, tn = 0.001, h = 0.0009999999999999992
[INFO][rank 0][arkStep_TakeStep_Z][begin-stage] stage = 0, implicit = 0, tcur = 0.001
[INFO][rank 0][arkStep_TakeStep_Z][end-stage] status = success
[INFO][rank 0][arkStep_TakeStep_Z][begin-stage] stage = 1, implicit = 0, tcur = 0.0015
[INFO][rank 0][arkStep_TakeStep_Z][end-stage] status = success
[INFO][rank 0][arkStep_TakeStep_Z][begin-stage] stage = 2, implicit = 0, tcur = 0.0015
[INFO][rank 0][arkStep_TakeStep_Z][end-stage] status = success
[INFO][rank 0][arkStep_TakeStep_Z][begin-stage] stage = 3, implicit = 0, tcur = 0.001999999999999999
[INFO][rank 0][arkStep_TakeStep_Z][end-stage] status = success
[INFO][rank 0][arkStep_TakeStep_Z][begin-stage] stage = 4, implicit = 0, tcur = 0.001749999999999999
[INFO][rank 0][arkStep_TakeStep_Z][end-stage] status = success
[INFO][rank 0][arkStep_TakeStep_Z][begin-compute-solution] mass type = 0
[INFO][rank 0][arkStep_TakeStep_Z][end-compute-solution] status = success
[DEBUG][rank 0][arkAdapt][new-step-before-bounds] h_acc = 0.00236999152469835, h_cfl = 9.999999999999992e+26
[DEBUG][rank 0][arkAdapt][new-step-after-max-min-bounds] h_acc = 0.002275191863710416, h_cfl = 4.999999999999996e+26
[DEBUG][rank 0][arkAdapt][new-step-eta] eta = 2.275191863710418
[INFO][rank 0][ARKodeEvolve][end-step-attempt] status = success, dsm = 0.0003932614626991023
[INFO][rank 0][mriStep_StageERKFast][end-fast-steps] status = success
[INFO][rank 0][mriStep_Nls][begin-nonlinear-solve] tol = 0.1
[INFO][rank 0][SUNNonlinSolSolve_Newton][nonlinear-solver] solver = Newton
[INFO][rank 0][SUNNonlinSolSolve_Newton][begin-nonlinear-iterate] 
[INFO][rank 0][arkLsSolve][begin-linear-solve] iterative = 0
[INFO][rank 0][arkLsSolve][end-linear-solve] status = success, iters = 0, p-solves = 0, resnorm = 0
[INFO][rank 0][SUNNonlinSolSolve_Newton][nonlinear-iterate] cur-iter = 1, total-iters = 1, update-norm = 70.6708677907402
[INFO][rank 0][SUNNonlinSolSolve_Newton][end-nonlinear-iterate] status = continue
[INFO][rank 0][SUNNonlinSolSolve_Newton][begin-nonlinear-iterate] 
[INFO][rank 0][arkLsSolve][begin-linear-solve] iterative = 0
[INFO][rank 0][arkLsSolve][end-linear-solve] status = success, iters = 0, p-solves = 0, resnorm = 0
[INFO][rank 0][SUNNonlinSolSolve_Newton][nonlinear-iterate] cur-iter = 2, total-iters = 2, update-norm = 0.03240190722051899
[INFO][rank 0][SUNNonlinSolSolve_Newton][end-nonlinear-iterate] status = success
[INFO][rank 0][mriStep_Nls][end-nonlinear-solve] status = success, iters = 2
[INFO][rank 0][mriStep_TakeStepMRISR][end-stage] status = success
[INFO][rank 0][ARKodeEvolve][end-step-attempt] status = success
 2.000000000000000e-03    1.224744463096872e+00    1.731819882889337e+00    4.649436391446216e-11    3.171818363512102e-11
[INFO][rank 0][ARKodeEvolve][begin-step-attempt] step = 3, tn = 0.002, h = 0.001
[INFO][rank 0][mriStep_TakeStepMRISR][begin-stage] stage = 0, stage type = -2, tcur = 0.002
[INFO][rank 0][mriStep_TakeStepMRISR][end-stage] status = success
[INFO][rank 0][mriStep_TakeStepMRISR][begin-stage] stage = 1, stage type = 0, tcur = 0.0026
[INFO][rank 0][mriStep_StageERKFast][begin-fast-steps] 
[INFO][rank 0][ARKodeEvolve][begin-step-attempt] step = 14, tn = 0.002, h = 0.0005999999999999993
[INFO][rank 0][arkStep_TakeStep_Z][begin-stage] stage = 0, implicit = 0, tcur = 0.002
[INFO][rank 0][arkStep_TakeStep_Z][end-stage] status = success
[INFO][rank 0][arkStep_TakeStep_Z][begin-stage] stage = 1, implicit = 0, tcur = 0.0023
[INFO][rank 0][arkStep_TakeStep_Z][end-stage] status = success
[INFO][rank 0][arkStep_TakeStep_Z][begin-stage] stage = 2, implicit = 0, tcur = 0.0023
[INFO][rank 0][arkStep_TakeStep_Z][end-stage] status = success
[INFO][rank 0][arkStep_TakeStep_Z][begin-stage] stage = 3, implicit = 0, tcur = 0.002599999999999999
[INFO][rank 0][arkStep_TakeStep_Z][end-stage] status = success
[INFO][rank 0][arkStep_TakeStep_Z][begin-stage] stage = 4, implicit = 0, tcur = 0.002449999999999999
[INFO][rank 0][arkStep_TakeStep_Z][end-stage] status = success
[INFO][rank 0][arkStep_TakeStep_Z][begin-compute-solution] mass type = 0
[INFO][rank 0][arkStep_TakeStep_Z][end-compute-solution] status = success
[DEBUG][rank 0][arkAdapt][new-step-before-bounds] h_acc = 0.003405458421340622, h_cfl = 5.999999999999993e+26
[DEBUG][rank 0][arkAdapt][new-step-after-max-min-bounds] h_acc = 0.003269240084486997, h_cfl = 2.999999999999997e+26
[DEBUG][rank 0][arkAdapt][new-step-eta] eta = 5.448733474145002
[INFO][rank 0][ARKodeEvolve][end-step-attempt] status = success, dsm = 5.096614202090989e-05
[INFO][rank 0][mriStep_StageERKFast][end-fast-steps] status = success
[INFO][rank 0][mriStep_Nls][begin-nonlinear-solve] tol = 0.1
[INFO][rank 0][SUNNonlinSolSolve_Newton][nonlinear-solver] solver = Newton
[INFO][rank 0][SUNNonlinSolSolve_Newton][begin-nonlinear-iterate] 
[INFO][rank 0][arkLsSolve][begin-linear-solve] iterative = 0
[INFO][rank 0][arkLsSolve][end-linear-solve] status = success, iters = 0, p-solves = 0, resnorm = 0
[INFO][rank 0][SUNNonlinSolSolve_Newton][nonlinear-iterate] cur-iter = 1, total-iters = 1, update-norm = 65.01750170982633
[INFO][rank 0][SUNNonlinSolSolve_Newton][end-nonlinear-iterate] status = success
[INFO][rank 0][mriStep_Nls][end-nonlinear-solve] status = success, iters = 1
[INFO][rank 0][mriStep_TakeStepMRISR][end-stage] status = success
[INFO][rank 0][mriStep_TakeStepMRISR][begin-stage] stage = 2, stage type = 0, tcur = 0.002266666666666667
[DEBUG][rank 0][mriStepInnerStepper_Reset][reset-inner-state] tR = 0.002
[INFO][rank 0][mriStep_StageERKFast][begin-fast-steps] 
[INFO][rank 0][ARKodeEvolve][begin-step-attempt] step = 15, tn = 0.002, h = 0.0002666666666666666
[INFO][rank 0][arkStep_TakeStep_Z][begin-stage] stage = 0, implicit = 0, tcur = 0.002
[INFO][rank 0][arkStep_TakeStep_Z][end-stage] status = success
[INFO][rank 0][arkStep_TakeStep_Z][begin-stage] stage = 1, implicit = 0, tcur = 0.002133333333333333
[INFO][rank 0][arkStep_TakeStep_Z][end-stage] status = success
[INFO][rank 0][arkStep_TakeStep_Z][begin-stage] stage = 2, implicit = 0, tcur = 0.002133333333333333
[INFO][rank 0][arkStep_TakeStep_Z][end-stage] status = success
[INFO][rank 0][arkStep_TakeStep_Z][begin-stage] stage = 3, implicit = 0, tcur = 0.002266666666666667
[INFO][rank 0][arkStep_TakeStep_Z][end-stage] status = success
[INFO][rank 0][arkStep_TakeStep_Z][begin-stage] stage = 4, implicit = 0, tcur = 0.0022
[INFO][rank 0][arkStep_TakeStep_Z][end-stage] status = success
[INFO][rank 0][arkStep_TakeStep_Z][begin-compute-solution] mass type = 0
[INFO][rank 0][arkStep_TakeStep_Z][end-compute-solution] status = success
[DEBUG][rank 0][arkAdapt][new-step-before-bounds] h_acc = 0.002059250108435563, h_cfl = 2.666666666666666e+26
[DEBUG][rank 0][arkAdapt][new-step-after-max-min-bounds] h_acc = 0.00197688010409814, h_cfl = 1.333333333333333e+26
[DEBUG][rank 0][arkAdapt][new-step-eta] eta = 7.413300390368028
[INFO][rank 0][ARKodeEvolve][end-step-attempt] status = success, dsm = 1.98796482152001e-06
[INFO][rank 0][mriStep_StageERKFast][end-fast-steps] status = success
[INFO][rank 0][mriStep_Nls][begin-nonlinear-solve] tol = 0.1
[INFO][rank 0][SUNNonlinSolSolve_Newton][nonlinear-solver] solver = Newton
[INFO][rank 0][SUNNonlinSolSolve_Newton][begin-nonlinear-iterate] 
[INFO][rank 0][arkLsSolve][begin-linear-solve] iterative = 0
[INFO][rank 0][arkLsSolve][end-linear-solve] status = success, iters = 0, p-solves = 0, resnorm = 0
[INFO][rank 0][SUNNonlinSolSolve_Newton][nonlinear-iterate] cur-iter = 1, total-iters = 1, update-norm = 26.80340866628079
[INFO][rank 0][SUNNonlinSolSolve_Newton][end-nonlinear-iterate] status = success
[INFO][rank 0][mriStep_Nls][end-nonlinear-solve] status = success, iters = 1
[INFO][rank 0][mriStep_TakeStepMRISR][end-stage] status = success
[INFO][rank 0][mriStep_TakeStepMRISR][begin-stage] stage = 3, stage type = 0, tcur = 0.003
[DEBUG][rank 0][mriStepInnerStepper_Reset][reset-inner-state] tR = 0.002
[INFO][rank 0][mriStep_StageERKFast][begin-fast-steps] 
[INFO][rank 0][ARKodeEvolve][begin-step-attempt] step = 16, tn = 0.002, h = 0.0009999999999999992
[INFO][rank 0][arkStep_TakeStep_Z][begin-stage] stage = 0, implicit = 0, tcur = 0.002
[INFO][rank 0][arkStep_TakeStep_Z][end-stage] status = success
[INFO][rank 0][arkStep_TakeStep_Z][begin-stage] stage = 1, implicit = 0, tcur = 0.0025
[INFO][rank 0][arkStep_TakeStep_Z][end-stage] status = success
[INFO][rank 0][arkStep_TakeStep_Z][begin-stage] stage = 2, implicit = 0, tcur = 0.0025
[INFO][rank 0][arkStep_TakeStep_Z][end-stage] status = success
[INFO][rank 0][arkStep_TakeStep_Z][begin-stage] stage = 3, implicit = 0, tcur = 0.002999999999999999
[INFO][rank 0][arkStep_TakeStep_Z][end-stage] status = success
[INFO][rank 0][arkStep_TakeStep_Z][begin-stage] stage = 4, implicit = 0, tcur = 0.002749999999999999
[INFO][rank 0][arkStep_TakeStep_Z][end-stage] status = success
[INFO][rank 0][arkStep_TakeStep_Z][begin-compute-solution] mass type = 0
[INFO][rank 0][arkStep_TakeStep_Z][end-compute-solution] status = success
[DEBUG][rank 0][arkAdapt][new-step-before-bounds] h_acc = 0.002369854911908458, h_cfl = 9.999999999999992e+26
[DEBUG][rank 0][arkAdapt][new-step-after-max-min-bounds] h_acc = 0.00227506071543212, h_cfl = 4.999999999999996e+26
[DEBUG][rank 0][arkAdapt][new-step-eta] eta = 2.275060715432122
[INFO][rank 0][ARKodeEvolve][end-step-attempt] status = success, dsm = 0.0003934086790420591
[INFO][rank 0][mriStep_StageERKFast][end-fast-steps] status = success
[INFO][rank 0][mriStep_Nls][begin-nonlinear-solve] tol = 0.1
[INFO][rank 0][SUNNonlinSolSolve_Newton][nonlinear-solver] solver = Newton
[INFO][rank 0][SUNNonlinSolSolve_Newton][begin-nonlinear-iterate] 
[INFO][rank 0][arkLsSolve][begin-linear-solve] iterative = 0
[INFO][rank 0][arkLsSolve][end-linear-solve] status = success, iters = 0, p-solves = 0, resnorm = 0
[INFO][rank 0][SUNNonlinSolSolve_Newton][nonlinear-iterate] cur-iter = 1, total-iters = 1, update-norm = 117.7808468031958
[INFO][rank 0][SUNNonlinSolSolve_Newton][end-nonlinear-iterate] status = success
[INFO][rank 0][mriStep_Nls][end-nonlinear-solve] status = success, iters = 1
[INFO][rank 0][mriStep_TakeStepMRISR][end-stage] status = success
[INFO][rank 0][ARKodeEvolve][end-step-attempt] status = success
 3.000000000000000e-03    1.224743952790514e+00    1.731531402623384e+00    4.276623499777088e-11    1.323498133309897e-07
------------------------------------------------------------------------------------------------------------------------------
Current time                 = 0.003
Steps                        = 3
Step attempts                = 3
Stability limited steps      = 0
Accuracy limited steps       = 0
Error test fails             = 0
NLS step fails               = 0
Inequality constraint fails  = 0
Initial step size            = 0.001
Last step size               = 0.001
Current step size            = 0.001
Explicit slow RHS fn evals   = 0
Implicit slow RHS fn evals   = 24
Inner stepper failures       = 0
NLS iters                    = 15
NLS fails                    = 0
NLS iters per step           = 5
LS setups                    = 1
Jac fn evals                 = 1
LS RHS fn evals              = 0
Prec setup evals             = 0
Prec solves                  = 0
LS iters                     = 0
LS fails                     = 0
Jac-times setups             = 0
Jac-times evals              = 0
LS iters per NLS iter        = 0
Jac evals per NLS iter       = 0.06666666666666667
Prec evals per NLS iter      = 0
End MRIStep Logging test
