Start ARKStep Logging test
Using ImEx method
Using Newton nonlinear solver
Using dense direct linear solver
           t                        u                        v                      u err                    v err            
------------------------------------------------------------------------------------------------------------------------------
 0.000000000000000e+00    1.224744871391589e+00    1.732050807568877e+00    0.000000000000000e+00    0.000000000000000e+00
[INFO][rank 0][ARKodeEvolve][begin-step-attempt] step = 1, tn = 0, h = 0.000102986025609508
[INFO][rank 0][arkStep_TakeStep_Z][begin-stage] stage = 0, implicit = 0, tcur = 0
[INFO][rank 0][arkStep_TakeStep_Z][end-stage] status = success
[INFO][rank 0][arkStep_TakeStep_Z][begin-stage] stage = 1, implicit = 1, tcur = 2.54375483255486e-05
[INFO][rank 0][arkStep_Nls][begin-nonlinear-solve] tol = 0.1
[INFO][rank 0][SUNNonlinSolSolve_Newton][nonlinear-solver] solver = Newton
[INFO][rank 0][SUNNonlinSolSolve_Newton][begin-nonlinear-iterate] 
[INFO][rank 0][arkLsSolve][begin-linear-solve] iterative = 0
[INFO][rank 0][arkLsSolve][end-linear-solve] status = success, iters = 0, p-solves = 0, resnorm = 0
[INFO][rank 0][SUNNonlinSolSolve_Newton][nonlinear-iterate] cur-iter = 1, total-iters = 1, update-norm = 2.368573862746562e-07
[INFO][rank 0][SUNNonlinSolSolve_Newton][end-nonlinear-iterate] status = success
[INFO][rank 0][arkStep_Nls][end-nonlinear-solve] status = success, iters = 1
[INFO][rank 0][arkStep_TakeStep_Z][end-stage] status = success
[INFO][rank 0][arkStep_TakeStep_Z][begin-stage] stage = 2, implicit = 1, tcur = 4.34246112433045e-05
[INFO][rank 0][arkStep_Nls][begin-nonlinear-solve] tol = 0.1
[INFO][rank 0][SUNNonlinSolSolve_Newton][nonlinear-solver] solver = Newton
[INFO][rank 0][SUNNonlinSolSolve_Newton][begin-nonlinear-iterate] 
[INFO][rank 0][arkLsSolve][begin-linear-solve] iterative = 0
[INFO][rank 0][arkLsSolve][end-linear-solve] status = success, iters = 0, p-solves = 0, resnorm = 0
[INFO][rank 0][SUNNonlinSolSolve_Newton][nonlinear-iterate] cur-iter = 1, total-iters = 1, update-norm = 0.0444441057897963
[INFO][rank 0][SUNNonlinSolSolve_Newton][end-nonlinear-iterate] status = success
[INFO][rank 0][arkStep_Nls][end-nonlinear-solve] status = success, iters = 1
[INFO][rank 0][arkStep_TakeStep_Z][end-stage] status = success
[INFO][rank 0][arkStep_TakeStep_Z][begin-stage] stage = 3, implicit = 1, tcur = 3.45003185791853e-05
[INFO][rank 0][arkStep_Nls][begin-nonlinear-solve] tol = 0.1
[INFO][rank 0][SUNNonlinSolSolve_Newton][nonlinear-solver] solver = Newton
[INFO][rank 0][SUNNonlinSolSolve_Newton][begin-nonlinear-iterate] 
[INFO][rank 0][arkLsSolve][begin-linear-solve] iterative = 0
[INFO][rank 0][arkLsSolve][end-linear-solve] status = success, iters = 0, p-solves = 0, resnorm = 0
[INFO][rank 0][SUNNonlinSolSolve_Newton][nonlinear-iterate] cur-iter = 1, total-iters = 1, update-norm = 0.02805364232183439
[INFO][rank 0][SUNNonlinSolSolve_Newton][end-nonlinear-iterate] status = success
[INFO][rank 0][arkStep_Nls][end-nonlinear-solve] status = success, iters = 1
[INFO][rank 0][arkStep_TakeStep_Z][end-stage] status = success
[INFO][rank 0][arkStep_TakeStep_Z][begin-stage] stage = 4, implicit = 1, tcur = 7.72395192071313e-06
[INFO][rank 0][arkStep_Nls][begin-nonlinear-solve] tol = 0.1
[INFO][rank 0][SUNNonlinSolSolve_Newton][nonlinear-solver] solver = Newton
[INFO][rank 0][SUNNonlinSolSolve_Newton][begin-nonlinear-iterate] 
[INFO][rank 0][arkLsSolve][begin-linear-solve] iterative = 0
[INFO][rank 0][arkLsSolve][end-linear-solve] status = success, iters = 0, p-solves = 0, resnorm = 0
[INFO][rank 0][SUNNonlinSolSolve_Newton][nonlinear-iterate] cur-iter = 1, total-iters = 1, update-norm = 0.001405996121470046
[INFO][rank 0][SUNNonlinSolSolve_Newton][end-nonlinear-iterate] status = success
[INFO][rank 0][arkStep_Nls][end-nonlinear-solve] status = success, iters = 1
[INFO][rank 0][arkStep_TakeStep_Z][end-stage] status = success
[INFO][rank 0][arkStep_TakeStep_Z][begin-stage] stage = 5, implicit = 1, tcur = 7.20902179266559e-05
[INFO][rank 0][arkStep_Nls][begin-nonlinear-solve] tol = 0.1
[INFO][rank 0][SUNNonlinSolSolve_Newton][nonlinear-solver] solver = Newton
[INFO][rank 0][SUNNonlinSolSolve_Newton][begin-nonlinear-iterate] 
[INFO][rank 0][arkLsSolve][begin-linear-solve] iterative = 0
[INFO][rank 0][arkLsSolve][end-linear-solve] status = success, iters = 0, p-solves = 0, resnorm = 0
[INFO][rank 0][SUNNonlinSolSolve_Newton][nonlinear-iterate] cur-iter = 1, total-iters = 1, update-norm = 0.1224875137281462
[INFO][rank 0][SUNNonlinSolSolve_Newton][end-nonlinear-iterate] status = continue
[INFO][rank 0][SUNNonlinSolSolve_Newton][begin-nonlinear-iterate] 
[INFO][rank 0][arkLsSolve][begin-linear-solve] iterative = 0
[INFO][rank 0][arkLsSolve][end-linear-solve] status = success, iters = 0, p-solves = 0, resnorm = 0
[INFO][rank 0][SUNNonlinSolSolve_Newton][nonlinear-iterate] cur-iter = 2, total-iters = 2, update-norm = 1.259048948413402e-13
[INFO][rank 0][SUNNonlinSolSolve_Newton][end-nonlinear-iterate] status = success
[INFO][rank 0][arkStep_Nls][end-nonlinear-solve] status = success, iters = 2
[INFO][rank 0][arkStep_TakeStep_Z][end-stage] status = success
[INFO][rank 0][arkStep_TakeStep_Z][begin-stage] stage = 6, implicit = 1, tcur = 0.000102986025609508
[INFO][rank 0][arkStep_Nls][begin-nonlinear-solve] tol = 0.1
[INFO][rank 0][SUNNonlinSolSolve_Newton][nonlinear-solver] solver = Newton
[INFO][rank 0][SUNNonlinSolSolve_Newton][begin-nonlinear-iterate] 
[INFO][rank 0][arkLsSolve][begin-linear-solve] iterative = 0
[INFO][rank 0][arkLsSolve][end-linear-solve] status = success, iters = 0, p-solves = 0, resnorm = 0
[INFO][rank 0][SUNNonlinSolSolve_Newton][nonlinear-iterate] cur-iter = 1, total-iters = 1, update-norm = 0.2499749871485559
[INFO][rank 0][SUNNonlinSolSolve_Newton][end-nonlinear-iterate] status = success
[INFO][rank 0][arkStep_Nls][end-nonlinear-solve] status = success, iters = 1
[INFO][rank 0][arkStep_TakeStep_Z][end-stage] status = success
[INFO][rank 0][arkStep_TakeStep_Z][begin-compute-solution] mass type = 0
[INFO][rank 0][arkStep_TakeStep_Z][end-compute-solution] status = success
[INFO][rank 0][ARKodeEvolve][end-step-attempt] status = success, dsm = 4.96260358491064e-11
 1.029860256095084e-04    1.224744870309106e+00    1.732050195224277e+00    0.000000000000000e+00    0.000000000000000e+00
[INFO][rank 0][ARKodeEvolve][begin-step-attempt] step = 2, tn = 0.000102986025609508, h = 0.0349215419483287
[INFO][rank 0][arkStep_TakeStep_Z][begin-stage] stage = 0, implicit = 0, tcur = 0.000102986025609508
[INFO][rank 0][arkStep_TakeStep_Z][end-stage] status = success
[INFO][rank 0][arkStep_TakeStep_Z][begin-stage] stage = 1, implicit = 1, tcur = 0.0087286068868467
[INFO][rank 0][arkStep_Nls][begin-nonlinear-solve] tol = 0.1
[INFO][rank 0][SUNNonlinSolSolve_Newton][nonlinear-solver] solver = Newton
[INFO][rank 0][SUNNonlinSolSolve_Newton][begin-nonlinear-iterate] 
[INFO][rank 0][arkLsSolve][begin-linear-solve] iterative = 0
[INFO][rank 0][arkLsSolve][end-linear-solve] status = success, iters = 0, p-solves = 0, resnorm = 0
[INFO][rank 0][SUNNonlinSolSolve_Newton][nonlinear-iterate] cur-iter = 1, total-iters = 1, update-norm = 49.63454936762768
[INFO][rank 0][SUNNonlinSolSolve_Newton][end-nonlinear-iterate] status = continue
[INFO][rank 0][SUNNonlinSolSolve_Newton][begin-nonlinear-iterate] 
[INFO][rank 0][arkLsSolve][begin-linear-solve] iterative = 0
[INFO][rank 0][arkLsSolve][end-linear-solve] status = success, iters = 0, p-solves = 0, resnorm = 0
[INFO][rank 0][SUNNonlinSolSolve_Newton][nonlinear-iterate] cur-iter = 2, total-iters = 2, update-norm = 0.0006466374153629135
[INFO][rank 0][SUNNonlinSolSolve_Newton][end-nonlinear-iterate] status = success
[INFO][rank 0][arkStep_Nls][end-nonlinear-solve] status = success, iters = 2
[INFO][rank 0][arkStep_TakeStep_Z][end-stage] status = success
[INFO][rank 0][arkStep_TakeStep_Z][begin-stage] stage = 2, implicit = 1, tcur = 0.0148278418897717
[INFO][rank 0][arkStep_Nls][begin-nonlinear-solve] tol = 0.1
[INFO][rank 0][SUNNonlinSolSolve_Newton][nonlinear-solver] solver = Newton
[INFO][rank 0][SUNNonlinSolSolve_Newton][begin-nonlinear-iterate] 
[INFO][rank 0][arkLsSolve][begin-linear-solve] iterative = 0
[INFO][rank 0][arkLsSolve][end-linear-solve] status = success, iters = 0, p-solves = 0, resnorm = 0
[INFO][rank 0][SUNNonlinSolSolve_Newton][nonlinear-iterate] cur-iter = 1, total-iters = 1, update-norm = 5164.806909857656
[INFO][rank 0][SUNNonlinSolSolve_Newton][end-nonlinear-iterate] status = continue
[INFO][rank 0][SUNNonlinSolSolve_Newton][begin-nonlinear-iterate] 
[INFO][rank 0][arkLsSolve][begin-linear-solve] iterative = 0
[INFO][rank 0][arkLsSolve][end-linear-solve] status = success, iters = 0, p-solves = 0, resnorm = 0
[INFO][rank 0][SUNNonlinSolSolve_Newton][nonlinear-iterate] cur-iter = 2, total-iters = 2, update-norm = 0.09877496637427771
[INFO][rank 0][SUNNonlinSolSolve_Newton][end-nonlinear-iterate] status = success
[INFO][rank 0][arkStep_Nls][end-nonlinear-solve] status = success, iters = 2
[INFO][rank 0][arkStep_TakeStep_Z][end-stage] status = success
[INFO][rank 0][arkStep_TakeStep_Z][begin-stage] stage = 3, implicit = 1, tcur = 0.0118017025782996
[INFO][rank 0][arkStep_Nls][begin-nonlinear-solve] tol = 0.1
[INFO][rank 0][SUNNonlinSolSolve_Newton][nonlinear-solver] solver = Newton
[INFO][rank 0][SUNNonlinSolSolve_Newton][begin-nonlinear-iterate] 
[INFO][rank 0][arkLsSolve][begin-linear-solve] iterative = 0
[INFO][rank 0][arkLsSolve][end-linear-solve] status = success, iters = 0, p-solves = 0, resnorm = 0
[INFO][rank 0][SUNNonlinSolSolve_Newton][nonlinear-iterate] cur-iter = 1, total-iters = 1, update-norm = 3278.012238573097
[INFO][rank 0][SUNNonlinSolSolve_Newton][end-nonlinear-iterate] status = continue
[INFO][rank 0][SUNNonlinSolSolve_Newton][begin-nonlinear-iterate] 
[INFO][rank 0][arkLsSolve][begin-linear-solve] iterative = 0
[INFO][rank 0][arkLsSolve][end-linear-solve] status = success, iters = 0, p-solves = 0, resnorm = 0
[INFO][rank 0][SUNNonlinSolSolve_Newton][nonlinear-iterate] cur-iter = 2, total-iters = 2, update-norm = 0.03974304812525579
[INFO][rank 0][SUNNonlinSolSolve_Newton][end-nonlinear-iterate] status = success
[INFO][rank 0][arkStep_Nls][end-nonlinear-solve] status = success, iters = 2
[INFO][rank 0][arkStep_TakeStep_Z][end-stage] status = success
[INFO][rank 0][arkStep_TakeStep_Z][begin-stage] stage = 4, implicit = 1, tcur = 0.00272210167173416
[INFO][rank 0][arkStep_Nls][begin-nonlinear-solve] tol = 0.1
[INFO][rank 0][SUNNonlinSolSolve_Newton][nonlinear-solver] solver = Newton
[INFO][rank 0][SUNNonlinSolSolve_Newton][begin-nonlinear-iterate] 
[INFO][rank 0][arkLsSolve][begin-linear-solve] iterative = 0
[INFO][rank 0][arkLsSolve][end-linear-solve] status = success, iters = 0, p-solves = 0, resnorm = 0
[INFO][rank 0][SUNNonlinSolSolve_Newton][nonlinear-iterate] cur-iter = 1, total-iters = 1, update-norm = 183.0016770655097
[INFO][rank 0][SUNNonlinSolSolve_Newton][end-nonlinear-iterate] status = continue
[INFO][rank 0][SUNNonlinSolSolve_Newton][begin-nonlinear-iterate] 
[INFO][rank 0][arkLsSolve][begin-linear-solve] iterative = 0
[INFO][rank 0][arkLsSolve][end-linear-solve] status = success, iters = 0, p-solves = 0, resnorm = 0
[INFO][rank 0][SUNNonlinSolSolve_Newton][nonlinear-iterate] cur-iter = 2, total-iters = 2, update-norm = 0.0001124255274856794
[INFO][rank 0][SUNNonlinSolSolve_Newton][end-nonlinear-iterate] status = success
[INFO][rank 0][arkStep_Nls][end-nonlinear-solve] status = success, iters = 2
[INFO][rank 0][arkStep_TakeStep_Z][end-stage] status = success
[INFO][rank 0][arkStep_TakeStep_Z][begin-stage] stage = 5, implicit = 1, tcur = 0.0245480653894396
[INFO][rank 0][arkStep_Nls][begin-nonlinear-solve] tol = 0.1
[INFO][rank 0][SUNNonlinSolSolve_Newton][nonlinear-solver] solver = Newton
[INFO][rank 0][SUNNonlinSolSolve_Newton][begin-nonlinear-iterate] 
[INFO][rank 0][arkLsSolve][begin-linear-solve] iterative = 0
[INFO][rank 0][arkLsSolve][end-linear-solve] status = success, iters = 0, p-solves = 0, resnorm = 0
[INFO][rank 0][SUNNonlinSolSolve_Newton][nonlinear-iterate] cur-iter = 1, total-iters = 1, update-norm = 14043.48533363904
[INFO][rank 0][SUNNonlinSolSolve_Newton][end-nonlinear-iterate] status = continue
[INFO][rank 0][SUNNonlinSolSolve_Newton][begin-nonlinear-iterate] 
[INFO][rank 0][arkLsSolve][begin-linear-solve] iterative = 0
[INFO][rank 0][arkLsSolve][end-linear-solve] status = success, iters = 0, p-solves = 0, resnorm = 0
[INFO][rank 0][SUNNonlinSolSolve_Newton][nonlinear-iterate] cur-iter = 2, total-iters = 2, update-norm = 0.7325227757499416
[INFO][rank 0][SUNNonlinSolSolve_Newton][end-nonlinear-iterate] status = success
[INFO][rank 0][arkStep_Nls][end-nonlinear-solve] status = success, iters = 2
[INFO][rank 0][arkStep_TakeStep_Z][end-stage] status = success
[INFO][rank 0][arkStep_TakeStep_Z][begin-stage] stage = 6, implicit = 1, tcur = 0.0350245279739382
[INFO][rank 0][arkStep_Nls][begin-nonlinear-solve] tol = 0.1
[INFO][rank 0][SUNNonlinSolSolve_Newton][nonlinear-solver] solver = Newton
[INFO][rank 0][SUNNonlinSolSolve_Newton][begin-nonlinear-iterate] 
[INFO][rank 0][arkLsSolve][begin-linear-solve] iterative = 0
[INFO][rank 0][arkLsSolve][end-linear-solve] status = success, iters = 0, p-solves = 0, resnorm = 0
[INFO][rank 0][SUNNonlinSolSolve_Newton][nonlinear-iterate] cur-iter = 1, total-iters = 1, update-norm = 28339.89717807668
[INFO][rank 0][SUNNonlinSolSolve_Newton][end-nonlinear-iterate] status = continue
[INFO][rank 0][SUNNonlinSolSolve_Newton][begin-nonlinear-iterate] 
[INFO][rank 0][arkLsSolve][begin-linear-solve] iterative = 0
[INFO][rank 0][arkLsSolve][end-linear-solve] status = success, iters = 0, p-solves = 0, resnorm = 0
[INFO][rank 0][SUNNonlinSolSolve_Newton][nonlinear-iterate] cur-iter = 2, total-iters = 2, update-norm = 2.971382260986628
[INFO][rank 0][SUNNonlinSolSolve_Newton][end-nonlinear-iterate] status = success
[INFO][rank 0][arkStep_Nls][end-nonlinear-solve] status = success, iters = 2
[INFO][rank 0][arkStep_TakeStep_Z][end-stage] status = success
[INFO][rank 0][arkStep_TakeStep_Z][begin-compute-solution] mass type = 0
[INFO][rank 0][arkStep_TakeStep_Z][end-compute-solution] status = success
[INFO][rank 0][ARKodeEvolve][end-step-attempt] status = success, dsm = 0.675092655743651
 3.502452797393821e-02    1.224619609626345e+00    1.662687056289061e+00    6.682815256731089e-08    6.552575246843162e-07
[INFO][rank 0][ARKodeEvolve][begin-step-attempt] step = 3, tn = 0.0350245279739382, h = 0.0346732918535864
[INFO][rank 0][arkStep_TakeStep_Z][begin-stage] stage = 0, implicit = 0, tcur = 0.0350245279739382
[INFO][rank 0][arkStep_TakeStep_Z][end-stage] status = success
[INFO][rank 0][arkStep_TakeStep_Z][begin-stage] stage = 1, implicit = 1, tcur = 0.043588831061774
[INFO][rank 0][arkStep_Nls][begin-nonlinear-solve] tol = 0.1
[INFO][rank 0][SUNNonlinSolSolve_Newton][nonlinear-solver] solver = Newton
[INFO][rank 0][SUNNonlinSolSolve_Newton][begin-nonlinear-iterate] 
[INFO][rank 0][arkLsSolve][begin-linear-solve] iterative = 0
[INFO][rank 0][arkLsSolve][end-linear-solve] status = success, iters = 0, p-solves = 0, resnorm = 0
[INFO][rank 0][SUNNonlinSolSolve_Newton][nonlinear-iterate] cur-iter = 1, total-iters = 1, update-norm = 14175.1561146364
[INFO][rank 0][SUNNonlinSolSolve_Newton][end-nonlinear-iterate] status = continue
[INFO][rank 0][SUNNonlinSolSolve_Newton][begin-nonlinear-iterate] 
[INFO][rank 0][arkLsSolve][begin-linear-solve] iterative = 0
[INFO][rank 0][arkLsSolve][end-linear-solve] status = success, iters = 0, p-solves = 0, resnorm = 0
[INFO][rank 0][SUNNonlinSolSolve_Newton][nonlinear-iterate] cur-iter = 2, total-iters = 2, update-norm = 49.40445209024682
[INFO][rank 0][SUNNonlinSolSolve_Newton][end-nonlinear-iterate] status = continue
[INFO][rank 0][SUNNonlinSolSolve_Newton][begin-nonlinear-iterate] 
[INFO][rank 0][arkLsSolve][begin-linear-solve] iterative = 0
[INFO][rank 0][arkLsSolve][end-linear-solve] status = success, iters = 0, p-solves = 0, resnorm = 0
[INFO][rank 0][SUNNonlinSolSolve_Newton][nonlinear-iterate] cur-iter = 3, total-iters = 3, update-norm = 0.1742983153290105
[INFO][rank 0][SUNNonlinSolSolve_Newton][end-nonlinear-iterate] status = success
[INFO][rank 0][arkStep_Nls][end-nonlinear-solve] status = success, iters = 3
[INFO][rank 0][arkStep_TakeStep_Z][end-stage] status = success
[INFO][rank 0][arkStep_TakeStep_Z][begin-stage] stage = 2, implicit = 1, tcur = 0.0496447078513196
[INFO][rank 0][arkStep_Nls][begin-nonlinear-solve] tol = 0.1
[INFO][rank 0][SUNNonlinSolSolve_Newton][nonlinear-solver] solver = Newton
[INFO][rank 0][SUNNonlinSolSolve_Newton][begin-nonlinear-iterate] 
[INFO][rank 0][arkLsSolve][begin-linear-solve] iterative = 0
[INFO][rank 0][arkLsSolve][end-linear-solve] status = success, iters = 0, p-solves = 0, resnorm = 0
[INFO][rank 0][SUNNonlinSolSolve_Newton][nonlinear-iterate] cur-iter = 1, total-iters = 1, update-norm = 28565.71532818379
[INFO][rank 0][SUNNonlinSolSolve_Newton][end-nonlinear-iterate] status = continue
[INFO][rank 0][SUNNonlinSolSolve_Newton][begin-nonlinear-iterate] 
[INFO][rank 0][arkLsSolve][begin-linear-solve] iterative = 0
[INFO][rank 0][arkLsSolve][end-linear-solve] status = success, iters = 0, p-solves = 0, resnorm = 0
[INFO][rank 0][SUNNonlinSolSolve_Newton][nonlinear-iterate] cur-iter = 2, total-iters = 2, update-norm = 98.6011590115944
[INFO][rank 0][SUNNonlinSolSolve_Newton][end-nonlinear-iterate] status = continue
[INFO][rank 0][SUNNonlinSolSolve_Newton][begin-nonlinear-iterate] 
[INFO][rank 0][arkLsSolve][begin-linear-solve] iterative = 0
[INFO][rank 0][arkLsSolve][end-linear-solve] status = success, iters = 0, p-solves = 0, resnorm = 0
[INFO][rank 0][SUNNonlinSolSolve_Newton][nonlinear-iterate] cur-iter = 3, total-iters = 3, update-norm = 0.3488019225912304
[INFO][rank 0][SUNNonlinSolSolve_Newton][end-nonlinear-iterate] status = success
[INFO][rank 0][arkStep_Nls][end-nonlinear-solve] status = success, iters = 3
[INFO][rank 0][arkStep_TakeStep_Z][end-stage] status = success
[INFO][rank 0][arkStep_TakeStep_Z][begin-stage] stage = 3, implicit = 1, tcur = 0.0466400807448896
[INFO][rank 0][arkStep_Nls][begin-nonlinear-solve] tol = 0.1
[INFO][rank 0][SUNNonlinSolSolve_Newton][nonlinear-solver] solver = Newton
[INFO][rank 0][SUNNonlinSolSolve_Newton][begin-nonlinear-iterate] 
[INFO][rank 0][arkLsSolve][begin-linear-solve] iterative = 0
[INFO][rank 0][arkLsSolve][end-linear-solve] status = success, iters = 0, p-solves = 0, resnorm = 0
[INFO][rank 0][SUNNonlinSolSolve_Newton][nonlinear-iterate] cur-iter = 1, total-iters = 1, update-norm = 22015.4772929321
[INFO][rank 0][SUNNonlinSolSolve_Newton][end-nonlinear-iterate] status = continue
[INFO][rank 0][SUNNonlinSolSolve_Newton][begin-nonlinear-iterate] 
[INFO][rank 0][arkLsSolve][begin-linear-solve] iterative = 0
[INFO][rank 0][arkLsSolve][end-linear-solve] status = success, iters = 0, p-solves = 0, resnorm = 0
[INFO][rank 0][SUNNonlinSolSolve_Newton][nonlinear-iterate] cur-iter = 2, total-iters = 2, update-norm = 76.41904005998833
[INFO][rank 0][SUNNonlinSolSolve_Newton][end-nonlinear-iterate] status = continue
[INFO][rank 0][SUNNonlinSolSolve_Newton][begin-nonlinear-iterate] 
[INFO][rank 0][arkLsSolve][begin-linear-solve] iterative = 0
[INFO][rank 0][arkLsSolve][end-linear-solve] status = success, iters = 0, p-solves = 0, resnorm = 0
[INFO][rank 0][SUNNonlinSolSolve_Newton][nonlinear-iterate] cur-iter = 3, total-iters = 3, update-norm = 0.270323679618382
[INFO][rank 0][SUNNonlinSolSolve_Newton][end-nonlinear-iterate] status = success
[INFO][rank 0][arkStep_Nls][end-nonlinear-solve] status = success, iters = 3
[INFO][rank 0][arkStep_TakeStep_Z][end-stage] status = success
[INFO][rank 0][arkStep_TakeStep_Z][begin-stage] stage = 4, implicit = 1, tcur = 0.0376250248629572
[INFO][rank 0][arkStep_Nls][begin-nonlinear-solve] tol = 0.1
[INFO][rank 0][SUNNonlinSolSolve_Newton][nonlinear-solver] solver = Newton
[INFO][rank 0][SUNNonlinSolSolve_Newton][begin-nonlinear-iterate] 
[INFO][rank 0][arkLsSolve][begin-linear-solve] iterative = 0
[INFO][rank 0][arkLsSolve][end-linear-solve] status = success, iters = 0, p-solves = 0, resnorm = 0
[INFO][rank 0][SUNNonlinSolSolve_Newton][nonlinear-iterate] cur-iter = 1, total-iters = 1, update-norm = 4498.366048140659
[INFO][rank 0][SUNNonlinSolSolve_Newton][end-nonlinear-iterate] status = continue
[INFO][rank 0][SUNNonlinSolSolve_Newton][begin-nonlinear-iterate] 
[INFO][rank 0][arkLsSolve][begin-linear-solve] iterative = 0
[INFO][rank 0][arkLsSolve][end-linear-solve] status = success, iters = 0, p-solves = 0, resnorm = 0
[INFO][rank 0][SUNNonlinSolSolve_Newton][nonlinear-iterate] cur-iter = 2, total-iters = 2, update-norm = 15.85012537384859
[INFO][rank 0][SUNNonlinSolSolve_Newton][end-nonlinear-iterate] status = success
[INFO][rank 0][arkStep_Nls][end-nonlinear-solve] status = success, iters = 2
[INFO][rank 0][arkStep_TakeStep_Z][end-stage] status = success
[INFO][rank 0][arkStep_TakeStep_Z][begin-stage] stage = 5, implicit = 1, tcur = 0.0592958322714487
[INFO][rank 0][arkStep_Nls][begin-nonlinear-solve] tol = 0.1
[INFO][rank 0][SUNNonlinSolSolve_Newton][nonlinear-solver] solver = Newton
[INFO][rank 0][SUNNonlinSolSolve_Newton][begin-nonlinear-iterate] 
[INFO][rank 0][arkLsSolve][begin-linear-solve] iterative = 0
[INFO][rank 0][arkLsSolve][end-linear-solve] status = success, iters = 0, p-solves = 0, resnorm = 0
[INFO][rank 0][SUNNonlinSolSolve_Newton][nonlinear-iterate] cur-iter = 1, total-iters = 1, update-norm = 51650.80739313146
[INFO][rank 0][SUNNonlinSolSolve_Newton][end-nonlinear-iterate] status = continue
[INFO][rank 0][SUNNonlinSolSolve_Newton][begin-nonlinear-iterate] 
[INFO][rank 0][arkLsSolve][begin-linear-solve] iterative = 0
[INFO][rank 0][arkLsSolve][end-linear-solve] status = success, iters = 0, p-solves = 0, resnorm = 0
[INFO][rank 0][SUNNonlinSolSolve_Newton][nonlinear-iterate] cur-iter = 2, total-iters = 2, update-norm = 174.7422303310495
[INFO][rank 0][SUNNonlinSolSolve_Newton][end-nonlinear-iterate] status = continue
[INFO][rank 0][SUNNonlinSolSolve_Newton][begin-nonlinear-iterate] 
[INFO][rank 0][arkLsSolve][begin-linear-solve] iterative = 0
[INFO][rank 0][arkLsSolve][end-linear-solve] status = success, iters = 0, p-solves = 0, resnorm = 0
[INFO][rank 0][SUNNonlinSolSolve_Newton][nonlinear-iterate] cur-iter = 3, total-iters = 3, update-norm = 0.618107742320483
[INFO][rank 0][SUNNonlinSolSolve_Newton][end-nonlinear-iterate] status = success
[INFO][rank 0][arkStep_Nls][end-nonlinear-solve] status = success, iters = 3
[INFO][rank 0][arkStep_TakeStep_Z][end-stage] status = success
[INFO][rank 0][arkStep_TakeStep_Z][begin-stage] stage = 6, implicit = 1, tcur = 0.0696978198275246
[INFO][rank 0][arkStep_Nls][begin-nonlinear-solve] tol = 0.1
[INFO][rank 0][SUNNonlinSolSolve_Newton][nonlinear-solver] solver = Newton
[INFO][rank 0][SUNNonlinSolSolve_Newton][begin-nonlinear-iterate] 
[INFO][rank 0][arkLsSolve][begin-linear-solve] iterative = 0
[INFO][rank 0][arkLsSolve][end-linear-solve] status = success, iters = 0, p-solves = 0, resnorm = 0
[INFO][rank 0][SUNNonlinSolSolve_Newton][nonlinear-iterate] cur-iter = 1, total-iters = 1, update-norm = 80355.11254110858
[INFO][rank 0][SUNNonlinSolSolve_Newton][end-nonlinear-iterate] status = continue
[INFO][rank 0][SUNNonlinSolSolve_Newton][begin-nonlinear-iterate] 
[INFO][rank 0][arkLsSolve][begin-linear-solve] iterative = 0
[INFO][rank 0][arkLsSolve][end-linear-solve] status = success, iters = 0, p-solves = 0, resnorm = 0
[INFO][rank 0][SUNNonlinSolSolve_Newton][nonlinear-iterate] cur-iter = 2, total-iters = 2, update-norm = 265.3896658062878
[INFO][rank 0][SUNNonlinSolSolve_Newton][end-nonlinear-iterate] status = continue
[INFO][rank 0][SUNNonlinSolSolve_Newton][begin-nonlinear-iterate] 
[INFO][rank 0][arkLsSolve][begin-linear-solve] iterative = 0
[INFO][rank 0][arkLsSolve][end-linear-solve] status = success, iters = 0, p-solves = 0, resnorm = 0
[INFO][rank 0][SUNNonlinSolSolve_Newton][nonlinear-iterate] cur-iter = 3, total-iters = 3, update-norm = 0.9397961302189556
[INFO][rank 0][SUNNonlinSolSolve_Newton][end-nonlinear-iterate] status = success
[INFO][rank 0][arkStep_Nls][end-nonlinear-solve] status = success, iters = 3
[INFO][rank 0][arkStep_TakeStep_Z][end-stage] status = success
[INFO][rank 0][arkStep_TakeStep_Z][begin-compute-solution] mass type = 0
[INFO][rank 0][arkStep_TakeStep_Z][end-compute-solution] status = success
[INFO][rank 0][ARKodeEvolve][end-step-attempt] status = success, dsm = 0.787094332152109
 6.969781982752457e-02    1.224249198625670e+00    1.475102471382777e+00    2.258959530543336e-08    2.586627546596887e-06
------------------------------------------------------------------------------------------------------------------------------
Current time                  = 0.0696978198275246
Steps                         = 3
Step attempts                 = 3
Stability limited steps       = 0
Accuracy limited steps        = 3
Error test fails              = 0
NLS step fails                = 0
Inequality constraint fails   = 0
Initial step size             = 0.000102986025609508
Last step size                = 0.0346732918535864
Current step size             = 0.0331307210856591
Explicit RHS fn evals         = 23
Implicit RHS fn evals         = 59
NLS iters                     = 36
NLS fails                     = 0
NLS iters per step            = 12
LS setups                     = 2
Jac fn evals                  = 1
LS RHS fn evals               = 0
Prec setup evals              = 0
Prec solves                   = 0
LS iters                      = 0
LS fails                      = 0
Jac-times setups              = 0
Jac-times evals               = 0
LS iters per NLS iter         = 0
Jac evals per NLS iter        = 0.0277777777777778
Prec evals per NLS iter       = 0
End ARKStep Logging test
