Start ARKStep Logging test
Using ImEx method
Using Newton nonlinear solver
Using dense direct linear solver
           t                        u                        v                      u err                    v err            
------------------------------------------------------------------------------------------------------------------------------
 0.000000000000000e+00    1.224744871391589e+00    1.732050807568877e+00    0.000000000000000e+00    0.000000000000000e+00
[INFO][rank 0][ARKodeEvolve][begin-step-attempt] step = 1, tn = 0, h = 0.0001029860256095084
[INFO][rank 0][arkStep_TakeStep_Z][begin-stage] stage = 0, implicit = 0, tcur = 0
[INFO][rank 0][arkStep_TakeStep_Z][end-stage] status = success
[INFO][rank 0][arkStep_TakeStep_Z][begin-stage] stage = 1, implicit = 1, tcur = 5.14930128047542e-05
[INFO][rank 0][arkStep_Nls][begin-nonlinear-solve] tol = 0.1
[INFO][rank 0][SUNNonlinSolSolve_Newton][nonlinear-solver] solver = Newton
[INFO][rank 0][SUNNonlinSolSolve_Newton][begin-nonlinear-iterate] 
[INFO][rank 0][arkLsSolve][begin-linear-solve] iterative = 0
[INFO][rank 0][arkLsSolve][end-linear-solve] status = success, iters = 0, p-solves = 0, resnorm = 0
[INFO][rank 0][SUNNonlinSolSolve_Newton][nonlinear-iterate] cur-iter = 1, total-iters = 1, update-norm = 1.964697559380313e-06
[INFO][rank 0][SUNNonlinSolSolve_Newton][end-nonlinear-iterate] status = success
[INFO][rank 0][arkStep_Nls][end-nonlinear-solve] status = success, iters = 1
[INFO][rank 0][arkStep_TakeStep_Z][end-stage] status = success
[INFO][rank 0][arkStep_TakeStep_Z][begin-stage] stage = 2, implicit = 1, tcur = 3.419136050235679e-05
[INFO][rank 0][arkStep_Nls][begin-nonlinear-solve] tol = 0.1
[INFO][rank 0][SUNNonlinSolSolve_Newton][nonlinear-solver] solver = Newton
[INFO][rank 0][SUNNonlinSolSolve_Newton][begin-nonlinear-iterate] 
[INFO][rank 0][arkLsSolve][begin-linear-solve] iterative = 0
[INFO][rank 0][arkLsSolve][end-linear-solve] status = success, iters = 0, p-solves = 0, resnorm = 0
[INFO][rank 0][SUNNonlinSolSolve_Newton][nonlinear-iterate] cur-iter = 1, total-iters = 1, update-norm = 0.02755288476307282
[INFO][rank 0][SUNNonlinSolSolve_Newton][end-nonlinear-iterate] status = success
[INFO][rank 0][arkStep_Nls][end-nonlinear-solve] status = success, iters = 1
[INFO][rank 0][arkStep_TakeStep_Z][end-stage] status = success
[INFO][rank 0][arkStep_TakeStep_Z][begin-stage] stage = 3, implicit = 1, tcur = 6.385133587789521e-05
[INFO][rank 0][arkStep_Nls][begin-nonlinear-solve] tol = 0.1
[INFO][rank 0][SUNNonlinSolSolve_Newton][nonlinear-solver] solver = Newton
[INFO][rank 0][SUNNonlinSolSolve_Newton][begin-nonlinear-iterate] 
[INFO][rank 0][arkLsSolve][begin-linear-solve] iterative = 0
[INFO][rank 0][arkLsSolve][end-linear-solve] status = success, iters = 0, p-solves = 0, resnorm = 0
[INFO][rank 0][SUNNonlinSolSolve_Newton][nonlinear-iterate] cur-iter = 1, total-iters = 1, update-norm = 0.09608896636098527
[INFO][rank 0][SUNNonlinSolSolve_Newton][end-nonlinear-iterate] status = success
[INFO][rank 0][arkStep_Nls][end-nonlinear-solve] status = success, iters = 1
[INFO][rank 0][arkStep_TakeStep_Z][end-stage] status = success
[INFO][rank 0][arkStep_TakeStep_Z][begin-stage] stage = 4, implicit = 1, tcur = 8.753812176808214e-05
[INFO][rank 0][arkStep_Nls][begin-nonlinear-solve] tol = 0.1
[INFO][rank 0][SUNNonlinSolSolve_Newton][nonlinear-solver] solver = Newton
[INFO][rank 0][SUNNonlinSolSolve_Newton][begin-nonlinear-iterate] 
[INFO][rank 0][arkLsSolve][begin-linear-solve] iterative = 0
[INFO][rank 0][arkLsSolve][end-linear-solve] status = success, iters = 0, p-solves = 0, resnorm = 0
[INFO][rank 0][SUNNonlinSolSolve_Newton][nonlinear-iterate] cur-iter = 1, total-iters = 1, update-norm = 0.180603158079822
[INFO][rank 0][SUNNonlinSolSolve_Newton][end-nonlinear-iterate] status = continue
[INFO][rank 0][SUNNonlinSolSolve_Newton][begin-nonlinear-iterate] 
[INFO][rank 0][arkLsSolve][begin-linear-solve] iterative = 0
[INFO][rank 0][arkLsSolve][end-linear-solve] status = success, iters = 0, p-solves = 0, resnorm = 0
[INFO][rank 0][SUNNonlinSolSolve_Newton][nonlinear-iterate] cur-iter = 2, total-iters = 2, update-norm = 2.25245970796259e-13
[INFO][rank 0][SUNNonlinSolSolve_Newton][end-nonlinear-iterate] status = success
[INFO][rank 0][arkStep_Nls][end-nonlinear-solve] status = success, iters = 2
[INFO][rank 0][arkStep_TakeStep_Z][end-stage] status = success
[INFO][rank 0][arkStep_TakeStep_Z][begin-stage] stage = 5, implicit = 1, tcur = 0.0001029860256095084
[INFO][rank 0][arkStep_Nls][begin-nonlinear-solve] tol = 0.1
[INFO][rank 0][SUNNonlinSolSolve_Newton][nonlinear-solver] solver = Newton
[INFO][rank 0][SUNNonlinSolSolve_Newton][begin-nonlinear-iterate] 
[INFO][rank 0][arkLsSolve][begin-linear-solve] iterative = 0
[INFO][rank 0][arkLsSolve][end-linear-solve] status = success, iters = 0, p-solves = 0, resnorm = 0
[INFO][rank 0][SUNNonlinSolSolve_Newton][nonlinear-iterate] cur-iter = 1, total-iters = 1, update-norm = 0.2499749863599196
[INFO][rank 0][SUNNonlinSolSolve_Newton][end-nonlinear-iterate] status = success
[INFO][rank 0][arkStep_Nls][end-nonlinear-solve] status = success, iters = 1
[INFO][rank 0][arkStep_TakeStep_Z][end-stage] status = success
[INFO][rank 0][arkStep_TakeStep_Z][begin-compute-solution] mass type = 0
[INFO][rank 0][arkStep_TakeStep_Z][end-compute-solution] status = success
[DEBUG][rank 0][arkAdapt][new-step-before-bounds] h_acc = 0.006719925951289845, h_cfl = 1.029860256095084e+26
[DEBUG][rank 0][arkAdapt][new-step-after-max-min-bounds] h_acc = 0.006451128913238251, h_cfl = 5.14930128047542e+25
[DEBUG][rank 0][arkAdapt][new-step-eta] eta = 62.64081825721642
[INFO][rank 0][ARKodeEvolve][end-step-attempt] status = success, dsm = 2.742319852554314e-10
 1.029860256095084e-04    1.224744870309106e+00    1.732050195224277e+00    0.000000000000000e+00    0.000000000000000e+00
[INFO][rank 0][ARKodeEvolve][begin-step-attempt] step = 2, tn = 0.0001029860256095084, h = 0.006451128913238251
[INFO][rank 0][arkStep_TakeStep_Z][begin-stage] stage = 0, implicit = 0, tcur = 0.0001029860256095084
[INFO][rank 0][arkStep_TakeStep_Z][end-stage] status = success
[INFO][rank 0][arkStep_TakeStep_Z][begin-stage] stage = 1, implicit = 1, tcur = 0.003328550482228634
[INFO][rank 0][arkStep_Nls][begin-nonlinear-solve] tol = 0.1
[INFO][rank 0][SUNNonlinSolSolve_Newton][nonlinear-solver] solver = Newton
[INFO][rank 0][SUNNonlinSolSolve_Newton][begin-nonlinear-iterate] 
[INFO][rank 0][arkLsSolve][begin-linear-solve] iterative = 0
[INFO][rank 0][arkLsSolve][end-linear-solve] status = success, iters = 0, p-solves = 0, resnorm = 0
[INFO][rank 0][SUNNonlinSolSolve_Newton][nonlinear-iterate] cur-iter = 1, total-iters = 1, update-norm = 16.05452507214864
[INFO][rank 0][SUNNonlinSolSolve_Newton][end-nonlinear-iterate] status = continue
[INFO][rank 0][SUNNonlinSolSolve_Newton][begin-nonlinear-iterate] 
[INFO][rank 0][arkLsSolve][begin-linear-solve] iterative = 0
[INFO][rank 0][arkLsSolve][end-linear-solve] status = success, iters = 0, p-solves = 0, resnorm = 0
[INFO][rank 0][SUNNonlinSolSolve_Newton][nonlinear-iterate] cur-iter = 2, total-iters = 2, update-norm = 1.129920641765477e-05
[INFO][rank 0][SUNNonlinSolSolve_Newton][end-nonlinear-iterate] status = success
[INFO][rank 0][arkStep_Nls][end-nonlinear-solve] status = success, iters = 2
[INFO][rank 0][arkStep_TakeStep_Z][end-stage] status = success
[INFO][rank 0][arkStep_TakeStep_Z][begin-stage] stage = 2, implicit = 1, tcur = 0.002244760824804608
[INFO][rank 0][arkStep_Nls][begin-nonlinear-solve] tol = 0.1
[INFO][rank 0][SUNNonlinSolSolve_Newton][nonlinear-solver] solver = Newton
[INFO][rank 0][SUNNonlinSolSolve_Newton][begin-nonlinear-iterate] 
[INFO][rank 0][arkLsSolve][begin-linear-solve] iterative = 0
[INFO][rank 0][arkLsSolve][end-linear-solve] status = success, iters = 0, p-solves = 0, resnorm = 0
[INFO][rank 0][SUNNonlinSolSolve_Newton][nonlinear-iterate] cur-iter = 1, total-iters = 1, update-norm = 118.3454769917176
[INFO][rank 0][SUNNonlinSolSolve_Newton][end-nonlinear-iterate] status = continue
[INFO][rank 0][SUNNonlinSolSolve_Newton][begin-nonlinear-iterate] 
[INFO][rank 0][arkLsSolve][begin-linear-solve] iterative = 0
[INFO][rank 0][arkLsSolve][end-linear-solve] status = success, iters = 0, p-solves = 0, resnorm = 0
[INFO][rank 0][SUNNonlinSolSolve_Newton][nonlinear-iterate] cur-iter = 2, total-iters = 2, update-norm = 1.953618323509618e-05
[INFO][rank 0][SUNNonlinSolSolve_Newton][end-nonlinear-iterate] status = success
[INFO][rank 0][arkStep_Nls][end-nonlinear-solve] status = success, iters = 2
[INFO][rank 0][arkStep_TakeStep_Z][end-stage] status = success
[INFO][rank 0][arkStep_TakeStep_Z][begin-stage] stage = 3, implicit = 1, tcur = 0.004102685951817224
[INFO][rank 0][arkStep_Nls][begin-nonlinear-solve] tol = 0.1
[INFO][rank 0][SUNNonlinSolSolve_Newton][nonlinear-solver] solver = Newton
[INFO][rank 0][SUNNonlinSolSolve_Newton][begin-nonlinear-iterate] 
[INFO][rank 0][arkLsSolve][begin-linear-solve] iterative = 0
[INFO][rank 0][arkLsSolve][end-linear-solve] status = success, iters = 0, p-solves = 0, resnorm = 0
[INFO][rank 0][SUNNonlinSolSolve_Newton][nonlinear-iterate] cur-iter = 1, total-iters = 1, update-norm = 396.1432178884001
[INFO][rank 0][SUNNonlinSolSolve_Newton][end-nonlinear-iterate] status = continue
[INFO][rank 0][SUNNonlinSolSolve_Newton][begin-nonlinear-iterate] 
[INFO][rank 0][arkLsSolve][begin-linear-solve] iterative = 0
[INFO][rank 0][arkLsSolve][end-linear-solve] status = success, iters = 0, p-solves = 0, resnorm = 0
[INFO][rank 0][SUNNonlinSolSolve_Newton][nonlinear-iterate] cur-iter = 2, total-iters = 2, update-norm = 0.0002187086232103356
[INFO][rank 0][SUNNonlinSolSolve_Newton][end-nonlinear-iterate] status = success
[INFO][rank 0][arkStep_Nls][end-nonlinear-solve] status = success, iters = 2
[INFO][rank 0][arkStep_TakeStep_Z][end-stage] status = success
[INFO][rank 0][arkStep_TakeStep_Z][begin-stage] stage = 4, implicit = 1, tcur = 0.005586445601862022
[INFO][rank 0][arkStep_Nls][begin-nonlinear-solve] tol = 0.1
[INFO][rank 0][SUNNonlinSolSolve_Newton][nonlinear-solver] solver = Newton
[INFO][rank 0][SUNNonlinSolSolve_Newton][begin-nonlinear-iterate] 
[INFO][rank 0][arkLsSolve][begin-linear-solve] iterative = 0
[INFO][rank 0][arkLsSolve][end-linear-solve] status = success, iters = 0, p-solves = 0, resnorm = 0
[INFO][rank 0][SUNNonlinSolSolve_Newton][nonlinear-iterate] cur-iter = 1, total-iters = 1, update-norm = 734.2942058683061
[INFO][rank 0][SUNNonlinSolSolve_Newton][end-nonlinear-iterate] status = continue
[INFO][rank 0][SUNNonlinSolSolve_Newton][begin-nonlinear-iterate] 
[INFO][rank 0][arkLsSolve][begin-linear-solve] iterative = 0
[INFO][rank 0][arkLsSolve][end-linear-solve] status = success, iters = 0, p-solves = 0, resnorm = 0
[INFO][rank 0][SUNNonlinSolSolve_Newton][nonlinear-iterate] cur-iter = 2, total-iters = 2, update-norm = 0.0007520421592194119
[INFO][rank 0][SUNNonlinSolSolve_Newton][end-nonlinear-iterate] status = success
[INFO][rank 0][arkStep_Nls][end-nonlinear-solve] status = success, iters = 2
[INFO][rank 0][arkStep_TakeStep_Z][end-stage] status = success
[INFO][rank 0][arkStep_TakeStep_Z][begin-stage] stage = 5, implicit = 1, tcur = 0.00655411493884776
[INFO][rank 0][arkStep_Nls][begin-nonlinear-solve] tol = 0.1
[INFO][rank 0][SUNNonlinSolSolve_Newton][nonlinear-solver] solver = Newton
[INFO][rank 0][SUNNonlinSolSolve_Newton][begin-nonlinear-iterate] 
[INFO][rank 0][arkLsSolve][begin-linear-solve] iterative = 0
[INFO][rank 0][arkLsSolve][end-linear-solve] status = success, iters = 0, p-solves = 0, resnorm = 0
[INFO][rank 0][SUNNonlinSolSolve_Newton][nonlinear-iterate] cur-iter = 1, total-iters = 1, update-norm = 1011.478964763825
[INFO][rank 0][SUNNonlinSolSolve_Newton][end-nonlinear-iterate] status = continue
[INFO][rank 0][SUNNonlinSolSolve_Newton][begin-nonlinear-iterate] 
[INFO][rank 0][arkLsSolve][begin-linear-solve] iterative = 0
[INFO][rank 0][arkLsSolve][end-linear-solve] status = success, iters = 0, p-solves = 0, resnorm = 0
[INFO][rank 0][SUNNonlinSolSolve_Newton][nonlinear-iterate] cur-iter = 2, total-iters = 2, update-norm = 0.001424579352601338
[INFO][rank 0][SUNNonlinSolSolve_Newton][end-nonlinear-iterate] status = success
[INFO][rank 0][arkStep_Nls][end-nonlinear-solve] status = success, iters = 2
[INFO][rank 0][arkStep_TakeStep_Z][end-stage] status = success
[INFO][rank 0][arkStep_TakeStep_Z][begin-compute-solution] mass type = 0
[INFO][rank 0][arkStep_TakeStep_Z][end-compute-solution] status = success
[DEBUG][rank 0][arkAdapt][new-step-before-bounds] h_acc = 0.003802779126217027, h_cfl = 6.451128913238251e+27
[DEBUG][rank 0][arkAdapt][new-step-after-max-min-bounds] h_acc = 0.003650667961168346, h_cfl = 3.225564456619126e+27
[DEBUG][rank 0][arkAdapt][new-step-eta] eta = 0.5658959866197795
[INFO][rank 0][ARKodeEvolve][end-step-attempt] status = success, dsm = 0.004100655316169613
 6.554114938847760e-03    1.224740487151368e+00    1.729572493235030e+00    2.654254593892347e-11    2.225244433162743e-10
[INFO][rank 0][ARKodeEvolve][begin-step-attempt] step = 3, tn = 0.00655411493884776, h = 0.003650667961168346
[INFO][rank 0][arkStep_TakeStep_Z][begin-stage] stage = 0, implicit = 0, tcur = 0.00655411493884776
[INFO][rank 0][arkStep_TakeStep_Z][end-stage] status = success
[INFO][rank 0][arkStep_TakeStep_Z][begin-stage] stage = 1, implicit = 1, tcur = 0.008379448919431933
[INFO][rank 0][arkStep_Nls][begin-nonlinear-solve] tol = 0.1
[INFO][rank 0][SUNNonlinSolSolve_Newton][nonlinear-solver] solver = Newton
[INFO][rank 0][SUNNonlinSolSolve_Newton][begin-nonlinear-iterate] 
[INFO][rank 0][arkLsSolve][begin-linear-solve] iterative = 0
[INFO][rank 0][arkLsSolve][end-linear-solve] status = success, iters = 0, p-solves = 0, resnorm = 0
[INFO][rank 0][SUNNonlinSolSolve_Newton][nonlinear-iterate] cur-iter = 1, total-iters = 1, update-norm = 564.0014806129656
[INFO][rank 0][SUNNonlinSolSolve_Newton][end-nonlinear-iterate] status = continue
[INFO][rank 0][SUNNonlinSolSolve_Newton][begin-nonlinear-iterate] 
[INFO][rank 0][arkLsSolve][begin-linear-solve] iterative = 0
[INFO][rank 0][arkLsSolve][end-linear-solve] status = success, iters = 0, p-solves = 0, resnorm = 0
[INFO][rank 0][SUNNonlinSolSolve_Newton][nonlinear-iterate] cur-iter = 2, total-iters = 2, update-norm = 0.0003203746251509396
[INFO][rank 0][SUNNonlinSolSolve_Newton][end-nonlinear-iterate] status = success
[INFO][rank 0][arkStep_Nls][end-nonlinear-solve] status = success, iters = 2
[INFO][rank 0][arkStep_TakeStep_Z][end-stage] status = success
[INFO][rank 0][arkStep_TakeStep_Z][begin-stage] stage = 2, implicit = 1, tcur = 0.007766136701955651
[INFO][rank 0][arkStep_Nls][begin-nonlinear-solve] tol = 0.1
[INFO][rank 0][SUNNonlinSolSolve_Newton][nonlinear-solver] solver = Newton
[INFO][rank 0][SUNNonlinSolSolve_Newton][begin-nonlinear-iterate] 
[INFO][rank 0][arkLsSolve][begin-linear-solve] iterative = 0
[INFO][rank 0][arkLsSolve][end-linear-solve] status = success, iters = 0, p-solves = 0, resnorm = 0
[INFO][rank 0][SUNNonlinSolSolve_Newton][nonlinear-iterate] cur-iter = 1, total-iters = 1, update-norm = 408.8942864970894
[INFO][rank 0][SUNNonlinSolSolve_Newton][end-nonlinear-iterate] status = continue
[INFO][rank 0][SUNNonlinSolSolve_Newton][begin-nonlinear-iterate] 
[INFO][rank 0][arkLsSolve][begin-linear-solve] iterative = 0
[INFO][rank 0][arkLsSolve][end-linear-solve] status = success, iters = 0, p-solves = 0, resnorm = 0
[INFO][rank 0][SUNNonlinSolSolve_Newton][nonlinear-iterate] cur-iter = 2, total-iters = 2, update-norm = 0.0001318689853766368
[INFO][rank 0][SUNNonlinSolSolve_Newton][end-nonlinear-iterate] status = success
[INFO][rank 0][arkStep_Nls][end-nonlinear-solve] status = success, iters = 2
[INFO][rank 0][arkStep_TakeStep_Z][end-stage] status = success
[INFO][rank 0][arkStep_TakeStep_Z][begin-stage] stage = 3, implicit = 1, tcur = 0.008817529074772134
[INFO][rank 0][arkStep_Nls][begin-nonlinear-solve] tol = 0.1
[INFO][rank 0][SUNNonlinSolSolve_Newton][nonlinear-solver] solver = Newton
[INFO][rank 0][SUNNonlinSolSolve_Newton][begin-nonlinear-iterate] 
[INFO][rank 0][arkLsSolve][begin-linear-solve] iterative = 0
[INFO][rank 0][arkLsSolve][end-linear-solve] status = success, iters = 0, p-solves = 0, resnorm = 0
[INFO][rank 0][SUNNonlinSolSolve_Newton][nonlinear-iterate] cur-iter = 1, total-iters = 1, update-norm = 819.5599166135717
[INFO][rank 0][SUNNonlinSolSolve_Newton][end-nonlinear-iterate] status = continue
[INFO][rank 0][SUNNonlinSolSolve_Newton][begin-nonlinear-iterate] 
[INFO][rank 0][arkLsSolve][begin-linear-solve] iterative = 0
[INFO][rank 0][arkLsSolve][end-linear-solve] status = success, iters = 0, p-solves = 0, resnorm = 0
[INFO][rank 0][SUNNonlinSolSolve_Newton][nonlinear-iterate] cur-iter = 2, total-iters = 2, update-norm = 0.0005296666417807359
[INFO][rank 0][SUNNonlinSolSolve_Newton][end-nonlinear-iterate] status = success
[INFO][rank 0][arkStep_Nls][end-nonlinear-solve] status = success, iters = 2
[INFO][rank 0][arkStep_TakeStep_Z][end-stage] status = success
[INFO][rank 0][arkStep_TakeStep_Z][begin-stage] stage = 4, implicit = 1, tcur = 0.009657182705840853
[INFO][rank 0][arkStep_Nls][begin-nonlinear-solve] tol = 0.1
[INFO][rank 0][SUNNonlinSolSolve_Newton][nonlinear-solver] solver = Newton
[INFO][rank 0][SUNNonlinSolSolve_Newton][begin-nonlinear-iterate] 
[INFO][rank 0][arkLsSolve][begin-linear-solve] iterative = 0
[INFO][rank 0][arkLsSolve][end-linear-solve] status = success, iters = 0, p-solves = 0, resnorm = 0
[INFO][rank 0][SUNNonlinSolSolve_Newton][nonlinear-iterate] cur-iter = 1, total-iters = 1, update-norm = 1184.62805856745
[INFO][rank 0][SUNNonlinSolSolve_Newton][end-nonlinear-iterate] status = continue
[INFO][rank 0][SUNNonlinSolSolve_Newton][begin-nonlinear-iterate] 
[INFO][rank 0][arkLsSolve][begin-linear-solve] iterative = 0
[INFO][rank 0][arkLsSolve][end-linear-solve] status = success, iters = 0, p-solves = 0, resnorm = 0
[INFO][rank 0][SUNNonlinSolSolve_Newton][nonlinear-iterate] cur-iter = 2, total-iters = 2, update-norm = 0.001106743799152199
[INFO][rank 0][SUNNonlinSolSolve_Newton][end-nonlinear-iterate] status = success
[INFO][rank 0][arkStep_Nls][end-nonlinear-solve] status = success, iters = 2
[INFO][rank 0][arkStep_TakeStep_Z][end-stage] status = success
[INFO][rank 0][arkStep_TakeStep_Z][begin-stage] stage = 5, implicit = 1, tcur = 0.01020478290001611
[INFO][rank 0][arkStep_Nls][begin-nonlinear-solve] tol = 0.1
[INFO][rank 0][SUNNonlinSolSolve_Newton][nonlinear-solver] solver = Newton
[INFO][rank 0][SUNNonlinSolSolve_Newton][begin-nonlinear-iterate] 
[INFO][rank 0][arkLsSolve][begin-linear-solve] iterative = 0
[INFO][rank 0][arkLsSolve][end-linear-solve] status = success, iters = 0, p-solves = 0, resnorm = 0
[INFO][rank 0][SUNNonlinSolSolve_Newton][nonlinear-iterate] cur-iter = 1, total-iters = 1, update-norm = 1440.490382360151
[INFO][rank 0][SUNNonlinSolSolve_Newton][end-nonlinear-iterate] status = continue
[INFO][rank 0][SUNNonlinSolSolve_Newton][begin-nonlinear-iterate] 
[INFO][rank 0][arkLsSolve][begin-linear-solve] iterative = 0
[INFO][rank 0][arkLsSolve][end-linear-solve] status = success, iters = 0, p-solves = 0, resnorm = 0
[INFO][rank 0][SUNNonlinSolSolve_Newton][nonlinear-iterate] cur-iter = 2, total-iters = 2, update-norm = 0.001636494915150856
[INFO][rank 0][SUNNonlinSolSolve_Newton][end-nonlinear-iterate] status = success
[INFO][rank 0][arkStep_Nls][end-nonlinear-solve] status = success, iters = 2
[INFO][rank 0][arkStep_TakeStep_Z][end-stage] status = success
[INFO][rank 0][arkStep_TakeStep_Z][begin-compute-solution] mass type = 0
[INFO][rank 0][arkStep_TakeStep_Z][end-compute-solution] status = success
[DEBUG][rank 0][arkAdapt][new-step-before-bounds] h_acc = 0.02190228634313546, h_cfl = 3.650667961168346e+27
[DEBUG][rank 0][arkAdapt][new-step-after-max-min-bounds] h_acc = 0.02102619488941004, h_cfl = 1.825333980584173e+27
[DEBUG][rank 0][arkAdapt][new-step-eta] eta = 5.759547324780779
[INFO][rank 0][ARKodeEvolve][end-step-attempt] status = success, dsm = 0.0004138569211494713
 1.020478290001611e-02    1.224734242910499e+00    1.726048863075356e+00    2.852318381485475e-11    2.167570567479515e-10
------------------------------------------------------------------------------------------------------------------------------
Current time                 = 0.01020478290001611
Steps                        = 3
Step attempts                = 3
Stability limited steps      = 0
Accuracy limited steps       = 3
Error test fails             = 0
NLS step fails               = 0
Inequality constraint fails  = 0
Initial step size            = 0.0001029860256095084
Last step size               = 0.003650667961168346
Current step size            = 0.02102619488941004
Explicit RHS fn evals        = 20
Implicit RHS fn evals        = 46
NLS iters                    = 26
NLS fails                    = 0
NLS iters per step           = 8.666666666666666
LS setups                    = 3
Jac fn evals                 = 1
LS RHS fn evals              = 0
Prec setup evals             = 0
Prec solves                  = 0
LS iters                     = 0
LS fails                     = 0
Jac-times setups             = 0
Jac-times evals              = 0
LS iters per NLS iter        = 0
Jac evals per NLS iter       = 0.03846153846153846
Prec evals per NLS iter      = 0
End ARKStep Logging test
