Start SplittingStep Logging test
                      t                      y                  y err
---------------------------------------------------------------------
  0.000000000000000e+00  1.000000000000000e+00  0.000000000000000e+00
[INFO][rank 0][ARKodeEvolve][begin-step-attempt] step = 1, tn = 0, h = 0.001
[INFO][rank 0][splittingStep_TakeStep][begin-sequential-method] sequential method = 0
[INFO][rank 0][splittingStep_SequentialMethod][begin-stage] stage = 0
[INFO][rank 0][splittingStep_SequentialMethod][begin-partition] partition = 0, t_start = 0, t_end = 0.001
[INFO][rank 0][ARKodeEvolve][begin-step-attempt] step = 1, tn = 0, h = 0.0005
[INFO][rank 0][erkStep_TakeStep][begin-stage] stage = 0, tcur = 0
[DEBUG][rank 0][erkStep_TakeStep][stage] z_0(:) =
1.0000000000000000e+00

[DEBUG][rank 0][erkStep_TakeStep][stage RHS] F_0(:) =
-2.0000000000000000e+00

[INFO][rank 0][erkStep_TakeStep][end-stage] status = success
[INFO][rank 0][erkStep_TakeStep][begin-stage] stage = 1, tcur = 0.00025
[DEBUG][rank 0][erkStep_TakeStep][stage RHS] F_1(:) =
-1.9990000000000001e+00

[INFO][rank 0][erkStep_TakeStep][end-stage] status = success
[INFO][rank 0][erkStep_TakeStep][begin-stage] stage = 2, tcur = 0.00025
[DEBUG][rank 0][erkStep_TakeStep][stage RHS] F_2(:) =
-1.9990005000000000e+00

[INFO][rank 0][erkStep_TakeStep][end-stage] status = success
[INFO][rank 0][erkStep_TakeStep][begin-stage] stage = 3, tcur = 0.0005
[DEBUG][rank 0][erkStep_TakeStep][stage RHS] F_3(:) =
-1.9980009995000001e+00

[INFO][rank 0][erkStep_TakeStep][end-stage] status = success
[INFO][rank 0][erkStep_TakeStep][begin-stage] stage = 4, tcur = 0.000375
[DEBUG][rank 0][erkStep_TakeStep][stage RHS] F_4(:) =
-1.9985005623281094e+00

[INFO][rank 0][erkStep_TakeStep][end-stage] status = success
[INFO][rank 0][erkStep_TakeStep][begin-compute-solution] 
[DEBUG][rank 0][erkStep_TakeStep][updated solution] ycur(:) =
9.9900049983337502e-01

[INFO][rank 0][erkStep_TakeStep][end-compute-solution] status = success
[INFO][rank 0][ARKodeEvolve][end-step-attempt] status = success
[INFO][rank 0][ARKodeEvolve][begin-step-attempt] step = 2, tn = 0.0005, h = 0.0005
[INFO][rank 0][erkStep_TakeStep][begin-stage] stage = 0, tcur = 0.0005
[DEBUG][rank 0][erkStep_TakeStep][stage] z_0(:) =
9.9900049983337502e-01

[DEBUG][rank 0][erkStep_TakeStep][stage RHS] F_0(:) =
-1.9980009996667500e+00

[INFO][rank 0][erkStep_TakeStep][end-stage] status = success
[INFO][rank 0][erkStep_TakeStep][begin-stage] stage = 1, tcur = 0.00075
[DEBUG][rank 0][erkStep_TakeStep][stage RHS] F_1(:) =
-1.9970019991669166e+00

[INFO][rank 0][erkStep_TakeStep][end-stage] status = success
[INFO][rank 0][erkStep_TakeStep][begin-stage] stage = 2, tcur = 0.00075
[DEBUG][rank 0][erkStep_TakeStep][stage RHS] F_2(:) =
-1.9970024986671666e+00

[INFO][rank 0][erkStep_TakeStep][end-stage] status = success
[INFO][rank 0][erkStep_TakeStep][begin-stage] stage = 3, tcur = 0.001
[DEBUG][rank 0][erkStep_TakeStep][stage RHS] F_3(:) =
-1.9960039971680830e+00

[INFO][rank 0][erkStep_TakeStep][end-stage] status = success
[INFO][rank 0][erkStep_TakeStep][begin-stage] stage = 4, tcur = 0.000875
[DEBUG][rank 0][erkStep_TakeStep][stage RHS] F_4(:) =
-1.9965030606830623e+00

[INFO][rank 0][erkStep_TakeStep][end-stage] status = success
[INFO][rank 0][erkStep_TakeStep][begin-compute-solution] 
[DEBUG][rank 0][erkStep_TakeStep][updated solution] ycur(:) =
9.9800199866733308e-01

[INFO][rank 0][erkStep_TakeStep][end-compute-solution] status = success
[INFO][rank 0][ARKodeEvolve][end-step-attempt] status = success
[DEBUG][rank 0][splittingStep_SequentialMethod][partition state] y_par(:) =
9.9800199866733308e-01

[INFO][rank 0][splittingStep_SequentialMethod][end-partition] status = success
[INFO][rank 0][splittingStep_SequentialMethod][begin-partition] partition = 1, t_start = 0, t_end = 0.001
[INFO][rank 0][ARKodeEvolve][begin-step-attempt] step = 1, tn = 0, h = 0.00025
[INFO][rank 0][erkStep_TakeStep][begin-stage] stage = 0, tcur = 0
[DEBUG][rank 0][erkStep_TakeStep][stage] z_0(:) =
9.9800199866733308e-01

[DEBUG][rank 0][erkStep_TakeStep][stage RHS] F_0(:) =
9.9600798934399148e-01

[INFO][rank 0][erkStep_TakeStep][end-stage] status = success
[INFO][rank 0][erkStep_TakeStep][begin-stage] stage = 1, tcur = 0.000125
[DEBUG][rank 0][erkStep_TakeStep][stage RHS] F_1(:) =
9.9625650933550369e-01

[INFO][rank 0][erkStep_TakeStep][end-stage] status = success
[INFO][rank 0][erkStep_TakeStep][begin-stage] stage = 2, tcur = 0.000125
[DEBUG][rank 0][erkStep_TakeStep][stage RHS] F_2(:) =
9.9625657134910184e-01

[INFO][rank 0][erkStep_TakeStep][end-stage] status = success
[INFO][rank 0][erkStep_TakeStep][begin-stage] stage = 3, tcur = 0.00025
[DEBUG][rank 0][erkStep_TakeStep][stage RHS] F_3(:) =
9.9650518440163471e-01

[INFO][rank 0][erkStep_TakeStep][end-stage] status = success
[INFO][rank 0][erkStep_TakeStep][begin-stage] stage = 4, tcur = 0.0001875
[DEBUG][rank 0][erkStep_TakeStep][stage RHS] F_4(:) =
9.9638085073643801e-01

[INFO][rank 0][erkStep_TakeStep][end-stage] status = success
[INFO][rank 0][erkStep_TakeStep][begin-compute-solution] 
[DEBUG][rank 0][erkStep_TakeStep][updated solution] ycur(:) =
9.9825106280629616e-01

[INFO][rank 0][erkStep_TakeStep][end-compute-solution] status = success
[INFO][rank 0][ARKodeEvolve][end-step-attempt] status = success
[INFO][rank 0][ARKodeEvolve][begin-step-attempt] step = 2, tn = 0.00025, h = 0.00025
[INFO][rank 0][erkStep_TakeStep][begin-stage] stage = 0, tcur = 0.00025
[DEBUG][rank 0][erkStep_TakeStep][stage] z_0(:) =
9.9825106280629616e-01

[DEBUG][rank 0][erkStep_TakeStep][stage RHS] F_0(:) =
9.9650518439389990e-01

[INFO][rank 0][erkStep_TakeStep][end-stage] status = success
[INFO][rank 0][erkStep_TakeStep][begin-stage] stage = 1, tcur = 0.000375
[DEBUG][rank 0][erkStep_TakeStep][stage RHS] F_1(:) =
9.9675389049973095e-01

[INFO][rank 0][erkStep_TakeStep][end-stage] status = success
[INFO][rank 0][erkStep_TakeStep][begin-stage] stage = 2, tcur = 0.000375
[DEBUG][rank 0][erkStep_TakeStep][stage RHS] F_2(:) =
9.9675395257526056e-01

[INFO][rank 0][erkStep_TakeStep][end-stage] status = success
[INFO][rank 0][erkStep_TakeStep][begin-stage] stage = 3, tcur = 0.0005
[DEBUG][rank 0][erkStep_TakeStep][stage RHS] F_3(:) =
9.9700275183505982e-01

[INFO][rank 0][erkStep_TakeStep][end-stage] status = success
[INFO][rank 0][erkStep_TakeStep][begin-stage] stage = 4, tcur = 0.0004375
[DEBUG][rank 0][erkStep_TakeStep][stage RHS] F_4(:) =
9.9687832503912499e-01

[INFO][rank 0][erkStep_TakeStep][end-stage] status = success
[INFO][rank 0][erkStep_TakeStep][begin-compute-solution] 
[DEBUG][rank 0][erkStep_TakeStep][updated solution] ycur(:) =
9.9850025129056197e-01

[INFO][rank 0][erkStep_TakeStep][end-compute-solution] status = success
[INFO][rank 0][ARKodeEvolve][end-step-attempt] status = success
[INFO][rank 0][ARKodeEvolve][begin-step-attempt] step = 3, tn = 0.0005, h = 0.00025
[INFO][rank 0][erkStep_TakeStep][begin-stage] stage = 0, tcur = 0.0005
[DEBUG][rank 0][erkStep_TakeStep][stage] z_0(:) =
9.9850025129056197e-01

[DEBUG][rank 0][erkStep_TakeStep][stage RHS] F_0(:) =
9.9700275182731535e-01

[INFO][rank 0][erkStep_TakeStep][end-stage] status = success
[INFO][rank 0][erkStep_TakeStep][begin-stage] stage = 1, tcur = 0.000625
[DEBUG][rank 0][erkStep_TakeStep][stage RHS] F_1(:) =
9.9725164423335100e-01

[INFO][rank 0][erkStep_TakeStep][end-stage] status = success
[INFO][rank 0][erkStep_TakeStep][begin-stage] stage = 2, tcur = 0.000625
[DEBUG][rank 0][erkStep_TakeStep][stage RHS] F_2(:) =
9.9725170637088900e-01

[INFO][rank 0][erkStep_TakeStep][end-stage] status = success
[INFO][rank 0][erkStep_TakeStep][begin-stage] stage = 3, tcur = 0.00075
[DEBUG][rank 0][erkStep_TakeStep][stage RHS] F_3(:) =
9.9750069202395630e-01

[INFO][rank 0][erkStep_TakeStep][end-stage] status = success
[INFO][rank 0][erkStep_TakeStep][begin-stage] stage = 4, tcur = 0.0006875
[DEBUG][rank 0][erkStep_TakeStep][stage RHS] F_4(:) =
9.9737617200424888e-01

[INFO][rank 0][erkStep_TakeStep][end-stage] status = success
[INFO][rank 0][erkStep_TakeStep][begin-compute-solution] 
[DEBUG][rank 0][erkStep_TakeStep][updated solution] ycur(:) =
9.9874956421327277e-01

[INFO][rank 0][erkStep_TakeStep][end-compute-solution] status = success
[INFO][rank 0][ARKodeEvolve][end-step-attempt] status = success
[INFO][rank 0][ARKodeEvolve][begin-step-attempt] step = 4, tn = 0.00075, h = 0.00025
[INFO][rank 0][erkStep_TakeStep][begin-stage] stage = 0, tcur = 0.00075
[DEBUG][rank 0][erkStep_TakeStep][stage] z_0(:) =
9.9874956421327277e-01

[DEBUG][rank 0][erkStep_TakeStep][stage RHS] F_0(:) =
9.9750069201620228e-01

[INFO][rank 0][erkStep_TakeStep][end-stage] status = success
[INFO][rank 0][erkStep_TakeStep][begin-stage] stage = 1, tcur = 0.000875
[DEBUG][rank 0][erkStep_TakeStep][stage RHS] F_1(:) =
9.9774977090855976e-01

[INFO][rank 0][erkStep_TakeStep][end-stage] status = success
[INFO][rank 0][erkStep_TakeStep][begin-stage] stage = 2, tcur = 0.000875
[DEBUG][rank 0][erkStep_TakeStep][stage RHS] F_2(:) =
9.9774983310818388e-01

[INFO][rank 0][erkStep_TakeStep][end-stage] status = success
[INFO][rank 0][erkStep_TakeStep][begin-stage] stage = 3, tcur = 0.001
[DEBUG][rank 0][erkStep_TakeStep][stage RHS] F_3(:) =
9.9799900534075303e-01

[INFO][rank 0][erkStep_TakeStep][end-stage] status = success
[INFO][rank 0][erkStep_TakeStep][begin-stage] stage = 4, tcur = 0.0009375
[DEBUG][rank 0][erkStep_TakeStep][stage RHS] F_4(:) =
9.9787439200412209e-01

[INFO][rank 0][erkStep_TakeStep][end-stage] status = success
[INFO][rank 0][erkStep_TakeStep][begin-compute-solution] 
[DEBUG][rank 0][erkStep_TakeStep][updated solution] ycur(:) =
9.9899900166766409e-01

[INFO][rank 0][erkStep_TakeStep][end-compute-solution] status = success
[INFO][rank 0][ARKodeEvolve][end-step-attempt] status = success
[DEBUG][rank 0][splittingStep_SequentialMethod][partition state] y_par(:) =
9.9899900166766409e-01

[INFO][rank 0][splittingStep_SequentialMethod][end-partition] status = success
[INFO][rank 0][splittingStep_SequentialMethod][end-stage] status = success
[DEBUG][rank 0][splittingStep_TakeStep][sequential state] y_seq(:) =
9.9899900166766409e-01

[DEBUG][rank 0][splittingStep_TakeStep][current state] y_cur(:) =
9.9899900166766409e-01

[INFO][rank 0][splittingStep_TakeStep][end-sequential-method] status = success
[DEBUG][rank 0][splittingStep_TakeStep][current state] y_cur(:) =
9.9899900166766409e-01

[INFO][rank 0][ARKodeEvolve][end-step-attempt] status = success
  1.000000000000000e-03  9.989990016676641e-01  9.986656689386919e-07
[INFO][rank 0][ARKodeEvolve][begin-step-attempt] step = 2, tn = 0.001, h = 0.001
[INFO][rank 0][splittingStep_TakeStep][begin-sequential-method] sequential method = 0
[INFO][rank 0][splittingStep_SequentialMethod][begin-stage] stage = 0
[INFO][rank 0][splittingStep_SequentialMethod][begin-partition] partition = 0, t_start = 0.001, t_end = 0.002
[INFO][rank 0][ARKodeEvolve][begin-step-attempt] step = 3, tn = 0.001, h = 0.0005
[INFO][rank 0][erkStep_TakeStep][begin-stage] stage = 0, tcur = 0.001
[DEBUG][rank 0][erkStep_TakeStep][stage] z_0(:) =
9.9899900166766409e-01

[DEBUG][rank 0][erkStep_TakeStep][stage RHS] F_0(:) =
-1.9979980033353282e+00

[INFO][rank 0][erkStep_TakeStep][end-stage] status = success
[INFO][rank 0][erkStep_TakeStep][begin-stage] stage = 1, tcur = 0.00125
[DEBUG][rank 0][erkStep_TakeStep][stage RHS] F_1(:) =
-1.9969990043336605e+00

[INFO][rank 0][erkStep_TakeStep][end-stage] status = success
[INFO][rank 0][erkStep_TakeStep][begin-stage] stage = 2, tcur = 0.00125
[DEBUG][rank 0][erkStep_TakeStep][stage RHS] F_2(:) =
-1.9969995038331614e+00

[INFO][rank 0][erkStep_TakeStep][end-stage] status = success
[INFO][rank 0][erkStep_TakeStep][begin-stage] stage = 3, tcur = 0.0015
[DEBUG][rank 0][erkStep_TakeStep][stage RHS] F_3(:) =
-1.9960010038314950e+00

[INFO][rank 0][erkStep_TakeStep][end-stage] status = success
[INFO][rank 0][erkStep_TakeStep][begin-stage] stage = 4, tcur = 0.001375
[DEBUG][rank 0][erkStep_TakeStep][stage RHS] F_4(:) =
-1.9965000665980466e+00

[INFO][rank 0][erkStep_TakeStep][end-stage] status = success
[INFO][rank 0][erkStep_TakeStep][begin-compute-solution] 
[DEBUG][rank 0][erkStep_TakeStep][updated solution] ycur(:) =
9.9800050199903900e-01

[INFO][rank 0][erkStep_TakeStep][end-compute-solution] status = success
[INFO][rank 0][ARKodeEvolve][end-step-attempt] status = success
[INFO][rank 0][ARKodeEvolve][begin-step-attempt] step = 4, tn = 0.0015, h = 0.0005
[INFO][rank 0][erkStep_TakeStep][begin-stage] stage = 0, tcur = 0.0015
[DEBUG][rank 0][erkStep_TakeStep][stage] z_0(:) =
9.9800050199903900e-01

[DEBUG][rank 0][erkStep_TakeStep][stage RHS] F_0(:) =
-1.9960010039980780e+00

[INFO][rank 0][erkStep_TakeStep][end-stage] status = success
[INFO][rank 0][erkStep_TakeStep][begin-stage] stage = 1, tcur = 0.00175
[DEBUG][rank 0][erkStep_TakeStep][stage RHS] F_1(:) =
-1.9950030034960791e+00

[INFO][rank 0][erkStep_TakeStep][end-stage] status = success
[INFO][rank 0][erkStep_TakeStep][begin-stage] stage = 2, tcur = 0.00175
[DEBUG][rank 0][erkStep_TakeStep][stage RHS] F_2(:) =
-1.9950035024963300e+00

[INFO][rank 0][erkStep_TakeStep][end-stage] status = success
[INFO][rank 0][erkStep_TakeStep][begin-stage] stage = 3, tcur = 0.002
[DEBUG][rank 0][erkStep_TakeStep][stage RHS] F_3(:) =
-1.9940060004955817e+00

[INFO][rank 0][erkStep_TakeStep][end-stage] status = success
[INFO][rank 0][erkStep_TakeStep][begin-stage] stage = 4, tcur = 0.001875
[DEBUG][rank 0][erkStep_TakeStep][stage RHS] F_4(:) =
-1.9945045644488149e+00

[INFO][rank 0][erkStep_TakeStep][end-stage] status = success
[INFO][rank 0][erkStep_TakeStep][begin-compute-solution] 
[DEBUG][rank 0][erkStep_TakeStep][updated solution] ycur(:) =
9.9700300033099909e-01

[INFO][rank 0][erkStep_TakeStep][end-compute-solution] status = success
[INFO][rank 0][ARKodeEvolve][end-step-attempt] status = success
[DEBUG][rank 0][splittingStep_SequentialMethod][partition state] y_par(:) =
9.9700300033099909e-01

[INFO][rank 0][splittingStep_SequentialMethod][end-partition] status = success
[INFO][rank 0][splittingStep_SequentialMethod][begin-partition] partition = 1, t_start = 0.001, t_end = 0.002
[INFO][rank 0][ARKodeEvolve][begin-step-attempt] step = 5, tn = 0.001, h = 0.00025
[INFO][rank 0][erkStep_TakeStep][begin-stage] stage = 0, tcur = 0.001
[DEBUG][rank 0][erkStep_TakeStep][stage] z_0(:) =
9.9700300033099909e-01

[DEBUG][rank 0][erkStep_TakeStep][stage RHS] F_0(:) =
9.9401498266901422e-01

[INFO][rank 0][erkStep_TakeStep][end-stage] status = success
[INFO][rank 0][erkStep_TakeStep][begin-stage] stage = 1, tcur = 0.001125
[DEBUG][rank 0][erkStep_TakeStep][stage RHS] F_1(:) =
9.9426275708756573e-01

[INFO][rank 0][erkStep_TakeStep][end-stage] status = success
[INFO][rank 0][erkStep_TakeStep][begin-stage] stage = 2, tcur = 0.001125
[DEBUG][rank 0][erkStep_TakeStep][stage RHS] F_2(:) =
9.9426281885322310e-01

[INFO][rank 0][erkStep_TakeStep][end-stage] status = success
[INFO][rank 0][erkStep_TakeStep][begin-stage] stage = 3, tcur = 0.00125
[DEBUG][rank 0][erkStep_TakeStep][stage RHS] F_3(:) =
9.9451068596068082e-01

[INFO][rank 0][erkStep_TakeStep][end-stage] status = success
[INFO][rank 0][erkStep_TakeStep][begin-stage] stage = 4, tcur = 0.0011875
[DEBUG][rank 0][erkStep_TakeStep][stage RHS] F_4(:) =
9.9438672537653572e-01

[INFO][rank 0][erkStep_TakeStep][end-stage] status = success
[INFO][rank 0][erkStep_TakeStep][begin-compute-solution] 
[DEBUG][rank 0][erkStep_TakeStep][updated solution] ycur(:) =
9.9725156603185372e-01

[INFO][rank 0][erkStep_TakeStep][end-compute-solution] status = success
[INFO][rank 0][ARKodeEvolve][end-step-attempt] status = success
[INFO][rank 0][ARKodeEvolve][begin-step-attempt] step = 6, tn = 0.00125, h = 0.00025
[INFO][rank 0][erkStep_TakeStep][begin-stage] stage = 0, tcur = 0.00125
[DEBUG][rank 0][erkStep_TakeStep][stage] z_0(:) =
9.9725156603185372e-01

[DEBUG][rank 0][erkStep_TakeStep][stage RHS] F_0(:) =
9.9451068595298475e-01

[INFO][rank 0][erkStep_TakeStep][end-stage] status = success
[INFO][rank 0][erkStep_TakeStep][begin-stage] stage = 1, tcur = 0.001375
[DEBUG][rank 0][erkStep_TakeStep][stage RHS] F_1(:) =
9.9475864574166484e-01

[INFO][rank 0][erkStep_TakeStep][end-stage] status = success
[INFO][rank 0][erkStep_TakeStep][begin-stage] stage = 2, tcur = 0.001375
[DEBUG][rank 0][erkStep_TakeStep][stage RHS] F_2(:) =
9.9475870756894391e-01

[INFO][rank 0][erkStep_TakeStep][end-stage] status = success
[INFO][rank 0][erkStep_TakeStep][begin-stage] stage = 3, tcur = 0.0015
[DEBUG][rank 0][erkStep_TakeStep][stage RHS] F_3(:) =
9.9500676013901368e-01

[INFO][rank 0][erkStep_TakeStep][end-stage] status = success
[INFO][rank 0][erkStep_TakeStep][begin-stage] stage = 4, tcur = 0.0014375
[DEBUG][rank 0][erkStep_TakeStep][stage RHS] F_4(:) =
9.9488270679659307e-01

[INFO][rank 0][erkStep_TakeStep][end-stage] status = success
[INFO][rank 0][erkStep_TakeStep][begin-compute-solution] 
[DEBUG][rank 0][erkStep_TakeStep][updated solution] ycur(:) =
9.9750025570488343e-01

[INFO][rank 0][erkStep_TakeStep][end-compute-solution] status = success
[INFO][rank 0][ARKodeEvolve][end-step-attempt] status = success
[INFO][rank 0][ARKodeEvolve][begin-step-attempt] step = 7, tn = 0.0015, h = 0.00025
[INFO][rank 0][erkStep_TakeStep][begin-stage] stage = 0, tcur = 0.0015
[DEBUG][rank 0][erkStep_TakeStep][stage] z_0(:) =
9.9750025570488343e-01

[DEBUG][rank 0][erkStep_TakeStep][stage RHS] F_0(:) =
9.9500676013130784e-01

[INFO][rank 0][erkStep_TakeStep][end-stage] status = success
[INFO][rank 0][erkStep_TakeStep][begin-stage] stage = 1, tcur = 0.001625
[DEBUG][rank 0][erkStep_TakeStep][stage RHS] F_1(:) =
9.9525490547507356e-01

[INFO][rank 0][erkStep_TakeStep][end-stage] status = success
[INFO][rank 0][erkStep_TakeStep][begin-stage] stage = 2, tcur = 0.001625
[DEBUG][rank 0][erkStep_TakeStep][stage RHS] F_2(:) =
9.9525496736405117e-01

[INFO][rank 0][erkStep_TakeStep][end-stage] status = success
[INFO][rank 0][erkStep_TakeStep][begin-stage] stage = 3, tcur = 0.00175
[DEBUG][rank 0][erkStep_TakeStep][stage RHS] F_3(:) =
9.9550320558180461e-01

[INFO][rank 0][erkStep_TakeStep][end-stage] status = success
[INFO][rank 0][erkStep_TakeStep][begin-stage] stage = 4, tcur = 0.0016875
[DEBUG][rank 0][erkStep_TakeStep][stage RHS] F_4(:) =
9.9537905938853899e-01

[INFO][rank 0][erkStep_TakeStep][end-stage] status = success
[INFO][rank 0][erkStep_TakeStep][begin-compute-solution] 
[DEBUG][rank 0][erkStep_TakeStep][updated solution] ycur(:) =
9.9774906944285802e-01

[INFO][rank 0][erkStep_TakeStep][end-compute-solution] status = success
[INFO][rank 0][ARKodeEvolve][end-step-attempt] status = success
[INFO][rank 0][ARKodeEvolve][begin-step-attempt] step = 8, tn = 0.00175, h = 0.00025
[INFO][rank 0][erkStep_TakeStep][begin-stage] stage = 0, tcur = 0.00175
[DEBUG][rank 0][erkStep_TakeStep][stage] z_0(:) =
9.9774906944285802e-01

[DEBUG][rank 0][erkStep_TakeStep][stage RHS] F_0(:) =
9.9550320557408911e-01

[INFO][rank 0][erkStep_TakeStep][end-stage] status = success
[INFO][rank 0][erkStep_TakeStep][begin-stage] stage = 1, tcur = 0.001875
[DEBUG][rank 0][erkStep_TakeStep][stage RHS] F_1(:) =
9.9575153665812743e-01

[INFO][rank 0][erkStep_TakeStep][end-stage] status = success
[INFO][rank 0][erkStep_TakeStep][begin-stage] stage = 2, tcur = 0.001875
[DEBUG][rank 0][erkStep_TakeStep][stage RHS] F_2(:) =
9.9575159860888096e-01

[INFO][rank 0][erkStep_TakeStep][end-stage] status = success
[INFO][rank 0][erkStep_TakeStep][begin-stage] stage = 3, tcur = 0.002
[DEBUG][rank 0][erkStep_TakeStep][stage RHS] F_3(:) =
9.9600002265962106e-01

[INFO][rank 0][erkStep_TakeStep][end-stage] status = success
[INFO][rank 0][erkStep_TakeStep][begin-stage] stage = 4, tcur = 0.0019375
[DEBUG][rank 0][erkStep_TakeStep][stage RHS] F_4(:) =
9.9587578352282535e-01

[INFO][rank 0][erkStep_TakeStep][end-stage] status = success
[INFO][rank 0][erkStep_TakeStep][begin-compute-solution] 
[DEBUG][rank 0][erkStep_TakeStep][updated solution] ycur(:) =
9.9799800733863997e-01

[INFO][rank 0][erkStep_TakeStep][end-compute-solution] status = success
[INFO][rank 0][ARKodeEvolve][end-step-attempt] status = success
[DEBUG][rank 0][splittingStep_SequentialMethod][partition state] y_par(:) =
9.9799800733863997e-01

[INFO][rank 0][splittingStep_SequentialMethod][end-partition] status = success
[INFO][rank 0][splittingStep_SequentialMethod][end-stage] status = success
[DEBUG][rank 0][splittingStep_TakeStep][sequential state] y_seq(:) =
9.9799800733863997e-01

[DEBUG][rank 0][splittingStep_TakeStep][current state] y_cur(:) =
9.9799800733863997e-01

[INFO][rank 0][splittingStep_TakeStep][end-sequential-method] status = success
[DEBUG][rank 0][splittingStep_TakeStep][current state] y_cur(:) =
9.9799800733863997e-01

[INFO][rank 0][ARKodeEvolve][end-step-attempt] status = success
  2.000000000000000e-03  9.979980073386400e-01  1.995328022363907e-06
[INFO][rank 0][ARKodeEvolve][begin-step-attempt] step = 3, tn = 0.002, h = 0.001
[INFO][rank 0][splittingStep_TakeStep][begin-sequential-method] sequential method = 0
[INFO][rank 0][splittingStep_SequentialMethod][begin-stage] stage = 0
[INFO][rank 0][splittingStep_SequentialMethod][begin-partition] partition = 0, t_start = 0.002, t_end = 0.003
[INFO][rank 0][ARKodeEvolve][begin-step-attempt] step = 5, tn = 0.002, h = 0.0005
[INFO][rank 0][erkStep_TakeStep][begin-stage] stage = 0, tcur = 0.002
[DEBUG][rank 0][erkStep_TakeStep][stage] z_0(:) =
9.9799800733863997e-01

[DEBUG][rank 0][erkStep_TakeStep][stage RHS] F_0(:) =
-1.9959960146772799e+00

[INFO][rank 0][erkStep_TakeStep][end-stage] status = success
[INFO][rank 0][erkStep_TakeStep][begin-stage] stage = 1, tcur = 0.00225
[DEBUG][rank 0][erkStep_TakeStep][stage RHS] F_1(:) =
-1.9949980166699413e+00

[INFO][rank 0][erkStep_TakeStep][end-stage] status = success
[INFO][rank 0][erkStep_TakeStep][begin-stage] stage = 2, tcur = 0.00225
[DEBUG][rank 0][erkStep_TakeStep][stage RHS] F_2(:) =
-1.9949985156689449e+00

[INFO][rank 0][erkStep_TakeStep][end-stage] status = success
[INFO][rank 0][erkStep_TakeStep][begin-stage] stage = 3, tcur = 0.0025
[DEBUG][rank 0][erkStep_TakeStep][stage RHS] F_3(:) =
-1.9940010161616111e+00

[INFO][rank 0][erkStep_TakeStep][end-stage] status = success
[INFO][rank 0][erkStep_TakeStep][begin-stage] stage = 4, tcur = 0.002375
[DEBUG][rank 0][erkStep_TakeStep][stage RHS] F_4(:) =
-1.9944995788686046e+00

[INFO][rank 0][erkStep_TakeStep][end-stage] status = success
[INFO][rank 0][erkStep_TakeStep][begin-compute-solution] 
[DEBUG][rank 0][erkStep_TakeStep][updated solution] ycur(:) =
9.9700050816401353e-01

[INFO][rank 0][erkStep_TakeStep][end-compute-solution] status = success
[INFO][rank 0][ARKodeEvolve][end-step-attempt] status = success
[INFO][rank 0][ARKodeEvolve][begin-step-attempt] step = 6, tn = 0.0025, h = 0.0005
[INFO][rank 0][erkStep_TakeStep][begin-stage] stage = 0, tcur = 0.0025
[DEBUG][rank 0][erkStep_TakeStep][stage] z_0(:) =
9.9700050816401353e-01

[DEBUG][rank 0][erkStep_TakeStep][stage RHS] F_0(:) =
-1.9940010163280271e+00

[INFO][rank 0][erkStep_TakeStep][end-stage] status = success
[INFO][rank 0][erkStep_TakeStep][begin-stage] stage = 1, tcur = 0.00275
[DEBUG][rank 0][erkStep_TakeStep][stage RHS] F_1(:) =
-1.9930040158198630e+00

[INFO][rank 0][erkStep_TakeStep][end-stage] status = success
[INFO][rank 0][erkStep_TakeStep][begin-stage] stage = 2, tcur = 0.00275
[DEBUG][rank 0][erkStep_TakeStep][stage RHS] F_2(:) =
-1.9930045143201172e+00

[INFO][rank 0][erkStep_TakeStep][end-stage] status = success
[INFO][rank 0][erkStep_TakeStep][begin-stage] stage = 3, tcur = 0.003
[DEBUG][rank 0][erkStep_TakeStep][stage RHS] F_3(:) =
-1.9920080118137069e+00

[INFO][rank 0][erkStep_TakeStep][end-stage] status = success
[INFO][rank 0][erkStep_TakeStep][begin-stage] stage = 4, tcur = 0.002875
[DEBUG][rank 0][erkStep_TakeStep][stage RHS] F_4(:) =
-1.9925060762071918e+00

[INFO][rank 0][erkStep_TakeStep][end-stage] status = success
[INFO][rank 0][erkStep_TakeStep][begin-compute-solution] 
[DEBUG][rank 0][erkStep_TakeStep][updated solution] ycur(:) =
9.9600400598997840e-01

[INFO][rank 0][erkStep_TakeStep][end-compute-solution] status = success
[INFO][rank 0][ARKodeEvolve][end-step-attempt] status = success
[DEBUG][rank 0][splittingStep_SequentialMethod][partition state] y_par(:) =
9.9600400598997840e-01

[INFO][rank 0][splittingStep_SequentialMethod][end-partition] status = success
[INFO][rank 0][splittingStep_SequentialMethod][begin-partition] partition = 1, t_start = 0.002, t_end = 0.003
[INFO][rank 0][ARKodeEvolve][begin-step-attempt] step = 9, tn = 0.002, h = 0.00025
[INFO][rank 0][erkStep_TakeStep][begin-stage] stage = 0, tcur = 0.002
[DEBUG][rank 0][erkStep_TakeStep][stage] z_0(:) =
9.9600400598997840e-01

[DEBUG][rank 0][erkStep_TakeStep][stage RHS] F_0(:) =
9.9202397994808489e-01

[INFO][rank 0][erkStep_TakeStep][end-stage] status = success
[INFO][rank 0][erkStep_TakeStep][begin-stage] stage = 1, tcur = 0.002125
[DEBUG][rank 0][erkStep_TakeStep][stage RHS] F_1(:) =
9.9227101028934483e-01

[INFO][rank 0][erkStep_TakeStep][end-stage] status = success
[INFO][rank 0][erkStep_TakeStep][begin-stage] stage = 2, tcur = 0.002125
[DEBUG][rank 0][erkStep_TakeStep][stage RHS] F_2(:) =
9.9227107180780627e-01

[INFO][rank 0][erkStep_TakeStep][end-stage] status = success
[INFO][rank 0][erkStep_TakeStep][begin-stage] stage = 3, tcur = 0.00225
[DEBUG][rank 0][erkStep_TakeStep][stage RHS] F_3(:) =
9.9251819446697664e-01

[INFO][rank 0][erkStep_TakeStep][end-stage] status = success
[INFO][rank 0][erkStep_TakeStep][begin-stage] stage = 4, tcur = 0.0021875
[DEBUG][rank 0][erkStep_TakeStep][stage RHS] F_4(:) =
9.9239460621516318e-01

[INFO][rank 0][erkStep_TakeStep][end-stage] status = success
[INFO][rank 0][erkStep_TakeStep][begin-compute-solution] 
[DEBUG][rank 0][erkStep_TakeStep][updated solution] ycur(:) =
9.9625207375408709e-01

[INFO][rank 0][erkStep_TakeStep][end-compute-solution] status = success
[INFO][rank 0][ARKodeEvolve][end-step-attempt] status = success
[INFO][rank 0][ARKodeEvolve][begin-step-attempt] step = 10, tn = 0.00225, h = 0.00025
[INFO][rank 0][erkStep_TakeStep][begin-stage] stage = 0, tcur = 0.00225
[DEBUG][rank 0][erkStep_TakeStep][stage] z_0(:) =
9.9625207375408709e-01

[DEBUG][rank 0][erkStep_TakeStep][stage RHS] F_0(:) =
9.9251819445931899e-01

[INFO][rank 0][erkStep_TakeStep][end-stage] status = success
[INFO][rank 0][erkStep_TakeStep][begin-stage] stage = 1, tcur = 0.002375
[DEBUG][rank 0][erkStep_TakeStep][stage RHS] F_1(:) =
9.9276540942875435e-01

[INFO][rank 0][erkStep_TakeStep][end-stage] status = success
[INFO][rank 0][erkStep_TakeStep][begin-stage] stage = 2, tcur = 0.002375
[DEBUG][rank 0][erkStep_TakeStep][stage RHS] F_2(:) =
9.9276547100852941e-01

[INFO][rank 0][erkStep_TakeStep][end-stage] status = success
[INFO][rank 0][erkStep_TakeStep][begin-stage] stage = 3, tcur = 0.0025
[DEBUG][rank 0][erkStep_TakeStep][stage RHS] F_3(:) =
9.9301277838789581e-01

[INFO][rank 0][erkStep_TakeStep][end-stage] status = success
[INFO][rank 0][erkStep_TakeStep][begin-stage] stage = 4, tcur = 0.0024375
[DEBUG][rank 0][erkStep_TakeStep][stage RHS] F_4(:) =
9.9288909774914980e-01

[INFO][rank 0][erkStep_TakeStep][end-stage] status = success
[INFO][rank 0][erkStep_TakeStep][begin-compute-solution] 
[DEBUG][rank 0][erkStep_TakeStep][updated solution] ycur(:) =
9.9650026511799217e-01

[INFO][rank 0][erkStep_TakeStep][end-compute-solution] status = success
[INFO][rank 0][ARKodeEvolve][end-step-attempt] status = success
[INFO][rank 0][ARKodeEvolve][begin-step-attempt] step = 11, tn = 0.0025, h = 0.00025
[INFO][rank 0][erkStep_TakeStep][begin-stage] stage = 0, tcur = 0.0025
[DEBUG][rank 0][erkStep_TakeStep][stage] z_0(:) =
9.9650026511799217e-01

[DEBUG][rank 0][erkStep_TakeStep][stage RHS] F_0(:) =
9.9301277838022872e-01

[INFO][rank 0][erkStep_TakeStep][end-stage] status = success
[INFO][rank 0][erkStep_TakeStep][begin-stage] stage = 1, tcur = 0.002625000000000001
[DEBUG][rank 0][erkStep_TakeStep][stage RHS] F_1(:) =
9.9326017816187129e-01

[INFO][rank 0][erkStep_TakeStep][end-stage] status = success
[INFO][rank 0][erkStep_TakeStep][begin-stage] stage = 2, tcur = 0.002625000000000001
[DEBUG][rank 0][erkStep_TakeStep][stage RHS] F_2(:) =
9.9326023980303635e-01

[INFO][rank 0][erkStep_TakeStep][end-stage] status = success
[INFO][rank 0][erkStep_TakeStep][begin-stage] stage = 3, tcur = 0.002750000000000001
[DEBUG][rank 0][erkStep_TakeStep][stage RHS] F_3(:) =
9.9350773208674503e-01

[INFO][rank 0][erkStep_TakeStep][end-stage] status = success
[INFO][rank 0][erkStep_TakeStep][begin-stage] stage = 4, tcur = 0.002687500000000001
[DEBUG][rank 0][erkStep_TakeStep][stage RHS] F_4(:) =
9.9338395896895992e-01

[INFO][rank 0][erkStep_TakeStep][end-stage] status = success
[INFO][rank 0][erkStep_TakeStep][begin-compute-solution] 
[DEBUG][rank 0][erkStep_TakeStep][updated solution] ycur(:) =
9.9674858017409207e-01

[INFO][rank 0][erkStep_TakeStep][end-compute-solution] status = success
[INFO][rank 0][ARKodeEvolve][end-step-attempt] status = success
[INFO][rank 0][ARKodeEvolve][begin-step-attempt] step = 12, tn = 0.002750000000000001, h = 0.0002499999999999991
[INFO][rank 0][erkStep_TakeStep][begin-stage] stage = 0, tcur = 0.002750000000000001
[DEBUG][rank 0][erkStep_TakeStep][stage] z_0(:) =
9.9674858017409207e-01

[DEBUG][rank 0][erkStep_TakeStep][stage RHS] F_0(:) =
9.9350773207906840e-01

[INFO][rank 0][erkStep_TakeStep][end-stage] status = success
[INFO][rank 0][erkStep_TakeStep][begin-stage] stage = 1, tcur = 0.002875
[DEBUG][rank 0][erkStep_TakeStep][stage RHS] F_1(:) =
9.9375531685717911e-01

[INFO][rank 0][erkStep_TakeStep][end-stage] status = success
[INFO][rank 0][erkStep_TakeStep][begin-stage] stage = 2, tcur = 0.002875
[DEBUG][rank 0][erkStep_TakeStep][stage RHS] F_2(:) =
9.9375537855981089e-01

[INFO][rank 0][erkStep_TakeStep][end-stage] status = success
[INFO][rank 0][erkStep_TakeStep][begin-stage] stage = 3, tcur = 0.003
[DEBUG][rank 0][erkStep_TakeStep][stage RHS] F_3(:) =
9.9400305593223792e-01

[INFO][rank 0][erkStep_TakeStep][end-stage] status = success
[INFO][rank 0][erkStep_TakeStep][begin-stage] stage = 4, tcur = 0.0029375
[DEBUG][rank 0][erkStep_TakeStep][stage RHS] F_4(:) =
9.9387919024319205e-01

[INFO][rank 0][erkStep_TakeStep][end-stage] status = success
[INFO][rank 0][erkStep_TakeStep][begin-compute-solution] 
[DEBUG][rank 0][erkStep_TakeStep][updated solution] ycur(:) =
9.9699701901487725e-01

[INFO][rank 0][erkStep_TakeStep][end-compute-solution] status = success
[INFO][rank 0][ARKodeEvolve][end-step-attempt] status = success
[DEBUG][rank 0][splittingStep_SequentialMethod][partition state] y_par(:) =
9.9699701901487725e-01

[INFO][rank 0][splittingStep_SequentialMethod][end-partition] status = success
[INFO][rank 0][splittingStep_SequentialMethod][end-stage] status = success
[DEBUG][rank 0][splittingStep_TakeStep][sequential state] y_seq(:) =
9.9699701901487725e-01

[DEBUG][rank 0][splittingStep_TakeStep][current state] y_cur(:) =
9.9699701901487725e-01

[INFO][rank 0][splittingStep_TakeStep][end-sequential-method] status = success
[DEBUG][rank 0][splittingStep_TakeStep][current state] y_cur(:) =
9.9699701901487725e-01

[INFO][rank 0][ARKodeEvolve][end-step-attempt] status = success
  3.000000000000000e-03  9.969970190148773e-01  2.989985090406932e-06
---------------------------------------------------------------------
Current time                 = 0.003
Steps                        = 3
Step attempts                = 3
Stability limited steps      = 0
Accuracy limited steps       = 0
Error test fails             = 0
NLS step fails               = 0
Inequality constraint fails  = 0
Initial step size            = 0.001
Last step size               = 0.001
Current step size            = 0.001
Partition 0 evolves          = 3
Partition 1 evolves          = 3
End SplittingStep Logging test
