Start IDA Logging test
Using Newton nonlinear solver
Using GMRES iterative linear solver
           t                        u                        v                      u err                    v err            
------------------------------------------------------------------------------------------------------------------------------
 0.000000000000000e+00    1.224744871391589e+00    1.732050807568877e+00    0.000000000000000e+00    0.000000000000000e+00
[INFO][rank 0][IDAStep][begin-step-attempt] step = 1, tn = 0, h = 0.001, q = 1
[INFO][rank 0][IDANls][begin-nonlinear-solve] tol = 0.33
[INFO][rank 0][SUNNonlinSolSolve_Newton][nonlinear-solver] solver = Newton
[INFO][rank 0][SUNNonlinSolSolve_Newton][begin-nonlinear-iterate] 
[INFO][rank 0][idaLsSolve][begin-linear-solve] iterative = 1, res-tol = 0.02333452377915607
[INFO][rank 0][SUNLinSolSolve_SPGMR][linear-solver] solver = spgmr
[INFO][rank 0][SUNLinSolSolve_SPGMR][begin-linear-iterate] 
[INFO][rank 0][SUNLinSolSolve_SPGMR][end-linear-iterate] cur-iter = 0, total-iters = 0, res-norm = 66691.82847592614, status = continue
[INFO][rank 0][SUNLinSolSolve_SPGMR][begin-linear-iterate] 
[INFO][rank 0][SUNLinSolSolve_SPGMR][linear-iterate] cur-iter = 1, total-iters = 1, res-norm = 46.95867102658294
[INFO][rank 0][SUNLinSolSolve_SPGMR][end-linear-iterate] status = continue
[INFO][rank 0][SUNLinSolSolve_SPGMR][begin-linear-iterate] 
[INFO][rank 0][SUNLinSolSolve_SPGMR][linear-iterate] cur-iter = 2, total-iters = 2, res-norm = 1.616555100562898e-11
[INFO][rank 0][SUNLinSolSolve_SPGMR][end-linear-iterate] status = success
[INFO][rank 0][idaLsSolve][end-linear-solve] status = success, iters = 2, p-solves = 0, res-norm = 1.616555100562898e-11
[INFO][rank 0][SUNNonlinSolSolve_Newton][nonlinear-iterate] cur-iter = 1, total-iters = 1, update-norm = 47.11440252190049
[INFO][rank 0][SUNNonlinSolSolve_Newton][end-nonlinear-iterate] status = continue
[INFO][rank 0][SUNNonlinSolSolve_Newton][begin-nonlinear-iterate] 
[INFO][rank 0][idaLsSolve][begin-linear-solve] iterative = 1, res-tol = 0.02333452377915607
[INFO][rank 0][SUNLinSolSolve_SPGMR][linear-solver] solver = spgmr
[INFO][rank 0][SUNLinSolSolve_SPGMR][begin-linear-iterate] 
[INFO][rank 0][SUNLinSolSolve_SPGMR][end-linear-iterate] cur-iter = 0, total-iters = 0, res-norm = 0.002535603149750046, status = success
[INFO][rank 0][idaLsSolve][end-linear-solve] status = success, iters = 0, p-solves = 0, res-norm = 0.002535603149750046
[INFO][rank 0][SUNNonlinSolSolve_Newton][nonlinear-iterate] cur-iter = 2, total-iters = 2, update-norm = 0.001792942181586226
[INFO][rank 0][SUNNonlinSolSolve_Newton][end-nonlinear-iterate] status = success
[INFO][rank 0][IDANls][end-nonlinear-solve] status = success, iters = 2
[INFO][rank 0][IDAStep][end-step-attempt] status = failed error test, dsm = 23.55789427880343, kflag = 20
[INFO][rank 0][IDAStep][begin-step-attempt] step = 1, tn = 0, h = 0.00025, q = 1
[INFO][rank 0][IDANls][begin-nonlinear-solve] tol = 0.33
[INFO][rank 0][SUNNonlinSolSolve_Newton][nonlinear-solver] solver = Newton
[INFO][rank 0][SUNNonlinSolSolve_Newton][begin-nonlinear-iterate] 
[INFO][rank 0][idaLsSolve][begin-linear-solve] iterative = 1, res-tol = 0.02333452377915607
[INFO][rank 0][SUNLinSolSolve_SPGMR][linear-solver] solver = spgmr
[INFO][rank 0][SUNLinSolSolve_SPGMR][begin-linear-iterate] 
[INFO][rank 0][SUNLinSolSolve_SPGMR][end-linear-iterate] cur-iter = 0, total-iters = 0, res-norm = 16667.76487850195, status = continue
[INFO][rank 0][SUNLinSolSolve_SPGMR][begin-linear-iterate] 
[INFO][rank 0][SUNLinSolSolve_SPGMR][linear-iterate] cur-iter = 1, total-iters = 1, res-norm = 2.935430959038331
[INFO][rank 0][SUNLinSolSolve_SPGMR][end-linear-iterate] status = continue
[INFO][rank 0][SUNLinSolSolve_SPGMR][begin-linear-iterate] 
[INFO][rank 0][SUNLinSolSolve_SPGMR][linear-iterate] cur-iter = 2, total-iters = 2, res-norm = 4.927495525463239e-12
[INFO][rank 0][SUNLinSolSolve_SPGMR][end-linear-iterate] status = success
[INFO][rank 0][idaLsSolve][end-linear-solve] status = success, iters = 2, p-solves = 0, res-norm = 4.927495525463239e-12
[INFO][rank 0][SUNNonlinSolSolve_Newton][nonlinear-iterate] cur-iter = 1, total-iters = 1, update-norm = 2.94575020235945
[INFO][rank 0][SUNNonlinSolSolve_Newton][end-nonlinear-iterate] status = continue
[INFO][rank 0][SUNNonlinSolSolve_Newton][begin-nonlinear-iterate] 
[INFO][rank 0][idaLsSolve][begin-linear-solve] iterative = 1, res-tol = 0.02333452377915607
[INFO][rank 0][SUNLinSolSolve_SPGMR][linear-solver] solver = spgmr
[INFO][rank 0][SUNLinSolSolve_SPGMR][begin-linear-iterate] 
[INFO][rank 0][SUNLinSolSolve_SPGMR][end-linear-iterate] cur-iter = 0, total-iters = 0, res-norm = 1.392019618041086e-05, status = success
[INFO][rank 0][idaLsSolve][end-linear-solve] status = success, iters = 0, p-solves = 0, res-norm = 1.392019618041086e-05
[INFO][rank 0][SUNNonlinSolSolve_Newton][nonlinear-iterate] cur-iter = 2, total-iters = 2, update-norm = 9.843065114615596e-06
[INFO][rank 0][SUNNonlinSolSolve_Newton][end-nonlinear-iterate] status = success
[INFO][rank 0][IDANls][end-nonlinear-solve] status = success, iters = 2
[INFO][rank 0][IDAStep][end-step-attempt] status = failed error test, dsm = 1.472879066184171, kflag = 20
[INFO][rank 0][IDAStep][begin-step-attempt] step = 1, tn = 0, h = 6.25e-05, q = 1
[INFO][rank 0][IDANls][begin-nonlinear-solve] tol = 0.33
[INFO][rank 0][SUNNonlinSolSolve_Newton][nonlinear-solver] solver = Newton
[INFO][rank 0][SUNNonlinSolSolve_Newton][begin-nonlinear-iterate] 
[INFO][rank 0][idaLsSolve][begin-linear-solve] iterative = 1, res-tol = 0.02333452377915607
[INFO][rank 0][SUNLinSolSolve_SPGMR][linear-solver] solver = spgmr
[INFO][rank 0][SUNLinSolSolve_SPGMR][begin-linear-iterate] 
[INFO][rank 0][SUNLinSolSolve_SPGMR][end-linear-iterate] cur-iter = 0, total-iters = 0, res-norm = 4166.567910172532, status = continue
[INFO][rank 0][SUNLinSolSolve_SPGMR][begin-linear-iterate] 
[INFO][rank 0][SUNLinSolSolve_SPGMR][linear-iterate] cur-iter = 1, total-iters = 1, res-norm = 0.1834724280998176
[INFO][rank 0][SUNLinSolSolve_SPGMR][end-linear-iterate] status = continue
[INFO][rank 0][SUNLinSolSolve_SPGMR][begin-linear-iterate] 
[INFO][rank 0][SUNLinSolSolve_SPGMR][linear-iterate] cur-iter = 2, total-iters = 2, res-norm = 1.928892842056602e-14
[INFO][rank 0][SUNLinSolSolve_SPGMR][end-linear-iterate] status = success
[INFO][rank 0][idaLsSolve][end-linear-solve] status = success, iters = 2, p-solves = 0, res-norm = 1.928892842056602e-14
[INFO][rank 0][SUNNonlinSolSolve_Newton][nonlinear-iterate] cur-iter = 1, total-iters = 1, update-norm = 0.1841265970496903
[INFO][rank 0][SUNNonlinSolSolve_Newton][end-nonlinear-iterate] status = continue
[INFO][rank 0][SUNNonlinSolSolve_Newton][begin-nonlinear-iterate] 
[INFO][rank 0][idaLsSolve][begin-linear-solve] iterative = 1, res-tol = 0.02333452377915607
[INFO][rank 0][SUNLinSolSolve_SPGMR][linear-solver] solver = spgmr
[INFO][rank 0][SUNLinSolSolve_SPGMR][begin-linear-iterate] 
[INFO][rank 0][SUNLinSolSolve_SPGMR][end-linear-iterate] cur-iter = 0, total-iters = 0, res-norm = 2.652857600555803e-07, status = success
[INFO][rank 0][idaLsSolve][end-linear-solve] status = success, iters = 0, p-solves = 0, res-norm = 2.652857600555803e-07
[INFO][rank 0][SUNNonlinSolSolve_Newton][nonlinear-iterate] cur-iter = 2, total-iters = 2, update-norm = 1.875853598875282e-07
[INFO][rank 0][SUNNonlinSolSolve_Newton][end-nonlinear-iterate] status = success
[INFO][rank 0][IDANls][end-nonlinear-solve] status = success, iters = 2
[INFO][rank 0][IDAStep][end-step-attempt] status = success, dsm = 0.09206337478212727
 6.250000000000000e-05    1.224744870587421e+00    1.732050356527687e+00    4.054883095960804e-10    2.255137558915266e-07
[INFO][rank 0][IDAStep][begin-step-attempt] step = 2, tn = 6.25e-05, h = 0.000125, q = 1
[INFO][rank 0][IDANls][begin-nonlinear-solve] tol = 0.33
[INFO][rank 0][SUNNonlinSolSolve_Newton][nonlinear-solver] solver = Newton
[INFO][rank 0][SUNNonlinSolSolve_Newton][begin-nonlinear-iterate] 
[INFO][rank 0][idaLsSolve][begin-linear-solve] iterative = 1, res-tol = 0.02333452377915607
[INFO][rank 0][SUNLinSolSolve_SPGMR][linear-solver] solver = spgmr
[INFO][rank 0][SUNLinSolSolve_SPGMR][begin-linear-iterate] 
[INFO][rank 0][SUNLinSolSolve_SPGMR][end-linear-iterate] cur-iter = 0, total-iters = 0, res-norm = 8333.376916946092, status = continue
[INFO][rank 0][SUNLinSolSolve_SPGMR][begin-linear-iterate] 
[INFO][rank 0][SUNLinSolSolve_SPGMR][linear-iterate] cur-iter = 1, total-iters = 1, res-norm = 0.7338673377551882
[INFO][rank 0][SUNLinSolSolve_SPGMR][end-linear-iterate] status = continue
[INFO][rank 0][SUNLinSolSolve_SPGMR][begin-linear-iterate] 
[INFO][rank 0][SUNLinSolSolve_SPGMR][linear-iterate] cur-iter = 2, total-iters = 2, res-norm = 3.189342023043572e-12
[INFO][rank 0][SUNLinSolSolve_SPGMR][end-linear-iterate] status = success
[INFO][rank 0][idaLsSolve][end-linear-solve] status = success, iters = 2, p-solves = 0, res-norm = 3.189342023043572e-12
[INFO][rank 0][SUNNonlinSolSolve_Newton][nonlinear-iterate] cur-iter = 1, total-iters = 1, update-norm = 0.7364827514991518
[INFO][rank 0][SUNNonlinSolSolve_Newton][end-nonlinear-iterate] status = success
[INFO][rank 0][IDANls][end-nonlinear-solve] status = success, iters = 1
[INFO][rank 0][IDAStep][end-step-attempt] status = success, dsm = 0.4909885009994345
 1.875000000000000e-04    1.224744865733311e+00    1.732047650340516e+00    2.070158044986670e-09    1.127482510687727e-06
[INFO][rank 0][IDAStep][begin-step-attempt] step = 3, tn = 0.0001875, h = 0.000125, q = 1
[INFO][rank 0][IDANls][begin-nonlinear-solve] tol = 0.33
[INFO][rank 0][SUNNonlinSolSolve_Newton][nonlinear-solver] solver = Newton
[INFO][rank 0][SUNNonlinSolSolve_Newton][begin-nonlinear-iterate] 
[INFO][rank 0][idaLsSolve][begin-linear-solve] iterative = 1, res-tol = 0.02333452377915607
[INFO][rank 0][SUNLinSolSolve_SPGMR][linear-solver] solver = spgmr
[INFO][rank 0][SUNLinSolSolve_SPGMR][begin-linear-iterate] 
[INFO][rank 0][SUNLinSolSolve_SPGMR][end-linear-iterate] cur-iter = 0, total-iters = 0, res-norm = 8333.354402951227, status = continue
[INFO][rank 0][SUNLinSolSolve_SPGMR][begin-linear-iterate] 
[INFO][rank 0][SUNLinSolSolve_SPGMR][linear-iterate] cur-iter = 1, total-iters = 1, res-norm = 0.7338444173105051
[INFO][rank 0][SUNLinSolSolve_SPGMR][end-linear-iterate] status = continue
[INFO][rank 0][SUNLinSolSolve_SPGMR][begin-linear-iterate] 
[INFO][rank 0][SUNLinSolSolve_SPGMR][linear-iterate] cur-iter = 2, total-iters = 2, res-norm = 2.21216303720036e-12
[INFO][rank 0][SUNLinSolSolve_SPGMR][end-linear-iterate] status = success
[INFO][rank 0][idaLsSolve][end-linear-solve] status = success, iters = 2, p-solves = 0, res-norm = 2.21216303720036e-12
[INFO][rank 0][SUNNonlinSolSolve_Newton][nonlinear-iterate] cur-iter = 1, total-iters = 1, update-norm = 0.7364815287607778
[INFO][rank 0][SUNNonlinSolSolve_Newton][end-nonlinear-iterate] status = success
[INFO][rank 0][IDANls][end-nonlinear-solve] status = success, iters = 1
[INFO][rank 0][IDAStep][end-step-attempt] status = success, dsm = 0.3682407643803889
 3.125000000000000e-04    1.224744857633826e+00    1.732043140054366e+00    3.790763480893133e-09    2.029337465403458e-06
------------------------------------------------------------------------------------------------------------------------------
Current time                 = 0.0003125
Steps                        = 3
Error test fails             = 2
NLS step fails               = 0
Initial step size            = 0.001
Last step size               = 0.000125
Current step size            = 0.000125
Last method order            = 1
Current method order         = 1
Residual fn evals            = 8
IC linesearch backtrack ops  = 0
NLS iters                    = 8
NLS fails                    = 0
NLS iters per step           = 2.666666666666667
LS setups                    = 0
Jac fn evals                 = 0
LS residual fn evals         = 10
Prec setup evals             = 0
Prec solves                  = 0
LS iters                     = 10
LS fails                     = 0
Jac-times setups             = 0
Jac-times evals              = 10
LS iters per NLS iter        = 1.25
Jac evals per NLS iter       = 0
Prec evals per NLS iter      = 0
Root fn evals                = 0
End IDA Logging test
