Start ARKStep Logging test
Using ImEx method
Using fixed-point nonlinear solver
           t                        u                        v                      u err                    v err            
------------------------------------------------------------------------------------------------------------------------------
 0.000000000000000e+00    1.224744871391589e+00    1.732050807568877e+00    0.000000000000000e+00    0.000000000000000e+00
[INFO][rank 0][ARKodeEvolve][begin-step-attempt] step = 1, tn = 0, h = 0.0001029860256095084
[INFO][rank 0][arkStep_TakeStep_Z][begin-stage] stage = 0, implicit = 0, tcur = 0
[DEBUG][rank 0][arkStep_TakeStep_Z][explicit stage] z_0(:) =
1.2247448713915889e+00
1.7320508075688772e+00

[DEBUG][rank 0][arkStep_TakeStep_Z][implicit RHS] Fi_0(:) =
1.1719990452195032e-16
8.2872847241886988e-17

[DEBUG][rank 0][arkStep_TakeStep_Z][explicit RHS] Fe_0(:) =
-0.0000000000000000e+00
-0.0000000000000000e+00

[INFO][rank 0][arkStep_TakeStep_Z][end-stage] status = success
[INFO][rank 0][arkStep_TakeStep_Z][begin-stage] stage = 1, implicit = 1, tcur = 5.14930128047542e-05
[DEBUG][rank 0][arkStep_TakeStep_Z][predictor] zpred(:) =
1.2247448713915889e+00
1.7320508075688772e+00

[DEBUG][rank 0][arkStep_TakeStep_Z][rhs data] sdata(:) =
3.0174880921323788e-21
2.1336862920964629e-21

[INFO][rank 0][arkStep_Nls][begin-nonlinear-solve] tol = 0.1
[INFO][rank 0][SUNNonlinSolSolve_FixedPoint][nonlinear-solver] solver = Fixed-Point
[INFO][rank 0][SUNNonlinSolSolve_FixedPoint][begin-nonlinear-iterate] 
[INFO][rank 0][SUNNonlinSolSolve_FixedPoint][nonlinear-iterate] cur-iter = 1, update-norm = 1.964790102879962e-06
[INFO][rank 0][SUNNonlinSolSolve_FixedPoint][end-nonlinear-iterate] status = success
[DEBUG][rank 0][arkStep_Nls][correction] zcor(:) =
1.9567818777089853e-12
-3.9379501189115846e-12

[INFO][rank 0][arkStep_Nls][end-nonlinear-solve] status = success, iters = 1
[DEBUG][rank 0][arkStep_TakeStep_Z][implicit stage] z_1(:) =
1.2247448713935458e+00
1.7320508075649392e+00

[DEBUG][rank 0][arkStep_TakeStep_Z][implicit RHS] Fi_1(:) =
7.5995957885092471e-08
-1.5294593680104785e-07

[DEBUG][rank 0][arkStep_TakeStep_Z][explicit RHS] Fe_1(:) =
-1.0510967219525537e-05
-5.9458999098063806e-03

[INFO][rank 0][arkStep_TakeStep_Z][end-stage] status = success
[INFO][rank 0][arkStep_TakeStep_Z][begin-stage] stage = 2, implicit = 1, tcur = 3.419136050235679e-05
[DEBUG][rank 0][arkStep_TakeStep_Z][predictor] zpred(:) =
1.2247448713915889e+00
1.7320508075688772e+00

[DEBUG][rank 0][arkStep_TakeStep_Z][rhs data] sdata(:) =
-1.1975210952189841e-10
-6.7494192688419586e-08

[INFO][rank 0][arkStep_Nls][begin-nonlinear-solve] tol = 0.1
[INFO][rank 0][SUNNonlinSolSolve_FixedPoint][nonlinear-solver] solver = Fixed-Point
[INFO][rank 0][SUNNonlinSolSolve_FixedPoint][begin-nonlinear-iterate] 
[INFO][rank 0][SUNNonlinSolSolve_FixedPoint][nonlinear-iterate] cur-iter = 1, update-norm = 0.02755359227464431
[INFO][rank 0][SUNNonlinSolSolve_FixedPoint][end-nonlinear-iterate] status = success
[DEBUG][rank 0][arkStep_Nls][correction] zcor(:) =
-1.1888937217555571e-10
-6.7495928914961100e-08

[INFO][rank 0][arkStep_Nls][end-nonlinear-solve] status = success, iters = 1
[DEBUG][rank 0][arkStep_TakeStep_Z][implicit stage] z_2(:) =
1.2247448712726996e+00
1.7320507400729483e+00

[DEBUG][rank 0][arkStep_TakeStep_Z][implicit RHS] Fi_2(:) =
-1.2758628770424467e-12
1.0601476785765427e-12

[DEBUG][rank 0][arkStep_TakeStep_Z][explicit RHS] Fe_2(:) =
-6.9792822361780495e-06
-3.9480780841510609e-03

[INFO][rank 0][arkStep_TakeStep_Z][end-stage] status = success
[INFO][rank 0][arkStep_TakeStep_Z][begin-stage] stage = 3, implicit = 1, tcur = 6.385133587789521e-05
[DEBUG][rank 0][arkStep_TakeStep_Z][predictor] zpred(:) =
1.2247448713915889e+00
1.7320508075688772e+00

[DEBUG][rank 0][arkStep_TakeStep_Z][rhs data] sdata(:) =
-4.1785903213863801e-10
-2.3538178455265424e-07

[INFO][rank 0][arkStep_Nls][begin-nonlinear-solve] tol = 0.1
[INFO][rank 0][SUNNonlinSolSolve_FixedPoint][nonlinear-solver] solver = Fixed-Point
[INFO][rank 0][SUNNonlinSolSolve_FixedPoint][begin-nonlinear-iterate] 
[INFO][rank 0][SUNNonlinSolSolve_FixedPoint][nonlinear-iterate] cur-iter = 1, update-norm = 0.09609143371919215
[INFO][rank 0][SUNNonlinSolSolve_FixedPoint][end-nonlinear-iterate] status = success
[DEBUG][rank 0][arkStep_Nls][correction] zcor(:) =
-4.1485028447453718e-10
-2.3538783954447332e-07

[INFO][rank 0][arkStep_Nls][end-nonlinear-solve] status = success, iters = 1
[DEBUG][rank 0][arkStep_TakeStep_Z][implicit stage] z_3(:) =
1.2247448709767386e+00
1.7320505721810378e+00

[DEBUG][rank 0][arkStep_TakeStep_Z][implicit RHS] Fi_3(:) =
-3.7865532081412623e-12
3.1775317164462653e-12

[DEBUG][rank 0][arkStep_TakeStep_Z][explicit RHS] Fe_3(:) =
-1.3033599353550797e-05
-7.3729161894770644e-03

[INFO][rank 0][arkStep_TakeStep_Z][end-stage] status = success
[INFO][rank 0][arkStep_TakeStep_Z][begin-stage] stage = 4, implicit = 1, tcur = 8.753812176808214e-05
[DEBUG][rank 0][arkStep_TakeStep_Z][predictor] zpred(:) =
1.2247448713915889e+00
1.7320508075688772e+00

[DEBUG][rank 0][arkStep_TakeStep_Z][rhs data] sdata(:) =
-7.8672373011473824e-10
-4.4240972474176714e-07

[INFO][rank 0][arkStep_Nls][begin-nonlinear-solve] tol = 0.1
[INFO][rank 0][SUNNonlinSolSolve_FixedPoint][nonlinear-solver] solver = Fixed-Point
[INFO][rank 0][SUNNonlinSolSolve_FixedPoint][begin-nonlinear-iterate] 
[INFO][rank 0][SUNNonlinSolSolve_FixedPoint][nonlinear-iterate] cur-iter = 1, update-norm = 0.1806077954736169
[INFO][rank 0][SUNNonlinSolSolve_FixedPoint][end-nonlinear-iterate] status = continue
[INFO][rank 0][SUNNonlinSolSolve_FixedPoint][begin-nonlinear-iterate] 
[INFO][rank 0][SUNNonlinSolSolve_FixedPoint][nonlinear-iterate] cur-iter = 2, update-norm = 5.678291534219827e-06
[INFO][rank 0][SUNNonlinSolSolve_FixedPoint][end-nonlinear-iterate] status = success
[DEBUG][rank 0][arkStep_Nls][correction] zcor(:) =
-7.8672381006516453e-10
-4.4240972467424570e-07

[INFO][rank 0][arkStep_Nls][end-nonlinear-solve] status = success, iters = 2
[DEBUG][rank 0][arkStep_TakeStep_Z][implicit stage] z_4(:) =
1.2247448706048651e+00
1.7320503651591526e+00

[DEBUG][rank 0][arkStep_TakeStep_Z][implicit RHS] Fi_4(:) =
1.3895574563263699e-11
-1.1585813651008607e-11

[DEBUG][rank 0][arkStep_TakeStep_Z][explicit RHS] Fe_4(:) =
-1.7868644269775553e-05
-1.0108029051474801e-02

[INFO][rank 0][arkStep_TakeStep_Z][end-stage] status = success
[INFO][rank 0][arkStep_TakeStep_Z][begin-stage] stage = 5, implicit = 1, tcur = 0.0001029860256095084
[DEBUG][rank 0][arkStep_TakeStep_Z][predictor] zpred(:) =
1.2247448713915889e+00
1.7320508075688772e+00

[DEBUG][rank 0][arkStep_TakeStep_Z][rhs data] sdata(:) =
-1.0824834230817177e-09
-6.1234460279062781e-07

[INFO][rank 0][arkStep_Nls][begin-nonlinear-solve] tol = 0.1
[INFO][rank 0][SUNNonlinSolSolve_FixedPoint][nonlinear-solver] solver = Fixed-Point
[INFO][rank 0][SUNNonlinSolSolve_FixedPoint][begin-nonlinear-iterate] 
[INFO][rank 0][SUNNonlinSolSolve_FixedPoint][nonlinear-iterate] cur-iter = 1, update-norm = 0.2499814051260959
[INFO][rank 0][SUNNonlinSolSolve_FixedPoint][end-nonlinear-iterate] status = continue
[INFO][rank 0][SUNNonlinSolSolve_FixedPoint][begin-nonlinear-iterate] 
[INFO][rank 0][SUNNonlinSolSolve_FixedPoint][nonlinear-iterate] cur-iter = 2, update-norm = 7.859528530294883e-06
[INFO][rank 0][SUNNonlinSolSolve_FixedPoint][end-nonlinear-iterate] status = success
[DEBUG][rank 0][arkStep_Nls][correction] zcor(:) =
-1.0824840288878546e-09
-6.1234460228425902e-07

[INFO][rank 0][arkStep_Nls][end-nonlinear-solve] status = success, iters = 2
[DEBUG][rank 0][arkStep_TakeStep_Z][implicit stage] z_5(:) =
1.2247448703091048e+00
1.7320501952242748e+00

[DEBUG][rank 0][arkStep_TakeStep_Z][implicit RHS] Fi_5(:) =
1.8138487523918061e-15
1.3693468361341544e-15

[DEBUG][rank 0][arkStep_TakeStep_Z][explicit RHS] Fe_5(:) =
-2.1021934429794637e-05
-1.1891797717486920e-02

[INFO][rank 0][arkStep_TakeStep_Z][end-stage] status = success
[INFO][rank 0][arkStep_TakeStep_Z][begin-compute-solution] mass type = 0
[DEBUG][rank 0][arkStep_TakeStep_Z][updated solution] ycur(:) =
1.2247448703091057e+00
1.7320501952242773e+00

[INFO][rank 0][arkStep_TakeStep_Z][end-compute-solution] status = success
[DEBUG][rank 0][arkAdapt][new-step-before-bounds] h_acc = 0.00668046506668371, h_cfl = 1.029860256095084e+26
[DEBUG][rank 0][arkAdapt][new-step-after-max-min-bounds] h_acc = 0.006413246464016361, h_cfl = 5.14930128047542e+25
[DEBUG][rank 0][arkAdapt][new-step-eta] eta = 62.27297758176857
[INFO][rank 0][ARKodeEvolve][end-step-attempt] status = success, dsm = 2.827144826036898e-10
 1.029860256095084e-04    1.224744870309106e+00    1.732050195224277e+00    6.661338147750939e-16    4.440892098500626e-16
[INFO][rank 0][ARKodeEvolve][begin-step-attempt] step = 2, tn = 0.0001029860256095084, h = 0.006413246464016361
[INFO][rank 0][arkStep_TakeStep_Z][begin-stage] stage = 0, implicit = 0, tcur = 0.0001029860256095084
[DEBUG][rank 0][arkStep_TakeStep_Z][explicit stage] z_0(:) =
1.2247448703091057e+00
1.7320501952242773e+00

[DEBUG][rank 0][arkStep_TakeStep_Z][implicit RHS] Fi_0(:) =
1.4000376029448485e-15
-6.5848477406779886e-16

[DEBUG][rank 0][arkStep_TakeStep_Z][explicit RHS] Fe_0(:) =
-2.1021934429794623e-05
-1.1891797717486904e-02

[INFO][rank 0][arkStep_TakeStep_Z][end-stage] status = success
[INFO][rank 0][arkStep_TakeStep_Z][begin-stage] stage = 1, implicit = 1, tcur = 0.003309609257617689
[DEBUG][rank 0][arkStep_TakeStep_Z][predictor] zpred(:) =
1.2247448703091057e+00
1.7320501952242773e+00

[DEBUG][rank 0][arkStep_TakeStep_Z][rhs data] sdata(:) =
-6.7409423322087393e-08
-3.8132514831236419e-05

[INFO][rank 0][arkStep_Nls][begin-nonlinear-solve] tol = 0.1
[INFO][rank 0][SUNNonlinSolSolve_FixedPoint][nonlinear-solver] solver = Fixed-Point
[INFO][rank 0][SUNNonlinSolSolve_FixedPoint][begin-nonlinear-iterate] 
[INFO][rank 0][SUNNonlinSolSolve_FixedPoint][nonlinear-iterate] cur-iter = 1, update-norm = 15.98161350203798
[INFO][rank 0][SUNNonlinSolSolve_FixedPoint][end-nonlinear-iterate] status = continue
[INFO][rank 0][SUNNonlinSolSolve_FixedPoint][begin-nonlinear-iterate] 
[INFO][rank 0][SUNNonlinSolSolve_FixedPoint][nonlinear-iterate] cur-iter = 2, update-norm = 0.0319537758652567
[INFO][rank 0][SUNNonlinSolSolve_FixedPoint][end-nonlinear-iterate] status = success
[DEBUG][rank 0][arkStep_Nls][correction] zcor(:) =
4.0253676971641669e-07
-3.9081117281501846e-05

[INFO][rank 0][arkStep_Nls][end-nonlinear-solve] status = success, iters = 2
[DEBUG][rank 0][arkStep_TakeStep_Z][implicit stage] z_1(:) =
1.2247452728458754e+00
1.7320111141069958e+00

[DEBUG][rank 0][arkStep_TakeStep_Z][implicit RHS] Fi_1(:) =
2.9320676648354857e-04
-5.9173140187880071e-04

[DEBUG][rank 0][arkStep_TakeStep_Z][explicit RHS] Fe_1(:) =
-6.7556970600828200e-04
-3.8189050521759765e-01

[INFO][rank 0][arkStep_TakeStep_Z][end-stage] status = success
[INFO][rank 0][arkStep_TakeStep_Z][begin-stage] stage = 2, implicit = 1, tcur = 0.00223218385166294
[DEBUG][rank 0][arkStep_TakeStep_Z][predictor] zpred(:) =
1.2247448703091057e+00
1.7320501952242773e+00

[DEBUG][rank 0][arkStep_TakeStep_Z][rhs data] sdata(:) =
-6.1233713417060236e-07
-2.8665807172030961e-04

[INFO][rank 0][arkStep_Nls][begin-nonlinear-solve] tol = 0.1
[INFO][rank 0][SUNNonlinSolSolve_FixedPoint][nonlinear-solver] solver = Fixed-Point
[INFO][rank 0][SUNNonlinSolSolve_FixedPoint][begin-nonlinear-iterate] 
[INFO][rank 0][SUNNonlinSolSolve_FixedPoint][nonlinear-iterate] cur-iter = 1, update-norm = 117.2088497628645
[INFO][rank 0][SUNNonlinSolSolve_FixedPoint][end-nonlinear-iterate] status = continue
[INFO][rank 0][SUNNonlinSolSolve_FixedPoint][begin-nonlinear-iterate] 
[INFO][rank 0][SUNNonlinSolSolve_FixedPoint][nonlinear-iterate] cur-iter = 2, update-norm = 0.2296232565062182
[INFO][rank 0][SUNNonlinSolSolve_FixedPoint][end-nonlinear-iterate] status = success
[DEBUG][rank 0][arkStep_Nls][correction] zcor(:) =
-6.1279828986866291e-07
-2.8665784287708622e-04

[INFO][rank 0][arkStep_Nls][end-nonlinear-solve] status = success, iters = 2
[DEBUG][rank 0][arkStep_TakeStep_Z][implicit stage] z_2(:) =
1.2247442575108158e+00
1.7317635373814002e+00

[DEBUG][rank 0][arkStep_TakeStep_Z][implicit RHS] Fi_2(:) =
4.0020905129513667e-07
-4.3172168613118595e-07

[DEBUG][rank 0][arkStep_TakeStep_Z][explicit RHS] Fe_2(:) =
-4.5564247071947704e-04
-2.5770752169946637e-01

[INFO][rank 0][arkStep_TakeStep_Z][end-stage] status = success
[INFO][rank 0][arkStep_TakeStep_Z][begin-stage] stage = 3, implicit = 1, tcur = 0.004079198833299652
[DEBUG][rank 0][arkStep_TakeStep_Z][predictor] zpred(:) =
1.2247448703091057e+00
1.7320501952242773e+00

[DEBUG][rank 0][arkStep_TakeStep_Z][rhs data] sdata(:) =
-2.1171472853395593e-06
-9.5931732875004087e-04

[INFO][rank 0][arkStep_Nls][begin-nonlinear-solve] tol = 0.1
[INFO][rank 0][SUNNonlinSolSolve_FixedPoint][nonlinear-solver] solver = Fixed-Point
[INFO][rank 0][SUNNonlinSolSolve_FixedPoint][begin-nonlinear-iterate] 
[INFO][rank 0][SUNNonlinSolSolve_FixedPoint][nonlinear-iterate] cur-iter = 1, update-norm = 392.2454526225389
[INFO][rank 0][SUNNonlinSolSolve_FixedPoint][end-nonlinear-iterate] status = continue
[INFO][rank 0][SUNNonlinSolSolve_FixedPoint][begin-nonlinear-iterate] 
[INFO][rank 0][SUNNonlinSolSolve_FixedPoint][nonlinear-iterate] cur-iter = 2, update-norm = 0.768204971049801
[INFO][rank 0][SUNNonlinSolSolve_FixedPoint][end-nonlinear-iterate] status = continue
[INFO][rank 0][SUNNonlinSolSolve_FixedPoint][begin-nonlinear-iterate] 
[INFO][rank 0][SUNNonlinSolSolve_FixedPoint][nonlinear-iterate] cur-iter = 3, update-norm = 0.00247350314635035
[INFO][rank 0][SUNNonlinSolSolve_FixedPoint][end-nonlinear-iterate] status = success
[DEBUG][rank 0][arkStep_Nls][correction] zcor(:) =
-2.1153867050673083e-06
-9.5931848260113551e-04

[INFO][rank 0][arkStep_Nls][end-nonlinear-solve] status = success, iters = 3
[DEBUG][rank 0][arkStep_TakeStep_Z][implicit stage] z_3(:) =
1.2247427549224006e+00
1.7310908767416762e+00

[DEBUG][rank 0][arkStep_TakeStep_Z][implicit RHS] Fi_3(:) =
1.0891708649548059e-06
-7.1474141316535110e-07

[DEBUG][rank 0][arkStep_TakeStep_Z][explicit RHS] Fe_3(:) =
-8.3266210476225309e-04
-4.7076386800373343e-01

[INFO][rank 0][arkStep_TakeStep_Z][end-stage] status = success
[INFO][rank 0][arkStep_TakeStep_Z][begin-stage] stage = 4, implicit = 1, tcur = 0.005554245520023415
[DEBUG][rank 0][arkStep_TakeStep_Z][predictor] zpred(:) =
1.2247448703091057e+00
1.7320501952242773e+00

[DEBUG][rank 0][arkStep_TakeStep_Z][rhs data] sdata(:) =
-4.2557835292753584e-06
-1.7780698004740464e-03

[INFO][rank 0][arkStep_Nls][begin-nonlinear-solve] tol = 0.1
[INFO][rank 0][SUNNonlinSolSolve_FixedPoint][nonlinear-solver] solver = Fixed-Point
[INFO][rank 0][SUNNonlinSolSolve_FixedPoint][begin-nonlinear-iterate] 
[INFO][rank 0][SUNNonlinSolSolve_FixedPoint][nonlinear-iterate] cur-iter = 1, update-norm = 727.0172799128682
[INFO][rank 0][SUNNonlinSolSolve_FixedPoint][end-nonlinear-iterate] status = continue
[INFO][rank 0][SUNNonlinSolSolve_FixedPoint][begin-nonlinear-iterate] 
[INFO][rank 0][SUNNonlinSolSolve_FixedPoint][nonlinear-iterate] cur-iter = 2, update-norm = 1.423068579652633
[INFO][rank 0][SUNNonlinSolSolve_FixedPoint][end-nonlinear-iterate] status = continue
[INFO][rank 0][SUNNonlinSolSolve_FixedPoint][begin-nonlinear-iterate] 
[INFO][rank 0][SUNNonlinSolSolve_FixedPoint][nonlinear-iterate] cur-iter = 3, update-norm = 0.004581420253567278
[INFO][rank 0][SUNNonlinSolSolve_FixedPoint][end-nonlinear-iterate] status = success
[DEBUG][rank 0][arkStep_Nls][correction] zcor(:) =
-4.2510131216586284e-06
-1.7780731104363764e-03

[INFO][rank 0][arkStep_Nls][end-nonlinear-solve] status = success, iters = 3
[DEBUG][rank 0][arkStep_TakeStep_Z][implicit stage] z_4(:) =
1.2247406192959840e+00
1.7302721221138408e+00

[DEBUG][rank 0][arkStep_TakeStep_Z][implicit RHS] Fi_4(:) =
2.9588271305444701e-06
-2.0553286085059976e-06

[DEBUG][rank 0][arkStep_TakeStep_Z][explicit RHS] Fe_4(:) =
-1.1337537260565713e-03
-6.4068875589511909e-01

[INFO][rank 0][arkStep_TakeStep_Z][end-stage] status = success
[INFO][rank 0][arkStep_TakeStep_Z][begin-stage] stage = 5, implicit = 1, tcur = 0.00651623248962587
[DEBUG][rank 0][arkStep_TakeStep_Z][predictor] zpred(:) =
1.2247448703091057e+00
1.7320501952242773e+00

[DEBUG][rank 0][arkStep_TakeStep_Z][rhs data] sdata(:) =
-4.3325888282791265e-06
-2.4491976542600690e-03

[INFO][rank 0][arkStep_Nls][begin-nonlinear-solve] tol = 0.1
[INFO][rank 0][SUNNonlinSolSolve_FixedPoint][nonlinear-solver] solver = Fixed-Point
[INFO][rank 0][SUNNonlinSolSolve_FixedPoint][begin-nonlinear-iterate] 
[INFO][rank 0][SUNNonlinSolSolve_FixedPoint][nonlinear-iterate] cur-iter = 1, update-norm = 1001.424779946844
[INFO][rank 0][SUNNonlinSolSolve_FixedPoint][end-nonlinear-iterate] status = continue
[INFO][rank 0][SUNNonlinSolSolve_FixedPoint][begin-nonlinear-iterate] 
[INFO][rank 0][SUNNonlinSolSolve_FixedPoint][nonlinear-iterate] cur-iter = 2, update-norm = 1.961856568802519
[INFO][rank 0][SUNNonlinSolSolve_FixedPoint][end-nonlinear-iterate] status = continue
[INFO][rank 0][SUNNonlinSolSolve_FixedPoint][begin-nonlinear-iterate] 
[INFO][rank 0][SUNNonlinSolSolve_FixedPoint][nonlinear-iterate] cur-iter = 3, update-norm = 0.006318952069057399
[INFO][rank 0][SUNNonlinSolSolve_FixedPoint][end-nonlinear-iterate] status = success
[DEBUG][rank 0][arkStep_Nls][correction] zcor(:) =
-4.3325858874323891e-06
-2.4491976073059609e-03

[INFO][rank 0][arkStep_Nls][end-nonlinear-solve] status = success, iters = 3
[DEBUG][rank 0][arkStep_TakeStep_Z][implicit stage] z_5(:) =
1.2247405377232183e+00
1.7296009976169713e+00

[DEBUG][rank 0][arkStep_TakeStep_Z][implicit RHS] Fi_5(:) =
-2.0952203768622859e-08
4.1866597941691547e-08

[DEBUG][rank 0][arkStep_TakeStep_Z][explicit RHS] Fe_5(:) =
-1.3301156805088615e-03
-7.5136431075490018e-01

[INFO][rank 0][arkStep_TakeStep_Z][end-stage] status = success
[INFO][rank 0][arkStep_TakeStep_Z][begin-compute-solution] mass type = 0
[DEBUG][rank 0][arkStep_TakeStep_Z][updated solution] ycur(:) =
1.2247405376896330e+00
1.7296010392597567e+00

[INFO][rank 0][arkStep_TakeStep_Z][end-compute-solution] status = success
[DEBUG][rank 0][arkAdapt][new-step-before-bounds] h_acc = 0.003805721944057518, h_cfl = 6.413246464016361e+27
[DEBUG][rank 0][arkAdapt][new-step-after-max-min-bounds] h_acc = 0.003653493066295217, h_cfl = 3.206623232008181e+27
[DEBUG][rank 0][arkAdapt][new-step-eta] eta = 0.5696791924019057
[INFO][rank 0][ARKodeEvolve][end-step-attempt] status = success, dsm = 0.004005675669815595
 6.516232489625870e-03    1.224740537689633e+00    1.729601039259757e+00    2.278266464372791e-11    2.184104008762233e-10
[INFO][rank 0][ARKodeEvolve][begin-step-attempt] step = 3, tn = 0.00651623248962587, h = 0.003653493066295218
[INFO][rank 0][arkStep_TakeStep_Z][begin-stage] stage = 0, implicit = 0, tcur = 0.00651623248962587
[DEBUG][rank 0][arkStep_TakeStep_Z][explicit stage] z_0(:) =
1.2247405376896330e+00
1.7296010392597567e+00

[DEBUG][rank 0][arkStep_TakeStep_Z][implicit RHS] Fi_0(:) =
-6.3639890005590165e-11
2.0701916773341653e-10

[DEBUG][rank 0][arkStep_TakeStep_Z][explicit RHS] Fe_0(:) =
-1.3301156805453364e-03
-7.5136429266465743e-01

[INFO][rank 0][arkStep_TakeStep_Z][end-stage] status = success
[INFO][rank 0][arkStep_TakeStep_Z][begin-stage] stage = 1, implicit = 1, tcur = 0.008342979022773478
[DEBUG][rank 0][arkStep_TakeStep_Z][predictor] zpred(:) =
1.2247405376896330e+00
1.7296010392597567e+00

[DEBUG][rank 0][arkStep_TakeStep_Z][rhs data] sdata(:) =
-2.4297842662484397e-06
-1.3725521165669826e-03

[INFO][rank 0][arkStep_Nls][begin-nonlinear-solve] tol = 0.1
[INFO][rank 0][SUNNonlinSolSolve_FixedPoint][nonlinear-solver] solver = Fixed-Point
[INFO][rank 0][SUNNonlinSolSolve_FixedPoint][begin-nonlinear-iterate] 
[INFO][rank 0][SUNNonlinSolSolve_FixedPoint][nonlinear-iterate] cur-iter = 1, update-norm = 561.6874348987023
[INFO][rank 0][SUNNonlinSolSolve_FixedPoint][end-nonlinear-iterate] status = continue
[INFO][rank 0][SUNNonlinSolSolve_FixedPoint][begin-nonlinear-iterate] 
[INFO][rank 0][SUNNonlinSolSolve_FixedPoint][nonlinear-iterate] cur-iter = 2, update-norm = 0.6264035376264484
[INFO][rank 0][SUNNonlinSolSolve_FixedPoint][end-nonlinear-iterate] status = continue
[INFO][rank 0][SUNNonlinSolSolve_FixedPoint][begin-nonlinear-iterate] 
[INFO][rank 0][SUNNonlinSolSolve_FixedPoint][nonlinear-iterate] cur-iter = 3, update-norm = 0.001148411251882187
[INFO][rank 0][SUNNonlinSolSolve_FixedPoint][end-nonlinear-iterate] status = success
[DEBUG][rank 0][arkStep_Nls][correction] zcor(:) =
-2.3431082266141650e-06
-1.3727268289445834e-03

[INFO][rank 0][arkStep_Nls][end-nonlinear-solve] status = success, iters = 3
[DEBUG][rank 0][arkStep_TakeStep_Z][implicit stage] z_1(:) =
1.2247381945814064e+00
1.7282283124308122e+00

[DEBUG][rank 0][arkStep_TakeStep_Z][implicit RHS] Fi_1(:) =
9.4892484729706785e-05
-1.9128027522201174e-04

[DEBUG][rank 0][arkStep_TakeStep_Z][explicit RHS] Fe_1(:) =
-1.7029929894602689e-03
-9.6102100074242625e-01

[INFO][rank 0][arkStep_TakeStep_Z][end-stage] status = success
[INFO][rank 0][arkStep_TakeStep_Z][begin-stage] stage = 2, implicit = 1, tcur = 0.007729192187635882
[DEBUG][rank 0][arkStep_TakeStep_Z][predictor] zpred(:) =
1.2247405376896330e+00
1.7296010392597567e+00

[DEBUG][rank 0][arkStep_TakeStep_Z][rhs data] sdata(:) =
-1.7828723429844098e-06
-9.9576493244616575e-04

[INFO][rank 0][arkStep_Nls][begin-nonlinear-solve] tol = 0.1
[INFO][rank 0][SUNNonlinSolSolve_FixedPoint][nonlinear-solver] solver = Fixed-Point
[INFO][rank 0][SUNNonlinSolSolve_FixedPoint][begin-nonlinear-iterate] 
[INFO][rank 0][SUNNonlinSolSolve_FixedPoint][nonlinear-iterate] cur-iter = 1, update-norm = 407.4437320238362
[INFO][rank 0][SUNNonlinSolSolve_FixedPoint][end-nonlinear-iterate] status = continue
[INFO][rank 0][SUNNonlinSolSolve_FixedPoint][begin-nonlinear-iterate] 
[INFO][rank 0][SUNNonlinSolSolve_FixedPoint][nonlinear-iterate] cur-iter = 2, update-norm = 0.45442507084866
[INFO][rank 0][SUNNonlinSolSolve_FixedPoint][end-nonlinear-iterate] status = continue
[INFO][rank 0][SUNNonlinSolSolve_FixedPoint][begin-nonlinear-iterate] 
[INFO][rank 0][SUNNonlinSolSolve_FixedPoint][nonlinear-iterate] cur-iter = 3, update-norm = 0.0008331059917899451
[INFO][rank 0][SUNNonlinSolSolve_FixedPoint][end-nonlinear-iterate] status = success
[DEBUG][rank 0][arkStep_Nls][correction] zcor(:) =
-1.7827680506127250e-06
-9.9576507550576572e-04

[INFO][rank 0][arkStep_Nls][end-nonlinear-solve] status = success, iters = 3
[DEBUG][rank 0][arkStep_TakeStep_Z][implicit stage] z_2(:) =
1.2247387549215825e+00
1.7286052741842510e+00

[DEBUG][rank 0][arkStep_TakeStep_Z][implicit RHS] Fi_2(:) =
1.1118077793629503e-07
-1.5496930393066578e-07

[DEBUG][rank 0][arkStep_TakeStep_Z][explicit RHS] Fe_2(:) =
-1.5777069189828661e-03
-8.9071184187214203e-01

[INFO][rank 0][arkStep_TakeStep_Z][end-stage] status = success
[INFO][rank 0][arkStep_TakeStep_Z][begin-stage] stage = 3, implicit = 1, tcur = 0.008781398190728904
[DEBUG][rank 0][arkStep_TakeStep_Z][predictor] zpred(:) =
1.2247405376896330e+00
1.7296010392597567e+00

[DEBUG][rank 0][arkStep_TakeStep_Z][rhs data] sdata(:) =
-3.6140567796582825e-06
-1.9966699167415524e-03

[INFO][rank 0][arkStep_Nls][begin-nonlinear-solve] tol = 0.1
[INFO][rank 0][SUNNonlinSolSolve_FixedPoint][nonlinear-solver] solver = Fixed-Point
[INFO][rank 0][SUNNonlinSolSolve_FixedPoint][begin-nonlinear-iterate] 
[INFO][rank 0][SUNNonlinSolSolve_FixedPoint][nonlinear-iterate] cur-iter = 1, update-norm = 816.9903551651699
[INFO][rank 0][SUNNonlinSolSolve_FixedPoint][end-nonlinear-iterate] status = continue
[INFO][rank 0][SUNNonlinSolSolve_FixedPoint][begin-nonlinear-iterate] 
[INFO][rank 0][SUNNonlinSolSolve_FixedPoint][nonlinear-iterate] cur-iter = 2, update-norm = 0.9109014874897468
[INFO][rank 0][SUNNonlinSolSolve_FixedPoint][end-nonlinear-iterate] status = continue
[INFO][rank 0][SUNNonlinSolSolve_FixedPoint][begin-nonlinear-iterate] 
[INFO][rank 0][SUNNonlinSolSolve_FixedPoint][nonlinear-iterate] cur-iter = 3, update-norm = 0.001669947504647432
[INFO][rank 0][SUNNonlinSolSolve_FixedPoint][end-nonlinear-iterate] status = success
[DEBUG][rank 0][arkStep_Nls][correction] zcor(:) =
-3.6139303596903754e-06
-1.9966699143500856e-03

[INFO][rank 0][arkStep_Nls][end-nonlinear-solve] status = success, iters = 3
[DEBUG][rank 0][arkStep_TakeStep_Z][implicit stage] z_3(:) =
1.2247369237592733e+00
1.7276043693454066e+00

[DEBUG][rank 0][arkStep_TakeStep_Z][implicit RHS] Fi_3(:) =
1.3239060854035968e-07
5.9426498165216687e-09

[DEBUG][rank 0][arkStep_TakeStep_Z][explicit RHS] Fe_3(:) =
-1.7924839940899804e-03
-1.0113801455831668e+00

[INFO][rank 0][arkStep_TakeStep_Z][end-stage] status = success
[INFO][rank 0][arkStep_TakeStep_Z][begin-stage] stage = 4, implicit = 1, tcur = 0.009621701595976804
[DEBUG][rank 0][arkStep_TakeStep_Z][predictor] zpred(:) =
1.2247405376896330e+00
1.7296010392597567e+00

[DEBUG][rank 0][arkStep_TakeStep_Z][rhs data] sdata(:) =
-5.3195173927214688e-06
-2.8869158617291328e-03

[INFO][rank 0][arkStep_Nls][begin-nonlinear-solve] tol = 0.1
[INFO][rank 0][SUNNonlinSolSolve_FixedPoint][nonlinear-solver] solver = Fixed-Point
[INFO][rank 0][SUNNonlinSolSolve_FixedPoint][begin-nonlinear-iterate] 
[INFO][rank 0][SUNNonlinSolSolve_FixedPoint][nonlinear-iterate] cur-iter = 1, update-norm = 1181.257906176007
[INFO][rank 0][SUNNonlinSolSolve_FixedPoint][end-nonlinear-iterate] status = continue
[INFO][rank 0][SUNNonlinSolSolve_FixedPoint][begin-nonlinear-iterate] 
[INFO][rank 0][SUNNonlinSolSolve_FixedPoint][nonlinear-iterate] cur-iter = 2, update-norm = 1.316629339620776
[INFO][rank 0][SUNNonlinSolSolve_FixedPoint][end-nonlinear-iterate] status = continue
[INFO][rank 0][SUNNonlinSolSolve_FixedPoint][begin-nonlinear-iterate] 
[INFO][rank 0][SUNNonlinSolSolve_FixedPoint][nonlinear-iterate] cur-iter = 3, update-norm = 0.002413704717815864
[INFO][rank 0][SUNNonlinSolSolve_FixedPoint][end-nonlinear-iterate] status = success
[DEBUG][rank 0][arkStep_Nls][correction] zcor(:) =
-5.3191329446550348e-06
-2.8869159661527766e-03

[INFO][rank 0][arkStep_Nls][end-nonlinear-solve] status = success, iters = 3
[DEBUG][rank 0][arkStep_TakeStep_Z][implicit stage] z_4(:) =
1.2247352185566884e+00
1.7267141232936039e+00

[DEBUG][rank 0][arkStep_TakeStep_Z][implicit RHS] Fi_4(:) =
4.1220992378548160e-07
-1.0952239208735320e-07

[DEBUG][rank 0][arkStep_TakeStep_Z][explicit RHS] Fe_4(:) =
-1.9640067895105606e-03
-1.1075867176952459e+00

[INFO][rank 0][arkStep_TakeStep_Z][end-stage] status = success
[INFO][rank 0][arkStep_TakeStep_Z][begin-stage] stage = 5, implicit = 1, tcur = 0.01016972555592109
[DEBUG][rank 0][arkStep_TakeStep_Z][predictor] zpred(:) =
1.2247405376896330e+00
1.7296010392597567e+00

[DEBUG][rank 0][arkStep_TakeStep_Z][rhs data] sdata(:) =
-6.2218834026920998e-06
-3.5110637867083140e-03

[INFO][rank 0][arkStep_Nls][begin-nonlinear-solve] tol = 0.1
[INFO][rank 0][SUNNonlinSolSolve_FixedPoint][nonlinear-solver] solver = Fixed-Point
[INFO][rank 0][SUNNonlinSolSolve_FixedPoint][begin-nonlinear-iterate] 
[INFO][rank 0][SUNNonlinSolSolve_FixedPoint][nonlinear-iterate] cur-iter = 1, update-norm = 1436.644014581929
[INFO][rank 0][SUNNonlinSolSolve_FixedPoint][end-nonlinear-iterate] status = continue
[INFO][rank 0][SUNNonlinSolSolve_FixedPoint][begin-nonlinear-iterate] 
[INFO][rank 0][SUNNonlinSolSolve_FixedPoint][nonlinear-iterate] cur-iter = 2, update-norm = 1.601181087086898
[INFO][rank 0][SUNNonlinSolSolve_FixedPoint][end-nonlinear-iterate] status = continue
[INFO][rank 0][SUNNonlinSolSolve_FixedPoint][begin-nonlinear-iterate] 
[INFO][rank 0][SUNNonlinSolSolve_FixedPoint][nonlinear-iterate] cur-iter = 3, update-norm = 0.002935513140712882
[INFO][rank 0][SUNNonlinSolSolve_FixedPoint][end-nonlinear-iterate] status = success
[DEBUG][rank 0][arkStep_Nls][correction] zcor(:) =
-6.2218663042840858e-06
-3.5110638068636259e-03

[INFO][rank 0][arkStep_Nls][end-nonlinear-solve] status = success, iters = 3
[DEBUG][rank 0][arkStep_TakeStep_Z][implicit stage] z_5(:) =
1.2247343158233286e+00
1.7260899754528931e+00

[DEBUG][rank 0][arkStep_TakeStep_Z][implicit RHS] Fi_5(:) =
8.1388886091025488e-09
-1.6223289611699112e-08

[DEBUG][rank 0][arkStep_TakeStep_Z][explicit RHS] Fe_5(:) =
-2.0758686450697539e-03
-1.1702462187423066e+00

[INFO][rank 0][arkStep_TakeStep_Z][end-stage] status = success
[INFO][rank 0][arkStep_TakeStep_Z][begin-compute-solution] mass type = 0
[DEBUG][rank 0][arkStep_TakeStep_Z][updated solution] ycur(:) =
1.2247343158140704e+00
1.7260899590246517e+00

[INFO][rank 0][arkStep_TakeStep_Z][end-compute-solution] status = success
[DEBUG][rank 0][arkAdapt][new-step-before-bounds] h_acc = 0.02184793713992066, h_cfl = 3.653493066295218e+27
[DEBUG][rank 0][arkAdapt][new-step-after-max-min-bounds] h_acc = 0.02097401965432383, h_cfl = 1.826746533147609e+27
[DEBUG][rank 0][arkAdapt][new-step-eta] eta = 5.740812771157737
[INFO][rank 0][ARKodeEvolve][end-step-attempt] status = success, dsm = 0.0004151480914860668
 1.016972555592109e-02    1.224734315814070e+00    1.726089959024652e+00    2.482614114285298e-11    2.127358289527592e-10
------------------------------------------------------------------------------------------------------------------------------
Current time                 = 0.01016972555592109
Steps                        = 3
Step attempts                = 3
Stability limited steps      = 0
Accuracy limited steps       = 3
Error test fails             = 0
NLS step fails               = 0
Inequality constraint fails  = 0
Initial step size            = 0.0001029860256095084
Last step size               = 0.003653493066295218
Current step size            = 0.02097401965432383
Explicit RHS fn evals        = 20
Implicit RHS fn evals        = 55
NLS iters                    = 35
NLS fails                    = 0
NLS iters per step           = 11.66666666666667
LS setups                    = 0
End ARKStep Logging test
