Start MRIStep Logging test
Using MERK method
           t                        u                        v                      u err                    v err            
------------------------------------------------------------------------------------------------------------------------------
 0.000000000000000e+00    1.224744871391589e+00    1.732050807568877e+00    0.000000000000000e+00    0.000000000000000e+00
[INFO][rank 0][ARKodeEvolve][begin-step-attempt] step = 1, tn = 0, h = 0.001
[INFO][rank 0][mriStep_TakeStepMERK][begin-stage] stage = 0, stage type = -2, tcur = 0
[DEBUG][rank 0][mriStep_TakeStepMERK][slow stage] z_0(:) =
 1.224744871391589e+00
 1.732050807568877e+00
[DEBUG][rank 0][mriStep_TakeStepMERK][slow explicit RHS] Fse_0(:) =
 1.171999045219503e-16
 0.000000000000000e+00
[INFO][rank 0][mriStep_TakeStepMERK][end-stage] status = success
[INFO][rank 0][mriStep_TakeStepMERK][begin-group] group = 0
[DEBUG][rank 0][mriStep_ComputeInnerForcing][forcing] forcing_0(:) =
 1.171999045219503e-16
 0.000000000000000e+00
[DEBUG][rank 0][mriStep_ComputeInnerForcing][forcing] forcing_1(:) =
 0.000000000000000e+00
 0.000000000000000e+00
[INFO][rank 0][mriStep_TakeStepMERK][begin-stage] stage = 1, stage type = 0, tcur = 0.0005
[INFO][rank 0][mriStep_StageERKFast][begin-fast-steps] 
[INFO][rank 0][ARKodeEvolve][begin-step-attempt] step = 1, tn = 0, h = 1.71612953244125e-08
[INFO][rank 0][arkStep_TakeStep_Z][begin-stage] stage = 0, implicit = 0, tcur = 0
[DEBUG][rank 0][arkStep_TakeStep_Z][explicit stage] z_0(:) =
 1.224744871391589e+00
 1.732050807568877e+00
[DEBUG][rank 0][arkStep_TakeStep_Z][explicit RHS] Fe_0(:) =
 0.000000000000000e+00
 8.287284724188699e-17
[INFO][rank 0][arkStep_TakeStep_Z][end-stage] status = success
[INFO][rank 0][arkStep_TakeStep_Z][begin-stage] stage = 1, implicit = 0, tcur = 6.864518129765e-09
[DEBUG][rank 0][arkStep_TakeStep_Z][rhs data] sdata(:) =
 8.045208693976555e-25
 5.688821623571790e-25
[DEBUG][rank 0][arkStep_TakeStep_Z][explicit stage] z_1(:) =
 1.224744871391589e+00
 1.732050807568877e+00
[DEBUG][rank 0][arkStep_TakeStep_Z][explicit RHS] Fe_1(:) =
 0.000000000000000e+00
-7.926462806567002e-07
[INFO][rank 0][arkStep_TakeStep_Z][end-stage] status = success
[INFO][rank 0][arkStep_TakeStep_Z][begin-stage] stage = 2, implicit = 0, tcur = 1.02967771946475e-08
[DEBUG][rank 0][arkStep_TakeStep_Z][rhs data] sdata(:) =
 1.206781304096483e-24
-1.020212768282343e-14
[DEBUG][rank 0][arkStep_TakeStep_Z][explicit stage] z_2(:) =
 1.224744871391589e+00
 1.732050807568867e+00
[DEBUG][rank 0][arkStep_TakeStep_Z][explicit RHS] Fe_2(:) =
 0.000000000000000e+00
-1.188969412934021e-06
[INFO][rank 0][arkStep_TakeStep_Z][end-stage] status = success
[INFO][rank 0][arkStep_TakeStep_Z][begin-stage] stage = 3, implicit = 0, tcur = 1.71612953244125e-08
[DEBUG][rank 0][arkStep_TakeStep_Z][rhs data] sdata(:) =
 2.011302173494139e-24
-1.391199216824864e-14
[DEBUG][rank 0][arkStep_TakeStep_Z][explicit stage] z_3(:) =
 1.224744871391589e+00
 1.732050807568863e+00
[DEBUG][rank 0][arkStep_TakeStep_Z][explicit RHS] Fe_3(:) =
 0.000000000000000e+00
-1.981615697988910e-06
[INFO][rank 0][arkStep_TakeStep_Z][end-stage] status = success
[INFO][rank 0][arkStep_TakeStep_Z][begin-stage] stage = 4, implicit = 0, tcur = 1.71612953244125e-08
[DEBUG][rank 0][arkStep_TakeStep_Z][rhs data] sdata(:) =
 2.011302173494139e-24
-1.700354607991462e-14
[DEBUG][rank 0][arkStep_TakeStep_Z][explicit stage] z_4(:) =
 1.224744871391589e+00
 1.732050807568860e+00
[DEBUG][rank 0][arkStep_TakeStep_Z][explicit RHS] Fe_4(:) =
 0.000000000000000e+00
-1.981615694912173e-06
[INFO][rank 0][arkStep_TakeStep_Z][end-stage] status = success
[INFO][rank 0][arkStep_TakeStep_Z][begin-compute-solution] mass type = 0
[DEBUG][rank 0][arkStep_TakeStep_Z][updated solution] ycur(:) =
 1.224744871391589e+00
 1.732050807568860e+00
[INFO][rank 0][arkStep_TakeStep_Z][end-compute-solution] status = success
[DEBUG][rank 0][arkAdapt][new-step-before-bounds] h_acc = 0.00141059262695848
[DEBUG][rank 0][arkAdapt][new-step-after-max-min-bounds] h_acc = 0.000171612953244125
[DEBUG][rank 0][arkAdapt][new-step-eta] eta = 10000
[INFO][rank 0][ARKodeEvolve][end-step-attempt] status = success, dsm = 2.19075505353205e-20
[INFO][rank 0][ARKodeEvolve][begin-step-attempt] step = 2, tn = 1.71612953244125e-08, h = 0.000171612953244125
[INFO][rank 0][arkStep_TakeStep_Z][begin-stage] stage = 0, implicit = 0, tcur = 1.71612953244125e-08
[DEBUG][rank 0][arkStep_TakeStep_Z][explicit stage] z_0(:) =
 1.224744871391589e+00
 1.732050807568860e+00
[DEBUG][rank 0][arkStep_TakeStep_Z][explicit RHS] Fe_0(:) =
 0.000000000000000e+00
-1.981615694912173e-06
[INFO][rank 0][arkStep_TakeStep_Z][end-stage] status = success
[INFO][rank 0][arkStep_TakeStep_Z][begin-stage] stage = 1, implicit = 0, tcur = 6.86623425929745e-05
[DEBUG][rank 0][arkStep_TakeStep_Z][rhs data] sdata(:) =
 8.045208693976556e-21
-1.360283686395149e-10
[DEBUG][rank 0][arkStep_TakeStep_Z][explicit stage] z_1(:) =
 1.224744871391589e+00
 1.732050807432832e+00
[DEBUG][rank 0][arkStep_TakeStep_Z][explicit RHS] Fe_1(:) =
 0.000000000000000e+00
-7.928713720660336e-03
[INFO][rank 0][arkStep_TakeStep_Z][end-stage] status = success
[INFO][rank 0][arkStep_TakeStep_Z][begin-stage] stage = 2, implicit = 0, tcur = 0.000102984933241799
[DEBUG][rank 0][arkStep_TakeStep_Z][rhs data] sdata(:) =
 1.206781304096483e-20
-1.020451472134062e-06
[DEBUG][rank 0][arkStep_TakeStep_Z][explicit stage] z_2(:) =
 1.224744871391589e+00
 1.732049787117388e+00
[DEBUG][rank 0][arkStep_TakeStep_Z][explicit RHS] Fe_2(:) =
 0.000000000000000e+00
-1.189126572271928e-02
[INFO][rank 0][arkStep_TakeStep_Z][end-stage] status = success
[INFO][rank 0][arkStep_TakeStep_Z][begin-stage] stage = 3, implicit = 0, tcur = 0.00017163011453945
[DEBUG][rank 0][arkStep_TakeStep_Z][rhs data] sdata(:) =
 2.011302173494138e-20
-1.391459564352818e-06
[DEBUG][rank 0][arkStep_TakeStep_Z][explicit stage] z_3(:) =
 1.224744871391589e+00
 1.732049416109296e+00
[DEBUG][rank 0][arkStep_TakeStep_Z][explicit RHS] Fe_3(:) =
 0.000000000000000e+00
-1.981842329948762e-02
[INFO][rank 0][arkStep_TakeStep_Z][end-stage] status = success
[INFO][rank 0][arkStep_TakeStep_Z][begin-stage] stage = 4, implicit = 0, tcur = 0.00017163011453945
[DEBUG][rank 0][arkStep_TakeStep_Z][rhs data] sdata(:) =
 2.011302173494138e-20
-1.700693758052541e-06
[DEBUG][rank 0][arkStep_TakeStep_Z][explicit stage] z_4(:) =
 1.224744871391589e+00
 1.732049106875102e+00
[DEBUG][rank 0][arkStep_TakeStep_Z][explicit RHS] Fe_4(:) =
 0.000000000000000e+00
-1.981811760358103e-02
[INFO][rank 0][arkStep_TakeStep_Z][end-stage] status = success
[INFO][rank 0][arkStep_TakeStep_Z][begin-compute-solution] mass type = 0
[DEBUG][rank 0][arkStep_TakeStep_Z][updated solution] ycur(:) =
 1.224744871391589e+00
 1.732049106875102e+00
[INFO][rank 0][arkStep_TakeStep_Z][end-compute-solution] status = success
[DEBUG][rank 0][arkAdapt][new-step-before-bounds] h_acc = 0.0162676691109628
[DEBUG][rank 0][arkAdapt][new-step-after-max-min-bounds] h_acc = 0.0034322590648825
[DEBUG][rank 0][arkAdapt][new-step-eta] eta = 20
[INFO][rank 0][ARKodeEvolve][end-step-attempt] status = success, dsm = 1.23850835179651e-08
[INFO][rank 0][ARKodeEvolve][begin-step-attempt] step = 3, tn = 0.00017163011453945, h = 0.00032836988546055
[INFO][rank 0][arkStep_TakeStep_Z][begin-stage] stage = 0, implicit = 0, tcur = 0.00017163011453945
[DEBUG][rank 0][arkStep_TakeStep_Z][explicit stage] z_0(:) =
 1.224744871391589e+00
 1.732049106875102e+00
[DEBUG][rank 0][arkStep_TakeStep_Z][explicit RHS] Fe_0(:) =
 0.000000000000000e+00
-1.981811760358103e-02
[INFO][rank 0][arkStep_TakeStep_Z][end-stage] status = success
[INFO][rank 0][arkStep_TakeStep_Z][begin-stage] stage = 1, implicit = 0, tcur = 0.00030297806872367
[DEBUG][rank 0][arkStep_TakeStep_Z][rhs data] sdata(:) =
 1.539396768954410e-20
-2.603069203012646e-06
[DEBUG][rank 0][arkStep_TakeStep_Z][explicit stage] z_1(:) =
 1.224744871391589e+00
 1.732046503805899e+00
[DEBUG][rank 0][arkStep_TakeStep_Z][explicit RHS] Fe_1(:) =
 0.000000000000000e+00
-3.498575811147614e-02
[INFO][rank 0][arkStep_TakeStep_Z][end-stage] status = success
[INFO][rank 0][arkStep_TakeStep_Z][begin-stage] stage = 2, implicit = 0, tcur = 0.00036865204581578
[DEBUG][rank 0][arkStep_TakeStep_Z][rhs data] sdata(:) =
 2.309095153431615e-20
-7.640051086732211e-06
[DEBUG][rank 0][arkStep_TakeStep_Z][explicit stage] z_2(:) =
 1.224744871391589e+00
 1.732041466824015e+00
[DEBUG][rank 0][arkStep_TakeStep_Z][explicit RHS] Fe_2(:) =
 0.000000000000000e+00
-4.256661420441550e-02
[INFO][rank 0][arkStep_TakeStep_Z][end-stage] status = success
[INFO][rank 0][arkStep_TakeStep_Z][begin-stage] stage = 3, implicit = 0, tcur = 0.0005
[DEBUG][rank 0][arkStep_TakeStep_Z][rhs data] sdata(:) =
 3.848491922386025e-20
-1.160057990035808e-05
[DEBUG][rank 0][arkStep_TakeStep_Z][explicit stage] z_3(:) =
 1.224744871391589e+00
 1.732037506295202e+00
[DEBUG][rank 0][arkStep_TakeStep_Z][explicit RHS] Fe_3(:) =
 0.000000000000000e+00
-5.773562770991399e-02
[INFO][rank 0][arkStep_TakeStep_Z][end-stage] status = success
[INFO][rank 0][arkStep_TakeStep_Z][begin-stage] stage = 4, implicit = 0, tcur = 0.0005
[DEBUG][rank 0][arkStep_TakeStep_Z][rhs data] sdata(:) =
 3.848491922386025e-20
-1.273300068730558e-05
[DEBUG][rank 0][arkStep_TakeStep_Z][explicit stage] z_4(:) =
 1.224744871391589e+00
 1.732036373874415e+00
[DEBUG][rank 0][arkStep_TakeStep_Z][explicit RHS] Fe_4(:) =
 0.000000000000000e+00
-5.773453303683213e-02
[INFO][rank 0][arkStep_TakeStep_Z][end-stage] status = success
[INFO][rank 0][arkStep_TakeStep_Z][begin-compute-solution] mass type = 0
[DEBUG][rank 0][arkStep_TakeStep_Z][updated solution] ycur(:) =
 1.224744871391589e+00
 1.732036373874415e+00
[INFO][rank 0][arkStep_TakeStep_Z][end-compute-solution] status = success
[DEBUG][rank 0][arkAdapt][new-step-before-bounds] h_acc = 0.0162575318333283
[DEBUG][rank 0][arkAdapt][new-step-after-max-min-bounds] h_acc = 0.006567397709211
[DEBUG][rank 0][arkAdapt][new-step-eta] eta = 20
[INFO][rank 0][ARKodeEvolve][end-step-attempt] status = success, dsm = 1.66431234155382e-07
[INFO][rank 0][mriStep_StageERKFast][end-fast-steps] status = success
[DEBUG][rank 0][mriStep_TakeStepMERK][slow stage] z_1(:) =
 1.224744871391589e+00
 1.732036373874415e+00
[DEBUG][rank 0][mriStep_TakeStepMERK][slow explicit RHS] Fse_1(:) =
-1.021130983352426e-04
 0.000000000000000e+00
[INFO][rank 0][mriStep_TakeStepMERK][end-stage] status = success
[INFO][rank 0][mriStep_TakeStepMERK][end-group] status = success
[INFO][rank 0][mriStep_TakeStepMERK][begin-group] group = 1
[DEBUG][rank 0][mriStep_ComputeInnerForcing][forcing] forcing_0(:) =
 1.171999045219503e-16
 0.000000000000000e+00
[DEBUG][rank 0][mriStep_ComputeInnerForcing][forcing] forcing_1(:) =
-2.042261966707196e-04
 0.000000000000000e+00
[INFO][rank 0][mriStep_TakeStepMERK][begin-stage] stage = 2, stage type = 0, tcur = 0.001
[DEBUG][rank 0][mriStepInnerStepper_Reset][reset-inner-state] tR = 0
[INFO][rank 0][mriStep_StageERKFast][begin-fast-steps] 
[INFO][rank 0][ARKodeEvolve][begin-step-attempt] step = 4, tn = 0, h = 0.000999999999999999
[INFO][rank 0][arkStep_TakeStep_Z][begin-stage] stage = 0, implicit = 0, tcur = 0
[DEBUG][rank 0][arkStep_TakeStep_Z][explicit stage] z_0(:) =
 1.224744871391589e+00
 1.732050807568877e+00
[DEBUG][rank 0][arkStep_TakeStep_Z][explicit RHS] Fe_0(:) =
 0.000000000000000e+00
 8.287284724188699e-17
[INFO][rank 0][arkStep_TakeStep_Z][end-stage] status = success
[INFO][rank 0][arkStep_TakeStep_Z][begin-stage] stage = 1, implicit = 0, tcur = 0.0004
[DEBUG][rank 0][arkStep_TakeStep_Z][rhs data] sdata(:) =
 4.687996180878009e-20
 3.314913889675477e-20
[DEBUG][rank 0][arkStep_TakeStep_Z][explicit stage] z_1(:) =
 1.224744871391589e+00
 1.732050807568877e+00
[DEBUG][rank 0][arkStep_TakeStep_Z][explicit RHS] Fe_1(:) =
 0.000000000000000e+00
-4.619675825459098e-02
[INFO][rank 0][arkStep_TakeStep_Z][end-stage] status = success
[INFO][rank 0][arkStep_TakeStep_Z][begin-stage] stage = 2, implicit = 0, tcur = 0.0006
[DEBUG][rank 0][arkStep_TakeStep_Z][rhs data] sdata(:) =
-6.126785900114546e-08
-3.464756869094322e-05
[DEBUG][rank 0][arkStep_TakeStep_Z][explicit stage] z_2(:) =
 1.224744810123730e+00
 1.732016160000186e+00
[DEBUG][rank 0][arkStep_TakeStep_Z][explicit RHS] Fe_2(:) =
 0.000000000000000e+00
-6.926790456672960e-02
[INFO][rank 0][arkStep_TakeStep_Z][end-stage] status = success
[INFO][rank 0][arkStep_TakeStep_Z][begin-stage] stage = 3, implicit = 0, tcur = 0.000999999999999999
[DEBUG][rank 0][arkStep_TakeStep_Z][rhs data] sdata(:) =
-8.354708045608615e-08
-4.722192747387082e-05
[DEBUG][rank 0][arkStep_TakeStep_Z][explicit stage] z_3(:) =
 1.224744787844509e+00
 1.732003585641403e+00
[DEBUG][rank 0][arkStep_TakeStep_Z][explicit RHS] Fe_3(:) =
 0.000000000000000e+00
-1.154760068405409e-01
[INFO][rank 0][arkStep_TakeStep_Z][end-stage] status = success
[INFO][rank 0][arkStep_TakeStep_Z][begin-stage] stage = 4, implicit = 0, tcur = 0.000999999999999999
[DEBUG][rank 0][arkStep_TakeStep_Z][rhs data] sdata(:) =
-1.021130983352424e-07
-5.773406452470777e-05
[DEBUG][rank 0][arkStep_TakeStep_Z][explicit stage] z_4(:) =
 1.224744769278491e+00
 1.731993073504352e+00
[DEBUG][rank 0][arkStep_TakeStep_Z][explicit RHS] Fe_4(:) =
 0.000000000000000e+00
-1.154662048232827e-01
[INFO][rank 0][arkStep_TakeStep_Z][end-stage] status = success
[INFO][rank 0][arkStep_TakeStep_Z][begin-compute-solution] mass type = 0
[DEBUG][rank 0][arkStep_TakeStep_Z][updated solution] ycur(:) =
 1.224744769278491e+00
 1.731993073504352e+00
[INFO][rank 0][arkStep_TakeStep_Z][end-compute-solution] status = success
[DEBUG][rank 0][arkAdapt][new-step-before-bounds] h_acc = 0.0162444409871335
[DEBUG][rank 0][arkAdapt][new-step-after-max-min-bounds] h_acc = 0.0146199968884201
[DEBUG][rank 0][arkAdapt][new-step-eta] eta = 14.6199968884202
[INFO][rank 0][ARKodeEvolve][end-step-attempt] status = success, dsm = 1.4360875494827e-05
[INFO][rank 0][mriStep_StageERKFast][end-fast-steps] status = success
[DEBUG][rank 0][mriStep_TakeStepMERK][slow stage] z_2(:) =
 1.224744769278491e+00
 1.731993073504352e+00
[INFO][rank 0][mriStep_TakeStepMERK][end-stage] status = success
[INFO][rank 0][mriStep_TakeStepMERK][end-group] status = success
[DEBUG][rank 0][mriStep_TakeStepMERK][updated solution] ycur(:) =
 1.224744769278491e+00
 1.731993073504352e+00
[INFO][rank 0][ARKodeEvolve][end-step-attempt] status = success
 1.000000000000000e-03    1.224744769278491e+00    1.731993073504352e+00    5.103006905926577e-11    1.372235658436693e-13
[INFO][rank 0][ARKodeEvolve][begin-step-attempt] step = 2, tn = 0.001, h = 0.001
[INFO][rank 0][mriStep_TakeStepMERK][begin-stage] stage = 0, stage type = -2, tcur = 0.001
[DEBUG][rank 0][mriStep_TakeStepMERK][slow stage] z_0(:) =
 1.224744769278491e+00
 1.731993073504352e+00
[DEBUG][rank 0][mriStep_TakeStepMERK][slow explicit RHS] Fse_0(:) =
-2.041240261011300e-04
 0.000000000000000e+00
[INFO][rank 0][mriStep_TakeStepMERK][end-stage] status = success
[INFO][rank 0][mriStep_TakeStepMERK][begin-group] group = 0
[DEBUG][rank 0][mriStep_ComputeInnerForcing][forcing] forcing_0(:) =
-2.041240261011300e-04
 0.000000000000000e+00
[DEBUG][rank 0][mriStep_ComputeInnerForcing][forcing] forcing_1(:) =
-0.000000000000000e+00
 0.000000000000000e+00
[INFO][rank 0][mriStep_TakeStepMERK][begin-stage] stage = 1, stage type = 0, tcur = 0.0015
[INFO][rank 0][mriStep_StageERKFast][begin-fast-steps] 
[INFO][rank 0][ARKodeEvolve][begin-step-attempt] step = 5, tn = 0.001, h = 0.0005
[INFO][rank 0][arkStep_TakeStep_Z][begin-stage] stage = 0, implicit = 0, tcur = 0.001
[DEBUG][rank 0][arkStep_TakeStep_Z][explicit stage] z_0(:) =
 1.224744769278491e+00
 1.731993073504352e+00
[DEBUG][rank 0][arkStep_TakeStep_Z][explicit RHS] Fe_0(:) =
 0.000000000000000e+00
-1.154662048232827e-01
[INFO][rank 0][arkStep_TakeStep_Z][end-stage] status = success
[INFO][rank 0][arkStep_TakeStep_Z][begin-stage] stage = 1, implicit = 0, tcur = 0.0012
[DEBUG][rank 0][arkStep_TakeStep_Z][rhs data] sdata(:) =
-4.082480522022597e-08
-2.309324096465652e-05
[DEBUG][rank 0][arkStep_TakeStep_Z][explicit stage] z_1(:) =
 1.224744728453685e+00
 1.731969980263388e+00
[DEBUG][rank 0][arkStep_TakeStep_Z][explicit RHS] Fe_1(:) =
 0.000000000000000e+00
-1.385595358244989e-01
[INFO][rank 0][arkStep_TakeStep_Z][end-stage] status = success
[INFO][rank 0][arkStep_TakeStep_Z][begin-stage] stage = 2, implicit = 0, tcur = 0.0013
[DEBUG][rank 0][arkStep_TakeStep_Z][rhs data] sdata(:) =
-6.123720783033895e-08
-4.329986057244086e-05
[DEBUG][rank 0][arkStep_TakeStep_Z][explicit stage] z_2(:) =
 1.224744708041283e+00
 1.731949773643780e+00
[DEBUG][rank 0][arkStep_TakeStep_Z][explicit RHS] Fe_2(:) =
 0.000000000000000e+00
-1.500994447961197e-01
[INFO][rank 0][arkStep_TakeStep_Z][end-stage] status = success
[INFO][rank 0][arkStep_TakeStep_Z][begin-stage] stage = 3, implicit = 0, tcur = 0.0015
[DEBUG][rank 0][arkStep_TakeStep_Z][rhs data] sdata(:) =
-1.020620130505649e-07
-6.953912097863260e-05
[DEBUG][rank 0][arkStep_TakeStep_Z][explicit stage] z_3(:) =
 1.224744667216477e+00
 1.731923534383374e+00
[DEBUG][rank 0][arkStep_TakeStep_Z][explicit RHS] Fe_3(:) =
 0.000000000000000e+00
-1.731944405279118e-01
[INFO][rank 0][arkStep_TakeStep_Z][end-stage] status = success
[INFO][rank 0][arkStep_TakeStep_Z][begin-stage] stage = 4, implicit = 0, tcur = 0.0015
[DEBUG][rank 0][arkStep_TakeStep_Z][rhs data] sdata(:) =
-1.020620130505649e-07
-7.216487232207359e-05
[DEBUG][rank 0][arkStep_TakeStep_Z][explicit stage] z_4(:) =
 1.224744667216477e+00
 1.731920908632030e+00
[DEBUG][rank 0][arkStep_TakeStep_Z][explicit RHS] Fe_4(:) =
 0.000000000000000e+00
-1.731920773532939e-01
[INFO][rank 0][arkStep_TakeStep_Z][end-stage] status = success
[INFO][rank 0][arkStep_TakeStep_Z][begin-compute-solution] mass type = 0
[DEBUG][rank 0][arkStep_TakeStep_Z][updated solution] ycur(:) =
 1.224744667216477e+00
 1.731920908632030e+00
[INFO][rank 0][arkStep_TakeStep_Z][end-compute-solution] status = success
[DEBUG][rank 0][arkAdapt][new-step-before-bounds] h_acc = 0.0162275960399179
[DEBUG][rank 0][arkAdapt][new-step-after-max-min-bounds] h_acc = 0.00999999999999999
[DEBUG][rank 0][arkAdapt][new-step-eta] eta = 20
[INFO][rank 0][ARKodeEvolve][end-step-attempt] status = success, dsm = 9.01287327936077e-07
[INFO][rank 0][mriStep_StageERKFast][end-fast-steps] status = success
[DEBUG][rank 0][mriStep_TakeStepMERK][slow stage] z_1(:) =
 1.224744667216477e+00
 1.731920908632030e+00
[DEBUG][rank 0][mriStep_TakeStepMERK][slow explicit RHS] Fse_1(:) =
-3.062370820045179e-04
 0.000000000000000e+00
[INFO][rank 0][mriStep_TakeStepMERK][end-stage] status = success
[INFO][rank 0][mriStep_TakeStepMERK][end-group] status = success
[INFO][rank 0][mriStep_TakeStepMERK][begin-group] group = 1
[DEBUG][rank 0][mriStep_ComputeInnerForcing][forcing] forcing_0(:) =
-2.041240261011300e-04
 0.000000000000000e+00
[DEBUG][rank 0][mriStep_ComputeInnerForcing][forcing] forcing_1(:) =
-2.042261118067758e-04
 0.000000000000000e+00
[INFO][rank 0][mriStep_TakeStepMERK][begin-stage] stage = 2, stage type = 0, tcur = 0.002
[DEBUG][rank 0][mriStepInnerStepper_Reset][reset-inner-state] tR = 0.001
[INFO][rank 0][mriStep_StageERKFast][begin-fast-steps] 
[INFO][rank 0][ARKodeEvolve][begin-step-attempt] step = 6, tn = 0.001, h = 0.000999999999999999
[INFO][rank 0][arkStep_TakeStep_Z][begin-stage] stage = 0, implicit = 0, tcur = 0.001
[DEBUG][rank 0][arkStep_TakeStep_Z][explicit stage] z_0(:) =
 1.224744769278491e+00
 1.731993073504352e+00
[DEBUG][rank 0][arkStep_TakeStep_Z][explicit RHS] Fe_0(:) =
 0.000000000000000e+00
-1.154662048232828e-01
[INFO][rank 0][arkStep_TakeStep_Z][end-stage] status = success
[INFO][rank 0][arkStep_TakeStep_Z][begin-stage] stage = 1, implicit = 0, tcur = 0.0014
[DEBUG][rank 0][arkStep_TakeStep_Z][rhs data] sdata(:) =
-8.164961044045194e-08
-4.618648192931308e-05
[DEBUG][rank 0][arkStep_TakeStep_Z][explicit stage] z_1(:) =
 1.224744687628880e+00
 1.731946887022423e+00
[DEBUG][rank 0][arkStep_TakeStep_Z][explicit RHS] Fe_1(:) =
 0.000000000000000e+00
-1.616558796904288e-01
[INFO][rank 0][arkStep_TakeStep_Z][end-stage] status = success
[INFO][rank 0][arkStep_TakeStep_Z][begin-stage] stage = 2, implicit = 0, tcur = 0.0016
[DEBUG][rank 0][arkStep_TakeStep_Z][rhs data] sdata(:) =
-1.837422492027105e-07
-1.039219790443291e-04
[DEBUG][rank 0][arkStep_TakeStep_Z][explicit stage] z_2(:) =
 1.224744585536241e+00
 1.731889151525308e+00
[DEBUG][rank 0][arkStep_TakeStep_Z][explicit RHS] Fe_2(:) =
 0.000000000000000e+00
-1.847239502619663e-01
[INFO][rank 0][arkStep_TakeStep_Z][end-stage] status = success
[INFO][rank 0][arkStep_TakeStep_Z][begin-stage] stage = 3, implicit = 0, tcur = 0.002
[DEBUG][rank 0][arkStep_TakeStep_Z][rhs data] sdata(:) =
-2.876710718402652e-07
-1.626813115173770e-04
[DEBUG][rank 0][arkStep_TakeStep_Z][explicit stage] z_3(:) =
 1.224744481607419e+00
 1.731830392192835e+00
[DEBUG][rank 0][arkStep_TakeStep_Z][explicit RHS] Fe_3(:) =
 0.000000000000000e+00
-2.309184132648104e-01
[INFO][rank 0][arkStep_TakeStep_Z][end-stage] status = success
[INFO][rank 0][arkStep_TakeStep_Z][begin-stage] stage = 4, implicit = 0, tcur = 0.002
[DEBUG][rank 0][arkStep_TakeStep_Z][rhs data] sdata(:) =
-3.062370820045175e-07
-1.731906464969290e-04
[DEBUG][rank 0][arkStep_TakeStep_Z][explicit stage] z_4(:) =
 1.224744463041409e+00
 1.731819882857855e+00
[DEBUG][rank 0][arkStep_TakeStep_Z][explicit RHS] Fe_4(:) =
 0.000000000000000e+00
-2.309093144808637e-01
[INFO][rank 0][arkStep_TakeStep_Z][end-stage] status = success
[INFO][rank 0][arkStep_TakeStep_Z][begin-compute-solution] mass type = 0
[DEBUG][rank 0][arkStep_TakeStep_Z][updated solution] ycur(:) =
 1.224744463041409e+00
 1.731819882857855e+00
[INFO][rank 0][arkStep_TakeStep_Z][end-compute-solution] status = success
[DEBUG][rank 0][arkAdapt][new-step-before-bounds] h_acc = 0.0162151724451245
[DEBUG][rank 0][arkAdapt][new-step-after-max-min-bounds] h_acc = 0.014593655200612
[DEBUG][rank 0][arkAdapt][new-step-eta] eta = 14.593655200612
[INFO][rank 0][ARKodeEvolve][end-step-attempt] status = success, dsm = 1.44648426371442e-05
[INFO][rank 0][mriStep_StageERKFast][end-fast-steps] status = success
[DEBUG][rank 0][mriStep_TakeStepMERK][slow stage] z_2(:) =
 1.224744463041409e+00
 1.731819882857855e+00
[INFO][rank 0][mriStep_TakeStepMERK][end-stage] status = success
[INFO][rank 0][mriStep_TakeStepMERK][end-group] status = success
[DEBUG][rank 0][mriStep_TakeStepMERK][updated solution] ycur(:) =
 1.224744463041409e+00
 1.731819882857855e+00
[INFO][rank 0][ARKodeEvolve][end-step-attempt] status = success
 2.000000000000000e-03    1.224744463041409e+00    1.731819882857855e+00    1.019579976002660e-10    2.362554596402333e-13
[INFO][rank 0][ARKodeEvolve][begin-step-attempt] step = 3, tn = 0.002, h = 0.001
[INFO][rank 0][mriStep_TakeStepMERK][begin-stage] stage = 0, stage type = -2, tcur = 0.002
[DEBUG][rank 0][mriStep_TakeStepMERK][slow stage] z_0(:) =
 1.224744463041409e+00
 1.731819882857855e+00
[DEBUG][rank 0][mriStep_TakeStepMERK][slow explicit RHS] Fse_0(:) =
-4.082479503808682e-04
 0.000000000000000e+00
[INFO][rank 0][mriStep_TakeStepMERK][end-stage] status = success
[INFO][rank 0][mriStep_TakeStepMERK][begin-group] group = 0
[DEBUG][rank 0][mriStep_ComputeInnerForcing][forcing] forcing_0(:) =
-4.082479503808682e-04
 0.000000000000000e+00
[DEBUG][rank 0][mriStep_ComputeInnerForcing][forcing] forcing_1(:) =
-0.000000000000000e+00
 0.000000000000000e+00
[INFO][rank 0][mriStep_TakeStepMERK][begin-stage] stage = 1, stage type = 0, tcur = 0.0025
[INFO][rank 0][mriStep_StageERKFast][begin-fast-steps] 
[INFO][rank 0][ARKodeEvolve][begin-step-attempt] step = 7, tn = 0.002, h = 0.0005
[INFO][rank 0][arkStep_TakeStep_Z][begin-stage] stage = 0, implicit = 0, tcur = 0.002
[DEBUG][rank 0][arkStep_TakeStep_Z][explicit stage] z_0(:) =
 1.224744463041409e+00
 1.731819882857855e+00
[DEBUG][rank 0][arkStep_TakeStep_Z][explicit RHS] Fe_0(:) =
 0.000000000000000e+00
-2.309093144808637e-01
[INFO][rank 0][arkStep_TakeStep_Z][end-stage] status = success
[INFO][rank 0][arkStep_TakeStep_Z][begin-stage] stage = 1, implicit = 0, tcur = 0.0022
[DEBUG][rank 0][arkStep_TakeStep_Z][rhs data] sdata(:) =
-8.164959007617358e-08
-4.618186289617270e-05
[DEBUG][rank 0][arkStep_TakeStep_Z][explicit stage] z_1(:) =
 1.224744381391819e+00
 1.731773700994959e+00
[DEBUG][rank 0][arkStep_TakeStep_Z][explicit RHS] Fe_1(:) =
 0.000000000000000e+00
-2.539951001439833e-01
[INFO][rank 0][arkStep_TakeStep_Z][end-stage] status = success
[INFO][rank 0][arkStep_TakeStep_Z][begin-stage] stage = 2, implicit = 0, tcur = 0.0023
[DEBUG][rank 0][arkStep_TakeStep_Z][rhs data] sdata(:) =
-1.224743851142604e-07
-7.792996396792890e-05
[DEBUG][rank 0][arkStep_TakeStep_Z][explicit stage] z_2(:) =
 1.224744340567024e+00
 1.731741952893888e+00
[DEBUG][rank 0][arkStep_TakeStep_Z][explicit RHS] Fe_2(:) =
 0.000000000000000e+00
-2.655313537302432e-01
[INFO][rank 0][arkStep_TakeStep_Z][end-stage] status = success
[INFO][rank 0][arkStep_TakeStep_Z][begin-stage] stage = 3, implicit = 0, tcur = 0.0025
[DEBUG][rank 0][arkStep_TakeStep_Z][rhs data] sdata(:) =
-2.041239751904339e-07
-1.272568707066634e-04
[DEBUG][rank 0][arkStep_TakeStep_Z][explicit stage] z_3(:) =
 1.224744258917433e+00
 1.731692625987149e+00
[DEBUG][rank 0][arkStep_TakeStep_Z][explicit RHS] Fe_3(:) =
 0.000000000000000e+00
-2.886171647634210e-01
[INFO][rank 0][arkStep_TakeStep_Z][end-stage] status = success
[INFO][rank 0][arkStep_TakeStep_Z][begin-stage] stage = 4, implicit = 0, tcur = 0.0025
[DEBUG][rank 0][arkStep_TakeStep_Z][rhs data] sdata(:) =
-2.041239751904339e-07
-1.298816154065471e-04
[DEBUG][rank 0][arkStep_TakeStep_Z][explicit stage] z_4(:) =
 1.224744258917433e+00
 1.731690001242449e+00
[DEBUG][rank 0][arkStep_TakeStep_Z][explicit RHS] Fe_4(:) =
 0.000000000000000e+00
-2.886149774774822e-01
[INFO][rank 0][arkStep_TakeStep_Z][end-stage] status = success
[INFO][rank 0][arkStep_TakeStep_Z][begin-compute-solution] mass type = 0
[DEBUG][rank 0][arkStep_TakeStep_Z][updated solution] ycur(:) =
 1.224744258917433e+00
 1.731690001242449e+00
[INFO][rank 0][arkStep_TakeStep_Z][end-compute-solution] status = success
[DEBUG][rank 0][arkAdapt][new-step-before-bounds] h_acc = 0.0162008552507156
[DEBUG][rank 0][arkAdapt][new-step-after-max-min-bounds] h_acc = 0.00999999999999999
[DEBUG][rank 0][arkAdapt][new-step-eta] eta = 20
[INFO][rank 0][ARKodeEvolve][end-step-attempt] status = success, dsm = 9.07252660258631e-07
[INFO][rank 0][mriStep_StageERKFast][end-fast-steps] status = success
[DEBUG][rank 0][mriStep_TakeStepMERK][slow stage] z_1(:) =
 1.224744258917433e+00
 1.731690001242449e+00
[DEBUG][rank 0][mriStep_TakeStepMERK][slow explicit RHS] Fse_1(:) =
-5.103609127973059e-04
 0.000000000000000e+00
[INFO][rank 0][mriStep_TakeStepMERK][end-stage] status = success
[INFO][rank 0][mriStep_TakeStepMERK][end-group] status = success
[INFO][rank 0][mriStep_TakeStepMERK][begin-group] group = 1
[DEBUG][rank 0][mriStep_ComputeInnerForcing][forcing] forcing_0(:) =
-4.082479503808682e-04
 0.000000000000000e+00
[DEBUG][rank 0][mriStep_ComputeInnerForcing][forcing] forcing_1(:) =
-2.042259248328754e-04
 0.000000000000000e+00
[INFO][rank 0][mriStep_TakeStepMERK][begin-stage] stage = 2, stage type = 0, tcur = 0.003
[DEBUG][rank 0][mriStepInnerStepper_Reset][reset-inner-state] tR = 0.002
[INFO][rank 0][mriStep_StageERKFast][begin-fast-steps] 
[INFO][rank 0][ARKodeEvolve][begin-step-attempt] step = 8, tn = 0.002, h = 0.000999999999999999
[INFO][rank 0][arkStep_TakeStep_Z][begin-stage] stage = 0, implicit = 0, tcur = 0.002
[DEBUG][rank 0][arkStep_TakeStep_Z][explicit stage] z_0(:) =
 1.224744463041409e+00
 1.731819882857855e+00
[DEBUG][rank 0][arkStep_TakeStep_Z][explicit RHS] Fe_0(:) =
 0.000000000000000e+00
-2.309093144808638e-01
[INFO][rank 0][arkStep_TakeStep_Z][end-stage] status = success
[INFO][rank 0][arkStep_TakeStep_Z][begin-stage] stage = 1, implicit = 0, tcur = 0.0024
[DEBUG][rank 0][arkStep_TakeStep_Z][rhs data] sdata(:) =
-1.632991801523472e-07
-9.236372579234546e-05
[DEBUG][rank 0][arkStep_TakeStep_Z][explicit stage] z_1(:) =
 1.224744299742228e+00
 1.731727519132063e+00
[DEBUG][rank 0][arkStep_TakeStep_Z][explicit RHS] Fe_1(:) =
 0.000000000000000e+00
-2.770826654633629e-01
[INFO][rank 0][arkStep_TakeStep_Z][end-stage] status = success
[INFO][rank 0][arkStep_TakeStep_Z][begin-stage] stage = 2, implicit = 0, tcur = 0.0026
[DEBUG][rank 0][arkStep_TakeStep_Z][rhs data] sdata(:) =
-3.062165476783833e-07
-1.731756019253925e-04
[DEBUG][rank 0][arkStep_TakeStep_Z][explicit stage] z_2(:) =
 1.224744156824861e+00
 1.731646707255930e+00
[DEBUG][rank 0][arkStep_TakeStep_Z][explicit RHS] Fe_2(:) =
 0.000000000000000e+00
-3.001430437418877e-01
[INFO][rank 0][arkStep_TakeStep_Z][end-stage] status = success
[INFO][rank 0][arkStep_TakeStep_Z][begin-stage] stage = 3, implicit = 0, tcur = 0.003
[DEBUG][rank 0][arkStep_TakeStep_Z][rhs data] sdata(:) =
-4.917949196306804e-07
-2.781081532468515e-04
[DEBUG][rank 0][arkStep_TakeStep_Z][explicit stage] z_3(:) =
 1.224743971246489e+00
 1.731541774704609e+00
[DEBUG][rank 0][arkStep_TakeStep_Z][explicit RHS] Fe_3(:) =
 0.000000000000000e+00
-3.463146234292354e-01
[INFO][rank 0][arkStep_TakeStep_Z][end-stage] status = success
[INFO][rank 0][arkStep_TakeStep_Z][begin-stage] stage = 4, implicit = 0, tcur = 0.003
[DEBUG][rank 0][arkStep_TakeStep_Z][rhs data] sdata(:) =
-5.103609127973054e-07
-2.886125839880881e-04
[DEBUG][rank 0][arkStep_TakeStep_Z][explicit stage] z_4(:) =
 1.224743952680496e+00
 1.731531270273867e+00
[DEBUG][rank 0][arkStep_TakeStep_Z][explicit RHS] Fe_4(:) =
 0.000000000000000e+00
-3.463062291866051e-01
[INFO][rank 0][arkStep_TakeStep_Z][end-stage] status = success
[INFO][rank 0][arkStep_TakeStep_Z][begin-compute-solution] mass type = 0
[DEBUG][rank 0][arkStep_TakeStep_Z][updated solution] ycur(:) =
 1.224743952680496e+00
 1.731531270273867e+00
[INFO][rank 0][arkStep_TakeStep_Z][end-compute-solution] status = success
[DEBUG][rank 0][arkAdapt][new-step-before-bounds] h_acc = 0.016189862795696
[DEBUG][rank 0][arkAdapt][new-step-after-max-min-bounds] h_acc = 0.0145708765161264
[DEBUG][rank 0][arkAdapt][new-step-eta] eta = 14.5708765161264
[INFO][rank 0][ARKodeEvolve][end-step-attempt] status = success, dsm = 1.45555066492002e-05
[INFO][rank 0][mriStep_StageERKFast][end-fast-steps] status = success
[DEBUG][rank 0][mriStep_TakeStepMERK][slow stage] z_2(:) =
 1.224743952680496e+00
 1.731531270273867e+00
[INFO][rank 0][mriStep_TakeStepMERK][end-stage] status = success
[INFO][rank 0][mriStep_TakeStepMERK][end-group] status = success
[DEBUG][rank 0][mriStep_TakeStepMERK][updated solution] ycur(:) =
 1.224743952680496e+00
 1.731531270273867e+00
[INFO][rank 0][ARKodeEvolve][end-step-attempt] status = success
 3.000000000000000e-03    1.224743952680496e+00    1.731531270273867e+00    1.527842297122106e-10    2.970956813896919e-13
------------------------------------------------------------------------------------------------------------------------------
Current time                  = 0.003
Steps                         = 3
Step attempts                 = 3
Stability limited steps       = 0
Accuracy limited steps        = 0
Error test fails              = 0
NLS step fails                = 0
Inequality constraint fails   = 0
Initial step size             = 0.001
Last step size                = 0.001
Current step size             = 0.001
Explicit slow RHS fn evals    = 6
Implicit slow RHS fn evals    = 0
Inner stepper failures        = 0
NLS iters                     = 0
NLS fails                     = 0
NLS iters per step            = 0
LS setups                     = 0
End MRIStep Logging test
