Start ARKStep Logging test
Using DIRK method
Using fixed-point nonlinear solver
           t                        u                        v                      u err                    v err            
------------------------------------------------------------------------------------------------------------------------------
 0.000000000000000e+00    1.224744871391589e+00    1.732050807568877e+00    0.000000000000000e+00    0.000000000000000e+00
[INFO][rank 0][ARKodeEvolve][begin-step-attempt] step = 1, tn = 0, h = 0.0001029860256095084
[INFO][rank 0][arkStep_TakeStep_Z][begin-stage] stage = 0, implicit = 1, tcur = 2.57465064023771e-05
[INFO][rank 0][arkStep_Nls][begin-nonlinear-solve] tol = 0.1
[INFO][rank 0][SUNNonlinSolSolve_FixedPoint][nonlinear-solver] solver = Fixed-Point
[INFO][rank 0][SUNNonlinSolSolve_FixedPoint][begin-nonlinear-iterate] 
[INFO][rank 0][SUNNonlinSolSolve_FixedPoint][nonlinear-iterate] cur-iter = 1, update-norm = 0.03124727847178982
[INFO][rank 0][SUNNonlinSolSolve_FixedPoint][end-nonlinear-iterate] status = success
[INFO][rank 0][arkStep_Nls][end-nonlinear-solve] status = success, iters = 1
[INFO][rank 0][arkStep_TakeStep_Z][end-stage] status = success
[INFO][rank 0][arkStep_TakeStep_Z][begin-stage] stage = 1, implicit = 1, tcur = 7.723951920713131e-05
[INFO][rank 0][arkStep_Nls][begin-nonlinear-solve] tol = 0.1
[INFO][rank 0][SUNNonlinSolSolve_FixedPoint][nonlinear-solver] solver = Fixed-Point
[INFO][rank 0][SUNNonlinSolSolve_FixedPoint][begin-nonlinear-iterate] 
[INFO][rank 0][SUNNonlinSolSolve_FixedPoint][nonlinear-iterate] cur-iter = 1, update-norm = 0.1562371643297375
[INFO][rank 0][SUNNonlinSolSolve_FixedPoint][end-nonlinear-iterate] status = continue
[INFO][rank 0][SUNNonlinSolSolve_FixedPoint][begin-nonlinear-iterate] 
[INFO][rank 0][SUNNonlinSolSolve_FixedPoint][nonlinear-iterate] cur-iter = 2, update-norm = 4.895203386441746e-06
[INFO][rank 0][SUNNonlinSolSolve_FixedPoint][end-nonlinear-iterate] status = success
[INFO][rank 0][arkStep_Nls][end-nonlinear-solve] status = success, iters = 2
[INFO][rank 0][arkStep_TakeStep_Z][end-stage] status = success
[INFO][rank 0][arkStep_TakeStep_Z][begin-stage] stage = 2, implicit = 1, tcur = 5.664231408522962e-05
[INFO][rank 0][arkStep_Nls][begin-nonlinear-solve] tol = 0.1
[INFO][rank 0][SUNNonlinSolSolve_FixedPoint][nonlinear-solver] solver = Fixed-Point
[INFO][rank 0][SUNNonlinSolSolve_FixedPoint][begin-nonlinear-iterate] 
[INFO][rank 0][SUNNonlinSolSolve_FixedPoint][nonlinear-iterate] cur-iter = 1, update-norm = 0.09624183453536866
[INFO][rank 0][SUNNonlinSolSolve_FixedPoint][end-nonlinear-iterate] status = success
[INFO][rank 0][arkStep_Nls][end-nonlinear-solve] status = success, iters = 1
[INFO][rank 0][arkStep_TakeStep_Z][end-stage] status = success
[INFO][rank 0][arkStep_TakeStep_Z][begin-stage] stage = 3, implicit = 1, tcur = 5.14930128047542e-05
[INFO][rank 0][arkStep_Nls][begin-nonlinear-solve] tol = 0.1
[INFO][rank 0][SUNNonlinSolSolve_FixedPoint][nonlinear-solver] solver = Fixed-Point
[INFO][rank 0][SUNNonlinSolSolve_FixedPoint][begin-nonlinear-iterate] 
[INFO][rank 0][SUNNonlinSolSolve_FixedPoint][nonlinear-iterate] cur-iter = 1, update-norm = 0.08528677931681904
[INFO][rank 0][SUNNonlinSolSolve_FixedPoint][end-nonlinear-iterate] status = success
[INFO][rank 0][arkStep_Nls][end-nonlinear-solve] status = success, iters = 1
[INFO][rank 0][arkStep_TakeStep_Z][end-stage] status = success
[INFO][rank 0][arkStep_TakeStep_Z][begin-stage] stage = 4, implicit = 1, tcur = 0.0001029860256095084
[INFO][rank 0][arkStep_Nls][begin-nonlinear-solve] tol = 0.1
[INFO][rank 0][SUNNonlinSolSolve_FixedPoint][nonlinear-solver] solver = Fixed-Point
[INFO][rank 0][SUNNonlinSolSolve_FixedPoint][begin-nonlinear-iterate] 
[INFO][rank 0][SUNNonlinSolSolve_FixedPoint][nonlinear-iterate] cur-iter = 1, update-norm = 0.2499813593647933
[INFO][rank 0][SUNNonlinSolSolve_FixedPoint][end-nonlinear-iterate] status = continue
[INFO][rank 0][SUNNonlinSolSolve_FixedPoint][begin-nonlinear-iterate] 
[INFO][rank 0][SUNNonlinSolSolve_FixedPoint][nonlinear-iterate] cur-iter = 2, update-norm = 7.823414317944671e-06
[INFO][rank 0][SUNNonlinSolSolve_FixedPoint][end-nonlinear-iterate] status = success
[INFO][rank 0][arkStep_Nls][end-nonlinear-solve] status = success, iters = 2
[INFO][rank 0][arkStep_TakeStep_Z][end-stage] status = success
[INFO][rank 0][arkStep_TakeStep_Z][begin-compute-solution] mass type = 0
[INFO][rank 0][arkStep_TakeStep_Z][end-compute-solution] status = success
[DEBUG][rank 0][arkAdapt][new-step-before-bounds] h_acc = 0.003796520021120941, h_cfl = 1.029860256095084e+26
[DEBUG][rank 0][arkAdapt][new-step-after-max-min-bounds] h_acc = 0.003644659220276104, h_cfl = 5.14930128047542e+25
[DEBUG][rank 0][arkAdapt][new-step-eta] eta = 35.38984244421219
[INFO][rank 0][ARKodeEvolve][end-step-attempt] status = success, dsm = 5.257351772282993e-09
 1.029860256095084e-04    1.224744870309104e+00    1.732050195224279e+00    2.442490654175344e-15    1.998401444325282e-15
[INFO][rank 0][ARKodeEvolve][begin-step-attempt] step = 2, tn = 0.0001029860256095084, h = 0.003644659220276104
[INFO][rank 0][arkStep_TakeStep_Z][begin-stage] stage = 0, implicit = 1, tcur = 0.001014150830678534
[INFO][rank 0][arkStep_Nls][begin-nonlinear-solve] tol = 0.1
[INFO][rank 0][SUNNonlinSolSolve_FixedPoint][nonlinear-solver] solver = Fixed-Point
[INFO][rank 0][SUNNonlinSolSolve_FixedPoint][begin-nonlinear-iterate] 
[INFO][rank 0][SUNNonlinSolSolve_FixedPoint][nonlinear-iterate] cur-iter = 1, update-norm = 43.57700668684354
[INFO][rank 0][SUNNonlinSolSolve_FixedPoint][end-nonlinear-iterate] status = continue
[INFO][rank 0][SUNNonlinSolSolve_FixedPoint][begin-nonlinear-iterate] 
[INFO][rank 0][SUNNonlinSolSolve_FixedPoint][nonlinear-iterate] cur-iter = 2, update-norm = 0.04633595994229208
[INFO][rank 0][SUNNonlinSolSolve_FixedPoint][end-nonlinear-iterate] status = success
[INFO][rank 0][arkStep_Nls][end-nonlinear-solve] status = success, iters = 2
[INFO][rank 0][arkStep_TakeStep_Z][end-stage] status = success
[INFO][rank 0][arkStep_TakeStep_Z][begin-stage] stage = 1, implicit = 1, tcur = 0.002836480440816586
[INFO][rank 0][arkStep_Nls][begin-nonlinear-solve] tol = 0.1
[INFO][rank 0][SUNNonlinSolSolve_FixedPoint][nonlinear-solver] solver = Fixed-Point
[INFO][rank 0][SUNNonlinSolSolve_FixedPoint][begin-nonlinear-iterate] 
[INFO][rank 0][SUNNonlinSolSolve_FixedPoint][nonlinear-iterate] cur-iter = 1, update-norm = 209.0149703261905
[INFO][rank 0][SUNNonlinSolSolve_FixedPoint][end-nonlinear-iterate] status = continue
[INFO][rank 0][SUNNonlinSolSolve_FixedPoint][begin-nonlinear-iterate] 
[INFO][rank 0][SUNNonlinSolSolve_FixedPoint][nonlinear-iterate] cur-iter = 2, update-norm = 0.2042649292783136
[INFO][rank 0][SUNNonlinSolSolve_FixedPoint][end-nonlinear-iterate] status = success
[INFO][rank 0][arkStep_Nls][end-nonlinear-solve] status = success, iters = 2
[INFO][rank 0][arkStep_TakeStep_Z][end-stage] status = success
[INFO][rank 0][arkStep_TakeStep_Z][begin-stage] stage = 2, implicit = 1, tcur = 0.002107548596761365
[INFO][rank 0][arkStep_Nls][begin-nonlinear-solve] tol = 0.1
[INFO][rank 0][SUNNonlinSolSolve_FixedPoint][nonlinear-solver] solver = Fixed-Point
[INFO][rank 0][SUNNonlinSolSolve_FixedPoint][begin-nonlinear-iterate] 
[INFO][rank 0][SUNNonlinSolSolve_FixedPoint][nonlinear-iterate] cur-iter = 1, update-norm = 130.3177912362241
[INFO][rank 0][SUNNonlinSolSolve_FixedPoint][end-nonlinear-iterate] status = continue
[INFO][rank 0][SUNNonlinSolSolve_FixedPoint][begin-nonlinear-iterate] 
[INFO][rank 0][SUNNonlinSolSolve_FixedPoint][nonlinear-iterate] cur-iter = 2, update-norm = 0.1317639651299175
[INFO][rank 0][SUNNonlinSolSolve_FixedPoint][end-nonlinear-iterate] status = success
[INFO][rank 0][arkStep_Nls][end-nonlinear-solve] status = success, iters = 2
[INFO][rank 0][arkStep_TakeStep_Z][end-stage] status = success
[INFO][rank 0][arkStep_TakeStep_Z][begin-stage] stage = 3, implicit = 1, tcur = 0.00192531563574756
[INFO][rank 0][arkStep_Nls][begin-nonlinear-solve] tol = 0.1
[INFO][rank 0][SUNNonlinSolSolve_FixedPoint][nonlinear-solver] solver = Fixed-Point
[INFO][rank 0][SUNNonlinSolSolve_FixedPoint][begin-nonlinear-iterate] 
[INFO][rank 0][SUNNonlinSolSolve_FixedPoint][nonlinear-iterate] cur-iter = 1, update-norm = 115.7066352240969
[INFO][rank 0][SUNNonlinSolSolve_FixedPoint][end-nonlinear-iterate] status = continue
[INFO][rank 0][SUNNonlinSolSolve_FixedPoint][begin-nonlinear-iterate] 
[INFO][rank 0][SUNNonlinSolSolve_FixedPoint][nonlinear-iterate] cur-iter = 2, update-norm = 0.1179815315332422
[INFO][rank 0][SUNNonlinSolSolve_FixedPoint][end-nonlinear-iterate] status = success
[INFO][rank 0][arkStep_Nls][end-nonlinear-solve] status = success, iters = 2
[INFO][rank 0][arkStep_TakeStep_Z][end-stage] status = success
[INFO][rank 0][arkStep_TakeStep_Z][begin-stage] stage = 4, implicit = 1, tcur = 0.003747645245885612
[INFO][rank 0][arkStep_Nls][begin-nonlinear-solve] tol = 0.1
[INFO][rank 0][SUNNonlinSolSolve_FixedPoint][nonlinear-solver] solver = Fixed-Point
[INFO][rank 0][SUNNonlinSolSolve_FixedPoint][begin-nonlinear-iterate] 
[INFO][rank 0][SUNNonlinSolSolve_FixedPoint][nonlinear-iterate] cur-iter = 1, update-norm = 330.9200194658451
[INFO][rank 0][SUNNonlinSolSolve_FixedPoint][end-nonlinear-iterate] status = continue
[INFO][rank 0][SUNNonlinSolSolve_FixedPoint][begin-nonlinear-iterate] 
[INFO][rank 0][SUNNonlinSolSolve_FixedPoint][nonlinear-iterate] cur-iter = 2, update-norm = 0.3098605220101286
[INFO][rank 0][SUNNonlinSolSolve_FixedPoint][end-nonlinear-iterate] status = success
[INFO][rank 0][arkStep_Nls][end-nonlinear-solve] status = success, iters = 2
[INFO][rank 0][arkStep_TakeStep_Z][end-stage] status = success
[INFO][rank 0][arkStep_TakeStep_Z][begin-compute-solution] mass type = 0
[INFO][rank 0][arkStep_TakeStep_Z][end-compute-solution] status = success
[DEBUG][rank 0][arkAdapt][new-step-before-bounds] h_acc = 0.00232929919553471, h_cfl = 3.644659220276104e+27
[DEBUG][rank 0][arkAdapt][new-step-after-max-min-bounds] h_acc = 0.002236127227713321, h_cfl = 1.822329610138052e+27
[DEBUG][rank 0][arkAdapt][new-step-eta] eta = 0.6135353383035691
[INFO][rank 0][ARKodeEvolve][end-step-attempt] status = success, dsm = 0.007864906415392474
 3.747645245885612e-03    1.224743437035635e+00    1.731240118427390e+00    9.108140908153928e-10    5.271953984475886e-10
[INFO][rank 0][ARKodeEvolve][begin-step-attempt] step = 3, tn = 0.003747645245885612, h = 0.002236127227713321
[INFO][rank 0][arkStep_TakeStep_Z][begin-stage] stage = 0, implicit = 1, tcur = 0.004306677052813943
[INFO][rank 0][arkStep_Nls][begin-nonlinear-solve] tol = 0.1
[INFO][rank 0][SUNNonlinSolSolve_FixedPoint][nonlinear-solver] solver = Fixed-Point
[INFO][rank 0][SUNNonlinSolSolve_FixedPoint][begin-nonlinear-iterate] 
[INFO][rank 0][SUNNonlinSolSolve_FixedPoint][nonlinear-iterate] cur-iter = 1, update-norm = 113.5127839162196
[INFO][rank 0][SUNNonlinSolSolve_FixedPoint][end-nonlinear-iterate] status = continue
[INFO][rank 0][SUNNonlinSolSolve_FixedPoint][begin-nonlinear-iterate] 
[INFO][rank 0][SUNNonlinSolSolve_FixedPoint][nonlinear-iterate] cur-iter = 2, update-norm = 0.06347372373964355
[INFO][rank 0][SUNNonlinSolSolve_FixedPoint][end-nonlinear-iterate] status = success
[INFO][rank 0][arkStep_Nls][end-nonlinear-solve] status = success, iters = 2
[INFO][rank 0][arkStep_TakeStep_Z][end-stage] status = success
[INFO][rank 0][arkStep_TakeStep_Z][begin-stage] stage = 1, implicit = 1, tcur = 0.005424740666670603
[INFO][rank 0][arkStep_Nls][begin-nonlinear-solve] tol = 0.1
[INFO][rank 0][SUNNonlinSolSolve_FixedPoint][nonlinear-solver] solver = Fixed-Point
[INFO][rank 0][SUNNonlinSolSolve_FixedPoint][begin-nonlinear-iterate] 
[INFO][rank 0][SUNNonlinSolSolve_FixedPoint][nonlinear-iterate] cur-iter = 1, update-norm = 369.9413329159526
[INFO][rank 0][SUNNonlinSolSolve_FixedPoint][end-nonlinear-iterate] status = continue
[INFO][rank 0][SUNNonlinSolSolve_FixedPoint][begin-nonlinear-iterate] 
[INFO][rank 0][SUNNonlinSolSolve_FixedPoint][nonlinear-iterate] cur-iter = 2, update-norm = 0.1961628166373034
[INFO][rank 0][SUNNonlinSolSolve_FixedPoint][end-nonlinear-iterate] status = success
[INFO][rank 0][arkStep_Nls][end-nonlinear-solve] status = success, iters = 2
[INFO][rank 0][arkStep_TakeStep_Z][end-stage] status = success
[INFO][rank 0][arkStep_TakeStep_Z][begin-stage] stage = 2, implicit = 1, tcur = 0.004977515221127939
[INFO][rank 0][arkStep_Nls][begin-nonlinear-solve] tol = 0.1
[INFO][rank 0][SUNNonlinSolSolve_FixedPoint][nonlinear-solver] solver = Fixed-Point
[INFO][rank 0][SUNNonlinSolSolve_FixedPoint][begin-nonlinear-iterate] 
[INFO][rank 0][SUNNonlinSolSolve_FixedPoint][nonlinear-iterate] cur-iter = 1, update-norm = 262.6686572611258
[INFO][rank 0][SUNNonlinSolSolve_FixedPoint][end-nonlinear-iterate] status = continue
[INFO][rank 0][SUNNonlinSolSolve_FixedPoint][begin-nonlinear-iterate] 
[INFO][rank 0][SUNNonlinSolSolve_FixedPoint][nonlinear-iterate] cur-iter = 2, update-norm = 0.1422666879689584
[INFO][rank 0][SUNNonlinSolSolve_FixedPoint][end-nonlinear-iterate] status = success
[INFO][rank 0][arkStep_Nls][end-nonlinear-solve] status = success, iters = 2
[INFO][rank 0][arkStep_TakeStep_Z][end-stage] status = success
[INFO][rank 0][arkStep_TakeStep_Z][begin-stage] stage = 3, implicit = 1, tcur = 0.004865708859742272
[INFO][rank 0][arkStep_Nls][begin-nonlinear-solve] tol = 0.1
[INFO][rank 0][SUNNonlinSolSolve_FixedPoint][nonlinear-solver] solver = Fixed-Point
[INFO][rank 0][SUNNonlinSolSolve_FixedPoint][begin-nonlinear-iterate] 
[INFO][rank 0][SUNNonlinSolSolve_FixedPoint][nonlinear-iterate] cur-iter = 1, update-norm = 237.752750401516
[INFO][rank 0][SUNNonlinSolSolve_FixedPoint][end-nonlinear-iterate] status = continue
[INFO][rank 0][SUNNonlinSolSolve_FixedPoint][begin-nonlinear-iterate] 
[INFO][rank 0][SUNNonlinSolSolve_FixedPoint][nonlinear-iterate] cur-iter = 2, update-norm = 0.1294572005123361
[INFO][rank 0][SUNNonlinSolSolve_FixedPoint][end-nonlinear-iterate] status = success
[INFO][rank 0][arkStep_Nls][end-nonlinear-solve] status = success, iters = 2
[INFO][rank 0][arkStep_TakeStep_Z][end-stage] status = success
[INFO][rank 0][arkStep_TakeStep_Z][begin-stage] stage = 4, implicit = 1, tcur = 0.005983772473598933
[INFO][rank 0][arkStep_Nls][begin-nonlinear-solve] tol = 0.1
[INFO][rank 0][SUNNonlinSolSolve_FixedPoint][nonlinear-solver] solver = Fixed-Point
[INFO][rank 0][SUNNonlinSolSolve_FixedPoint][begin-nonlinear-iterate] 
[INFO][rank 0][SUNNonlinSolSolve_FixedPoint][nonlinear-iterate] cur-iter = 1, update-norm = 512.8615902035506
[INFO][rank 0][SUNNonlinSolSolve_FixedPoint][end-nonlinear-iterate] status = continue
[INFO][rank 0][SUNNonlinSolSolve_FixedPoint][begin-nonlinear-iterate] 
[INFO][rank 0][SUNNonlinSolSolve_FixedPoint][nonlinear-iterate] cur-iter = 2, update-norm = 0.2648770776226016
[INFO][rank 0][SUNNonlinSolSolve_FixedPoint][end-nonlinear-iterate] status = success
[INFO][rank 0][arkStep_Nls][end-nonlinear-solve] status = success, iters = 2
[INFO][rank 0][arkStep_TakeStep_Z][end-stage] status = success
[INFO][rank 0][arkStep_TakeStep_Z][begin-compute-solution] mass type = 0
[INFO][rank 0][arkStep_TakeStep_Z][end-compute-solution] status = success
[DEBUG][rank 0][arkAdapt][new-step-before-bounds] h_acc = 0.01050274477458537, h_cfl = 2.236127227713321e+27
[DEBUG][rank 0][arkAdapt][new-step-after-max-min-bounds] h_acc = 0.01008263498360195, h_cfl = 1.118063613856661e+27
[DEBUG][rank 0][arkAdapt][new-step-eta] eta = 4.50897196664097
[INFO][rank 0][ARKodeEvolve][end-step-attempt] status = success, dsm = 0.001116850591343922
 5.983772473598933e-03    1.224741215598295e+00    1.729984808853534e+00    1.411835537368233e-09    7.625806652811207e-10
------------------------------------------------------------------------------------------------------------------------------
Current time                 = 0.005983772473598933
Steps                        = 3
Step attempts                = 3
Stability limited steps      = 0
Accuracy limited steps       = 3
Error test fails             = 0
NLS step fails               = 0
Inequality constraint fails  = 0
Initial step size            = 0.0001029860256095084
Last step size               = 0.002236127227713321
Current step size            = 0.01008263498360196
Explicit RHS fn evals        = 0
Implicit RHS fn evals        = 45
NLS iters                    = 27
NLS fails                    = 0
NLS iters per step           = 9
LS setups                    = 0
End ARKStep Logging test
