Start MRIStep Logging test
Using Im-MRI-GARK method
Using Newton nonlinear solver
Using GMRES iterative linear solver
           t                        u                        v                      u err                    v err            
------------------------------------------------------------------------------------------------------------------------------
 0.000000000000000e+00    1.224744871391589e+00    1.732050807568877e+00    0.000000000000000e+00    0.000000000000000e+00
 1.000000000000000e-03    1.224744769329781e+00    1.731993073504227e+00    2.609024107869118e-13    1.154631945610163e-14
 2.000000000000000e-03    1.224744463146273e+00    1.731819882857643e+00    2.906785923073585e-12    2.398081733190338e-14
 3.000000000000000e-03    1.224743952843819e+00    1.731531270273608e+00    1.053868103895184e-11    3.752553823233029e-14
------------------------------------------------------------------------------------------------------------------------------
Current time                 = 0.003
Steps                        = 3
Step attempts                = 3
Stability limited steps      = 0
Accuracy limited steps       = 0
Error test fails             = 0
NLS step fails               = 0
Inequality constraint fails  = 0
Initial step size            = 0.001
Last step size               = 0.001
Current step size            = 0.001
Explicit slow RHS fn evals   = 0
Implicit slow RHS fn evals   = 27
Inner stepper failures       = 0
NLS iters                    = 18
NLS fails                    = 0
NLS iters per step           = 6
LS setups                    = 0
Jac fn evals                 = 0
LS RHS fn evals              = 18
Prec setup evals             = 0
Prec solves                  = 0
LS iters                     = 18
LS fails                     = 0
Jac-times setups             = 0
Jac-times evals              = 18
LS iters per NLS iter        = 1
Jac evals per NLS iter       = 0
Prec evals per NLS iter      = 0
End MRIStep Logging test
