Start ARKStep Logging test
Using DIRK method
Using Newton nonlinear solver
Using GMRES iterative linear solver
           t                        u                        v                      u err                    v err            
------------------------------------------------------------------------------------------------------------------------------
 0.000000000000000e+00    1.224744871391589e+00    1.732050807568877e+00    0.000000000000000e+00    0.000000000000000e+00
[INFO][rank 0][ARKodeEvolve][begin-step-attempt] step = 1, tn = 0, h = 0.0001029860256095084
[INFO][rank 0][arkStep_TakeStep_Z][begin-stage] stage = 0, implicit = 1, tcur = 2.57465064023771e-05
[INFO][rank 0][arkStep_Nls][begin-nonlinear-solve] tol = 0.1
[INFO][rank 0][SUNNonlinSolSolve_Newton][nonlinear-solver] solver = Newton
[INFO][rank 0][SUNNonlinSolSolve_Newton][begin-nonlinear-iterate] 
[INFO][rank 0][arkLsSolve][begin-linear-solve] iterative = 1, b-norm = 0.03124727847178982, b-tol = 0.0005000000000000001, res-tol = 0.0007071067811865477
[INFO][rank 0][SUNLinSolSolve_SPGMR][linear-solver] solver = spgmr
[INFO][rank 0][SUNLinSolSolve_SPGMR][begin-linear-iterate] 
[INFO][rank 0][SUNLinSolSolve_SPGMR][end-linear-iterate] cur-iter = 0, total-iters = 0, res-norm = 0.044190325002054, status = continue
[INFO][rank 0][SUNLinSolSolve_SPGMR][begin-linear-iterate] 
[INFO][rank 0][SUNLinSolSolve_SPGMR][linear-iterate] cur-iter = 1, total-iters = 1, res-norm = 8.016227206018892e-07
[INFO][rank 0][SUNLinSolSolve_SPGMR][end-linear-iterate] status = success
[INFO][rank 0][arkLsSolve][end-linear-solve] status = success, iters = 1, p-solves = 0, resnorm = 8.016227206018892e-07
[INFO][rank 0][SUNNonlinSolSolve_Newton][nonlinear-iterate] cur-iter = 1, total-iters = 1, update-norm = 0.03124647747457602
[INFO][rank 0][SUNNonlinSolSolve_Newton][end-nonlinear-iterate] status = success
[INFO][rank 0][arkStep_Nls][end-nonlinear-solve] status = success, iters = 1
[INFO][rank 0][arkStep_TakeStep_Z][end-stage] status = success
[INFO][rank 0][arkStep_TakeStep_Z][begin-stage] stage = 1, implicit = 1, tcur = 7.723951920713131e-05
[INFO][rank 0][arkStep_Nls][begin-nonlinear-solve] tol = 0.1
[INFO][rank 0][SUNNonlinSolSolve_Newton][nonlinear-solver] solver = Newton
[INFO][rank 0][SUNNonlinSolSolve_Newton][begin-nonlinear-iterate] 
[INFO][rank 0][arkLsSolve][begin-linear-solve] iterative = 1, b-norm = 0.1562371643708069, b-tol = 0.0005000000000000001, res-tol = 0.0007071067811865477
[INFO][rank 0][SUNLinSolSolve_SPGMR][linear-solver] solver = spgmr
[INFO][rank 0][SUNLinSolSolve_SPGMR][begin-linear-iterate] 
[INFO][rank 0][SUNLinSolSolve_SPGMR][end-linear-iterate] cur-iter = 0, total-iters = 0, res-norm = 0.2209527167999096, status = continue
[INFO][rank 0][SUNLinSolSolve_SPGMR][begin-linear-iterate] 
[INFO][rank 0][SUNLinSolSolve_SPGMR][linear-iterate] cur-iter = 1, total-iters = 1, res-norm = 4.008105378087632e-06
[INFO][rank 0][SUNLinSolSolve_SPGMR][end-linear-iterate] status = success
[INFO][rank 0][arkLsSolve][end-linear-solve] status = success, iters = 1, p-solves = 0, resnorm = 4.008105378087632e-06
[INFO][rank 0][SUNNonlinSolSolve_Newton][nonlinear-iterate] cur-iter = 1, total-iters = 1, update-norm = 0.1562331731583946
[INFO][rank 0][SUNNonlinSolSolve_Newton][end-nonlinear-iterate] status = continue
[INFO][rank 0][SUNNonlinSolSolve_Newton][begin-nonlinear-iterate] 
[INFO][rank 0][arkLsSolve][begin-linear-solve] iterative = 1, b-norm = 2.834156785593834e-06, b-tol = 0.0005000000000000001, res-tol = 0.0007071067811865477
[INFO][rank 0][arkLsSolve][end-linear-solve] status = success small rhs
[INFO][rank 0][SUNNonlinSolSolve_Newton][nonlinear-iterate] cur-iter = 2, total-iters = 2, update-norm = 0
[INFO][rank 0][SUNNonlinSolSolve_Newton][end-nonlinear-iterate] status = success
[INFO][rank 0][arkStep_Nls][end-nonlinear-solve] status = success, iters = 2
[INFO][rank 0][arkStep_TakeStep_Z][end-stage] status = success
[INFO][rank 0][arkStep_TakeStep_Z][begin-stage] stage = 2, implicit = 1, tcur = 5.664231408522962e-05
[INFO][rank 0][arkStep_Nls][begin-nonlinear-solve] tol = 0.1
[INFO][rank 0][SUNNonlinSolSolve_Newton][nonlinear-solver] solver = Newton
[INFO][rank 0][SUNNonlinSolSolve_Newton][begin-nonlinear-iterate] 
[INFO][rank 0][arkLsSolve][begin-linear-solve] iterative = 1, b-norm = 0.09624183456739453, b-tol = 0.0005000000000000001, res-tol = 0.0007071067811865477
[INFO][rank 0][SUNLinSolSolve_SPGMR][linear-solver] solver = spgmr
[INFO][rank 0][SUNLinSolSolve_SPGMR][begin-linear-iterate] 
[INFO][rank 0][SUNLinSolSolve_SPGMR][end-linear-iterate] cur-iter = 0, total-iters = 0, res-norm = 0.1361065077128771, status = continue
[INFO][rank 0][SUNLinSolSolve_SPGMR][begin-linear-iterate] 
[INFO][rank 0][SUNLinSolSolve_SPGMR][linear-iterate] cur-iter = 1, total-iters = 1, res-norm = 2.468991359913261e-06
[INFO][rank 0][SUNLinSolSolve_SPGMR][end-linear-iterate] status = success
[INFO][rank 0][arkLsSolve][end-linear-solve] status = success, iters = 1, p-solves = 0, resnorm = 2.468991359913261e-06
[INFO][rank 0][SUNNonlinSolSolve_Newton][nonlinear-iterate] cur-iter = 1, total-iters = 1, update-norm = 0.09623937258978928
[INFO][rank 0][SUNNonlinSolSolve_Newton][end-nonlinear-iterate] status = success
[INFO][rank 0][arkStep_Nls][end-nonlinear-solve] status = success, iters = 1
[INFO][rank 0][arkStep_TakeStep_Z][end-stage] status = success
[INFO][rank 0][arkStep_TakeStep_Z][begin-stage] stage = 3, implicit = 1, tcur = 5.14930128047542e-05
[INFO][rank 0][arkStep_Nls][begin-nonlinear-solve] tol = 0.1
[INFO][rank 0][SUNNonlinSolSolve_Newton][nonlinear-solver] solver = Newton
[INFO][rank 0][SUNNonlinSolSolve_Newton][begin-nonlinear-iterate] 
[INFO][rank 0][arkLsSolve][begin-linear-solve] iterative = 1, b-norm = 0.08528677935133332, b-tol = 0.0005000000000000001, res-tol = 0.0007071067811865477
[INFO][rank 0][SUNLinSolSolve_SPGMR][linear-solver] solver = spgmr
[INFO][rank 0][SUNLinSolSolve_SPGMR][begin-linear-iterate] 
[INFO][rank 0][SUNLinSolSolve_SPGMR][end-linear-iterate] cur-iter = 0, total-iters = 0, res-norm = 0.1206137200497772, status = continue
[INFO][rank 0][SUNLinSolSolve_SPGMR][begin-linear-iterate] 
[INFO][rank 0][SUNLinSolSolve_SPGMR][linear-iterate] cur-iter = 1, total-iters = 1, res-norm = 2.187949946472201e-06
[INFO][rank 0][SUNLinSolSolve_SPGMR][end-linear-iterate] status = success
[INFO][rank 0][arkLsSolve][end-linear-solve] status = success, iters = 1, p-solves = 0, resnorm = 2.187949946472201e-06
[INFO][rank 0][SUNNonlinSolSolve_Newton][nonlinear-iterate] cur-iter = 1, total-iters = 1, update-norm = 0.08528459686493964
[INFO][rank 0][SUNNonlinSolSolve_Newton][end-nonlinear-iterate] status = success
[INFO][rank 0][arkStep_Nls][end-nonlinear-solve] status = success, iters = 1
[INFO][rank 0][arkStep_TakeStep_Z][end-stage] status = success
[INFO][rank 0][arkStep_TakeStep_Z][begin-stage] stage = 4, implicit = 1, tcur = 0.0001029860256095084
[INFO][rank 0][arkStep_Nls][begin-nonlinear-solve] tol = 0.1
[INFO][rank 0][SUNNonlinSolSolve_Newton][nonlinear-solver] solver = Newton
[INFO][rank 0][SUNNonlinSolSolve_Newton][begin-nonlinear-iterate] 
[INFO][rank 0][arkLsSolve][begin-linear-solve] iterative = 1, b-norm = 0.2499813599405794, b-tol = 0.0005000000000000001, res-tol = 0.0007071067811865477
[INFO][rank 0][SUNLinSolSolve_SPGMR][linear-solver] solver = spgmr
[INFO][rank 0][SUNLinSolSolve_SPGMR][begin-linear-iterate] 
[INFO][rank 0][SUNLinSolSolve_SPGMR][end-linear-iterate] cur-iter = 0, total-iters = 0, res-norm = 0.3535270295684377, status = continue
[INFO][rank 0][SUNLinSolSolve_SPGMR][begin-linear-iterate] 
[INFO][rank 0][SUNLinSolSolve_SPGMR][linear-iterate] cur-iter = 1, total-iters = 1, res-norm = 6.413027919782981e-06
[INFO][rank 0][SUNLinSolSolve_SPGMR][end-linear-iterate] status = success
[INFO][rank 0][arkLsSolve][end-linear-solve] status = success, iters = 1, p-solves = 0, resnorm = 6.413027919782981e-06
[INFO][rank 0][SUNNonlinSolSolve_Newton][nonlinear-iterate] cur-iter = 1, total-iters = 1, update-norm = 0.2499749849628705
[INFO][rank 0][SUNNonlinSolSolve_Newton][end-nonlinear-iterate] status = continue
[INFO][rank 0][SUNNonlinSolSolve_Newton][begin-nonlinear-iterate] 
[INFO][rank 0][arkLsSolve][begin-linear-solve] iterative = 1, b-norm = 4.534693105165771e-06, b-tol = 0.0005000000000000001, res-tol = 0.0007071067811865477
[INFO][rank 0][arkLsSolve][end-linear-solve] status = success small rhs
[INFO][rank 0][SUNNonlinSolSolve_Newton][nonlinear-iterate] cur-iter = 2, total-iters = 2, update-norm = 0
[INFO][rank 0][SUNNonlinSolSolve_Newton][end-nonlinear-iterate] status = success
[INFO][rank 0][arkStep_Nls][end-nonlinear-solve] status = success, iters = 2
[INFO][rank 0][arkStep_TakeStep_Z][end-stage] status = success
[INFO][rank 0][arkStep_TakeStep_Z][begin-compute-solution] mass type = 0
[INFO][rank 0][arkStep_TakeStep_Z][end-compute-solution] status = success
[DEBUG][rank 0][arkAdapt][new-step-before-bounds] h_acc = 0.003832000015190934, h_cfl = 1.029860256095084e+26
[DEBUG][rank 0][arkAdapt][new-step-after-max-min-bounds] h_acc = 0.003678720014583297, h_cfl = 5.14930128047542e+25
[DEBUG][rank 0][arkAdapt][new-step-eta] eta = 35.72057463924165
[INFO][rank 0][ARKodeEvolve][end-step-attempt] status = success, dsm = 5.010389402682452e-09
 1.029860256095084e-04    1.224744870316961e+00    1.732050195224250e+00    7.854161765408207e-12    2.731148640577885e-14
[INFO][rank 0][ARKodeEvolve][begin-step-attempt] step = 2, tn = 0.0001029860256095084, h = 0.003678720014583297
[INFO][rank 0][arkStep_TakeStep_Z][begin-stage] stage = 0, implicit = 1, tcur = 0.001022666029255333
[INFO][rank 0][arkStep_Nls][begin-nonlinear-solve] tol = 0.1
[INFO][rank 0][SUNNonlinSolSolve_Newton][nonlinear-solver] solver = Newton
[INFO][rank 0][SUNNonlinSolSolve_Newton][begin-nonlinear-iterate] 
[INFO][rank 0][arkLsSolve][begin-linear-solve] iterative = 1, b-norm = 44.35369875822553, b-tol = 0.0005000000000000001, res-tol = 0.0007071067811865477
[INFO][rank 0][SUNLinSolSolve_SPGMR][linear-solver] solver = spgmr
[INFO][rank 0][SUNLinSolSolve_SPGMR][begin-linear-iterate] 
[INFO][rank 0][SUNLinSolSolve_SPGMR][end-linear-iterate] cur-iter = 0, total-iters = 0, res-norm = 62.72560232529324, status = continue
[INFO][rank 0][SUNLinSolSolve_SPGMR][begin-linear-iterate] 
[INFO][rank 0][SUNLinSolSolve_SPGMR][linear-iterate] cur-iter = 1, total-iters = 1, res-norm = 0.04062175054285926
[INFO][rank 0][SUNLinSolSolve_SPGMR][end-linear-iterate] status = continue
[INFO][rank 0][SUNLinSolSolve_SPGMR][begin-linear-iterate] 
[INFO][rank 0][SUNLinSolSolve_SPGMR][linear-iterate] cur-iter = 2, total-iters = 2, res-norm = 1.005089991166117e-14
[INFO][rank 0][SUNLinSolSolve_SPGMR][end-linear-iterate] status = success
[INFO][rank 0][arkLsSolve][end-linear-solve] status = success, iters = 2, p-solves = 0, resnorm = 1.005089991166117e-14
[INFO][rank 0][SUNNonlinSolSolve_Newton][nonlinear-iterate] cur-iter = 1, total-iters = 1, update-norm = 44.31583324937814
[INFO][rank 0][SUNNonlinSolSolve_Newton][end-nonlinear-iterate] status = continue
[INFO][rank 0][SUNNonlinSolSolve_Newton][begin-nonlinear-iterate] 
[INFO][rank 0][arkLsSolve][begin-linear-solve] iterative = 1, b-norm = 1.393376666599104e-06, b-tol = 0.0005000000000000001, res-tol = 0.0007071067811865477
[INFO][rank 0][arkLsSolve][end-linear-solve] status = success small rhs
[INFO][rank 0][SUNNonlinSolSolve_Newton][nonlinear-iterate] cur-iter = 2, total-iters = 2, update-norm = 0
[INFO][rank 0][SUNNonlinSolSolve_Newton][end-nonlinear-iterate] status = success
[INFO][rank 0][arkStep_Nls][end-nonlinear-solve] status = success, iters = 2
[INFO][rank 0][arkStep_TakeStep_Z][end-stage] status = success
[INFO][rank 0][arkStep_TakeStep_Z][begin-stage] stage = 1, implicit = 1, tcur = 0.002862026036546981
[INFO][rank 0][arkStep_Nls][begin-nonlinear-solve] tol = 0.1
[INFO][rank 0][SUNNonlinSolSolve_Newton][nonlinear-solver] solver = Newton
[INFO][rank 0][SUNNonlinSolSolve_Newton][begin-nonlinear-iterate] 
[INFO][rank 0][arkLsSolve][begin-linear-solve] iterative = 1, b-norm = 212.8147091519881, b-tol = 0.0005000000000000001, res-tol = 0.0007071067811865477
[INFO][rank 0][SUNLinSolSolve_SPGMR][linear-solver] solver = spgmr
[INFO][rank 0][SUNLinSolSolve_SPGMR][begin-linear-iterate] 
[INFO][rank 0][SUNLinSolSolve_SPGMR][end-linear-iterate] cur-iter = 0, total-iters = 0, res-norm = 300.9654479552272, status = continue
[INFO][rank 0][SUNLinSolSolve_SPGMR][begin-linear-iterate] 
[INFO][rank 0][SUNLinSolSolve_SPGMR][linear-iterate] cur-iter = 1, total-iters = 1, res-norm = 0.1948470890329139
[INFO][rank 0][SUNLinSolSolve_SPGMR][end-linear-iterate] status = continue
[INFO][rank 0][SUNLinSolSolve_SPGMR][begin-linear-iterate] 
[INFO][rank 0][SUNLinSolSolve_SPGMR][linear-iterate] cur-iter = 2, total-iters = 2, res-norm = 9.023368215406643e-17
[INFO][rank 0][SUNLinSolSolve_SPGMR][end-linear-iterate] status = success
[INFO][rank 0][arkLsSolve][end-linear-solve] status = success, iters = 2, p-solves = 0, resnorm = 9.023368215406643e-17
[INFO][rank 0][SUNNonlinSolSolve_Newton][nonlinear-iterate] cur-iter = 1, total-iters = 1, update-norm = 212.6569919499078
[INFO][rank 0][SUNNonlinSolSolve_Newton][end-nonlinear-iterate] status = continue
[INFO][rank 0][SUNNonlinSolSolve_Newton][begin-nonlinear-iterate] 
[INFO][rank 0][arkLsSolve][begin-linear-solve] iterative = 1, b-norm = 2.748984444407891e-05, b-tol = 0.0005000000000000001, res-tol = 0.0007071067811865477
[INFO][rank 0][arkLsSolve][end-linear-solve] status = success small rhs
[INFO][rank 0][SUNNonlinSolSolve_Newton][nonlinear-iterate] cur-iter = 2, total-iters = 2, update-norm = 0
[INFO][rank 0][SUNNonlinSolSolve_Newton][end-nonlinear-iterate] status = success
[INFO][rank 0][arkStep_Nls][end-nonlinear-solve] status = success, iters = 2
[INFO][rank 0][arkStep_TakeStep_Z][end-stage] status = success
[INFO][rank 0][arkStep_TakeStep_Z][begin-stage] stage = 2, implicit = 1, tcur = 0.002126282033630322
[INFO][rank 0][arkStep_Nls][begin-nonlinear-solve] tol = 0.1
[INFO][rank 0][SUNNonlinSolSolve_Newton][nonlinear-solver] solver = Newton
[INFO][rank 0][SUNNonlinSolSolve_Newton][begin-nonlinear-iterate] 
[INFO][rank 0][arkLsSolve][begin-linear-solve] iterative = 1, b-norm = 132.6733466500091, b-tol = 0.0005000000000000001, res-tol = 0.0007071067811865477
[INFO][rank 0][SUNLinSolSolve_SPGMR][linear-solver] solver = spgmr
[INFO][rank 0][SUNLinSolSolve_SPGMR][begin-linear-iterate] 
[INFO][rank 0][SUNLinSolSolve_SPGMR][end-linear-iterate] cur-iter = 0, total-iters = 0, res-norm = 187.6284461978699, status = continue
[INFO][rank 0][SUNLinSolSolve_SPGMR][begin-linear-iterate] 
[INFO][rank 0][SUNLinSolSolve_SPGMR][linear-iterate] cur-iter = 1, total-iters = 1, res-norm = 0.1214861228197153
[INFO][rank 0][SUNLinSolSolve_SPGMR][end-linear-iterate] status = continue
[INFO][rank 0][SUNLinSolSolve_SPGMR][begin-linear-iterate] 
[INFO][rank 0][SUNLinSolSolve_SPGMR][linear-iterate] cur-iter = 2, total-iters = 2, res-norm = 6.410337134365055e-14
[INFO][rank 0][SUNLinSolSolve_SPGMR][end-linear-iterate] status = success
[INFO][rank 0][arkLsSolve][end-linear-solve] status = success, iters = 2, p-solves = 0, resnorm = 6.410337134365055e-14
[INFO][rank 0][SUNNonlinSolSolve_Newton][nonlinear-iterate] cur-iter = 1, total-iters = 1, update-norm = 132.5690472826842
[INFO][rank 0][SUNNonlinSolSolve_Newton][end-nonlinear-iterate] status = continue
[INFO][rank 0][SUNNonlinSolSolve_Newton][begin-nonlinear-iterate] 
[INFO][rank 0][arkLsSolve][begin-linear-solve] iterative = 1, b-norm = 1.141721415834757e-05, b-tol = 0.0005000000000000001, res-tol = 0.0007071067811865477
[INFO][rank 0][arkLsSolve][end-linear-solve] status = success small rhs
[INFO][rank 0][SUNNonlinSolSolve_Newton][nonlinear-iterate] cur-iter = 2, total-iters = 2, update-norm = 0
[INFO][rank 0][SUNNonlinSolSolve_Newton][end-nonlinear-iterate] status = success
[INFO][rank 0][arkStep_Nls][end-nonlinear-solve] status = success, iters = 2
[INFO][rank 0][arkStep_TakeStep_Z][end-stage] status = success
[INFO][rank 0][arkStep_TakeStep_Z][begin-stage] stage = 3, implicit = 1, tcur = 0.001942346032901157
[INFO][rank 0][arkStep_Nls][begin-nonlinear-solve] tol = 0.1
[INFO][rank 0][SUNNonlinSolSolve_Newton][nonlinear-solver] solver = Newton
[INFO][rank 0][SUNNonlinSolSolve_Newton][begin-nonlinear-iterate] 
[INFO][rank 0][arkLsSolve][begin-linear-solve] iterative = 1, b-norm = 117.7961695173268, b-tol = 0.0005000000000000001, res-tol = 0.0007071067811865477
[INFO][rank 0][SUNLinSolSolve_SPGMR][linear-solver] solver = spgmr
[INFO][rank 0][SUNLinSolSolve_SPGMR][begin-linear-iterate] 
[INFO][rank 0][SUNLinSolSolve_SPGMR][end-linear-iterate] cur-iter = 0, total-iters = 0, res-norm = 166.5889405270037, status = continue
[INFO][rank 0][SUNLinSolSolve_SPGMR][begin-linear-iterate] 
[INFO][rank 0][SUNLinSolSolve_SPGMR][linear-iterate] cur-iter = 1, total-iters = 1, res-norm = 0.1078639628765014
[INFO][rank 0][SUNLinSolSolve_SPGMR][end-linear-iterate] status = continue
[INFO][rank 0][SUNLinSolSolve_SPGMR][begin-linear-iterate] 
[INFO][rank 0][SUNLinSolSolve_SPGMR][linear-iterate] cur-iter = 2, total-iters = 2, res-norm = 4.818288520560997e-14
[INFO][rank 0][SUNLinSolSolve_SPGMR][end-linear-iterate] status = success
[INFO][rank 0][arkLsSolve][end-linear-solve] status = success, iters = 2, p-solves = 0, resnorm = 4.818288520560997e-14
[INFO][rank 0][SUNNonlinSolSolve_Newton][nonlinear-iterate] cur-iter = 1, total-iters = 1, update-norm = 117.7022409131975
[INFO][rank 0][SUNNonlinSolSolve_Newton][end-nonlinear-iterate] status = continue
[INFO][rank 0][SUNNonlinSolSolve_Newton][begin-nonlinear-iterate] 
[INFO][rank 0][arkLsSolve][begin-linear-solve] iterative = 1, b-norm = 9.14887367151013e-06, b-tol = 0.0005000000000000001, res-tol = 0.0007071067811865477
[INFO][rank 0][arkLsSolve][end-linear-solve] status = success small rhs
[INFO][rank 0][SUNNonlinSolSolve_Newton][nonlinear-iterate] cur-iter = 2, total-iters = 2, update-norm = 0
[INFO][rank 0][SUNNonlinSolSolve_Newton][end-nonlinear-iterate] status = success
[INFO][rank 0][arkStep_Nls][end-nonlinear-solve] status = success, iters = 2
[INFO][rank 0][arkStep_TakeStep_Z][end-stage] status = success
[INFO][rank 0][arkStep_TakeStep_Z][begin-stage] stage = 4, implicit = 1, tcur = 0.003781706040192805
[INFO][rank 0][arkStep_Nls][begin-nonlinear-solve] tol = 0.1
[INFO][rank 0][SUNNonlinSolSolve_Newton][nonlinear-solver] solver = Newton
[INFO][rank 0][SUNNonlinSolSolve_Newton][begin-nonlinear-iterate] 
[INFO][rank 0][arkLsSolve][begin-linear-solve] iterative = 1, b-norm = 336.9671105380513, b-tol = 0.0005000000000000001, res-tol = 0.0007071067811865477
[INFO][rank 0][SUNLinSolSolve_SPGMR][linear-solver] solver = spgmr
[INFO][rank 0][SUNLinSolSolve_SPGMR][begin-linear-iterate] 
[INFO][rank 0][SUNLinSolSolve_SPGMR][end-linear-iterate] cur-iter = 0, total-iters = 0, res-norm = 476.5434577965859, status = continue
[INFO][rank 0][SUNLinSolSolve_SPGMR][begin-linear-iterate] 
[INFO][rank 0][SUNLinSolSolve_SPGMR][linear-iterate] cur-iter = 1, total-iters = 1, res-norm = 0.3085169077524141
[INFO][rank 0][SUNLinSolSolve_SPGMR][end-linear-iterate] status = continue
[INFO][rank 0][SUNLinSolSolve_SPGMR][begin-linear-iterate] 
[INFO][rank 0][SUNLinSolSolve_SPGMR][linear-iterate] cur-iter = 2, total-iters = 2, res-norm = 1.17116109814417e-13
[INFO][rank 0][SUNLinSolSolve_SPGMR][end-linear-iterate] status = success
[INFO][rank 0][arkLsSolve][end-linear-solve] status = success, iters = 2, p-solves = 0, resnorm = 1.17116109814417e-13
[INFO][rank 0][SUNNonlinSolSolve_Newton][nonlinear-iterate] cur-iter = 1, total-iters = 1, update-norm = 336.736319034684
[INFO][rank 0][SUNNonlinSolSolve_Newton][end-nonlinear-iterate] status = continue
[INFO][rank 0][SUNNonlinSolSolve_Newton][begin-nonlinear-iterate] 
[INFO][rank 0][arkLsSolve][begin-linear-solve] iterative = 1, b-norm = 6.346288867431381e-05, b-tol = 0.0005000000000000001, res-tol = 0.0007071067811865477
[INFO][rank 0][arkLsSolve][end-linear-solve] status = success small rhs
[INFO][rank 0][SUNNonlinSolSolve_Newton][nonlinear-iterate] cur-iter = 2, total-iters = 2, update-norm = 0
[INFO][rank 0][SUNNonlinSolSolve_Newton][end-nonlinear-iterate] status = success
[INFO][rank 0][arkStep_Nls][end-nonlinear-solve] status = success, iters = 2
[INFO][rank 0][arkStep_TakeStep_Z][end-stage] status = success
[INFO][rank 0][arkStep_TakeStep_Z][begin-compute-solution] mass type = 0
[INFO][rank 0][arkStep_TakeStep_Z][end-compute-solution] status = success
[DEBUG][rank 0][arkAdapt][new-step-before-bounds] h_acc = 0.002326364550388339, h_cfl = 3.678720014583297e+27
[DEBUG][rank 0][arkAdapt][new-step-after-max-min-bounds] h_acc = 0.002233309968372805, h_cfl = 1.839360007291648e+27
[DEBUG][rank 0][arkAdapt][new-step-eta] eta = 0.607088867736454
[INFO][rank 0][ARKodeEvolve][end-step-attempt] status = success, dsm = 0.008163105466437349
 3.781706040192805e-03    1.224743411877806e+00    1.731225318313145e+00    1.057254284120290e-10    1.072486544018147e-10
[INFO][rank 0][ARKodeEvolve][begin-step-attempt] step = 3, tn = 0.003781706040192805, h = 0.002233309968372805
[INFO][rank 0][arkStep_TakeStep_Z][begin-stage] stage = 0, implicit = 1, tcur = 0.004340033532286006
[INFO][rank 0][arkStep_Nls][begin-nonlinear-solve] tol = 0.1
[INFO][rank 0][SUNNonlinSolSolve_Newton][nonlinear-solver] solver = Newton
[INFO][rank 0][SUNNonlinSolSolve_Newton][begin-nonlinear-iterate] 
[INFO][rank 0][arkLsSolve][begin-linear-solve] iterative = 1, b-norm = 114.2475703576066, b-tol = 0.0005000000000000001, res-tol = 0.0007071067811865477
[INFO][rank 0][SUNLinSolSolve_SPGMR][linear-solver] solver = spgmr
[INFO][rank 0][SUNLinSolSolve_SPGMR][begin-linear-iterate] 
[INFO][rank 0][SUNLinSolSolve_SPGMR][end-linear-iterate] cur-iter = 0, total-iters = 0, res-norm = 161.5704634679017, status = continue
[INFO][rank 0][SUNLinSolSolve_SPGMR][begin-linear-iterate] 
[INFO][rank 0][SUNLinSolSolve_SPGMR][linear-iterate] cur-iter = 1, total-iters = 1, res-norm = 0.06347262680418689
[INFO][rank 0][SUNLinSolSolve_SPGMR][end-linear-iterate] status = continue
[INFO][rank 0][SUNLinSolSolve_SPGMR][begin-linear-iterate] 
[INFO][rank 0][SUNLinSolSolve_SPGMR][linear-iterate] cur-iter = 2, total-iters = 2, res-norm = 8.746714923333988e-15
[INFO][rank 0][SUNLinSolSolve_SPGMR][end-linear-iterate] status = success
[INFO][rank 0][arkLsSolve][end-linear-solve] status = success, iters = 2, p-solves = 0, resnorm = 8.746714923333988e-15
[INFO][rank 0][SUNNonlinSolSolve_Newton][nonlinear-iterate] cur-iter = 1, total-iters = 1, update-norm = 114.2024221826183
[INFO][rank 0][SUNNonlinSolSolve_Newton][end-nonlinear-iterate] status = continue
[INFO][rank 0][SUNNonlinSolSolve_Newton][begin-nonlinear-iterate] 
[INFO][rank 0][arkLsSolve][begin-linear-solve] iterative = 1, b-norm = 4.199113684336701e-06, b-tol = 0.0005000000000000001, res-tol = 0.0007071067811865477
[INFO][rank 0][arkLsSolve][end-linear-solve] status = success small rhs
[INFO][rank 0][SUNNonlinSolSolve_Newton][nonlinear-iterate] cur-iter = 2, total-iters = 2, update-norm = 0
[INFO][rank 0][SUNNonlinSolSolve_Newton][end-nonlinear-iterate] status = success
[INFO][rank 0][arkStep_Nls][end-nonlinear-solve] status = success, iters = 2
[INFO][rank 0][arkStep_TakeStep_Z][end-stage] status = success
[INFO][rank 0][arkStep_TakeStep_Z][begin-stage] stage = 1, implicit = 1, tcur = 0.005456688516472409
[INFO][rank 0][arkStep_Nls][begin-nonlinear-solve] tol = 0.1
[INFO][rank 0][SUNNonlinSolSolve_Newton][nonlinear-solver] solver = Newton
[INFO][rank 0][SUNNonlinSolSolve_Newton][begin-nonlinear-iterate] 
[INFO][rank 0][arkLsSolve][begin-linear-solve] iterative = 1, b-norm = 372.0708229808176, b-tol = 0.0005000000000000001, res-tol = 0.0007071067811865477
[INFO][rank 0][SUNLinSolSolve_SPGMR][linear-solver] solver = spgmr
[INFO][rank 0][SUNLinSolSolve_SPGMR][begin-linear-iterate] 
[INFO][rank 0][SUNLinSolSolve_SPGMR][end-linear-iterate] cur-iter = 0, total-iters = 0, res-norm = 526.1876040227913, status = continue
[INFO][rank 0][SUNLinSolSolve_SPGMR][begin-linear-iterate] 
[INFO][rank 0][SUNLinSolSolve_SPGMR][linear-iterate] cur-iter = 1, total-iters = 1, res-norm = 0.206598731109143
[INFO][rank 0][SUNLinSolSolve_SPGMR][end-linear-iterate] status = continue
[INFO][rank 0][SUNLinSolSolve_SPGMR][begin-linear-iterate] 
[INFO][rank 0][SUNLinSolSolve_SPGMR][linear-iterate] cur-iter = 2, total-iters = 2, res-norm = 1.060023072317438e-13
[INFO][rank 0][SUNLinSolSolve_SPGMR][end-linear-iterate] status = success
[INFO][rank 0][arkLsSolve][end-linear-solve] status = success, iters = 2, p-solves = 0, resnorm = 1.060023072317438e-13
[INFO][rank 0][SUNNonlinSolSolve_Newton][nonlinear-iterate] cur-iter = 1, total-iters = 1, update-norm = 371.939257112824
[INFO][rank 0][SUNNonlinSolSolve_Newton][end-nonlinear-iterate] status = continue
[INFO][rank 0][SUNNonlinSolSolve_Newton][begin-nonlinear-iterate] 
[INFO][rank 0][arkLsSolve][begin-linear-solve] iterative = 1, b-norm = 4.123782867339571e-05, b-tol = 0.0005000000000000001, res-tol = 0.0007071067811865477
[INFO][rank 0][arkLsSolve][end-linear-solve] status = success small rhs
[INFO][rank 0][SUNNonlinSolSolve_Newton][nonlinear-iterate] cur-iter = 2, total-iters = 2, update-norm = 0
[INFO][rank 0][SUNNonlinSolSolve_Newton][end-nonlinear-iterate] status = success
[INFO][rank 0][arkStep_Nls][end-nonlinear-solve] status = success, iters = 2
[INFO][rank 0][arkStep_TakeStep_Z][end-stage] status = success
[INFO][rank 0][arkStep_TakeStep_Z][begin-stage] stage = 2, implicit = 1, tcur = 0.005010026522797847
[INFO][rank 0][arkStep_Nls][begin-nonlinear-solve] tol = 0.1
[INFO][rank 0][SUNNonlinSolSolve_Newton][nonlinear-solver] solver = Newton
[INFO][rank 0][SUNNonlinSolSolve_Newton][begin-nonlinear-iterate] 
[INFO][rank 0][arkLsSolve][begin-linear-solve] iterative = 1, b-norm = 264.2522611564104, b-tol = 0.0005000000000000001, res-tol = 0.0007071067811865477
[INFO][rank 0][SUNLinSolSolve_SPGMR][linear-solver] solver = spgmr
[INFO][rank 0][SUNLinSolSolve_SPGMR][begin-linear-iterate] 
[INFO][rank 0][SUNLinSolSolve_SPGMR][end-linear-iterate] cur-iter = 0, total-iters = 0, res-norm = 373.7091316151527, status = continue
[INFO][rank 0][SUNLinSolSolve_SPGMR][begin-linear-iterate] 
[INFO][rank 0][SUNLinSolSolve_SPGMR][linear-iterate] cur-iter = 1, total-iters = 1, res-norm = 0.1467632212595206
[INFO][rank 0][SUNLinSolSolve_SPGMR][end-linear-iterate] status = continue
[INFO][rank 0][SUNLinSolSolve_SPGMR][begin-linear-iterate] 
[INFO][rank 0][SUNLinSolSolve_SPGMR][linear-iterate] cur-iter = 2, total-iters = 2, res-norm = 7.453408637887063e-14
[INFO][rank 0][SUNLinSolSolve_SPGMR][end-linear-iterate] status = success
[INFO][rank 0][arkLsSolve][end-linear-solve] status = success, iters = 2, p-solves = 0, resnorm = 7.453408637887063e-14
[INFO][rank 0][SUNNonlinSolSolve_Newton][nonlinear-iterate] cur-iter = 1, total-iters = 1, update-norm = 264.1544278478215
[INFO][rank 0][SUNNonlinSolSolve_Newton][end-nonlinear-iterate] status = continue
[INFO][rank 0][SUNNonlinSolSolve_Newton][begin-nonlinear-iterate] 
[INFO][rank 0][arkLsSolve][begin-linear-solve] iterative = 1, b-norm = 2.142262491733078e-05, b-tol = 0.0005000000000000001, res-tol = 0.0007071067811865477
[INFO][rank 0][arkLsSolve][end-linear-solve] status = success small rhs
[INFO][rank 0][SUNNonlinSolSolve_Newton][nonlinear-iterate] cur-iter = 2, total-iters = 2, update-norm = 0
[INFO][rank 0][SUNNonlinSolSolve_Newton][end-nonlinear-iterate] status = success
[INFO][rank 0][arkStep_Nls][end-nonlinear-solve] status = success, iters = 2
[INFO][rank 0][arkStep_TakeStep_Z][end-stage] status = success
[INFO][rank 0][arkStep_TakeStep_Z][begin-stage] stage = 3, implicit = 1, tcur = 0.004898361024379207
[INFO][rank 0][arkStep_Nls][begin-nonlinear-solve] tol = 0.1
[INFO][rank 0][SUNNonlinSolSolve_Newton][nonlinear-solver] solver = Newton
[INFO][rank 0][SUNNonlinSolSolve_Newton][begin-nonlinear-iterate] 
[INFO][rank 0][arkLsSolve][begin-linear-solve] iterative = 1, b-norm = 239.1950412070286, b-tol = 0.0005000000000000001, res-tol = 0.0007071067811865477
[INFO][rank 0][SUNLinSolSolve_SPGMR][linear-solver] solver = spgmr
[INFO][rank 0][SUNLinSolSolve_SPGMR][begin-linear-iterate] 
[INFO][rank 0][SUNLinSolSolve_SPGMR][end-linear-iterate] cur-iter = 0, total-iters = 0, res-norm = 338.2728713273712, status = continue
[INFO][rank 0][SUNLinSolSolve_SPGMR][begin-linear-iterate] 
[INFO][rank 0][SUNLinSolSolve_SPGMR][linear-iterate] cur-iter = 1, total-iters = 1, res-norm = 0.1328534050683189
[INFO][rank 0][SUNLinSolSolve_SPGMR][end-linear-iterate] status = continue
[INFO][rank 0][SUNLinSolSolve_SPGMR][begin-linear-iterate] 
[INFO][rank 0][SUNLinSolSolve_SPGMR][linear-iterate] cur-iter = 2, total-iters = 2, res-norm = 1.003480721324008e-13
[INFO][rank 0][SUNLinSolSolve_SPGMR][end-linear-iterate] status = success
[INFO][rank 0][arkLsSolve][end-linear-solve] status = success, iters = 2, p-solves = 0, resnorm = 1.003480721324008e-13
[INFO][rank 0][SUNNonlinSolSolve_Newton][nonlinear-iterate] cur-iter = 1, total-iters = 1, update-norm = 239.1054906887548
[INFO][rank 0][SUNNonlinSolSolve_Newton][end-nonlinear-iterate] status = continue
[INFO][rank 0][SUNNonlinSolSolve_Newton][begin-nonlinear-iterate] 
[INFO][rank 0][arkLsSolve][begin-linear-solve] iterative = 1, b-norm = 1.769091705246994e-05, b-tol = 0.0005000000000000001, res-tol = 0.0007071067811865477
[INFO][rank 0][arkLsSolve][end-linear-solve] status = success small rhs
[INFO][rank 0][SUNNonlinSolSolve_Newton][nonlinear-iterate] cur-iter = 2, total-iters = 2, update-norm = 0
[INFO][rank 0][SUNNonlinSolSolve_Newton][end-nonlinear-iterate] status = success
[INFO][rank 0][arkStep_Nls][end-nonlinear-solve] status = success, iters = 2
[INFO][rank 0][arkStep_TakeStep_Z][end-stage] status = success
[INFO][rank 0][arkStep_TakeStep_Z][begin-stage] stage = 4, implicit = 1, tcur = 0.00601501600856561
[INFO][rank 0][arkStep_Nls][begin-nonlinear-solve] tol = 0.1
[INFO][rank 0][SUNNonlinSolSolve_Newton][nonlinear-solver] solver = Newton
[INFO][rank 0][SUNNonlinSolSolve_Newton][begin-nonlinear-iterate] 
[INFO][rank 0][arkLsSolve][begin-linear-solve] iterative = 1, b-norm = 515.6509104293493, b-tol = 0.0005000000000000001, res-tol = 0.0007071067811865477
[INFO][rank 0][SUNLinSolSolve_SPGMR][linear-solver] solver = spgmr
[INFO][rank 0][SUNLinSolSolve_SPGMR][begin-linear-iterate] 
[INFO][rank 0][SUNLinSolSolve_SPGMR][end-linear-iterate] cur-iter = 0, total-iters = 0, res-norm = 729.2405109792198, status = continue
[INFO][rank 0][SUNLinSolSolve_SPGMR][begin-linear-iterate] 
[INFO][rank 0][SUNLinSolSolve_SPGMR][linear-iterate] cur-iter = 1, total-iters = 1, res-norm = 0.2862495506617406
[INFO][rank 0][SUNLinSolSolve_SPGMR][end-linear-iterate] status = continue
[INFO][rank 0][SUNLinSolSolve_SPGMR][begin-linear-iterate] 
[INFO][rank 0][SUNLinSolSolve_SPGMR][linear-iterate] cur-iter = 2, total-iters = 2, res-norm = 1.660035032647116e-13
[INFO][rank 0][SUNLinSolSolve_SPGMR][end-linear-iterate] status = success
[INFO][rank 0][arkLsSolve][end-linear-solve] status = success, iters = 2, p-solves = 0, resnorm = 1.660035032647116e-13
[INFO][rank 0][SUNNonlinSolSolve_Newton][nonlinear-iterate] cur-iter = 1, total-iters = 1, update-norm = 515.479276837567
[INFO][rank 0][SUNNonlinSolSolve_Newton][end-nonlinear-iterate] status = continue
[INFO][rank 0][SUNNonlinSolSolve_Newton][begin-nonlinear-iterate] 
[INFO][rank 0][arkLsSolve][begin-linear-solve] iterative = 1, b-norm = 7.67937747240094e-05, b-tol = 0.0005000000000000001, res-tol = 0.0007071067811865477
[INFO][rank 0][arkLsSolve][end-linear-solve] status = success small rhs
[INFO][rank 0][SUNNonlinSolSolve_Newton][nonlinear-iterate] cur-iter = 2, total-iters = 2, update-norm = 0
[INFO][rank 0][SUNNonlinSolSolve_Newton][end-nonlinear-iterate] status = success
[INFO][rank 0][arkStep_Nls][end-nonlinear-solve] status = success, iters = 2
[INFO][rank 0][arkStep_TakeStep_Z][end-stage] status = success
[INFO][rank 0][arkStep_TakeStep_Z][begin-compute-solution] mass type = 0
[INFO][rank 0][arkStep_TakeStep_Z][end-compute-solution] status = success
[DEBUG][rank 0][arkAdapt][new-step-before-bounds] h_acc = 0.0105439796544931, h_cfl = 2.233309968372805e+27
[DEBUG][rank 0][arkAdapt][new-step-after-max-min-bounds] h_acc = 0.01012222046831338, h_cfl = 1.116654984186403e+27
[DEBUG][rank 0][arkAdapt][new-step-eta] eta = 4.532384940585946
[INFO][rank 0][ARKodeEvolve][end-step-attempt] status = success, dsm = 0.001111259275024442
 6.015016008565610e-03    1.224741178982448e+00    1.729963189938353e+00    2.336992821483364e-10    1.590565457121329e-10
------------------------------------------------------------------------------------------------------------------------------
Current time                 = 0.00601501600856561
Steps                        = 3
Step attempts                = 3
Stability limited steps      = 0
Accuracy limited steps       = 3
Error test fails             = 0
NLS step fails               = 0
Inequality constraint fails  = 0
Initial step size            = 0.0001029860256095084
Last step size               = 0.002233309968372805
Current step size            = 0.01012222046831338
Explicit RHS fn evals        = 0
Implicit RHS fn evals        = 45
NLS iters                    = 27
NLS fails                    = 0
NLS iters per step           = 9
LS setups                    = 0
Jac fn evals                 = 0
LS RHS fn evals              = 25
Prec setup evals             = 0
Prec solves                  = 0
LS iters                     = 25
LS fails                     = 0
Jac-times setups             = 0
Jac-times evals              = 25
LS iters per NLS iter        = 0.9259259259259259
Jac evals per NLS iter       = 0
Prec evals per NLS iter      = 0
End ARKStep Logging test
