Start IDA Logging test
Using Newton nonlinear solver
Using dense direct linear solver
           t                        u                        v                      u err                    v err            
------------------------------------------------------------------------------------------------------------------------------
 0.000000000000000e+00    1.224744871391589e+00    1.732050807568877e+00    0.000000000000000e+00    0.000000000000000e+00
[INFO][rank 0][IDAStep][begin-step-attempt] step = 1, tn = 0, h = 0.001, q = 1
[INFO][rank 0][IDANls][begin-nonlinear-solve] tol = 0.33
[INFO][rank 0][SUNNonlinSolSolve_Newton][nonlinear-solver] solver = Newton
[INFO][rank 0][SUNNonlinSolSolve_Newton][begin-nonlinear-iterate] 
[INFO][rank 0][idaLsSolve][begin-linear-solve] iterative = 0
[INFO][rank 0][idaLsSolve][end-linear-solve] status = success, iters = 0, p-solves = 0, res-norm = 0
[INFO][rank 0][SUNNonlinSolSolve_Newton][nonlinear-iterate] cur-iter = 1, total-iters = 1, update-norm = 47.11440249313684
[INFO][rank 0][SUNNonlinSolSolve_Newton][end-nonlinear-iterate] status = continue
[INFO][rank 0][SUNNonlinSolSolve_Newton][begin-nonlinear-iterate] 
[INFO][rank 0][idaLsSolve][begin-linear-solve] iterative = 0
[INFO][rank 0][idaLsSolve][end-linear-solve] status = success, iters = 0, p-solves = 0, res-norm = 0
[INFO][rank 0][SUNNonlinSolSolve_Newton][nonlinear-iterate] cur-iter = 2, total-iters = 2, update-norm = 1.752418576295284e-06
[INFO][rank 0][SUNNonlinSolSolve_Newton][end-nonlinear-iterate] status = success
[INFO][rank 0][IDANls][end-nonlinear-solve] status = success, iters = 2
[INFO][rank 0][IDAStep][end-step-attempt] status = failed error test, dsm = 23.55720056878195, kflag = 20
[INFO][rank 0][IDAStep][begin-step-attempt] step = 1, tn = 0, h = 0.00025, q = 1
[INFO][rank 0][IDANls][begin-nonlinear-solve] tol = 0.33
[INFO][rank 0][SUNNonlinSolSolve_Newton][nonlinear-solver] solver = Newton
[INFO][rank 0][SUNNonlinSolSolve_Newton][begin-nonlinear-iterate] 
[INFO][rank 0][idaLsSolve][begin-linear-solve] iterative = 0
[INFO][rank 0][idaLsSolve][end-linear-solve] status = success, iters = 0, p-solves = 0, res-norm = 0
[INFO][rank 0][SUNNonlinSolSolve_Newton][nonlinear-iterate] cur-iter = 1, total-iters = 1, update-norm = 2.945750201857205
[INFO][rank 0][SUNNonlinSolSolve_Newton][end-nonlinear-iterate] status = continue
[INFO][rank 0][SUNNonlinSolSolve_Newton][begin-nonlinear-iterate] 
[INFO][rank 0][idaLsSolve][begin-linear-solve] iterative = 0
[INFO][rank 0][idaLsSolve][end-linear-solve] status = success, iters = 0, p-solves = 0, res-norm = 0
[INFO][rank 0][SUNNonlinSolSolve_Newton][nonlinear-iterate] cur-iter = 2, total-iters = 2, update-norm = 1.836388936391201e-09
[INFO][rank 0][SUNNonlinSolSolve_Newton][end-nonlinear-iterate] status = success
[INFO][rank 0][IDANls][end-nonlinear-solve] status = success, iters = 2
[INFO][rank 0][IDAStep][end-step-attempt] status = failed error test, dsm = 1.47287510018879, kflag = 20
[INFO][rank 0][IDAStep][begin-step-attempt] step = 1, tn = 0, h = 6.25e-05, q = 1
[INFO][rank 0][IDANls][begin-nonlinear-solve] tol = 0.33
[INFO][rank 0][SUNNonlinSolSolve_Newton][nonlinear-solver] solver = Newton
[INFO][rank 0][SUNNonlinSolSolve_Newton][begin-nonlinear-iterate] 
[INFO][rank 0][idaLsSolve][begin-linear-solve] iterative = 0
[INFO][rank 0][idaLsSolve][end-linear-solve] status = success, iters = 0, p-solves = 0, res-norm = 0
[INFO][rank 0][SUNNonlinSolSolve_Newton][nonlinear-iterate] cur-iter = 1, total-iters = 1, update-norm = 0.1841265970416357
[INFO][rank 0][SUNNonlinSolSolve_Newton][end-nonlinear-iterate] status = continue
[INFO][rank 0][SUNNonlinSolSolve_Newton][begin-nonlinear-iterate] 
[INFO][rank 0][idaLsSolve][begin-linear-solve] iterative = 0
[INFO][rank 0][idaLsSolve][end-linear-solve] status = success, iters = 0, p-solves = 0, res-norm = 0
[INFO][rank 0][SUNNonlinSolSolve_Newton][nonlinear-iterate] cur-iter = 2, total-iters = 2, update-norm = 1.814364670808554e-12
[INFO][rank 0][SUNNonlinSolSolve_Newton][end-nonlinear-iterate] status = success
[INFO][rank 0][IDANls][end-nonlinear-solve] status = success, iters = 2
[INFO][rank 0][IDAStep][end-step-attempt] status = success, dsm = 0.09206329852007912
 6.250000000000000e-05    1.224744870587232e+00    1.732050356528061e+00    4.056768254656618e-10    2.255133815243227e-07
[INFO][rank 0][IDAStep][begin-step-attempt] step = 2, tn = 6.25e-05, h = 0.000125, q = 1
[INFO][rank 0][IDANls][begin-nonlinear-solve] tol = 0.33
[INFO][rank 0][SUNNonlinSolSolve_Newton][nonlinear-solver] solver = Newton
[INFO][rank 0][SUNNonlinSolSolve_Newton][begin-nonlinear-iterate] 
[INFO][rank 0][idaLsSolve][begin-linear-solve] iterative = 0
[INFO][rank 0][idaLsSolve][end-linear-solve] status = success, iters = 0, p-solves = 0, res-norm = 0
[INFO][rank 0][SUNNonlinSolSolve_Newton][nonlinear-iterate] cur-iter = 1, total-iters = 1, update-norm = 0.7364830565025812
[INFO][rank 0][SUNNonlinSolSolve_Newton][end-nonlinear-iterate] status = continue
[INFO][rank 0][SUNNonlinSolSolve_Newton][begin-nonlinear-iterate] 
[INFO][rank 0][idaLsSolve][begin-linear-solve] iterative = 0
[INFO][rank 0][idaLsSolve][end-linear-solve] status = success, iters = 0, p-solves = 0, res-norm = 0
[INFO][rank 0][SUNNonlinSolSolve_Newton][nonlinear-iterate] cur-iter = 2, total-iters = 2, update-norm = 5.772592627786376e-11
[INFO][rank 0][SUNNonlinSolSolve_Newton][end-nonlinear-iterate] status = success
[INFO][rank 0][IDANls][end-nonlinear-solve] status = success, iters = 2
[INFO][rank 0][IDAStep][end-step-attempt] status = success, dsm = 0.4909887043039554
 1.875000000000000e-04    1.224744865733123e+00    1.732047650340890e+00    2.070346782900856e-09    1.127482136320523e-06
[INFO][rank 0][IDAStep][begin-step-attempt] step = 3, tn = 0.0001875, h = 0.000125, q = 1
[INFO][rank 0][IDANls][begin-nonlinear-solve] tol = 0.33
[INFO][rank 0][SUNNonlinSolSolve_Newton][nonlinear-solver] solver = Newton
[INFO][rank 0][SUNNonlinSolSolve_Newton][begin-nonlinear-iterate] 
[INFO][rank 0][idaLsSolve][begin-linear-solve] iterative = 0
[INFO][rank 0][idaLsSolve][end-linear-solve] status = success, iters = 0, p-solves = 0, res-norm = 0
[INFO][rank 0][SUNNonlinSolSolve_Newton][nonlinear-iterate] cur-iter = 1, total-iters = 1, update-norm = 0.7364807617858526
[INFO][rank 0][SUNNonlinSolSolve_Newton][end-nonlinear-iterate] status = success
[INFO][rank 0][IDANls][end-nonlinear-solve] status = success, iters = 1
[INFO][rank 0][IDAStep][end-step-attempt] status = success, dsm = 0.3682403808929263
 3.125000000000000e-04    1.224744857633637e+00    1.732043140056620e+00    3.790952218807320e-09    2.029335211872763e-06
------------------------------------------------------------------------------------------------------------------------------
Current time                 = 0.0003125
Steps                        = 3
Error test fails             = 2
NLS step fails               = 0
Initial step size            = 0.001
Last step size               = 0.000125
Current step size            = 0.000125
Last method order            = 1
Current method order         = 1
Residual fn evals            = 9
IC linesearch backtrack ops  = 0
NLS iters                    = 9
NLS fails                    = 0
NLS iters per step           = 3
LS setups                    = 4
Jac fn evals                 = 4
LS residual fn evals         = 0
Prec setup evals             = 0
Prec solves                  = 0
LS iters                     = 0
LS fails                     = 0
Jac-times setups             = 0
Jac-times evals              = 0
LS iters per NLS iter        = 0
Jac evals per NLS iter       = 0.4444444444444444
Prec evals per NLS iter      = 0
Root fn evals                = 0
End IDA Logging test
