Start ARKStep Logging test
Using DIRK method
Using Newton nonlinear solver
Using dense direct linear solver
           t                        u                        v                      u err                    v err            
------------------------------------------------------------------------------------------------------------------------------
 0.000000000000000e+00    1.224744871391589e+00    1.732050807568877e+00    0.000000000000000e+00    0.000000000000000e+00
[INFO][rank 0][ARKodeEvolve][begin-step-attempt] step = 1, tn = 0, h = 0.0001029860256095084
[INFO][rank 0][arkStep_TakeStep_Z][begin-stage] stage = 0, implicit = 1, tcur = 2.57465064023771e-05
[DEBUG][rank 0][arkStep_TakeStep_Z][predictor] zpred(:) =
1.2247448713915889e+00
1.7320508075688772e+00

[DEBUG][rank 0][arkStep_TakeStep_Z][rhs data] sdata(:) =
0.0000000000000000e+00
0.0000000000000000e+00

[INFO][rank 0][arkStep_Nls][begin-nonlinear-solve] tol = 0.1
[INFO][rank 0][SUNNonlinSolSolve_Newton][nonlinear-solver] solver = Newton
[INFO][rank 0][SUNNonlinSolSolve_Newton][begin-nonlinear-iterate] 
[INFO][rank 0][arkLsSolve][begin-linear-solve] iterative = 0
[INFO][rank 0][arkLsSolve][end-linear-solve] status = success, iters = 0, p-solves = 0, resnorm = 0
[INFO][rank 0][SUNNonlinSolSolve_Newton][nonlinear-iterate] cur-iter = 1, total-iters = 1, update-norm = 0.03124647749568791
[INFO][rank 0][SUNNonlinSolSolve_Newton][end-nonlinear-iterate] status = success
[DEBUG][rank 0][arkStep_Nls][correction] zcor(:) =
-1.3579950010291991e-10
-7.6542104122109757e-08

[INFO][rank 0][arkStep_Nls][end-nonlinear-solve] status = success, iters = 1
[DEBUG][rank 0][arkStep_TakeStep_Z][implicit stage] z_0(:) =
1.2247448712557893e+00
1.7320507310267730e+00

[DEBUG][rank 0][arkStep_TakeStep_Z][implicit RHS] Fi_0(:) =
-5.2744826035395038e-06
-2.9729122439306394e-03

[INFO][rank 0][arkStep_TakeStep_Z][end-stage] status = success
[INFO][rank 0][arkStep_TakeStep_Z][begin-stage] stage = 1, implicit = 1, tcur = 7.723951920713131e-05
[DEBUG][rank 0][arkStep_TakeStep_Z][predictor] zpred(:) =
1.2247448713915889e+00
1.7320508075688772e+00

[DEBUG][rank 0][arkStep_TakeStep_Z][rhs data] sdata(:) =
-2.7159900024251293e-10
-1.5308420824413097e-07

[INFO][rank 0][arkStep_Nls][begin-nonlinear-solve] tol = 0.1
[INFO][rank 0][SUNNonlinSolSolve_Newton][nonlinear-solver] solver = Newton
[INFO][rank 0][SUNNonlinSolSolve_Newton][begin-nonlinear-iterate] 
[INFO][rank 0][arkLsSolve][begin-linear-solve] iterative = 0
[INFO][rank 0][arkLsSolve][end-linear-solve] status = success, iters = 0, p-solves = 0, resnorm = 0
[INFO][rank 0][SUNNonlinSolSolve_Newton][nonlinear-iterate] cur-iter = 1, total-iters = 1, update-norm = 0.1562331594653479
[INFO][rank 0][SUNNonlinSolSolve_Newton][end-nonlinear-iterate] status = continue
[INFO][rank 0][SUNNonlinSolSolve_Newton][begin-nonlinear-iterate] 
[INFO][rank 0][arkLsSolve][begin-linear-solve] iterative = 0
[INFO][rank 0][arkLsSolve][end-linear-solve] status = success, iters = 0, p-solves = 0, resnorm = 0
[INFO][rank 0][SUNNonlinSolSolve_Newton][nonlinear-iterate] cur-iter = 2, total-iters = 2, update-norm = 1.380843176869396e-08
[INFO][rank 0][SUNNonlinSolSolve_Newton][end-nonlinear-iterate] status = success
[DEBUG][rank 0][arkStep_Nls][correction] zcor(:) =
-6.7801910931035622e-10
-3.8271244899425649e-07

[INFO][rank 0][arkStep_Nls][end-nonlinear-solve] status = success, iters = 2
[DEBUG][rank 0][arkStep_TakeStep_Z][implicit stage] z_1(:) =
1.2247448707135697e+00
1.7320504248564281e+00

[DEBUG][rank 0][arkStep_TakeStep_Z][implicit RHS] Fi_1(:) =
-1.5785446876482720e-05
-8.9188116306499667e-03

[INFO][rank 0][arkStep_TakeStep_Z][end-stage] status = success
[INFO][rank 0][arkStep_TakeStep_Z][begin-stage] stage = 2, implicit = 1, tcur = 5.664231408522962e-05
[DEBUG][rank 0][arkStep_TakeStep_Z][predictor] zpred(:) =
1.2247448713915889e+00
1.7320508075688772e+00

[DEBUG][rank 0][arkStep_TakeStep_Z][rhs data] sdata(:) =
-1.1966010271374946e-10
-6.7356743085989097e-08

[INFO][rank 0][arkStep_Nls][begin-nonlinear-solve] tol = 0.1
[INFO][rank 0][SUNNonlinSolSolve_Newton][nonlinear-solver] solver = Newton
[INFO][rank 0][SUNNonlinSolSolve_Newton][begin-nonlinear-iterate] 
[INFO][rank 0][arkLsSolve][begin-linear-solve] iterative = 0
[INFO][rank 0][arkLsSolve][end-linear-solve] status = success, iters = 0, p-solves = 0, resnorm = 0
[INFO][rank 0][SUNNonlinSolSolve_Newton][nonlinear-iterate] cur-iter = 1, total-iters = 1, update-norm = 0.09623936755399637
[INFO][rank 0][SUNNonlinSolSolve_Newton][end-nonlinear-iterate] status = success
[DEBUG][rank 0][arkStep_Nls][correction] zcor(:) =
-4.1798849863265629e-10
-2.3575021291435974e-07

[INFO][rank 0][arkStep_Nls][end-nonlinear-solve] status = success, iters = 1
[DEBUG][rank 0][arkStep_TakeStep_Z][implicit stage] z_2(:) =
1.2247448709736004e+00
1.7320505718186643e+00

[DEBUG][rank 0][arkStep_TakeStep_Z][implicit RHS] Fi_2(:) =
-1.1587140843698826e-05
-6.5404400775284973e-03

[INFO][rank 0][arkStep_TakeStep_Z][end-stage] status = success
[INFO][rank 0][arkStep_TakeStep_Z][begin-stage] stage = 3, implicit = 1, tcur = 5.14930128047542e-05
[DEBUG][rank 0][arkStep_TakeStep_Z][predictor] zpred(:) =
1.2247448713915889e+00
1.7320508075688772e+00

[DEBUG][rank 0][arkStep_TakeStep_Z][rhs data] sdata(:) =
-9.9203388001812322e-11
-5.5830416839101964e-08

[INFO][rank 0][arkStep_Nls][begin-nonlinear-solve] tol = 0.1
[INFO][rank 0][SUNNonlinSolSolve_Newton][nonlinear-solver] solver = Newton
[INFO][rank 0][SUNNonlinSolSolve_Newton][begin-nonlinear-iterate] 
[INFO][rank 0][arkLsSolve][begin-linear-solve] iterative = 0
[INFO][rank 0][arkLsSolve][end-linear-solve] status = success, iters = 0, p-solves = 0, resnorm = 0
[INFO][rank 0][SUNNonlinSolSolve_Newton][nonlinear-iterate] cur-iter = 1, total-iters = 1, update-norm = 0.08528459315580529
[INFO][rank 0][SUNNonlinSolSolve_Newton][end-nonlinear-iterate] status = success
[DEBUG][rank 0][arkStep_Nls][correction] zcor(:) =
-3.7053762831836956e-10
-2.0891514005216457e-07

[INFO][rank 0][arkStep_Nls][end-nonlinear-solve] status = success, iters = 1
[DEBUG][rank 0][arkStep_TakeStep_Z][implicit stage] z_3(:) =
1.2247448710210513e+00
1.7320505986537371e+00

[DEBUG][rank 0][arkStep_TakeStep_Z][implicit RHS] Fi_3(:) =
-1.0538681873903700e-05
-5.9458448479587176e-03

[INFO][rank 0][arkStep_TakeStep_Z][end-stage] status = success
[INFO][rank 0][arkStep_TakeStep_Z][begin-stage] stage = 4, implicit = 1, tcur = 0.0001029860256095084
[DEBUG][rank 0][arkStep_TakeStep_Z][predictor] zpred(:) =
1.2247448713915889e+00
1.7320508075688772e+00

[DEBUG][rank 0][arkStep_TakeStep_Z][rhs data] sdata(:) =
-5.4124136795295400e-10
-3.0617235431608137e-07

[INFO][rank 0][arkStep_Nls][begin-nonlinear-solve] tol = 0.1
[INFO][rank 0][SUNNonlinSolSolve_Newton][nonlinear-solver] solver = Newton
[INFO][rank 0][SUNNonlinSolSolve_Newton][begin-nonlinear-iterate] 
[INFO][rank 0][arkLsSolve][begin-linear-solve] iterative = 0
[INFO][rank 0][arkLsSolve][end-linear-solve] status = success, iters = 0, p-solves = 0, resnorm = 0
[INFO][rank 0][SUNNonlinSolSolve_Newton][nonlinear-iterate] cur-iter = 1, total-iters = 1, update-norm = 0.2499749520049542
[INFO][rank 0][SUNNonlinSolSolve_Newton][end-nonlinear-iterate] status = success
[DEBUG][rank 0][arkStep_Nls][correction] zcor(:) =
-1.0824827371528319e-09
-6.1234451920229918e-07

[INFO][rank 0][arkStep_Nls][end-nonlinear-solve] status = success, iters = 1
[DEBUG][rank 0][arkStep_TakeStep_Z][implicit stage] z_4(:) =
1.2247448703091062e+00
1.7320501952243579e+00

[DEBUG][rank 0][arkStep_TakeStep_Z][implicit RHS] Fi_4(:) =
-2.1021934388982939e-05
-1.1891797717567420e-02

[INFO][rank 0][arkStep_TakeStep_Z][end-stage] status = success
[INFO][rank 0][arkStep_TakeStep_Z][begin-compute-solution] mass type = 0
[DEBUG][rank 0][arkStep_TakeStep_Z][updated solution] ycur(:) =
1.2247448703091062e+00
1.7320501952243579e+00

[INFO][rank 0][arkStep_TakeStep_Z][end-compute-solution] status = success
[DEBUG][rank 0][arkAdapt][new-step-before-bounds] h_acc = 0.003832189576692273, h_cfl = 1.029860256095084e+26
[DEBUG][rank 0][arkAdapt][new-step-after-max-min-bounds] h_acc = 0.003678901993624582, h_cfl = 5.14930128047542e+25
[DEBUG][rank 0][arkAdapt][new-step-eta] eta = 35.72234166578926
[INFO][rank 0][ARKodeEvolve][end-step-attempt] status = success, dsm = 5.009107594385155e-09
 1.029860256095084e-04    1.224744870309106e+00    1.732050195224358e+00    2.220446049250313e-16    8.104628079763643e-14
[INFO][rank 0][ARKodeEvolve][begin-step-attempt] step = 2, tn = 0.0001029860256095084, h = 0.003678901993624582
[INFO][rank 0][arkStep_TakeStep_Z][begin-stage] stage = 0, implicit = 1, tcur = 0.001022711524015654
[DEBUG][rank 0][arkStep_TakeStep_Z][predictor] zpred(:) =
1.2247448703091062e+00
1.7320501952243579e+00

[DEBUG][rank 0][arkStep_TakeStep_Z][rhs data] sdata(:) =
0.0000000000000000e+00
0.0000000000000000e+00

[INFO][rank 0][arkStep_Nls][begin-nonlinear-solve] tol = 0.1
[INFO][rank 0][SUNNonlinSolSolve_Newton][nonlinear-solver] solver = Newton
[INFO][rank 0][SUNNonlinSolSolve_Newton][begin-nonlinear-iterate] 
[INFO][rank 0][arkLsSolve][begin-linear-solve] iterative = 0
[INFO][rank 0][arkLsSolve][end-linear-solve] status = success, iters = 0, p-solves = 0, resnorm = 0
[INFO][rank 0][SUNNonlinSolSolve_Newton][nonlinear-iterate] cur-iter = 1, total-iters = 1, update-norm = 44.31728809265712
[INFO][rank 0][SUNNonlinSolSolve_Newton][end-nonlinear-iterate] status = continue
[INFO][rank 0][SUNNonlinSolSolve_Newton][begin-nonlinear-iterate] 
[INFO][rank 0][arkLsSolve][begin-linear-solve] iterative = 0
[INFO][rank 0][arkLsSolve][end-linear-solve] status = success, iters = 0, p-solves = 0, resnorm = 0
[INFO][rank 0][SUNNonlinSolSolve_Newton][nonlinear-iterate] cur-iter = 2, total-iters = 2, update-norm = 0.002706685111211134
[INFO][rank 0][SUNNonlinSolSolve_Newton][end-nonlinear-iterate] status = success
[DEBUG][rank 0][arkStep_Nls][correction] zcor(:) =
-2.1424081012507486e-07
-1.0856717925573979e-04

[INFO][rank 0][arkStep_Nls][end-nonlinear-solve] status = success, iters = 2
[DEBUG][rank 0][arkStep_TakeStep_Z][implicit stage] z_0(:) =
1.2247446560682960e+00
1.7319416280451021e+00

[DEBUG][rank 0][arkStep_TakeStep_Z][implicit RHS] Fi_0(:) =
-2.3293994847666617e-04
-1.1804302462967765e-01

[INFO][rank 0][arkStep_TakeStep_Z][end-stage] status = success
[INFO][rank 0][arkStep_TakeStep_Z][begin-stage] stage = 1, implicit = 1, tcur = 0.002862162520827944
[DEBUG][rank 0][arkStep_TakeStep_Z][predictor] zpred(:) =
1.2247448703091062e+00
1.7320501952243579e+00

[DEBUG][rank 0][arkStep_TakeStep_Z][rhs data] sdata(:) =
-4.2848162042280723e-07
-2.1713435932179835e-04

[INFO][rank 0][arkStep_Nls][begin-nonlinear-solve] tol = 0.1
[INFO][rank 0][SUNNonlinSolSolve_Newton][nonlinear-solver] solver = Newton
[INFO][rank 0][SUNNonlinSolSolve_Newton][begin-nonlinear-iterate] 
[INFO][rank 0][arkLsSolve][begin-linear-solve] iterative = 0
[INFO][rank 0][arkLsSolve][end-linear-solve] status = success, iters = 0, p-solves = 0, resnorm = 0
[INFO][rank 0][SUNNonlinSolSolve_Newton][nonlinear-iterate] cur-iter = 1, total-iters = 1, update-norm = 212.6403773707838
[INFO][rank 0][SUNNonlinSolSolve_Newton][end-nonlinear-iterate] status = continue
[INFO][rank 0][SUNNonlinSolSolve_Newton][begin-nonlinear-iterate] 
[INFO][rank 0][arkLsSolve][begin-linear-solve] iterative = 0
[INFO][rank 0][arkLsSolve][end-linear-solve] status = success, iters = 0, p-solves = 0, resnorm = 0
[INFO][rank 0][SUNNonlinSolSolve_Newton][nonlinear-iterate] cur-iter = 2, total-iters = 2, update-norm = 0.03696205723054138
[INFO][rank 0][SUNNonlinSolSolve_Newton][end-nonlinear-iterate] status = success
[DEBUG][rank 0][arkStep_Nls][correction] zcor(:) =
-9.8792918648185469e-07
-5.2097898080482534e-04

[INFO][rank 0][arkStep_Nls][end-nonlinear-solve] status = success, iters = 2
[DEBUG][rank 0][arkStep_TakeStep_Z][implicit stage] z_1(:) =
1.2247438823799197e+00
1.7315292162435532e+00

[DEBUG][rank 0][arkStep_TakeStep_Z][implicit RHS] Fi_1(:) =
-6.0827667407825539e-04
-3.3036448130988644e-01

[INFO][rank 0][arkStep_TakeStep_Z][end-stage] status = success
[INFO][rank 0][arkStep_TakeStep_Z][begin-stage] stage = 2, implicit = 1, tcur = 0.002126382122103028
[DEBUG][rank 0][arkStep_TakeStep_Z][predictor] zpred(:) =
1.2247448703091062e+00
1.7320501952243579e+00

[DEBUG][rank 0][arkStep_TakeStep_Z][rhs data] sdata(:) =
-2.0185589112983600e-07
-9.9036222382275211e-05

[INFO][rank 0][arkStep_Nls][begin-nonlinear-solve] tol = 0.1
[INFO][rank 0][SUNNonlinSolSolve_Newton][nonlinear-solver] solver = Newton
[INFO][rank 0][SUNNonlinSolSolve_Newton][begin-nonlinear-iterate] 
[INFO][rank 0][arkLsSolve][begin-linear-solve] iterative = 0
[INFO][rank 0][arkLsSolve][end-linear-solve] status = success, iters = 0, p-solves = 0, resnorm = 0
[INFO][rank 0][SUNNonlinSolSolve_Newton][nonlinear-iterate] cur-iter = 1, total-iters = 1, update-norm = 132.5646009288685
[INFO][rank 0][SUNNonlinSolSolve_Newton][end-nonlinear-iterate] status = continue
[INFO][rank 0][SUNNonlinSolSolve_Newton][begin-nonlinear-iterate] 
[INFO][rank 0][arkLsSolve][begin-linear-solve] iterative = 0
[INFO][rank 0][arkLsSolve][end-linear-solve] status = success, iters = 0, p-solves = 0, resnorm = 0
[INFO][rank 0][SUNNonlinSolSolve_Newton][nonlinear-iterate] cur-iter = 2, total-iters = 2, update-norm = 0.01706360659869033
[INFO][rank 0][SUNNonlinSolSolve_Newton][end-nonlinear-iterate] status = success
[DEBUG][rank 0][arkStep_Nls][correction] zcor(:) =
-6.3034263103465453e-07
-3.2477483896250104e-04

[INFO][rank 0][arkStep_Nls][end-nonlinear-solve] status = success, iters = 2
[DEBUG][rank 0][arkStep_TakeStep_Z][implicit stage] z_2(:) =
1.2247442399664752e+00
1.7317254203853953e+00

[DEBUG][rank 0][arkStep_TakeStep_Z][implicit RHS] Fi_2(:) =
-4.6588546404923348e-04
-2.4544129999026967e-01

[INFO][rank 0][arkStep_TakeStep_Z][end-stage] status = success
[INFO][rank 0][arkStep_TakeStep_Z][begin-stage] stage = 3, implicit = 1, tcur = 0.001942437022421799
[DEBUG][rank 0][arkStep_TakeStep_Z][predictor] zpred(:) =
1.2247448703091062e+00
1.7320501952243579e+00

[DEBUG][rank 0][arkStep_TakeStep_Z][rhs data] sdata(:) =
-1.6832186766517422e-07
-8.2147836257821262e-05

[INFO][rank 0][arkStep_Nls][begin-nonlinear-solve] tol = 0.1
[INFO][rank 0][SUNNonlinSolSolve_Newton][nonlinear-solver] solver = Newton
[INFO][rank 0][SUNNonlinSolSolve_Newton][begin-nonlinear-iterate] 
[INFO][rank 0][arkLsSolve][begin-linear-solve] iterative = 0
[INFO][rank 0][arkLsSolve][end-linear-solve] status = success, iters = 0, p-solves = 0, resnorm = 0
[INFO][rank 0][SUNNonlinSolSolve_Newton][nonlinear-iterate] cur-iter = 1, total-iters = 1, update-norm = 117.69961092995
[INFO][rank 0][SUNNonlinSolSolve_Newton][end-nonlinear-iterate] status = continue
[INFO][rank 0][SUNNonlinSolSolve_Newton][begin-nonlinear-iterate] 
[INFO][rank 0][arkLsSolve][begin-linear-solve] iterative = 0
[INFO][rank 0][arkLsSolve][end-linear-solve] status = success, iters = 0, p-solves = 0, resnorm = 0
[INFO][rank 0][SUNNonlinSolSolve_Newton][nonlinear-iterate] cur-iter = 2, total-iters = 2, update-norm = 0.01382292596398069
[INFO][rank 0][SUNNonlinSolSolve_Newton][end-nonlinear-iterate] status = success
[DEBUG][rank 0][arkStep_Nls][correction] zcor(:) =
-5.6537378455154328e-07
-2.8835328550818061e-04

[INFO][rank 0][arkStep_Nls][end-nonlinear-solve] status = success, iters = 2
[DEBUG][rank 0][arkStep_TakeStep_Z][implicit stage] z_3(:) =
1.2247443049353217e+00
1.7317618419388496e+00

[DEBUG][rank 0][arkStep_TakeStep_Z][implicit RHS] Fi_3(:) =
-4.3170698019948990e-04
-2.2420325802228500e-01

[INFO][rank 0][arkStep_TakeStep_Z][end-stage] status = success
[INFO][rank 0][arkStep_TakeStep_Z][begin-stage] stage = 4, implicit = 1, tcur = 0.00378188801923409
[DEBUG][rank 0][arkStep_TakeStep_Z][predictor] zpred(:) =
1.2247448703091062e+00
1.7320501952243579e+00

[DEBUG][rank 0][arkStep_TakeStep_Z][rhs data] sdata(:) =
-7.4866545746777953e-07
-4.2350840809807916e-04

[INFO][rank 0][arkStep_Nls][begin-nonlinear-solve] tol = 0.1
[INFO][rank 0][SUNNonlinSolSolve_Newton][nonlinear-solver] solver = Newton
[INFO][rank 0][SUNNonlinSolSolve_Newton][begin-nonlinear-iterate] 
[INFO][rank 0][arkLsSolve][begin-linear-solve] iterative = 0
[INFO][rank 0][arkLsSolve][end-linear-solve] status = success, iters = 0, p-solves = 0, resnorm = 0
[INFO][rank 0][SUNNonlinSolSolve_Newton][nonlinear-iterate] cur-iter = 1, total-iters = 1, update-norm = 336.69118258825
[INFO][rank 0][SUNNonlinSolSolve_Newton][end-nonlinear-iterate] status = continue
[INFO][rank 0][SUNNonlinSolSolve_Newton][begin-nonlinear-iterate] 
[INFO][rank 0][arkLsSolve][begin-linear-solve] iterative = 0
[INFO][rank 0][arkLsSolve][end-linear-solve] status = success, iters = 0, p-solves = 0, resnorm = 0
[INFO][rank 0][SUNNonlinSolSolve_Newton][nonlinear-iterate] cur-iter = 2, total-iters = 2, update-norm = 0.07750779266514742
[INFO][rank 0][SUNNonlinSolSolve_Newton][end-nonlinear-iterate] status = success
[DEBUG][rank 0][arkStep_Nls][correction] zcor(:) =
-1.4586693925950136e-06
-8.2495620776723664e-04

[INFO][rank 0][arkStep_Nls][end-nonlinear-solve] status = success, iters = 2
[DEBUG][rank 0][arkStep_TakeStep_Z][implicit stage] z_4(:) =
1.2247434116397136e+00
1.7312252390165905e+00

[DEBUG][rank 0][arkStep_TakeStep_Z][implicit RHS] Fi_4(:) =
-7.7197374255023312e-04
-4.3648658658737233e-01

[INFO][rank 0][arkStep_TakeStep_Z][end-stage] status = success
[INFO][rank 0][arkStep_TakeStep_Z][begin-compute-solution] mass type = 0
[DEBUG][rank 0][arkStep_TakeStep_Z][updated solution] ycur(:) =
1.2247434116397136e+00
1.7312252390165905e+00

[INFO][rank 0][arkStep_TakeStep_Z][end-compute-solution] status = success
[DEBUG][rank 0][arkAdapt][new-step-before-bounds] h_acc = 0.002326349105082655, h_cfl = 3.678901993624582e+27
[DEBUG][rank 0][arkAdapt][new-step-after-max-min-bounds] h_acc = 0.002233295140879348, h_cfl = 1.839450996812291e+27
[DEBUG][rank 0][arkAdapt][new-step-eta] eta = 0.6070548073173944
[INFO][rank 0][ARKodeEvolve][end-step-attempt] status = success, dsm = 0.008164718360412736
 3.781888019234090e-03    1.224743411639714e+00    1.731225239016591e+00    8.112177596331094e-12    2.569811030639357e-11
[INFO][rank 0][ARKodeEvolve][begin-step-attempt] step = 3, tn = 0.00378188801923409, h = 0.002233295140879348
[INFO][rank 0][arkStep_TakeStep_Z][begin-stage] stage = 0, implicit = 1, tcur = 0.004340211804453927
[DEBUG][rank 0][arkStep_TakeStep_Z][predictor] zpred(:) =
1.2247434116397136e+00
1.7312252390165905e+00

[DEBUG][rank 0][arkStep_TakeStep_Z][rhs data] sdata(:) =
0.0000000000000000e+00
0.0000000000000000e+00

[INFO][rank 0][arkStep_Nls][begin-nonlinear-solve] tol = 0.1
[INFO][rank 0][SUNNonlinSolSolve_Newton][nonlinear-solver] solver = Newton
[INFO][rank 0][SUNNonlinSolSolve_Newton][begin-nonlinear-iterate] 
[INFO][rank 0][arkLsSolve][begin-linear-solve] iterative = 0
[INFO][rank 0][arkLsSolve][end-linear-solve] status = success, iters = 0, p-solves = 0, resnorm = 0
[INFO][rank 0][SUNNonlinSolSolve_Newton][nonlinear-iterate] cur-iter = 1, total-iters = 1, update-norm = 114.1880202704021
[INFO][rank 0][SUNNonlinSolSolve_Newton][end-nonlinear-iterate] status = continue
[INFO][rank 0][SUNNonlinSolSolve_Newton][begin-nonlinear-iterate] 
[INFO][rank 0][arkLsSolve][begin-linear-solve] iterative = 0
[INFO][rank 0][arkLsSolve][end-linear-solve] status = success, iters = 0, p-solves = 0, resnorm = 0
[INFO][rank 0][SUNNonlinSolSolve_Newton][nonlinear-iterate] cur-iter = 2, total-iters = 2, update-norm = 0.01832920615797257
[INFO][rank 0][SUNNonlinSolSolve_Newton][end-nonlinear-iterate] status = success
[DEBUG][rank 0][arkStep_Nls][correction] zcor(:) =
-4.9961423206822671e-07
-2.7962920156547524e-04

[INFO][rank 0][arkStep_Nls][end-nonlinear-solve] status = success, iters = 2
[DEBUG][rank 0][arkStep_TakeStep_Z][implicit stage] z_0(:) =
1.2247429120254816e+00
1.7309456098150251e+00

[DEBUG][rank 0][arkStep_TakeStep_Z][implicit RHS] Fi_0(:) =
-8.9484676352198558e-04
-5.0083699848527374e-01

[INFO][rank 0][arkStep_TakeStep_Z][end-stage] status = success
[INFO][rank 0][arkStep_TakeStep_Z][begin-stage] stage = 1, implicit = 1, tcur = 0.005456859374893601
[DEBUG][rank 0][arkStep_TakeStep_Z][predictor] zpred(:) =
1.2247434116397136e+00
1.7312252390165905e+00

[DEBUG][rank 0][arkStep_TakeStep_Z][rhs data] sdata(:) =
-9.9922846440263078e-07
-5.5925841754487973e-04

[INFO][rank 0][arkStep_Nls][begin-nonlinear-solve] tol = 0.1
[INFO][rank 0][SUNNonlinSolSolve_Newton][nonlinear-solver] solver = Newton
[INFO][rank 0][SUNNonlinSolSolve_Newton][begin-nonlinear-iterate] 
[INFO][rank 0][arkLsSolve][begin-linear-solve] iterative = 0
[INFO][rank 0][arkLsSolve][end-linear-solve] status = success, iters = 0, p-solves = 0, resnorm = 0
[INFO][rank 0][SUNNonlinSolSolve_Newton][nonlinear-iterate] cur-iter = 1, total-iters = 1, update-norm = 371.8754828183439
[INFO][rank 0][SUNNonlinSolSolve_Newton][end-nonlinear-iterate] status = continue
[INFO][rank 0][SUNNonlinSolSolve_Newton][begin-nonlinear-iterate] 
[INFO][rank 0][arkLsSolve][begin-linear-solve] iterative = 0
[INFO][rank 0][arkLsSolve][end-linear-solve] status = success, iters = 0, p-solves = 0, resnorm = 0
[INFO][rank 0][SUNNonlinSolSolve_Newton][nonlinear-iterate] cur-iter = 2, total-iters = 2, update-norm = 0.07514845578796357
[INFO][rank 0][SUNNonlinSolSolve_Newton][end-nonlinear-iterate] status = success
[DEBUG][rank 0][arkStep_Nls][correction] zcor(:) =
-1.6260847989341616e-06
-9.1070469314003400e-04

[INFO][rank 0][arkStep_Nls][end-nonlinear-solve] status = success, iters = 2
[DEBUG][rank 0][arkStep_TakeStep_Z][implicit stage] z_1(:) =
1.2247417855549145e+00
1.7303145343234505e+00

[DEBUG][rank 0][arkStep_TakeStep_Z][implicit RHS] Fi_1(:) =
-1.1227469644861643e-03
-6.2946684718537382e-01

[INFO][rank 0][arkStep_TakeStep_Z][end-stage] status = success
[INFO][rank 0][arkStep_TakeStep_Z][begin-stage] stage = 2, implicit = 1, tcur = 0.005010200346717731
[DEBUG][rank 0][arkStep_TakeStep_Z][predictor] zpred(:) =
1.2247434116397136e+00
1.7312252390165905e+00

[DEBUG][rank 0][arkStep_TakeStep_Z][rhs data] sdata(:) =
-5.7917834218482936e-07
-3.2406431388396861e-04

[INFO][rank 0][arkStep_Nls][begin-nonlinear-solve] tol = 0.1
[INFO][rank 0][SUNNonlinSolSolve_Newton][nonlinear-solver] solver = Newton
[INFO][rank 0][SUNNonlinSolSolve_Newton][begin-nonlinear-iterate] 
[INFO][rank 0][arkLsSolve][begin-linear-solve] iterative = 0
[INFO][rank 0][arkLsSolve][end-linear-solve] status = success, iters = 0, p-solves = 0, resnorm = 0
[INFO][rank 0][SUNNonlinSolSolve_Newton][nonlinear-iterate] cur-iter = 1, total-iters = 1, update-norm = 264.1139062313106
[INFO][rank 0][SUNNonlinSolSolve_Newton][end-nonlinear-iterate] status = continue
[INFO][rank 0][SUNNonlinSolSolve_Newton][begin-nonlinear-iterate] 
[INFO][rank 0][arkLsSolve][begin-linear-solve] iterative = 0
[INFO][rank 0][arkLsSolve][end-linear-solve] status = success, iters = 0, p-solves = 0, resnorm = 0
[INFO][rank 0][SUNNonlinSolSolve_Newton][nonlinear-iterate] cur-iter = 2, total-iters = 2, update-norm = 0.04898184989809135
[INFO][rank 0][SUNNonlinSolSolve_Newton][end-nonlinear-iterate] status = success
[DEBUG][rank 0][arkStep_Nls][correction] zcor(:) =
-1.1567305025030118e-06
-6.4679115787376102e-04

[INFO][rank 0][arkStep_Nls][end-nonlinear-solve] status = success, iters = 2
[DEBUG][rank 0][arkStep_TakeStep_Z][implicit stage] z_2(:) =
1.2247422549092111e+00
1.7305784478587167e+00

[DEBUG][rank 0][arkStep_TakeStep_Z][implicit RHS] Fi_2(:) =
-1.0344394705485615e-03
-5.7802815280918118e-01

[INFO][rank 0][arkStep_TakeStep_Z][end-stage] status = success
[INFO][rank 0][arkStep_TakeStep_Z][begin-stage] stage = 3, implicit = 1, tcur = 0.004898535589673764
[DEBUG][rank 0][arkStep_TakeStep_Z][predictor] zpred(:) =
1.2247434116397136e+00
1.7312252390165905e+00

[DEBUG][rank 0][arkStep_TakeStep_Z][rhs data] sdata(:) =
-4.8257478595443393e-07
-2.6991359268352383e-04

[INFO][rank 0][arkStep_Nls][begin-nonlinear-solve] tol = 0.1
[INFO][rank 0][SUNNonlinSolSolve_Newton][nonlinear-solver] solver = Newton
[INFO][rank 0][SUNNonlinSolSolve_Newton][begin-nonlinear-iterate] 
[INFO][rank 0][arkLsSolve][begin-linear-solve] iterative = 0
[INFO][rank 0][arkLsSolve][end-linear-solve] status = success, iters = 0, p-solves = 0, resnorm = 0
[INFO][rank 0][SUNNonlinSolSolve_Newton][nonlinear-iterate] cur-iter = 1, total-iters = 1, update-norm = 239.0698529878246
[INFO][rank 0][SUNNonlinSolSolve_Newton][end-nonlinear-iterate] status = continue
[INFO][rank 0][SUNNonlinSolSolve_Newton][begin-nonlinear-iterate] 
[INFO][rank 0][arkLsSolve][begin-linear-solve] iterative = 0
[INFO][rank 0][arkLsSolve][end-linear-solve] status = success, iters = 0, p-solves = 0, resnorm = 0
[INFO][rank 0][SUNNonlinSolSolve_Newton][nonlinear-iterate] cur-iter = 2, total-iters = 2, update-norm = 0.04334360894804039
[INFO][rank 0][SUNNonlinSolSolve_Newton][end-nonlinear-iterate] status = success
[DEBUG][rank 0][arkStep_Nls][correction] zcor(:) =
-1.0480928814649056e-06
-5.8545809149947788e-04

[INFO][rank 0][arkStep_Nls][end-nonlinear-solve] status = success, iters = 2
[DEBUG][rank 0][arkStep_TakeStep_Z][implicit stage] z_3(:) =
1.2247423635468322e+00
1.7306397809250911e+00

[DEBUG][rank 0][arkStep_TakeStep_Z][implicit RHS] Fi_3(:) =
-1.0128855530277137e-03
-5.6516402563726797e-01

[INFO][rank 0][arkStep_TakeStep_Z][end-stage] status = success
[INFO][rank 0][arkStep_TakeStep_Z][begin-stage] stage = 4, implicit = 1, tcur = 0.006015183160113438
[DEBUG][rank 0][arkStep_TakeStep_Z][predictor] zpred(:) =
1.2247434116397136e+00
1.7312252390165905e+00

[DEBUG][rank 0][arkStep_TakeStep_Z][rhs data] sdata(:) =
-1.5475549047635512e-06
-8.7483581751387346e-04

[INFO][rank 0][arkStep_Nls][begin-nonlinear-solve] tol = 0.1
[INFO][rank 0][SUNNonlinSolSolve_Newton][nonlinear-solver] solver = Newton
[INFO][rank 0][SUNNonlinSolSolve_Newton][begin-nonlinear-iterate] 
[INFO][rank 0][arkLsSolve][begin-linear-solve] iterative = 0
[INFO][rank 0][arkLsSolve][end-linear-solve] status = success, iters = 0, p-solves = 0, resnorm = 0
[INFO][rank 0][SUNNonlinSolSolve_Newton][nonlinear-iterate] cur-iter = 1, total-iters = 1, update-norm = 515.3793206142866
[INFO][rank 0][SUNNonlinSolSolve_Newton][end-nonlinear-iterate] status = continue
[INFO][rank 0][SUNNonlinSolSolve_Newton][begin-nonlinear-iterate] 
[INFO][rank 0][arkLsSolve][begin-linear-solve] iterative = 0
[INFO][rank 0][arkLsSolve][end-linear-solve] status = success, iters = 0, p-solves = 0, resnorm = 0
[INFO][rank 0][SUNNonlinSolSolve_Newton][nonlinear-iterate] cur-iter = 2, total-iters = 2, update-norm = 0.1148530271845262
[INFO][rank 0][SUNNonlinSolSolve_Newton][end-nonlinear-iterate] status = success
[DEBUG][rank 0][arkStep_Nls][correction] zcor(:) =
-2.2330874006087650e-06
-1.2621647896432532e-03

[INFO][rank 0][arkStep_Nls][end-nonlinear-solve] status = success, iters = 2
[DEBUG][rank 0][arkStep_TakeStep_Z][implicit stage] z_4(:) =
1.2247411785523130e+00
1.7299630742269472e+00

[DEBUG][rank 0][arkStep_TakeStep_Z][implicit RHS] Fi_4(:) =
-1.2278403929067386e-03
-6.9373550809677820e-01

[INFO][rank 0][arkStep_TakeStep_Z][end-stage] status = success
[INFO][rank 0][arkStep_TakeStep_Z][begin-compute-solution] mass type = 0
[DEBUG][rank 0][arkStep_TakeStep_Z][updated solution] ycur(:) =
1.2247411785523130e+00
1.7299630742269472e+00

[INFO][rank 0][arkStep_TakeStep_Z][end-compute-solution] status = success
[DEBUG][rank 0][arkAdapt][new-step-before-bounds] h_acc = 0.01054419843231782, h_cfl = 2.233295140879348e+27
[DEBUG][rank 0][arkAdapt][new-step-after-max-min-bounds] h_acc = 0.01012243049502511, h_cfl = 1.116647570439674e+27
[DEBUG][rank 0][arkAdapt][new-step-eta] eta = 4.53250907582213
[INFO][rank 0][ARKodeEvolve][end-step-attempt] status = success, dsm = 0.00111123036409299
 6.015183160113438e-03    1.224741178552313e+00    1.729963074226947e+00    8.796519068710040e-12    8.689449160215190e-11
------------------------------------------------------------------------------------------------------------------------------
Current time                 = 0.006015183160113438
Steps                        = 3
Step attempts                = 3
Stability limited steps      = 0
Accuracy limited steps       = 3
Error test fails             = 0
NLS step fails               = 0
Inequality constraint fails  = 0
Initial step size            = 0.0001029860256095084
Last step size               = 0.002233295140879348
Current step size            = 0.01012243049502511
Explicit RHS fn evals        = 0
Implicit RHS fn evals        = 44
NLS iters                    = 26
NLS fails                    = 0
NLS iters per step           = 8.666666666666666
LS setups                    = 3
Jac fn evals                 = 1
LS RHS fn evals              = 0
Prec setup evals             = 0
Prec solves                  = 0
LS iters                     = 0
LS fails                     = 0
Jac-times setups             = 0
Jac-times evals              = 0
LS iters per NLS iter        = 0
Jac evals per NLS iter       = 0.03846153846153846
Prec evals per NLS iter      = 0
End ARKStep Logging test
