Start LSRKStep Logging test
                      t                      y                  y err
---------------------------------------------------------------------
  0.000000000000000e+00  0.000000000000000e+00  0.000000000000000e+00
[INFO][rank 0][ARKodeEvolve][begin-step-attempt] step = 1, tn = 0, h = 6.103515625e-12
[INFO][rank 0][lsrkStep_TakeStepSSP104][begin-stage] stage = 0, tcur = 0
[INFO][rank 0][lsrkStep_TakeStepSSP104][end-stage] status = success
[INFO][rank 0][lsrkStep_TakeStepSSP104][begin-stage] stage = 1, tcur = 1.01725260416667e-12
[INFO][rank 0][lsrkStep_TakeStepSSP104][end-stage] status = success
[INFO][rank 0][lsrkStep_TakeStepSSP104][begin-stage] stage = 2, tcur = 2.03450520833333e-12
[INFO][rank 0][lsrkStep_TakeStepSSP104][end-stage] status = success
[INFO][rank 0][lsrkStep_TakeStepSSP104][begin-stage] stage = 3, tcur = 3.0517578125e-12
[INFO][rank 0][lsrkStep_TakeStepSSP104][end-stage] status = success
[INFO][rank 0][lsrkStep_TakeStepSSP104][begin-stage] stage = 4, tcur = 4.06901041666667e-12
[INFO][rank 0][lsrkStep_TakeStepSSP104][end-stage] status = success
[INFO][rank 0][lsrkStep_TakeStepSSP104][begin-stage] stage = 5, tcur = 5.08626302083333e-12
[INFO][rank 0][lsrkStep_TakeStepSSP104][end-stage] status = success
[INFO][rank 0][lsrkStep_TakeStepSSP104][begin-stage] stage = 6, tcur = 2.03450520833333e-12
[INFO][rank 0][lsrkStep_TakeStepSSP104][end-stage] status = success
[INFO][rank 0][lsrkStep_TakeStepSSP104][begin-stage] stage = 7, tcur = 3.0517578125e-12
[INFO][rank 0][lsrkStep_TakeStepSSP104][end-stage] status = success
[INFO][rank 0][lsrkStep_TakeStepSSP104][begin-stage] stage = 8, tcur = 4.06901041666667e-12
[INFO][rank 0][lsrkStep_TakeStepSSP104][end-stage] status = success
[INFO][rank 0][lsrkStep_TakeStepSSP104][begin-stage] stage = 9, tcur = 5.08626302083333e-12
[INFO][rank 0][lsrkStep_TakeStepSSP104][end-stage] status = success
[INFO][rank 0][lsrkStep_TakeStepSSP104][begin-stage] stage = 10, tcur = 6.103515625e-12
[INFO][rank 0][lsrkStep_TakeStepSSP104][end-stage] status = success
[DEBUG][rank 0][arkAdapt][new-step-before-bounds] h_acc = 5.23496031854794e-10, h_cfl = 6.103515625e+18
[DEBUG][rank 0][arkAdapt][new-step-after-max-min-bounds] h_acc = 5.02556190580602e-10, h_cfl = 3.0517578125e+18
[DEBUG][rank 0][arkAdapt][new-step-eta] eta = 82.3388062647258
[INFO][rank 0][ARKodeEvolve][end-step-attempt] status = success, dsm = 0
  6.103515625000001e-12  6.103515625000001e-12  8.077935669463161e-28
[INFO][rank 0][ARKodeEvolve][begin-step-attempt] step = 2, tn = 6.103515625e-12, h = 5.02556190580602e-10
[INFO][rank 0][lsrkStep_TakeStepSSP104][begin-stage] stage = 0, tcur = 6.103515625e-12
[INFO][rank 0][lsrkStep_TakeStepSSP104][end-stage] status = success
[INFO][rank 0][lsrkStep_TakeStepSSP104][begin-stage] stage = 1, tcur = 8.9862880721767e-11
[INFO][rank 0][lsrkStep_TakeStepSSP104][end-stage] status = success
[INFO][rank 0][lsrkStep_TakeStepSSP104][begin-stage] stage = 2, tcur = 1.73622245818534e-10
[INFO][rank 0][lsrkStep_TakeStepSSP104][end-stage] status = success
[INFO][rank 0][lsrkStep_TakeStepSSP104][begin-stage] stage = 3, tcur = 2.57381610915301e-10
[INFO][rank 0][lsrkStep_TakeStepSSP104][end-stage] status = success
[INFO][rank 0][lsrkStep_TakeStepSSP104][begin-stage] stage = 4, tcur = 3.41140976012068e-10
[INFO][rank 0][lsrkStep_TakeStepSSP104][end-stage] status = success
[INFO][rank 0][lsrkStep_TakeStepSSP104][begin-stage] stage = 5, tcur = 4.24900341108835e-10
[INFO][rank 0][lsrkStep_TakeStepSSP104][end-stage] status = success
[INFO][rank 0][lsrkStep_TakeStepSSP104][begin-stage] stage = 6, tcur = 1.73622245818534e-10
[INFO][rank 0][lsrkStep_TakeStepSSP104][end-stage] status = success
[INFO][rank 0][lsrkStep_TakeStepSSP104][begin-stage] stage = 7, tcur = 2.57381610915301e-10
[INFO][rank 0][lsrkStep_TakeStepSSP104][end-stage] status = success
[INFO][rank 0][lsrkStep_TakeStepSSP104][begin-stage] stage = 8, tcur = 3.41140976012068e-10
[INFO][rank 0][lsrkStep_TakeStepSSP104][end-stage] status = success
[INFO][rank 0][lsrkStep_TakeStepSSP104][begin-stage] stage = 9, tcur = 4.24900341108835e-10
[INFO][rank 0][lsrkStep_TakeStepSSP104][end-stage] status = success
[INFO][rank 0][lsrkStep_TakeStepSSP104][begin-stage] stage = 10, tcur = 5.08659706205602e-10
[INFO][rank 0][lsrkStep_TakeStepSSP104][end-stage] status = success
[DEBUG][rank 0][arkAdapt][new-step-before-bounds] h_acc = 8.60038633372306e-09, h_cfl = 5.02556190580602e+20
[DEBUG][rank 0][arkAdapt][new-step-after-max-min-bounds] h_acc = 8.25637088037414e-09, h_cfl = 2.51278095290301e+20
[DEBUG][rank 0][arkAdapt][new-step-eta] eta = 16.4287517199531
[INFO][rank 0][ARKodeEvolve][end-step-attempt] status = success, dsm = 2.06795140516483e-15
  5.086597062056021e-10  5.086597062056018e-10  3.101927297073854e-25
[INFO][rank 0][ARKodeEvolve][begin-step-attempt] step = 3, tn = 5.08659706205602e-10, h = 8.25637088037414e-09
[INFO][rank 0][lsrkStep_TakeStepSSP104][begin-stage] stage = 0, tcur = 5.08659706205602e-10
[INFO][rank 0][lsrkStep_TakeStepSSP104][end-stage] status = success
[INFO][rank 0][lsrkStep_TakeStepSSP104][begin-stage] stage = 1, tcur = 1.88472151960129e-09
[INFO][rank 0][lsrkStep_TakeStepSSP104][end-stage] status = success
[INFO][rank 0][lsrkStep_TakeStepSSP104][begin-stage] stage = 2, tcur = 3.26078333299698e-09
[INFO][rank 0][lsrkStep_TakeStepSSP104][end-stage] status = success
[INFO][rank 0][lsrkStep_TakeStepSSP104][begin-stage] stage = 3, tcur = 4.63684514639267e-09
[INFO][rank 0][lsrkStep_TakeStepSSP104][end-stage] status = success
[INFO][rank 0][lsrkStep_TakeStepSSP104][begin-stage] stage = 4, tcur = 6.01290695978836e-09
[INFO][rank 0][lsrkStep_TakeStepSSP104][end-stage] status = success
[INFO][rank 0][lsrkStep_TakeStepSSP104][begin-stage] stage = 5, tcur = 7.38896877318405e-09
[INFO][rank 0][lsrkStep_TakeStepSSP104][end-stage] status = success
[INFO][rank 0][lsrkStep_TakeStepSSP104][begin-stage] stage = 6, tcur = 3.26078333299698e-09
[INFO][rank 0][lsrkStep_TakeStepSSP104][end-stage] status = success
[INFO][rank 0][lsrkStep_TakeStepSSP104][begin-stage] stage = 7, tcur = 4.63684514639267e-09
[INFO][rank 0][lsrkStep_TakeStepSSP104][end-stage] status = success
[INFO][rank 0][lsrkStep_TakeStepSSP104][begin-stage] stage = 8, tcur = 6.01290695978836e-09
[INFO][rank 0][lsrkStep_TakeStepSSP104][end-stage] status = success
[INFO][rank 0][lsrkStep_TakeStepSSP104][begin-stage] stage = 9, tcur = 7.38896877318405e-09
[INFO][rank 0][lsrkStep_TakeStepSSP104][end-stage] status = success
[INFO][rank 0][lsrkStep_TakeStepSSP104][begin-stage] stage = 10, tcur = 8.76503058657974e-09
[INFO][rank 0][lsrkStep_TakeStepSSP104][end-stage] status = success
[DEBUG][rank 0][arkAdapt][new-step-before-bounds] h_acc = 3.04407858682386e-07, h_cfl = 8.25637088037414e+21
[DEBUG][rank 0][arkAdapt][new-step-after-max-min-bounds] h_acc = 1.65127417607483e-07, h_cfl = 4.12818544018707e+21
[DEBUG][rank 0][arkAdapt][new-step-eta] eta = 20
[INFO][rank 0][ARKodeEvolve][end-step-attempt] status = success, dsm = 3.30870562015982e-14
  8.765030586579745e-09  8.765030586579742e-09  3.308722450212111e-24
---------------------------------------------------------------------
Current time                  = 8.76503058657974e-09
Steps                         = 3
Step attempts                 = 3
Stability limited steps       = 0
Accuracy limited steps        = 3
Error test fails              = 0
NLS step fails                = 0
Inequality constraint fails   = 0
Initial step size             = 6.103515625e-12
Last step size                = 8.25637088037414e-09
Current step size             = 1.65127417607483e-07
RHS fn evals                  = 32
Number of stages used         = 10
End LSRKStep Logging test
