Start SPRKStep Logging test
           t                        q1                       q2                     q3                       q4               
------------------------------------------------------------------------------------------------------------------------------
 0.000000000000000e+00    4.000000000000000e-01    0.000000000000000e+00    0.000000000000000e+00    2.000000000000000e+00
[INFO][rank 0][ARKodeEvolve][begin-step-attempt] step = 1, tn = 0, h = 0.001
[INFO][rank 0][sprkStep_TakeStep][begin-stage] stage = 0, t = 0.0005153528374311229, that = 0.0001344961992774311
[DEBUG][rank 0][sprkStep_TakeStep][stage] z2_0(:) =
4.0000000000000002e-01
0.0000000000000000e+00
0.0000000000000000e+00
2.0000000000000000e+00

[DEBUG][rank 0][sprkStep_TakeStep][stage RHS] f1_0(:) =
0.0000000000000000e+00
0.0000000000000000e+00
-6.2499999999999991e+00
-0.0000000000000000e+00

[DEBUG][rank 0][sprkStep_TakeStep][stage] z1_0(:) =
4.0000000000000002e-01
0.0000000000000000e+00
-8.4060124548394422e-04
2.0000000000000000e+00

[DEBUG][rank 0][sprkStep_TakeStep][stage RHS] f2_0(:) =
-8.4060124548394422e-04
2.0000000000000000e+00
0.0000000000000000e+00
0.0000000000000000e+00

[INFO][rank 0][sprkStep_TakeStep][end-stage] status = success
[INFO][rank 0][sprkStep_TakeStep][begin-stage] stage = 1, t = 0.0004295708180181493, that = -9.032360380198973e-05
[DEBUG][rank 0][sprkStep_TakeStep][stage] z2_1(:) =
3.9999956679376303e-01
1.0307056748622458e-03
-8.4060124548394422e-04
2.0000000000000000e+00

[DEBUG][rank 0][sprkStep_TakeStep][stage RHS] f1_1(:) =
0.0000000000000000e+00
0.0000000000000000e+00
-6.2499512906481511e+00
-1.6104668098815830e-02

[DEBUG][rank 0][sprkStep_TakeStep][stage] z1_1(:) =
3.9999956679376303e-01
1.0307056748622458e-03
5.6451157293554511e-04
2.0000036206483105e+00

[DEBUG][rank 0][sprkStep_TakeStep][stage RHS] f2_1(:) =
5.6451157293554511e-04
2.0000036206483105e+00
0.0000000000000000e+00
0.0000000000000000e+00

[INFO][rank 0][sprkStep_TakeStep][end-stage] status = success
[INFO][rank 0][sprkStep_TakeStep][begin-stage] stage = 2, t = 0.0008711538416346159, that = 0.0006659963967136786
[DEBUG][rank 0][sprkStep_TakeStep][stage] z2_2(:) =
3.9999951836882031e-01
8.5914132544977488e-04
5.6451157293554511e-04
2.0000036206483105e+00

[DEBUG][rank 0][sprkStep_TakeStep][stage RHS] f1_2(:) =
0.0000000000000000e+00
0.0000000000000000e+00
-6.2499718016002399e+00
-1.3424038807715487e-02

[DEBUG][rank 0][sprkStep_TakeStep][stage] z1_2(:) =
3.9999951836882031e-01
8.5914132544977488e-04
-4.1624671032736617e-03
1.9999934677792726e+00

[DEBUG][rank 0][sprkStep_TakeStep][stage RHS] f2_2(:) =
-4.1624671032736617e-03
1.9999934677792726e+00
0.0000000000000000e+00
0.0000000000000000e+00

[INFO][rank 0][sprkStep_TakeStep][end-stage] status = success
[INFO][rank 0][sprkStep_TakeStep][begin-stage] stage = 3, t = 0.001, that = 0.001
[DEBUG][rank 0][sprkStep_TakeStep][stage] z2_3(:) =
3.9999768029401112e-01
1.7423044881649283e-03
-4.1624671032736617e-03
1.9999934677792726e+00

[DEBUG][rank 0][sprkStep_TakeStep][stage RHS] f1_3(:) =
0.0000000000000000e+00
0.0000000000000000e+00
-6.2498946228868002e+00
-2.7223206504621723e-02

[DEBUG][rank 0][sprkStep_TakeStep][stage] z1_3(:) =
3.9999768029401112e-01
1.7423044881649283e-03
-6.2499544274776577e-03
1.9999843751302071e+00

[DEBUG][rank 0][sprkStep_TakeStep][stage RHS] f2_3(:) =
-6.2499544274776577e-03
1.9999843751302071e+00
0.0000000000000000e+00
0.0000000000000000e+00

[INFO][rank 0][sprkStep_TakeStep][end-stage] status = success
[DEBUG][rank 0][sprkStep_TakeStep][updated solution] ycur(:) =
3.9999687501139319e-01
1.9999947916912487e-03
-6.2499544274776577e-03
1.9999843751302071e+00

[INFO][rank 0][ARKodeEvolve][end-step-attempt] status = success
 1.000000000000000e-03    3.999968750113932e-01    1.999994791691249e-03   -6.249954427477658e-03    1.999984375130207e+00
[INFO][rank 0][ARKodeEvolve][begin-step-attempt] step = 2, tn = 0.001, h = 0.001
[INFO][rank 0][sprkStep_TakeStep][begin-stage] stage = 0, t = 0.001515352837431123, that = 0.001134496199277431
[DEBUG][rank 0][sprkStep_TakeStep][stage] z2_0(:) =
3.9999687501139319e-01
1.9999947916912487e-03
-6.2499544274776577e-03
1.9999843751302071e+00

[DEBUG][rank 0][sprkStep_TakeStep][stage RHS] f1_0(:) =
0.0000000000000000e+00
0.0000000000000000e+00
-6.2498632832590486e+00
-3.1249479173917131e-02

[DEBUG][rank 0][sprkStep_TakeStep][stage] z1_0(:) =
3.9999687501139319e-01
1.9999947916912487e-03
-7.0905372850795668e-03
1.9999801721940289e+00

[DEBUG][rank 0][sprkStep_TakeStep][stage RHS] f2_0(:) =
-7.0905372850795668e-03
1.9999801721940289e+00
0.0000000000000000e+00
0.0000000000000000e+00

[INFO][rank 0][sprkStep_TakeStep][end-stage] status = success
[INFO][rank 0][sprkStep_TakeStep][begin-stage] stage = 1, t = 0.001429570818018149, that = 0.0009096763961980103
[DEBUG][rank 0][sprkStep_TakeStep][stage] z2_1(:) =
3.9999322088288441e-01
3.0306902482374271e-03
-7.0905372850795668e-03
1.9999801721940289e+00

[DEBUG][rank 0][sprkStep_TakeStep][stage RHS] f1_1(:) =
0.0000000000000000e+00
0.0000000000000000e+00
-6.2496736664511046e+00
-4.7352865115494969e-02

[DEBUG][rank 0][sprkStep_TakeStep][stage] z1_1(:) =
3.9999322088288441e-01
3.0306902482374271e-03
-5.6854868820773877e-03
1.9999908180558394e+00

[DEBUG][rank 0][sprkStep_TakeStep][stage RHS] f2_1(:) =
-5.6854868820773877e-03
1.9999908180558394e+00
0.0000000000000000e+00
0.0000000000000000e+00

[INFO][rank 0][sprkStep_TakeStep][end-stage] status = success
[INFO][rank 0][sprkStep_TakeStep][begin-stage] stage = 2, t = 0.001871153841634616, that = 0.001665996396713679
[DEBUG][rank 0][sprkStep_TakeStep][stage] z2_2(:) =
3.9999370859543049e-01
2.8591269970571920e-03
-5.6854868820773877e-03
1.9999908180558394e+00

[DEBUG][rank 0][sprkStep_TakeStep][stage RHS] f1_2(:) =
0.0000000000000000e+00
0.0000000000000000e+00
-6.2497176305965656e+00
-4.4672543636670288e-02

[DEBUG][rank 0][sprkStep_TakeStep][stage] z1_2(:) =
3.9999370859543049e-01
2.8591269970571920e-03
-1.0412273323672963e-02
1.9999570313176132e+00

[DEBUG][rank 0][sprkStep_TakeStep][stage RHS] f2_2(:) =
-1.0412273323672963e-02
1.9999570313176132e+00
0.0000000000000000e+00
0.0000000000000000e+00

[INFO][rank 0][sprkStep_TakeStep][end-stage] status = success
[INFO][rank 0][sprkStep_TakeStep][begin-stage] stage = 3, t = 0.002, that = 0.002
[DEBUG][rank 0][sprkStep_TakeStep][stage] z2_3(:) =
3.9998911071229348e-01
3.7422740700494362e-03
-1.0412273323672963e-02
1.9999570313176132e+00

[DEBUG][rank 0][sprkStep_TakeStep][stage RHS] f1_3(:) =
0.0000000000000000e+00
0.0000000000000000e+00
-6.2495197216388769e+00
-5.8470130756569469e-02

[DEBUG][rank 0][sprkStep_TakeStep][stage] z1_3(:) =
3.9998911071229348e-01
3.7422740700494362e-03
-1.2499635429509276e-02
1.9999375020832559e+00

[DEBUG][rank 0][sprkStep_TakeStep][stage RHS] f2_3(:) =
-1.2499635429509276e-02
1.9999375020832559e+00
0.0000000000000000e+00
0.0000000000000000e+00

[INFO][rank 0][sprkStep_TakeStep][end-stage] status = success
[DEBUG][rank 0][sprkStep_TakeStep][updated solution] ycur(:) =
3.9998750018228740e-01
3.9999583341637258e-03
-1.2499635429509276e-02
1.9999375020832559e+00

[INFO][rank 0][ARKodeEvolve][end-step-attempt] status = success
 2.000000000000000e-03    3.999875001822874e-01    3.999958334163726e-03   -1.249963542950928e-02    1.999937502083256e+00
[INFO][rank 0][ARKodeEvolve][begin-step-attempt] step = 3, tn = 0.002, h = 0.001
[INFO][rank 0][sprkStep_TakeStep][begin-stage] stage = 0, t = 0.002515352837431123, that = 0.002134496199277431
[DEBUG][rank 0][sprkStep_TakeStep][stage] z2_0(:) =
3.9998750018228740e-01
3.9999583341637258e-03
-1.2499635429509276e-02
1.9999375020832559e+00

[DEBUG][rank 0][sprkStep_TakeStep][stage RHS] f1_0(:) =
0.0000000000000000e+00
0.0000000000000000e+00
-6.2494531571434671e+00
-6.2495833566022986e-02

[DEBUG][rank 0][sprkStep_TakeStep][stage] z1_0(:) =
3.9998750018228740e-01
3.9999583341637258e-03
-1.3340163126707414e-02
1.9999290966311707e+00

[DEBUG][rank 0][sprkStep_TakeStep][stage RHS] f2_0(:) =
-1.3340163126707414e-02
1.9999290966311707e+00
0.0000000000000000e+00
0.0000000000000000e+00

[INFO][rank 0][sprkStep_TakeStep][end-stage] status = success
[INFO][rank 0][sprkStep_TakeStep][begin-stage] stage = 1, t = 0.00242957081801815, that = 0.00190967639619801
[DEBUG][rank 0][sprkStep_TakeStep][stage] z2_1(:) =
3.9998062529136824e-01
5.0306274687736616e-03
-1.3340163126707414e-02
1.9999290966311707e+00

[DEBUG][rank 0][sprkStep_TakeStep][stage RHS] f1_1(:) =
0.0000000000000000e+00
0.0000000000000000e+00
-6.2491226650180272e+00
-7.8596327288291232e-02

[DEBUG][rank 0][sprkStep_TakeStep][stage] z1_1(:) =
3.9998062529136824e-01
5.0306274687736616e-03
-1.1935236599738917e-02
1.9999467666419943e+00

[DEBUG][rank 0][sprkStep_TakeStep][stage RHS] f2_1(:) =
-1.1935236599738917e-02
1.9999467666419943e+00
0.0000000000000000e+00
0.0000000000000000e+00

[INFO][rank 0][sprkStep_TakeStep][end-stage] status = success
[INFO][rank 0][sprkStep_TakeStep][begin-stage] stage = 2, t = 0.002871153841634616, that = 0.002665996396713679
[DEBUG][rank 0][sprkStep_TakeStep][stage] z2_2(:) =
3.9998164912006595e-01
4.8590679964126641e-03
-1.1935236599738917e-02
1.9999467666419943e+00

[DEBUG][rank 0][sprkStep_TakeStep][stage RHS] f1_2(:) =
0.0000000000000000e+00
0.0000000000000000e+00
-6.2491900755900351e+00
-7.5916581589682328e-02

[DEBUG][rank 0][sprkStep_TakeStep][stage] z1_2(:) =
3.9998164912006595e-01
4.8590679964126641e-03
-1.6661624040931682e-02
1.9998893494129673e+00

[DEBUG][rank 0][sprkStep_TakeStep][stage RHS] f2_2(:) =
-1.6661624040931682e-02
1.9998893494129673e+00
0.0000000000000000e+00
0.0000000000000000e+00

[INFO][rank 0][sprkStep_TakeStep][end-stage] status = success
[INFO][rank 0][sprkStep_TakeStep][begin-stage] stage = 3, t = 0.003, that = 0.003
[DEBUG][rank 0][sprkStep_TakeStep][stage] z2_3(:) =
3.9997429162974357e-01
5.7421851822248102e-03
-1.6661624040931682e-02
1.9998893494129673e+00

[DEBUG][rank 0][sprkStep_TakeStep][stage RHS] f1_3(:) =
0.0000000000000000e+00
0.0000000000000000e+00
-6.2488714714232731e+00
-8.9711208744511550e-02

[DEBUG][rank 0][sprkStep_TakeStep][stage] z1_3(:) =
3.9997429162974357e-01
5.7421851822248102e-03
-1.8748769628860150e-02
1.9998593855459914e+00

[DEBUG][rank 0][sprkStep_TakeStep][stage RHS] f2_3(:) =
-1.8748769628860150e-02
1.9998593855459914e+00
0.0000000000000000e+00
0.0000000000000000e+00

[INFO][rank 0][sprkStep_TakeStep][end-stage] status = success
[DEBUG][rank 0][sprkStep_TakeStep][updated solution] ycur(:) =
3.9997187592280281e-01
5.9998593813233693e-03
-1.8748769628860150e-02
1.9998593855459914e+00

[INFO][rank 0][ARKodeEvolve][end-step-attempt] status = success
 3.000000000000000e-03    3.999718759228028e-01    5.999859381323369e-03   -1.874876962886015e-02    1.999859385545991e+00
------------------------------------------------------------------------------------------------------------------------------
Current time                 = 0.003
Steps                        = 3
Step attempts                = 3
Stability limited steps      = 0
Accuracy limited steps       = 0
Error test fails             = 0
NLS step fails               = 0
Inequality constraint fails  = 0
Initial step size            = 0.001
Last step size               = 0.001
Current step size            = 0.001
f1 RHS fn evals              = 12
f2 RHS fn evals              = 12
End SPRKStep Logging test
