Start MRIStep Logging test
Using Im-MRI-SR method
Using fixed-point nonlinear solver
           t                        u                        v                      u err                    v err            
------------------------------------------------------------------------------------------------------------------------------
 0.000000000000000e+00    1.224744871391589e+00    1.732050807568877e+00    0.000000000000000e+00    0.000000000000000e+00
[INFO][rank 0][ARKodeEvolve][begin-step-attempt] step = 1, tn = 0, h = 0.001
[INFO][rank 0][mriStep_TakeStepMRISR][begin-stage] stage = 0, stage type = -2, tcur = 0
[INFO][rank 0][mriStep_TakeStepMRISR][end-stage] status = success
[INFO][rank 0][mriStep_TakeStepMRISR][begin-stage] stage = 1, stage type = 0, tcur = 0.0005999999999999999
[INFO][rank 0][mriStep_StageERKFast][begin-fast-steps] 
[INFO][rank 0][ARKodeEvolve][begin-step-attempt] step = 1, tn = 0, h = 2.059355438929501e-08
[INFO][rank 0][arkStep_TakeStep_Z][begin-stage] stage = 0, implicit = 0, tcur = 0
[INFO][rank 0][arkStep_TakeStep_Z][end-stage] status = success
[INFO][rank 0][arkStep_TakeStep_Z][begin-stage] stage = 1, implicit = 0, tcur = 1.02967771946475e-08
[INFO][rank 0][arkStep_TakeStep_Z][end-stage] status = success
[INFO][rank 0][arkStep_TakeStep_Z][begin-stage] stage = 2, implicit = 0, tcur = 1.02967771946475e-08
[INFO][rank 0][arkStep_TakeStep_Z][end-stage] status = success
[INFO][rank 0][arkStep_TakeStep_Z][begin-stage] stage = 3, implicit = 0, tcur = 2.059355438929501e-08
[INFO][rank 0][arkStep_TakeStep_Z][end-stage] status = success
[INFO][rank 0][arkStep_TakeStep_Z][begin-stage] stage = 4, implicit = 0, tcur = 1.544516579197126e-08
[INFO][rank 0][arkStep_TakeStep_Z][end-stage] status = success
[INFO][rank 0][arkStep_TakeStep_Z][begin-compute-solution] mass type = 0
[INFO][rank 0][arkStep_TakeStep_Z][end-compute-solution] status = success
[DEBUG][rank 0][arkAdapt][new-step-before-bounds] h_acc = 1.766300713710683e-06, h_cfl = 2.059355438929501e+22
[DEBUG][rank 0][arkAdapt][new-step-after-max-min-bounds] h_acc = 1.695648685162256e-06, h_cfl = 1.029677719464751e+22
[DEBUG][rank 0][arkAdapt][new-step-eta] eta = 82.33880626472583
[INFO][rank 0][ARKodeEvolve][end-step-attempt] status = success, dsm = 4.861712124677889e-19
[INFO][rank 0][ARKodeEvolve][begin-step-attempt] step = 2, tn = 2.059355438929501e-08, h = 1.695648685162256e-06
[INFO][rank 0][arkStep_TakeStep_Z][begin-stage] stage = 0, implicit = 0, tcur = 2.059355438929501e-08
[INFO][rank 0][arkStep_TakeStep_Z][end-stage] status = success
[INFO][rank 0][arkStep_TakeStep_Z][begin-stage] stage = 1, implicit = 0, tcur = 8.68417896970423e-07
[INFO][rank 0][arkStep_TakeStep_Z][end-stage] status = success
[INFO][rank 0][arkStep_TakeStep_Z][begin-stage] stage = 2, implicit = 0, tcur = 8.68417896970423e-07
[INFO][rank 0][arkStep_TakeStep_Z][end-stage] status = success
[INFO][rank 0][arkStep_TakeStep_Z][begin-stage] stage = 3, implicit = 0, tcur = 1.716242239551551e-06
[INFO][rank 0][arkStep_TakeStep_Z][end-stage] status = success
[INFO][rank 0][arkStep_TakeStep_Z][begin-stage] stage = 4, implicit = 0, tcur = 1.292330068260987e-06
[INFO][rank 0][arkStep_TakeStep_Z][end-stage] status = success
[INFO][rank 0][arkStep_TakeStep_Z][begin-compute-solution] mass type = 0
[INFO][rank 0][arkStep_TakeStep_Z][end-compute-solution] status = success
[DEBUG][rank 0][arkAdapt][new-step-before-bounds] h_acc = 2.901811588832878e-05, h_cfl = 1.695648685162256e+24
[DEBUG][rank 0][arkAdapt][new-step-after-max-min-bounds] h_acc = 2.785739125279562e-05, h_cfl = 8.47824342581128e+23
[DEBUG][rank 0][arkAdapt][new-step-eta] eta = 16.4287517199531
[INFO][rank 0][ARKodeEvolve][end-step-attempt] status = success, dsm = 3.270050270926313e-15
[INFO][rank 0][ARKodeEvolve][begin-step-attempt] step = 3, tn = 1.716242239551551e-06, h = 2.785739125279562e-05
[INFO][rank 0][arkStep_TakeStep_Z][begin-stage] stage = 0, implicit = 0, tcur = 1.716242239551551e-06
[INFO][rank 0][arkStep_TakeStep_Z][end-stage] status = success
[INFO][rank 0][arkStep_TakeStep_Z][begin-stage] stage = 1, implicit = 0, tcur = 1.564493786594936e-05
[INFO][rank 0][arkStep_TakeStep_Z][end-stage] status = success
[INFO][rank 0][arkStep_TakeStep_Z][begin-stage] stage = 2, implicit = 0, tcur = 1.564493786594936e-05
[INFO][rank 0][arkStep_TakeStep_Z][end-stage] status = success
[INFO][rank 0][arkStep_TakeStep_Z][begin-stage] stage = 3, implicit = 0, tcur = 2.957363349234717e-05
[INFO][rank 0][arkStep_TakeStep_Z][end-stage] status = success
[INFO][rank 0][arkStep_TakeStep_Z][begin-stage] stage = 4, implicit = 0, tcur = 2.260928567914827e-05
[INFO][rank 0][arkStep_TakeStep_Z][end-stage] status = success
[INFO][rank 0][arkStep_TakeStep_Z][begin-compute-solution] mass type = 0
[INFO][rank 0][arkStep_TakeStep_Z][end-compute-solution] status = success
[DEBUG][rank 0][arkAdapt][new-step-before-bounds] h_acc = 0.0008040108168818409, h_cfl = 2.785739125279562e+25
[DEBUG][rank 0][arkAdapt][new-step-after-max-min-bounds] h_acc = 0.0005571478250559124, h_cfl = 1.392869562639781e+25
[DEBUG][rank 0][arkAdapt][new-step-eta] eta = 20
[INFO][rank 0][ARKodeEvolve][end-step-attempt] status = success, dsm = 2.365757457818316e-10
[INFO][rank 0][ARKodeEvolve][begin-step-attempt] step = 4, tn = 2.957363349234717e-05, h = 0.0005571478250559124
[INFO][rank 0][arkStep_TakeStep_Z][begin-stage] stage = 0, implicit = 0, tcur = 2.957363349234717e-05
[INFO][rank 0][arkStep_TakeStep_Z][end-stage] status = success
[INFO][rank 0][arkStep_TakeStep_Z][begin-stage] stage = 1, implicit = 0, tcur = 0.0003081475460203033
[INFO][rank 0][arkStep_TakeStep_Z][end-stage] status = success
[INFO][rank 0][arkStep_TakeStep_Z][begin-stage] stage = 2, implicit = 0, tcur = 0.0003081475460203033
[INFO][rank 0][arkStep_TakeStep_Z][end-stage] status = success
[INFO][rank 0][arkStep_TakeStep_Z][begin-stage] stage = 3, implicit = 0, tcur = 0.0005867214585482596
[INFO][rank 0][arkStep_TakeStep_Z][end-stage] status = success
[INFO][rank 0][arkStep_TakeStep_Z][begin-stage] stage = 4, implicit = 0, tcur = 0.0004474345022842815
[INFO][rank 0][arkStep_TakeStep_Z][end-stage] status = success
[INFO][rank 0][arkStep_TakeStep_Z][begin-compute-solution] mass type = 0
[INFO][rank 0][arkStep_TakeStep_Z][end-compute-solution] status = success
[DEBUG][rank 0][arkAdapt][new-step-before-bounds] h_acc = 0.001732294472367856, h_cfl = 5.571478250559124e+26
[DEBUG][rank 0][arkAdapt][new-step-after-max-min-bounds] h_acc = 0.001663002693473142, h_cfl = 2.785739125279562e+26
[DEBUG][rank 0][arkAdapt][new-step-eta] eta = 2.984850014098595
[INFO][rank 0][ARKodeEvolve][end-step-attempt] status = success, dsm = 3.787223456299231e-05
[INFO][rank 0][ARKodeEvolve][begin-step-attempt] step = 5, tn = 0.0005867214585482596, h = 1.327854145174034e-05
[INFO][rank 0][arkStep_TakeStep_Z][begin-stage] stage = 0, implicit = 0, tcur = 0.0005867214585482596
[INFO][rank 0][arkStep_TakeStep_Z][end-stage] status = success
[INFO][rank 0][arkStep_TakeStep_Z][begin-stage] stage = 1, implicit = 0, tcur = 0.0005933607292741297
[INFO][rank 0][arkStep_TakeStep_Z][end-stage] status = success
[INFO][rank 0][arkStep_TakeStep_Z][begin-stage] stage = 2, implicit = 0, tcur = 0.0005933607292741297
[INFO][rank 0][arkStep_TakeStep_Z][end-stage] status = success
[INFO][rank 0][arkStep_TakeStep_Z][begin-stage] stage = 3, implicit = 0, tcur = 0.0005999999999999999
[INFO][rank 0][arkStep_TakeStep_Z][end-stage] status = success
[INFO][rank 0][arkStep_TakeStep_Z][begin-stage] stage = 4, implicit = 0, tcur = 0.0005966803646370648
[INFO][rank 0][arkStep_TakeStep_Z][end-stage] status = success
[INFO][rank 0][arkStep_TakeStep_Z][begin-compute-solution] mass type = 0
[INFO][rank 0][arkStep_TakeStep_Z][end-compute-solution] status = success
[DEBUG][rank 0][arkAdapt][new-step-before-bounds] h_acc = 0.00118656220548466, h_cfl = 1.327854145174034e+25
[DEBUG][rank 0][arkAdapt][new-step-after-max-min-bounds] h_acc = 0.0002655708290348068, h_cfl = 6.63927072587017e+24
[DEBUG][rank 0][arkAdapt][new-step-eta] eta = 20
[INFO][rank 0][ARKodeEvolve][end-step-attempt] status = success, dsm = 1.221308228319648e-11
[INFO][rank 0][mriStep_StageERKFast][end-fast-steps] status = success
[INFO][rank 0][mriStep_Nls][begin-nonlinear-solve] tol = 0.1
[INFO][rank 0][SUNNonlinSolSolve_FixedPoint][nonlinear-solver] solver = Fixed-Point
[INFO][rank 0][SUNNonlinSolSolve_FixedPoint][begin-nonlinear-iterate] 
[INFO][rank 0][SUNNonlinSolSolve_FixedPoint][nonlinear-iterate] cur-iter = 1, update-norm = 8.484795600596831
[INFO][rank 0][SUNNonlinSolSolve_FixedPoint][end-nonlinear-iterate] status = continue
[INFO][rank 0][SUNNonlinSolSolve_FixedPoint][begin-nonlinear-iterate] 
[INFO][rank 0][SUNNonlinSolSolve_FixedPoint][nonlinear-iterate] cur-iter = 2, update-norm = 0.002839677462856478
[INFO][rank 0][SUNNonlinSolSolve_FixedPoint][end-nonlinear-iterate] status = success
[INFO][rank 0][mriStep_Nls][end-nonlinear-solve] status = success, iters = 2
[INFO][rank 0][mriStep_TakeStepMRISR][end-stage] status = success
[INFO][rank 0][mriStep_TakeStepMRISR][begin-stage] stage = 2, stage type = 0, tcur = 0.0002666666666666667
[DEBUG][rank 0][mriStepInnerStepper_Reset][reset-inner-state] tR = 0
[INFO][rank 0][mriStep_StageERKFast][begin-fast-steps] 
[INFO][rank 0][ARKodeEvolve][begin-step-attempt] step = 6, tn = 0, h = 0.0002655708290348068
[INFO][rank 0][arkStep_TakeStep_Z][begin-stage] stage = 0, implicit = 0, tcur = 0
[INFO][rank 0][arkStep_TakeStep_Z][end-stage] status = success
[INFO][rank 0][arkStep_TakeStep_Z][begin-stage] stage = 1, implicit = 0, tcur = 0.0001327854145174034
[INFO][rank 0][arkStep_TakeStep_Z][end-stage] status = success
[INFO][rank 0][arkStep_TakeStep_Z][begin-stage] stage = 2, implicit = 0, tcur = 0.0001327854145174034
[INFO][rank 0][arkStep_TakeStep_Z][end-stage] status = success
[INFO][rank 0][arkStep_TakeStep_Z][begin-stage] stage = 3, implicit = 0, tcur = 0.0002655708290348068
[INFO][rank 0][arkStep_TakeStep_Z][end-stage] status = success
[INFO][rank 0][arkStep_TakeStep_Z][begin-stage] stage = 4, implicit = 0, tcur = 0.0001991781217761051
[INFO][rank 0][arkStep_TakeStep_Z][end-stage] status = success
[INFO][rank 0][arkStep_TakeStep_Z][begin-compute-solution] mass type = 0
[INFO][rank 0][arkStep_TakeStep_Z][end-compute-solution] status = success
[DEBUG][rank 0][arkAdapt][new-step-before-bounds] h_acc = 0.0008617674215266165, h_cfl = 2.655708290348068e+26
[DEBUG][rank 0][arkAdapt][new-step-after-max-min-bounds] h_acc = 0.0008272967246655518, h_cfl = 1.327854145174034e+26
[DEBUG][rank 0][arkAdapt][new-step-eta] eta = 3.11516414537051
[INFO][rank 0][ARKodeEvolve][end-step-attempt] status = success, dsm = 1.954469364509253e-06
[INFO][rank 0][ARKodeEvolve][begin-step-attempt] step = 7, tn = 0.0002655708290348068, h = 1.095837631859871e-06
[INFO][rank 0][arkStep_TakeStep_Z][begin-stage] stage = 0, implicit = 0, tcur = 0.0002655708290348068
[INFO][rank 0][arkStep_TakeStep_Z][end-stage] status = success
[INFO][rank 0][arkStep_TakeStep_Z][begin-stage] stage = 1, implicit = 0, tcur = 0.0002661187478507367
[INFO][rank 0][arkStep_TakeStep_Z][end-stage] status = success
[INFO][rank 0][arkStep_TakeStep_Z][begin-stage] stage = 2, implicit = 0, tcur = 0.0002661187478507367
[INFO][rank 0][arkStep_TakeStep_Z][end-stage] status = success
[INFO][rank 0][arkStep_TakeStep_Z][begin-stage] stage = 3, implicit = 0, tcur = 0.0002666666666666667
[INFO][rank 0][arkStep_TakeStep_Z][end-stage] status = success
[INFO][rank 0][arkStep_TakeStep_Z][begin-stage] stage = 4, implicit = 0, tcur = 0.0002663927072587017
[INFO][rank 0][arkStep_TakeStep_Z][end-stage] status = success
[INFO][rank 0][arkStep_TakeStep_Z][begin-compute-solution] mass type = 0
[INFO][rank 0][arkStep_TakeStep_Z][end-compute-solution] status = success
[DEBUG][rank 0][arkAdapt][new-step-before-bounds] h_acc = 8.300634400131705e-05, h_cfl = 1.095837631859871e+24
[DEBUG][rank 0][arkAdapt][new-step-after-max-min-bounds] h_acc = 2.191675263719742e-05, h_cfl = 5.479188159299354e+23
[DEBUG][rank 0][arkAdapt][new-step-eta] eta = 20
[INFO][rank 0][ARKodeEvolve][end-step-attempt] status = success, dsm = 4.646426838510152e-16
[INFO][rank 0][mriStep_StageERKFast][end-fast-steps] status = success
[INFO][rank 0][mriStep_Nls][begin-nonlinear-solve] tol = 0.1
[INFO][rank 0][SUNNonlinSolSolve_FixedPoint][nonlinear-solver] solver = Fixed-Point
[INFO][rank 0][SUNNonlinSolSolve_FixedPoint][begin-nonlinear-iterate] 
[INFO][rank 0][SUNNonlinSolSolve_FixedPoint][nonlinear-iterate] cur-iter = 1, update-norm = 1.676008618859752
[INFO][rank 0][SUNNonlinSolSolve_FixedPoint][end-nonlinear-iterate] status = continue
[INFO][rank 0][SUNNonlinSolSolve_FixedPoint][begin-nonlinear-iterate] 
[INFO][rank 0][SUNNonlinSolSolve_FixedPoint][nonlinear-iterate] cur-iter = 2, update-norm = 0.0005643456517840985
[INFO][rank 0][SUNNonlinSolSolve_FixedPoint][end-nonlinear-iterate] status = success
[INFO][rank 0][mriStep_Nls][end-nonlinear-solve] status = success, iters = 2
[INFO][rank 0][mriStep_TakeStepMRISR][end-stage] status = success
[INFO][rank 0][mriStep_TakeStepMRISR][begin-stage] stage = 3, stage type = 0, tcur = 0.001
[DEBUG][rank 0][mriStepInnerStepper_Reset][reset-inner-state] tR = 0
[INFO][rank 0][mriStep_StageERKFast][begin-fast-steps] 
[INFO][rank 0][ARKodeEvolve][begin-step-attempt] step = 8, tn = 0, h = 2.191675263719742e-05
[INFO][rank 0][arkStep_TakeStep_Z][begin-stage] stage = 0, implicit = 0, tcur = 0
[INFO][rank 0][arkStep_TakeStep_Z][end-stage] status = success
[INFO][rank 0][arkStep_TakeStep_Z][begin-stage] stage = 1, implicit = 0, tcur = 1.095837631859871e-05
[INFO][rank 0][arkStep_TakeStep_Z][end-stage] status = success
[INFO][rank 0][arkStep_TakeStep_Z][begin-stage] stage = 2, implicit = 0, tcur = 1.095837631859871e-05
[INFO][rank 0][arkStep_TakeStep_Z][end-stage] status = success
[INFO][rank 0][arkStep_TakeStep_Z][begin-stage] stage = 3, implicit = 0, tcur = 2.191675263719742e-05
[INFO][rank 0][arkStep_TakeStep_Z][end-stage] status = success
[INFO][rank 0][arkStep_TakeStep_Z][begin-stage] stage = 4, implicit = 0, tcur = 1.643756447789806e-05
[INFO][rank 0][arkStep_TakeStep_Z][end-stage] status = success
[INFO][rank 0][arkStep_TakeStep_Z][begin-compute-solution] mass type = 0
[INFO][rank 0][arkStep_TakeStep_Z][end-compute-solution] status = success
[DEBUG][rank 0][arkAdapt][new-step-before-bounds] h_acc = 0.0005404330240967631, h_cfl = 2.191675263719742e+25
[DEBUG][rank 0][arkAdapt][new-step-after-max-min-bounds] h_acc = 0.0004383350527439483, h_cfl = 1.095837631859871e+25
[DEBUG][rank 0][arkAdapt][new-step-eta] eta = 20
[INFO][rank 0][ARKodeEvolve][end-step-attempt] status = success, dsm = 9.064449683586706e-11
[INFO][rank 0][ARKodeEvolve][begin-step-attempt] step = 9, tn = 2.191675263719742e-05, h = 0.0004383350527439483
[INFO][rank 0][arkStep_TakeStep_Z][begin-stage] stage = 0, implicit = 0, tcur = 2.191675263719742e-05
[INFO][rank 0][arkStep_TakeStep_Z][end-stage] status = success
[INFO][rank 0][arkStep_TakeStep_Z][begin-stage] stage = 1, implicit = 0, tcur = 0.0002410842790091716
[INFO][rank 0][arkStep_TakeStep_Z][end-stage] status = success
[INFO][rank 0][arkStep_TakeStep_Z][begin-stage] stage = 2, implicit = 0, tcur = 0.0002410842790091716
[INFO][rank 0][arkStep_TakeStep_Z][end-stage] status = success
[INFO][rank 0][arkStep_TakeStep_Z][begin-stage] stage = 3, implicit = 0, tcur = 0.0004602518053811457
[INFO][rank 0][arkStep_TakeStep_Z][end-stage] status = success
[INFO][rank 0][arkStep_TakeStep_Z][begin-stage] stage = 4, implicit = 0, tcur = 0.0003506680421951587
[INFO][rank 0][arkStep_TakeStep_Z][end-stage] status = success
[INFO][rank 0][arkStep_TakeStep_Z][begin-compute-solution] mass type = 0
[INFO][rank 0][arkStep_TakeStep_Z][end-compute-solution] status = success
[DEBUG][rank 0][arkAdapt][new-step-before-bounds] h_acc = 0.001534113512840757, h_cfl = 4.383350527439483e+26
[DEBUG][rank 0][arkAdapt][new-step-after-max-min-bounds] h_acc = 0.001472748972327127, h_cfl = 2.191675263719742e+26
[DEBUG][rank 0][arkAdapt][new-step-eta] eta = 3.359870407597604
[INFO][rank 0][ARKodeEvolve][end-step-attempt] status = success, dsm = 1.450809670049984e-05
[INFO][rank 0][ARKodeEvolve][begin-step-attempt] step = 10, tn = 0.0004602518053811457, h = 0.0005397481946188539
[INFO][rank 0][arkStep_TakeStep_Z][begin-stage] stage = 0, implicit = 0, tcur = 0.0004602518053811457
[INFO][rank 0][arkStep_TakeStep_Z][end-stage] status = success
[INFO][rank 0][arkStep_TakeStep_Z][begin-stage] stage = 1, implicit = 0, tcur = 0.0007301259026905727
[INFO][rank 0][arkStep_TakeStep_Z][end-stage] status = success
[INFO][rank 0][arkStep_TakeStep_Z][begin-stage] stage = 2, implicit = 0, tcur = 0.0007301259026905727
[INFO][rank 0][arkStep_TakeStep_Z][end-stage] status = success
[INFO][rank 0][arkStep_TakeStep_Z][begin-stage] stage = 3, implicit = 0, tcur = 0.0009999999999999996
[INFO][rank 0][arkStep_TakeStep_Z][end-stage] status = success
[INFO][rank 0][arkStep_TakeStep_Z][begin-stage] stage = 4, implicit = 0, tcur = 0.0008650629513452862
[INFO][rank 0][arkStep_TakeStep_Z][end-stage] status = success
[INFO][rank 0][arkStep_TakeStep_Z][begin-compute-solution] mass type = 0
[INFO][rank 0][arkStep_TakeStep_Z][end-compute-solution] status = success
[DEBUG][rank 0][arkAdapt][new-step-before-bounds] h_acc = 0.003682859333259777, h_cfl = 5.397481946188539e+26
[DEBUG][rank 0][arkAdapt][new-step-after-max-min-bounds] h_acc = 0.003535544959929386, h_cfl = 2.698740973094269e+26
[DEBUG][rank 0][arkAdapt][new-step-eta] eta = 6.550359955212135
[INFO][rank 0][ARKodeEvolve][end-step-attempt] status = success, dsm = 3.335844435520364e-05
[INFO][rank 0][mriStep_StageERKFast][end-fast-steps] status = success
[INFO][rank 0][mriStep_Nls][begin-nonlinear-solve] tol = 0.1
[INFO][rank 0][SUNNonlinSolSolve_FixedPoint][nonlinear-solver] solver = Fixed-Point
[INFO][rank 0][SUNNonlinSolSolve_FixedPoint][begin-nonlinear-iterate] 
[INFO][rank 0][SUNNonlinSolSolve_FixedPoint][nonlinear-iterate] cur-iter = 1, update-norm = 23.56853116193789
[INFO][rank 0][SUNNonlinSolSolve_FixedPoint][end-nonlinear-iterate] status = continue
[INFO][rank 0][SUNNonlinSolSolve_FixedPoint][begin-nonlinear-iterate] 
[INFO][rank 0][SUNNonlinSolSolve_FixedPoint][nonlinear-iterate] cur-iter = 2, update-norm = 0.007921301090223275
[INFO][rank 0][SUNNonlinSolSolve_FixedPoint][end-nonlinear-iterate] status = success
[INFO][rank 0][mriStep_Nls][end-nonlinear-solve] status = success, iters = 2
[INFO][rank 0][mriStep_TakeStepMRISR][end-stage] status = success
[INFO][rank 0][ARKodeEvolve][end-step-attempt] status = success
 1.000000000000000e-03    1.224744769293108e+00    1.731993073495728e+00    3.641287271705096e-11    8.487210934049472e-12
[INFO][rank 0][ARKodeEvolve][begin-step-attempt] step = 2, tn = 0.001, h = 0.001
[INFO][rank 0][mriStep_TakeStepMRISR][begin-stage] stage = 0, stage type = -2, tcur = 0.001
[INFO][rank 0][mriStep_TakeStepMRISR][end-stage] status = success
[INFO][rank 0][mriStep_TakeStepMRISR][begin-stage] stage = 1, stage type = 0, tcur = 0.0016
[INFO][rank 0][mriStep_StageERKFast][begin-fast-steps] 
[INFO][rank 0][ARKodeEvolve][begin-step-attempt] step = 11, tn = 0.001, h = 0.0005999999999999993
[INFO][rank 0][arkStep_TakeStep_Z][begin-stage] stage = 0, implicit = 0, tcur = 0.001
[INFO][rank 0][arkStep_TakeStep_Z][end-stage] status = success
[INFO][rank 0][arkStep_TakeStep_Z][begin-stage] stage = 1, implicit = 0, tcur = 0.0013
[INFO][rank 0][arkStep_TakeStep_Z][end-stage] status = success
[INFO][rank 0][arkStep_TakeStep_Z][begin-stage] stage = 2, implicit = 0, tcur = 0.0013
[INFO][rank 0][arkStep_TakeStep_Z][end-stage] status = success
[INFO][rank 0][arkStep_TakeStep_Z][begin-stage] stage = 3, implicit = 0, tcur = 0.001599999999999999
[INFO][rank 0][arkStep_TakeStep_Z][end-stage] status = success
[INFO][rank 0][arkStep_TakeStep_Z][begin-stage] stage = 4, implicit = 0, tcur = 0.001449999999999999
[INFO][rank 0][arkStep_TakeStep_Z][end-stage] status = success
[INFO][rank 0][arkStep_TakeStep_Z][begin-compute-solution] mass type = 0
[INFO][rank 0][arkStep_TakeStep_Z][end-compute-solution] status = success
[DEBUG][rank 0][arkAdapt][new-step-before-bounds] h_acc = 0.002681794541412499, h_cfl = 5.999999999999993e+26
[DEBUG][rank 0][arkAdapt][new-step-after-max-min-bounds] h_acc = 0.002574522759755999, h_cfl = 2.999999999999997e+26
[DEBUG][rank 0][arkAdapt][new-step-eta] eta = 4.290871266260003
[INFO][rank 0][ARKodeEvolve][end-step-attempt] status = success, dsm = 5.094654015963828e-05
[INFO][rank 0][mriStep_StageERKFast][end-fast-steps] status = success
[INFO][rank 0][mriStep_Nls][begin-nonlinear-solve] tol = 0.1
[INFO][rank 0][SUNNonlinSolSolve_FixedPoint][nonlinear-solver] solver = Fixed-Point
[INFO][rank 0][SUNNonlinSolSolve_FixedPoint][begin-nonlinear-iterate] 
[INFO][rank 0][SUNNonlinSolSolve_FixedPoint][nonlinear-iterate] cur-iter = 1, update-norm = 36.76658769079079
[INFO][rank 0][SUNNonlinSolSolve_FixedPoint][end-nonlinear-iterate] status = continue
[INFO][rank 0][SUNNonlinSolSolve_FixedPoint][begin-nonlinear-iterate] 
[INFO][rank 0][SUNNonlinSolSolve_FixedPoint][nonlinear-iterate] cur-iter = 2, update-norm = 0.01234458166289366
[INFO][rank 0][SUNNonlinSolSolve_FixedPoint][end-nonlinear-iterate] status = success
[INFO][rank 0][mriStep_Nls][end-nonlinear-solve] status = success, iters = 2
[INFO][rank 0][mriStep_TakeStepMRISR][end-stage] status = success
[INFO][rank 0][mriStep_TakeStepMRISR][begin-stage] stage = 2, stage type = 0, tcur = 0.001266666666666667
[DEBUG][rank 0][mriStepInnerStepper_Reset][reset-inner-state] tR = 0.001
[INFO][rank 0][mriStep_StageERKFast][begin-fast-steps] 
[INFO][rank 0][ARKodeEvolve][begin-step-attempt] step = 12, tn = 0.001, h = 0.0002666666666666666
[INFO][rank 0][arkStep_TakeStep_Z][begin-stage] stage = 0, implicit = 0, tcur = 0.001
[INFO][rank 0][arkStep_TakeStep_Z][end-stage] status = success
[INFO][rank 0][arkStep_TakeStep_Z][begin-stage] stage = 1, implicit = 0, tcur = 0.001133333333333333
[INFO][rank 0][arkStep_TakeStep_Z][end-stage] status = success
[INFO][rank 0][arkStep_TakeStep_Z][begin-stage] stage = 2, implicit = 0, tcur = 0.001133333333333333
[INFO][rank 0][arkStep_TakeStep_Z][end-stage] status = success
[INFO][rank 0][arkStep_TakeStep_Z][begin-stage] stage = 3, implicit = 0, tcur = 0.001266666666666667
[INFO][rank 0][arkStep_TakeStep_Z][end-stage] status = success
[INFO][rank 0][arkStep_TakeStep_Z][begin-stage] stage = 4, implicit = 0, tcur = 0.0012
[INFO][rank 0][arkStep_TakeStep_Z][end-stage] status = success
[INFO][rank 0][arkStep_TakeStep_Z][begin-compute-solution] mass type = 0
[INFO][rank 0][arkStep_TakeStep_Z][end-compute-solution] status = success
[DEBUG][rank 0][arkAdapt][new-step-before-bounds] h_acc = 0.002235868673761018, h_cfl = 2.666666666666666e+26
[DEBUG][rank 0][arkAdapt][new-step-after-max-min-bounds] h_acc = 0.002146433926810577, h_cfl = 1.333333333333333e+26
[DEBUG][rank 0][arkAdapt][new-step-eta] eta = 8.049127225539666
[INFO][rank 0][ARKodeEvolve][end-step-attempt] status = success, dsm = 1.987182826571203e-06
[INFO][rank 0][mriStep_StageERKFast][end-fast-steps] status = success
[INFO][rank 0][mriStep_Nls][begin-nonlinear-solve] tol = 0.1
[INFO][rank 0][SUNNonlinSolSolve_FixedPoint][nonlinear-solver] solver = Fixed-Point
[INFO][rank 0][SUNNonlinSolSolve_FixedPoint][begin-nonlinear-iterate] 
[INFO][rank 0][SUNNonlinSolSolve_FixedPoint][nonlinear-iterate] cur-iter = 1, update-norm = 14.24595765940638
[INFO][rank 0][SUNNonlinSolSolve_FixedPoint][end-nonlinear-iterate] status = continue
[INFO][rank 0][SUNNonlinSolSolve_FixedPoint][begin-nonlinear-iterate] 
[INFO][rank 0][SUNNonlinSolSolve_FixedPoint][nonlinear-iterate] cur-iter = 2, update-norm = 0.004788932282498826
[INFO][rank 0][SUNNonlinSolSolve_FixedPoint][end-nonlinear-iterate] status = success
[INFO][rank 0][mriStep_Nls][end-nonlinear-solve] status = success, iters = 2
[INFO][rank 0][mriStep_TakeStepMRISR][end-stage] status = success
[INFO][rank 0][mriStep_TakeStepMRISR][begin-stage] stage = 3, stage type = 0, tcur = 0.002
[DEBUG][rank 0][mriStepInnerStepper_Reset][reset-inner-state] tR = 0.001
[INFO][rank 0][mriStep_StageERKFast][begin-fast-steps] 
[INFO][rank 0][ARKodeEvolve][begin-step-attempt] step = 13, tn = 0.001, h = 0.0009999999999999992
[INFO][rank 0][arkStep_TakeStep_Z][begin-stage] stage = 0, implicit = 0, tcur = 0.001
[INFO][rank 0][arkStep_TakeStep_Z][end-stage] status = success
[INFO][rank 0][arkStep_TakeStep_Z][begin-stage] stage = 1, implicit = 0, tcur = 0.0015
[INFO][rank 0][arkStep_TakeStep_Z][end-stage] status = success
[INFO][rank 0][arkStep_TakeStep_Z][begin-stage] stage = 2, implicit = 0, tcur = 0.0015
[INFO][rank 0][arkStep_TakeStep_Z][end-stage] status = success
[INFO][rank 0][arkStep_TakeStep_Z][begin-stage] stage = 3, implicit = 0, tcur = 0.001999999999999999
[INFO][rank 0][arkStep_TakeStep_Z][end-stage] status = success
[INFO][rank 0][arkStep_TakeStep_Z][begin-stage] stage = 4, implicit = 0, tcur = 0.001749999999999999
[INFO][rank 0][arkStep_TakeStep_Z][end-stage] status = success
[INFO][rank 0][arkStep_TakeStep_Z][begin-compute-solution] mass type = 0
[INFO][rank 0][arkStep_TakeStep_Z][end-compute-solution] status = success
[DEBUG][rank 0][arkAdapt][new-step-before-bounds] h_acc = 0.002369991518741408, h_cfl = 9.999999999999992e+26
[DEBUG][rank 0][arkAdapt][new-step-after-max-min-bounds] h_acc = 0.002275191857991752, h_cfl = 4.999999999999996e+26
[DEBUG][rank 0][arkAdapt][new-step-eta] eta = 2.275191857991754
[INFO][rank 0][ARKodeEvolve][end-step-attempt] status = success, dsm = 0.0003932614628789052
[INFO][rank 0][mriStep_StageERKFast][end-fast-steps] status = success
[INFO][rank 0][mriStep_Nls][begin-nonlinear-solve] tol = 0.1
[INFO][rank 0][SUNNonlinSolSolve_FixedPoint][nonlinear-solver] solver = Fixed-Point
[INFO][rank 0][SUNNonlinSolSolve_FixedPoint][begin-nonlinear-iterate] 
[INFO][rank 0][SUNNonlinSolSolve_FixedPoint][nonlinear-iterate] cur-iter = 1, update-norm = 70.70322912588983
[INFO][rank 0][SUNNonlinSolSolve_FixedPoint][end-nonlinear-iterate] status = continue
[INFO][rank 0][SUNNonlinSolSolve_FixedPoint][begin-nonlinear-iterate] 
[INFO][rank 0][SUNNonlinSolSolve_FixedPoint][nonlinear-iterate] cur-iter = 2, update-norm = 0.02376154766714745
[INFO][rank 0][SUNNonlinSolSolve_FixedPoint][end-nonlinear-iterate] status = success
[INFO][rank 0][mriStep_Nls][end-nonlinear-solve] status = success, iters = 2
[INFO][rank 0][mriStep_TakeStepMRISR][end-stage] status = success
[INFO][rank 0][ARKodeEvolve][end-step-attempt] status = success
 2.000000000000000e-03    1.224744463044450e+00    1.731819882840759e+00    9.891665264660787e-11    1.686029094116748e-11
[INFO][rank 0][ARKodeEvolve][begin-step-attempt] step = 3, tn = 0.002, h = 0.001
[INFO][rank 0][mriStep_TakeStepMRISR][begin-stage] stage = 0, stage type = -2, tcur = 0.002
[INFO][rank 0][mriStep_TakeStepMRISR][end-stage] status = success
[INFO][rank 0][mriStep_TakeStepMRISR][begin-stage] stage = 1, stage type = 0, tcur = 0.0026
[INFO][rank 0][mriStep_StageERKFast][begin-fast-steps] 
[INFO][rank 0][ARKodeEvolve][begin-step-attempt] step = 14, tn = 0.002, h = 0.0005999999999999993
[INFO][rank 0][arkStep_TakeStep_Z][begin-stage] stage = 0, implicit = 0, tcur = 0.002
[INFO][rank 0][arkStep_TakeStep_Z][end-stage] status = success
[INFO][rank 0][arkStep_TakeStep_Z][begin-stage] stage = 1, implicit = 0, tcur = 0.0023
[INFO][rank 0][arkStep_TakeStep_Z][end-stage] status = success
[INFO][rank 0][arkStep_TakeStep_Z][begin-stage] stage = 2, implicit = 0, tcur = 0.0023
[INFO][rank 0][arkStep_TakeStep_Z][end-stage] status = success
[INFO][rank 0][arkStep_TakeStep_Z][begin-stage] stage = 3, implicit = 0, tcur = 0.002599999999999999
[INFO][rank 0][arkStep_TakeStep_Z][end-stage] status = success
[INFO][rank 0][arkStep_TakeStep_Z][begin-stage] stage = 4, implicit = 0, tcur = 0.002449999999999999
[INFO][rank 0][arkStep_TakeStep_Z][end-stage] status = success
[INFO][rank 0][arkStep_TakeStep_Z][begin-compute-solution] mass type = 0
[INFO][rank 0][arkStep_TakeStep_Z][end-compute-solution] status = success
[DEBUG][rank 0][arkAdapt][new-step-before-bounds] h_acc = 0.003405458426380418, h_cfl = 5.999999999999993e+26
[DEBUG][rank 0][arkAdapt][new-step-after-max-min-bounds] h_acc = 0.003269240089325201, h_cfl = 2.999999999999997e+26
[DEBUG][rank 0][arkAdapt][new-step-eta] eta = 5.448733482208675
[INFO][rank 0][ARKodeEvolve][end-step-attempt] status = success, dsm = 5.096614193273577e-05
[INFO][rank 0][mriStep_StageERKFast][end-fast-steps] status = success
[INFO][rank 0][mriStep_Nls][begin-nonlinear-solve] tol = 0.1
[INFO][rank 0][SUNNonlinSolSolve_FixedPoint][nonlinear-solver] solver = Fixed-Point
[INFO][rank 0][SUNNonlinSolSolve_FixedPoint][begin-nonlinear-iterate] 
[INFO][rank 0][SUNNonlinSolSolve_FixedPoint][nonlinear-iterate] cur-iter = 1, update-norm = 65.04725301387548
[INFO][rank 0][SUNNonlinSolSolve_FixedPoint][end-nonlinear-iterate] status = continue
[INFO][rank 0][SUNNonlinSolSolve_FixedPoint][begin-nonlinear-iterate] 
[INFO][rank 0][SUNNonlinSolSolve_FixedPoint][nonlinear-iterate] cur-iter = 2, update-norm = 0.02184661245053742
[INFO][rank 0][SUNNonlinSolSolve_FixedPoint][end-nonlinear-iterate] status = success
[INFO][rank 0][mriStep_Nls][end-nonlinear-solve] status = success, iters = 2
[INFO][rank 0][mriStep_TakeStepMRISR][end-stage] status = success
[INFO][rank 0][mriStep_TakeStepMRISR][begin-stage] stage = 2, stage type = 0, tcur = 0.002266666666666667
[DEBUG][rank 0][mriStepInnerStepper_Reset][reset-inner-state] tR = 0.002
[INFO][rank 0][mriStep_StageERKFast][begin-fast-steps] 
[INFO][rank 0][ARKodeEvolve][begin-step-attempt] step = 15, tn = 0.002, h = 0.0002666666666666666
[INFO][rank 0][arkStep_TakeStep_Z][begin-stage] stage = 0, implicit = 0, tcur = 0.002
[INFO][rank 0][arkStep_TakeStep_Z][end-stage] status = success
[INFO][rank 0][arkStep_TakeStep_Z][begin-stage] stage = 1, implicit = 0, tcur = 0.002133333333333333
[INFO][rank 0][arkStep_TakeStep_Z][end-stage] status = success
[INFO][rank 0][arkStep_TakeStep_Z][begin-stage] stage = 2, implicit = 0, tcur = 0.002133333333333333
[INFO][rank 0][arkStep_TakeStep_Z][end-stage] status = success
[INFO][rank 0][arkStep_TakeStep_Z][begin-stage] stage = 3, implicit = 0, tcur = 0.002266666666666667
[INFO][rank 0][arkStep_TakeStep_Z][end-stage] status = success
[INFO][rank 0][arkStep_TakeStep_Z][begin-stage] stage = 4, implicit = 0, tcur = 0.0022
[INFO][rank 0][arkStep_TakeStep_Z][end-stage] status = success
[INFO][rank 0][arkStep_TakeStep_Z][begin-compute-solution] mass type = 0
[INFO][rank 0][arkStep_TakeStep_Z][end-compute-solution] status = success
[DEBUG][rank 0][arkAdapt][new-step-before-bounds] h_acc = 0.002059250112576088, h_cfl = 2.666666666666666e+26
[DEBUG][rank 0][arkAdapt][new-step-after-max-min-bounds] h_acc = 0.001976880108073044, h_cfl = 1.333333333333333e+26
[DEBUG][rank 0][arkAdapt][new-step-eta] eta = 7.413300405273919
[INFO][rank 0][ARKodeEvolve][end-step-attempt] status = success, dsm = 1.987964799442913e-06
[INFO][rank 0][mriStep_StageERKFast][end-fast-steps] status = success
[INFO][rank 0][mriStep_Nls][begin-nonlinear-solve] tol = 0.1
[INFO][rank 0][SUNNonlinSolSolve_FixedPoint][nonlinear-solver] solver = Fixed-Point
[INFO][rank 0][SUNNonlinSolSolve_FixedPoint][begin-nonlinear-iterate] 
[INFO][rank 0][SUNNonlinSolSolve_FixedPoint][nonlinear-iterate] cur-iter = 1, update-norm = 26.81568292207747
[INFO][rank 0][SUNNonlinSolSolve_FixedPoint][end-nonlinear-iterate] status = continue
[INFO][rank 0][SUNNonlinSolSolve_FixedPoint][begin-nonlinear-iterate] 
[INFO][rank 0][SUNNonlinSolSolve_FixedPoint][nonlinear-iterate] cur-iter = 2, update-norm = 0.009012485355207473
[INFO][rank 0][SUNNonlinSolSolve_FixedPoint][end-nonlinear-iterate] status = success
[INFO][rank 0][mriStep_Nls][end-nonlinear-solve] status = success, iters = 2
[INFO][rank 0][mriStep_TakeStepMRISR][end-stage] status = success
[INFO][rank 0][mriStep_TakeStepMRISR][begin-stage] stage = 3, stage type = 0, tcur = 0.003
[DEBUG][rank 0][mriStepInnerStepper_Reset][reset-inner-state] tR = 0.002
[INFO][rank 0][mriStep_StageERKFast][begin-fast-steps] 
[INFO][rank 0][ARKodeEvolve][begin-step-attempt] step = 16, tn = 0.002, h = 0.0009999999999999992
[INFO][rank 0][arkStep_TakeStep_Z][begin-stage] stage = 0, implicit = 0, tcur = 0.002
[INFO][rank 0][arkStep_TakeStep_Z][end-stage] status = success
[INFO][rank 0][arkStep_TakeStep_Z][begin-stage] stage = 1, implicit = 0, tcur = 0.0025
[INFO][rank 0][arkStep_TakeStep_Z][end-stage] status = success
[INFO][rank 0][arkStep_TakeStep_Z][begin-stage] stage = 2, implicit = 0, tcur = 0.0025
[INFO][rank 0][arkStep_TakeStep_Z][end-stage] status = success
[INFO][rank 0][arkStep_TakeStep_Z][begin-stage] stage = 3, implicit = 0, tcur = 0.002999999999999999
[INFO][rank 0][arkStep_TakeStep_Z][end-stage] status = success
[INFO][rank 0][arkStep_TakeStep_Z][begin-stage] stage = 4, implicit = 0, tcur = 0.002749999999999999
[INFO][rank 0][arkStep_TakeStep_Z][end-stage] status = success
[INFO][rank 0][arkStep_TakeStep_Z][begin-compute-solution] mass type = 0
[INFO][rank 0][arkStep_TakeStep_Z][end-compute-solution] status = success
[DEBUG][rank 0][arkAdapt][new-step-before-bounds] h_acc = 0.002369854910396215, h_cfl = 9.999999999999992e+26
[DEBUG][rank 0][arkAdapt][new-step-after-max-min-bounds] h_acc = 0.002275060713980366, h_cfl = 4.999999999999996e+26
[DEBUG][rank 0][arkAdapt][new-step-eta] eta = 2.275060713980368
[INFO][rank 0][ARKodeEvolve][end-step-attempt] status = success, dsm = 0.000393408678876031
[INFO][rank 0][mriStep_StageERKFast][end-fast-steps] status = success
[INFO][rank 0][mriStep_Nls][begin-nonlinear-solve] tol = 0.1
[INFO][rank 0][SUNNonlinSolSolve_FixedPoint][nonlinear-solver] solver = Fixed-Point
[INFO][rank 0][SUNNonlinSolSolve_FixedPoint][begin-nonlinear-iterate] 
[INFO][rank 0][SUNNonlinSolSolve_FixedPoint][nonlinear-iterate] cur-iter = 1, update-norm = 117.8347805661338
[INFO][rank 0][SUNNonlinSolSolve_FixedPoint][end-nonlinear-iterate] status = continue
[INFO][rank 0][SUNNonlinSolSolve_FixedPoint][begin-nonlinear-iterate] 
[INFO][rank 0][SUNNonlinSolSolve_FixedPoint][nonlinear-iterate] cur-iter = 2, update-norm = 0.03959596958504103
[INFO][rank 0][SUNNonlinSolSolve_FixedPoint][end-nonlinear-iterate] status = success
[INFO][rank 0][mriStep_Nls][end-nonlinear-solve] status = success, iters = 2
[INFO][rank 0][mriStep_TakeStepMRISR][end-stage] status = success
[INFO][rank 0][ARKodeEvolve][end-step-attempt] status = success
 3.000000000000000e-03    1.224743952645809e+00    1.731531270248295e+00    1.874711497151793e-10    2.527533737861631e-11
------------------------------------------------------------------------------------------------------------------------------
Current time                 = 0.003
Steps                        = 3
Step attempts                = 3
Stability limited steps      = 0
Accuracy limited steps       = 0
Error test fails             = 0
NLS step fails               = 0
Inequality constraint fails  = 0
Initial step size            = 0.001
Last step size               = 0.001
Current step size            = 0.001
Explicit slow RHS fn evals   = 0
Implicit slow RHS fn evals   = 27
Inner stepper failures       = 0
NLS iters                    = 18
NLS fails                    = 0
NLS iters per step           = 6
LS setups                    = 0
End MRIStep Logging test
