Start LSRKStep Logging test
                      t                      y                  y err
---------------------------------------------------------------------
  0.000000000000000e+00  0.000000000000000e+00  0.000000000000000e+00
[INFO][rank 0][ARKodeEvolve][begin-step-attempt] step = 1, tn = 0, h = 6.103515625000001e-12
[INFO][rank 0][lsrkStep_TakeStepRKC][compute-num-stages] spectral radius = 999.9, num stages = 2, max stages = 2, max stage limit = 200
[INFO][rank 0][lsrkStep_TakeStepRKC][begin-stage] stage = 0, tcur = 0
[INFO][rank 0][lsrkStep_TakeStepRKC][end-stage] status = success
[INFO][rank 0][lsrkStep_TakeStepRKC][begin-stage] stage = 1, tcur = 1.469364872685183e-12
[INFO][rank 0][lsrkStep_TakeStepRKC][end-stage] status = success
[INFO][rank 0][lsrkStep_TakeStepRKC][begin-stage] stage = 2, tcur = 6.103515624999991e-12
[INFO][rank 0][lsrkStep_TakeStepRKC][end-stage] status = success
[INFO][rank 0][lsrkStep_TakeStepRKC][begin-compute-embedding] 
[INFO][rank 0][lsrkStep_TakeStepRKC][end-compute-embedding] status = success
[DEBUG][rank 0][arkAdapt][new-step-before-bounds] h_acc = 4.848194792018318e-09, h_cfl = 6.103515625000001e+18
[DEBUG][rank 0][arkAdapt][new-step-after-max-min-bounds] h_acc = 4.654267000337585e-09, h_cfl = 3.0517578125e+18
[DEBUG][rank 0][arkAdapt][new-step-eta] eta = 762.5551053353099
[INFO][rank 0][ARKodeEvolve][end-step-attempt] status = success, dsm = 9.693522803355793e-17
  6.103515625000001e-12  6.103515624999988e-12  1.211690350419474e-26
[INFO][rank 0][ARKodeEvolve][begin-step-attempt] step = 2, tn = 6.103515625000001e-12, h = 4.654267000337585e-09
[INFO][rank 0][lsrkStep_TakeStepRKC][compute-num-stages] spectral radius = 999.9, num stages = 2, max stages = 2, max stage limit = 200
[INFO][rank 0][lsrkStep_TakeStepRKC][begin-stage] stage = 0, tcur = 6.103515625000001e-12
[INFO][rank 0][lsrkStep_TakeStepRKC][end-stage] status = success
[INFO][rank 0][lsrkStep_TakeStepRKC][begin-stage] stage = 1, tcur = 1.126575200891454e-09
[INFO][rank 0][lsrkStep_TakeStepRKC][end-stage] status = success
[INFO][rank 0][lsrkStep_TakeStepRKC][begin-stage] stage = 2, tcur = 4.660370515962578e-09
[INFO][rank 0][lsrkStep_TakeStepRKC][end-stage] status = success
[INFO][rank 0][lsrkStep_TakeStepRKC][begin-compute-embedding] 
[INFO][rank 0][lsrkStep_TakeStepRKC][end-compute-embedding] status = success
[DEBUG][rank 0][arkAdapt][new-step-before-bounds] h_acc = 3.2949687022872e-07, h_cfl = 4.654267000337585e+21
[DEBUG][rank 0][arkAdapt][new-step-after-max-min-bounds] h_acc = 9.30853400067517e-08, h_cfl = 2.327133500168793e+21
[DEBUG][rank 0][arkAdapt][new-step-eta] eta = 20
[INFO][rank 0][ARKodeEvolve][end-step-attempt] status = success, dsm = 5.790263934461531e-14
  4.660370515962586e-09  4.660370515962578e-09  7.444625512977249e-24
[INFO][rank 0][ARKodeEvolve][begin-step-attempt] step = 3, tn = 4.660370515962586e-09, h = 9.30853400067517e-08
[INFO][rank 0][lsrkStep_TakeStepRKC][compute-num-stages] spectral radius = 999.9, num stages = 2, max stages = 2, max stage limit = 200
[INFO][rank 0][lsrkStep_TakeStepRKC][begin-stage] stage = 0, tcur = 4.660370515962586e-09
[INFO][rank 0][lsrkStep_TakeStepRKC][end-stage] status = success
[INFO][rank 0][lsrkStep_TakeStepRKC][begin-stage] stage = 1, tcur = 2.706980422129166e-08
[INFO][rank 0][lsrkStep_TakeStepRKC][end-stage] status = success
[INFO][rank 0][lsrkStep_TakeStepRKC][begin-stage] stage = 2, tcur = 9.774571052271414e-08
[INFO][rank 0][lsrkStep_TakeStepRKC][end-stage] status = success
[INFO][rank 0][lsrkStep_TakeStepRKC][begin-compute-embedding] 
[INFO][rank 0][lsrkStep_TakeStepRKC][end-compute-embedding] status = success
[DEBUG][rank 0][arkAdapt][new-step-before-bounds] h_acc = 2.083921183639362e-05, h_cfl = 9.308534000675171e+22
[DEBUG][rank 0][arkAdapt][new-step-after-max-min-bounds] h_acc = 1.861706800135034e-06, h_cfl = 4.654267000337585e+22
[DEBUG][rank 0][arkAdapt][new-step-eta] eta = 20
[INFO][rank 0][ARKodeEvolve][end-step-attempt] status = success, dsm = 1.323427303468993e-12
  9.774571052271429e-08  9.774571052271400e-08  2.646977960169689e-23
---------------------------------------------------------------------
Current time                 = 9.774571052271429e-08
Steps                        = 3
Step attempts                = 3
Stability limited steps      = 0
Accuracy limited steps       = 3
Error test fails             = 0
NLS step fails               = 0
Inequality constraint fails  = 0
Initial step size            = 6.103515625000001e-12
Last step size               = 9.30853400067517e-08
Current step size            = 1.861706800135034e-06
RHS fn evals                 = 9
Number of dom_eig updates    = 1
Max. num. of stages used     = 2
Max. num. of stages allowed  = 200
Max. spectral radius         = 999.9
Min. spectral radius         = 999.9
End LSRKStep Logging test
