Start MRIStep Logging test
Using Im-MRI-GARK method
Using fixed-point nonlinear solver
           t                        u                        v                      u err                    v err            
------------------------------------------------------------------------------------------------------------------------------
 0.000000000000000e+00    1.224744871391589e+00    1.732050807568877e+00    0.000000000000000e+00    0.000000000000000e+00
 1.000000000000000e-03    1.224744769312645e+00    1.731993073504226e+00    1.687561201890730e-11    1.043609643147647e-14
 2.000000000000000e-03    1.224744463066094e+00    1.731819882857627e+00    7.727218864772567e-11    7.993605777301127e-15
 3.000000000000000e-03    1.224743952652198e+00    1.731531270273541e+00    1.810818162084615e-10    2.975397705995420e-14
------------------------------------------------------------------------------------------------------------------------------
Current time                 = 0.003
Steps                        = 3
Step attempts                = 3
Stability limited steps      = 0
Accuracy limited steps       = 0
Error test fails             = 0
NLS step fails               = 0
Inequality constraint fails  = 0
Initial step size            = 0.001
Last step size               = 0.001
Current step size            = 0.001
Explicit slow RHS fn evals   = 0
Implicit slow RHS fn evals   = 27
Inner stepper failures       = 0
NLS iters                    = 18
NLS fails                    = 0
NLS iters per step           = 6
LS setups                    = 0
End MRIStep Logging test
