Start LSRKStep Logging test
                      t                      y                  y err
---------------------------------------------------------------------
  0.000000000000000e+00  0.000000000000000e+00  0.000000000000000e+00
[INFO][rank 0][ARKodeEvolve][begin-step-attempt] step = 1, tn = 0, h = 6.103515625e-12
[INFO][rank 0][lsrkStep_TakeStepSSPs3][begin-stage] stage = 0, tcur = 0
[DEBUG][rank 0][lsrkStep_TakeStepSSPs3][stage] z_0(:) =
 0.000000000000000e+00
[DEBUG][rank 0][lsrkStep_TakeStepSSPs3][stage RHS] F_0(:) =
 1.000000000000000e+00
[INFO][rank 0][lsrkStep_TakeStepSSPs3][end-stage] status = success
[INFO][rank 0][lsrkStep_TakeStepSSPs3][begin-stage] stage = 1, tcur = 1.01725260416667e-12
[DEBUG][rank 0][lsrkStep_TakeStepSSPs3][stage RHS] F_1(:) =
 1.000000000000000e+00
[INFO][rank 0][lsrkStep_TakeStepSSPs3][end-stage] status = success
[INFO][rank 0][lsrkStep_TakeStepSSPs3][begin-stage] stage = 2, tcur = 2.03450520833333e-12
[DEBUG][rank 0][lsrkStep_TakeStepSSPs3][stage RHS] F_2(:) =
 1.000000000000000e+00
[INFO][rank 0][lsrkStep_TakeStepSSPs3][end-stage] status = success
[INFO][rank 0][lsrkStep_TakeStepSSPs3][begin-stage] stage = 3, tcur = 3.0517578125e-12
[DEBUG][rank 0][lsrkStep_TakeStepSSPs3][stage RHS] F_3(:) =
 1.000000000000000e+00
[INFO][rank 0][lsrkStep_TakeStepSSPs3][end-stage] status = success
[INFO][rank 0][lsrkStep_TakeStepSSPs3][begin-stage] stage = 4, tcur = 4.06901041666667e-12
[DEBUG][rank 0][lsrkStep_TakeStepSSPs3][stage RHS] F_4(:) =
 1.000000000000000e+00
[INFO][rank 0][lsrkStep_TakeStepSSPs3][end-stage] status = success
[INFO][rank 0][lsrkStep_TakeStepSSPs3][begin-stage] stage = 5, tcur = 5.08626302083333e-12
[DEBUG][rank 0][lsrkStep_TakeStepSSPs3][stage RHS] F_5(:) =
 1.000000000000000e+00
[INFO][rank 0][lsrkStep_TakeStepSSPs3][end-stage] status = success
[INFO][rank 0][lsrkStep_TakeStepSSPs3][begin-stage] stage = 6, tcur = 3.0517578125e-12
[DEBUG][rank 0][lsrkStep_TakeStepSSPs3][stage RHS] F_6(:) =
 1.000000000000000e+00
[INFO][rank 0][lsrkStep_TakeStepSSPs3][end-stage] status = success
[INFO][rank 0][lsrkStep_TakeStepSSPs3][begin-stage] stage = 7, tcur = 4.06901041666667e-12
[DEBUG][rank 0][lsrkStep_TakeStepSSPs3][stage RHS] F_7(:) =
 1.000000000000000e+00
[INFO][rank 0][lsrkStep_TakeStepSSPs3][end-stage] status = success
[INFO][rank 0][lsrkStep_TakeStepSSPs3][begin-stage] stage = 8, tcur = 5.08626302083333e-12
[DEBUG][rank 0][lsrkStep_TakeStepSSPs3][stage RHS] F_8(:) =
 1.000000000000000e+00
[INFO][rank 0][lsrkStep_TakeStepSSPs3][end-stage] status = success
[INFO][rank 0][lsrkStep_TakeStepSSPs3][begin-stage] stage = 9, tcur = 6.103515625e-12
[INFO][rank 0][lsrkStep_TakeStepSSPs3][end-stage] status = success
[DEBUG][rank 0][lsrkStep_TakeStepSSPs3][updated solution] ycur(:) =
 6.103515625000001e-12
[INFO][rank 0][lsrkStep_TakeStepSSPs3][begin-compute-embedding] 
[DEBUG][rank 0][lsrkStep_TakeStepSSPs3][embedded solution] y_embedded(:) =
 6.103515625000001e-12
[INFO][rank 0][lsrkStep_TakeStepSSPs3][end-compute-embedding] status = success
[DEBUG][rank 0][arkAdapt][new-step-before-bounds] h_acc = inf
[DEBUG][rank 0][arkAdapt][new-step-after-max-min-bounds] h_acc = 6.103515625e-08
[DEBUG][rank 0][arkAdapt][new-step-eta] eta = 10000
[INFO][rank 0][ARKodeEvolve][end-step-attempt] status = success, dsm = 0
  6.103515625000001e-12  6.103515625000001e-12  0.000000000000000e+00
[INFO][rank 0][ARKodeEvolve][begin-step-attempt] step = 2, tn = 6.103515625e-12, h = 6.103515625e-08
[INFO][rank 0][lsrkStep_TakeStepSSPs3][begin-stage] stage = 0, tcur = 6.103515625e-12
[DEBUG][rank 0][lsrkStep_TakeStepSSPs3][stage] z_0(:) =
 6.103515625000001e-12
[DEBUG][rank 0][lsrkStep_TakeStepSSPs3][stage RHS] F_0(:) =
 1.000000000000000e+00
[INFO][rank 0][lsrkStep_TakeStepSSPs3][end-stage] status = success
[INFO][rank 0][lsrkStep_TakeStepSSPs3][begin-stage] stage = 1, tcur = 1.01786295572917e-08
[DEBUG][rank 0][lsrkStep_TakeStepSSPs3][stage RHS] F_1(:) =
 1.000000000000000e+00
[INFO][rank 0][lsrkStep_TakeStepSSPs3][end-stage] status = success
[INFO][rank 0][lsrkStep_TakeStepSSPs3][begin-stage] stage = 2, tcur = 2.03511555989583e-08
[DEBUG][rank 0][lsrkStep_TakeStepSSPs3][stage RHS] F_2(:) =
 9.999999999999996e-01
[INFO][rank 0][lsrkStep_TakeStepSSPs3][end-stage] status = success
[INFO][rank 0][lsrkStep_TakeStepSSPs3][begin-stage] stage = 3, tcur = 3.0523681640625e-08
[DEBUG][rank 0][lsrkStep_TakeStepSSPs3][stage RHS] F_3(:) =
 9.999999999999991e-01
[INFO][rank 0][lsrkStep_TakeStepSSPs3][end-stage] status = success
[INFO][rank 0][lsrkStep_TakeStepSSPs3][begin-stage] stage = 4, tcur = 4.06962076822917e-08
[DEBUG][rank 0][lsrkStep_TakeStepSSPs3][stage RHS] F_4(:) =
 9.999999999999984e-01
[INFO][rank 0][lsrkStep_TakeStepSSPs3][end-stage] status = success
[INFO][rank 0][lsrkStep_TakeStepSSPs3][begin-stage] stage = 5, tcur = 5.08687337239583e-08
[DEBUG][rank 0][lsrkStep_TakeStepSSPs3][stage RHS] F_5(:) =
 9.999999999999973e-01
[INFO][rank 0][lsrkStep_TakeStepSSPs3][end-stage] status = success
[INFO][rank 0][lsrkStep_TakeStepSSPs3][begin-stage] stage = 6, tcur = 3.0523681640625e-08
[DEBUG][rank 0][lsrkStep_TakeStepSSPs3][stage RHS] F_6(:) =
 9.999999999999991e-01
[INFO][rank 0][lsrkStep_TakeStepSSPs3][end-stage] status = success
[INFO][rank 0][lsrkStep_TakeStepSSPs3][begin-stage] stage = 7, tcur = 4.06962076822917e-08
[DEBUG][rank 0][lsrkStep_TakeStepSSPs3][stage RHS] F_7(:) =
 9.999999999999984e-01
[INFO][rank 0][lsrkStep_TakeStepSSPs3][end-stage] status = success
[INFO][rank 0][lsrkStep_TakeStepSSPs3][begin-stage] stage = 8, tcur = 5.08687337239583e-08
[DEBUG][rank 0][lsrkStep_TakeStepSSPs3][stage RHS] F_8(:) =
 9.999999999999973e-01
[INFO][rank 0][lsrkStep_TakeStepSSPs3][end-stage] status = success
[INFO][rank 0][lsrkStep_TakeStepSSPs3][begin-stage] stage = 9, tcur = 6.1041259765625e-08
[INFO][rank 0][lsrkStep_TakeStepSSPs3][end-stage] status = success
[DEBUG][rank 0][lsrkStep_TakeStepSSPs3][updated solution] ycur(:) =
 6.104125976562493e-08
[INFO][rank 0][lsrkStep_TakeStepSSPs3][begin-compute-embedding] 
[DEBUG][rank 0][lsrkStep_TakeStepSSPs3][embedded solution] y_embedded(:) =
 6.104125976562494e-08
[INFO][rank 0][lsrkStep_TakeStepSSPs3][end-compute-embedding] status = success
[DEBUG][rank 0][arkAdapt][new-step-before-bounds] h_acc = 0.0011976776899388
[DEBUG][rank 0][arkAdapt][new-step-after-max-min-bounds] h_acc = 1.220703125e-06
[DEBUG][rank 0][arkAdapt][new-step-eta] eta = 20
[INFO][rank 0][ARKodeEvolve][end-step-attempt] status = success, dsm = 1.32348889930549e-13
  6.104125976562500e-08  6.104125976562493e-08  0.000000000000000e+00
[INFO][rank 0][ARKodeEvolve][begin-step-attempt] step = 3, tn = 6.1041259765625e-08, h = 1.220703125e-06
[INFO][rank 0][lsrkStep_TakeStepSSPs3][begin-stage] stage = 0, tcur = 6.1041259765625e-08
[DEBUG][rank 0][lsrkStep_TakeStepSSPs3][stage] z_0(:) =
 6.104125976562493e-08
[DEBUG][rank 0][lsrkStep_TakeStepSSPs3][stage RHS] F_0(:) =
 9.999999999999962e-01
[INFO][rank 0][lsrkStep_TakeStepSSPs3][end-stage] status = success
[INFO][rank 0][lsrkStep_TakeStepSSPs3][begin-stage] stage = 1, tcur = 2.64491780598958e-07
[DEBUG][rank 0][lsrkStep_TakeStepSSPs3][stage RHS] F_1(:) =
 9.999999999999301e-01
[INFO][rank 0][lsrkStep_TakeStepSSPs3][end-stage] status = success
[INFO][rank 0][lsrkStep_TakeStepSSPs3][begin-stage] stage = 2, tcur = 4.67942301432292e-07
[DEBUG][rank 0][lsrkStep_TakeStepSSPs3][stage RHS] F_2(:) =
 9.999999999997811e-01
[INFO][rank 0][lsrkStep_TakeStepSSPs3][end-stage] status = success
[INFO][rank 0][lsrkStep_TakeStepSSPs3][begin-stage] stage = 3, tcur = 6.71392822265625e-07
[DEBUG][rank 0][lsrkStep_TakeStepSSPs3][stage RHS] F_3(:) =
 9.999999999995492e-01
[INFO][rank 0][lsrkStep_TakeStepSSPs3][end-stage] status = success
[INFO][rank 0][lsrkStep_TakeStepSSPs3][begin-stage] stage = 4, tcur = 8.74843343098958e-07
[DEBUG][rank 0][lsrkStep_TakeStepSSPs3][stage RHS] F_4(:) =
 9.999999999992345e-01
[INFO][rank 0][lsrkStep_TakeStepSSPs3][end-stage] status = success
[INFO][rank 0][lsrkStep_TakeStepSSPs3][begin-stage] stage = 5, tcur = 1.07829386393229e-06
[DEBUG][rank 0][lsrkStep_TakeStepSSPs3][stage RHS] F_5(:) =
 9.999999999988373e-01
[INFO][rank 0][lsrkStep_TakeStepSSPs3][end-stage] status = success
[INFO][rank 0][lsrkStep_TakeStepSSPs3][begin-stage] stage = 6, tcur = 6.71392822265625e-07
[DEBUG][rank 0][lsrkStep_TakeStepSSPs3][stage RHS] F_6(:) =
 9.999999999995494e-01
[INFO][rank 0][lsrkStep_TakeStepSSPs3][end-stage] status = success
[INFO][rank 0][lsrkStep_TakeStepSSPs3][begin-stage] stage = 7, tcur = 8.74843343098958e-07
[DEBUG][rank 0][lsrkStep_TakeStepSSPs3][stage RHS] F_7(:) =
 9.999999999992347e-01
[INFO][rank 0][lsrkStep_TakeStepSSPs3][end-stage] status = success
[INFO][rank 0][lsrkStep_TakeStepSSPs3][begin-stage] stage = 8, tcur = 1.07829386393229e-06
[DEBUG][rank 0][lsrkStep_TakeStepSSPs3][stage RHS] F_8(:) =
 9.999999999988374e-01
[INFO][rank 0][lsrkStep_TakeStepSSPs3][end-stage] status = success
[INFO][rank 0][lsrkStep_TakeStepSSPs3][begin-stage] stage = 9, tcur = 1.28174438476563e-06
[INFO][rank 0][lsrkStep_TakeStepSSPs3][end-stage] status = success
[DEBUG][rank 0][lsrkStep_TakeStepSSPs3][updated solution] ycur(:) =
 1.281744384764923e-06
[INFO][rank 0][lsrkStep_TakeStepSSPs3][begin-compute-embedding] 
[DEBUG][rank 0][lsrkStep_TakeStepSSPs3][embedded solution] y_embedded(:) =
 1.281744384764940e-06
[INFO][rank 0][lsrkStep_TakeStepSSPs3][end-compute-embedding] status = success
[DEBUG][rank 0][arkAdapt][new-step-before-bounds] h_acc = 0.00221586141183015
[DEBUG][rank 0][arkAdapt][new-step-after-max-min-bounds] h_acc = 2.44140625e-05
[DEBUG][rank 0][arkAdapt][new-step-eta] eta = 20
[INFO][rank 0][ARKodeEvolve][end-step-attempt] status = success, dsm = 1.67186954059802e-10
  1.281744384765625e-06  1.281744384764923e-06  0.000000000000000e+00
---------------------------------------------------------------------
Current time                  = 1.28174438476563e-06
Steps                         = 3
Step attempts                 = 3
Stability limited steps       = 0
Accuracy limited steps        = 3
Error test fails              = 0
NLS step fails                = 0
Inequality constraint fails   = 0
Initial step size             = 6.103515625e-12
Last step size                = 1.220703125e-06
Current step size             = 2.44140625e-05
RHS fn evals                  = 29
Number of stages used         = 9
End LSRKStep Logging test
