Start ARKStep Logging test
Using DIRK method
Using fixed-point nonlinear solver
           t                        u                        v                      u err                    v err            
------------------------------------------------------------------------------------------------------------------------------
 0.000000000000000e+00    1.224744871391589e+00    1.732050807568877e+00    0.000000000000000e+00    0.000000000000000e+00
[INFO][rank 0][ARKodeEvolve][begin-step-attempt] step = 1, tn = 0, h = 0.0001029860256095084
[INFO][rank 0][arkStep_TakeStep_Z][begin-stage] stage = 0, implicit = 1, tcur = 2.57465064023771e-05
[DEBUG][rank 0][arkStep_TakeStep_Z][predictor] zpred(:) =
1.2247448713915889e+00
1.7320508075688772e+00

[DEBUG][rank 0][arkStep_TakeStep_Z][rhs data] sdata(:) =
0.0000000000000000e+00
0.0000000000000000e+00

[INFO][rank 0][arkStep_Nls][begin-nonlinear-solve] tol = 0.1
[INFO][rank 0][SUNNonlinSolSolve_FixedPoint][nonlinear-solver] solver = Fixed-Point
[INFO][rank 0][SUNNonlinSolSolve_FixedPoint][begin-nonlinear-iterate] 
[INFO][rank 0][SUNNonlinSolSolve_FixedPoint][nonlinear-iterate] cur-iter = 1, update-norm = 0.03124727847178982
[INFO][rank 0][SUNNonlinSolSolve_FixedPoint][end-nonlinear-iterate] status = success
[DEBUG][rank 0][arkStep_Nls][correction] zcor(:) =
-1.3482114694817062e-10
-7.6544069683096959e-08

[INFO][rank 0][arkStep_Nls][end-nonlinear-solve] status = success, iters = 1
[DEBUG][rank 0][arkStep_TakeStep_Z][implicit stage] z_0(:) =
1.2247448712567679e+00
1.7320507310248074e+00

[DEBUG][rank 0][arkStep_TakeStep_Z][implicit RHS] Fi_0(:) =
-5.2744855434165435e-06
-2.9729122414792089e-03

[INFO][rank 0][arkStep_TakeStep_Z][end-stage] status = success
[INFO][rank 0][arkStep_TakeStep_Z][begin-stage] stage = 1, implicit = 1, tcur = 7.723951920713131e-05
[DEBUG][rank 0][arkStep_TakeStep_Z][predictor] zpred(:) =
1.2247448713915889e+00
1.7320508075688772e+00

[DEBUG][rank 0][arkStep_TakeStep_Z][rhs data] sdata(:) =
-2.7159915162563899e-10
-1.5308420811789943e-07

[INFO][rank 0][arkStep_Nls][begin-nonlinear-solve] tol = 0.1
[INFO][rank 0][SUNNonlinSolSolve_FixedPoint][nonlinear-solver] solver = Fixed-Point
[INFO][rank 0][SUNNonlinSolSolve_FixedPoint][begin-nonlinear-iterate] 
[INFO][rank 0][SUNNonlinSolSolve_FixedPoint][nonlinear-iterate] cur-iter = 1, update-norm = 0.1562371643297375
[INFO][rank 0][SUNNonlinSolSolve_FixedPoint][end-nonlinear-iterate] status = continue
[INFO][rank 0][SUNNonlinSolSolve_FixedPoint][begin-nonlinear-iterate] 
[INFO][rank 0][SUNNonlinSolSolve_FixedPoint][nonlinear-iterate] cur-iter = 2, update-norm = 4.895203386441746e-06
[INFO][rank 0][SUNNonlinSolSolve_FixedPoint][end-nonlinear-iterate] status = success
[DEBUG][rank 0][arkStep_Nls][correction] zcor(:) =
-6.7801963866676182e-10
-3.8271244855419026e-07

[INFO][rank 0][arkStep_Nls][end-nonlinear-solve] status = success, iters = 2
[DEBUG][rank 0][arkStep_TakeStep_Z][implicit stage] z_1(:) =
1.2247448707135693e+00
1.7320504248564286e+00

[DEBUG][rank 0][arkStep_TakeStep_Z][implicit RHS] Fi_1(:) =
-1.5785446875319835e-05
-8.9188116306507040e-03

[INFO][rank 0][arkStep_TakeStep_Z][end-stage] status = success
[INFO][rank 0][arkStep_TakeStep_Z][begin-stage] stage = 2, implicit = 1, tcur = 5.664231408522962e-05
[DEBUG][rank 0][arkStep_TakeStep_Z][predictor] zpred(:) =
1.2247448713915889e+00
1.7320508075688772e+00

[DEBUG][rank 0][arkStep_TakeStep_Z][rhs data] sdata(:) =
-1.1966020565906560e-10
-6.7356743000148608e-08

[INFO][rank 0][arkStep_Nls][begin-nonlinear-solve] tol = 0.1
[INFO][rank 0][SUNNonlinSolSolve_FixedPoint][nonlinear-solver] solver = Fixed-Point
[INFO][rank 0][SUNNonlinSolSolve_FixedPoint][begin-nonlinear-iterate] 
[INFO][rank 0][SUNNonlinSolSolve_FixedPoint][nonlinear-iterate] cur-iter = 1, update-norm = 0.09624183453536866
[INFO][rank 0][SUNNonlinSolSolve_FixedPoint][end-nonlinear-iterate] status = success
[DEBUG][rank 0][arkStep_Nls][correction] zcor(:) =
-4.1497525290288219e-10
-2.3575626677356586e-07

[INFO][rank 0][arkStep_Nls][end-nonlinear-solve] status = success, iters = 1
[DEBUG][rank 0][arkStep_TakeStep_Z][implicit stage] z_2(:) =
1.2247448709766138e+00
1.7320505718126105e+00

[DEBUG][rank 0][arkStep_TakeStep_Z][implicit RHS] Fi_2(:) =
-1.1587149897517827e-05
-6.5404400699907578e-03

[INFO][rank 0][arkStep_TakeStep_Z][end-stage] status = success
[INFO][rank 0][arkStep_TakeStep_Z][begin-stage] stage = 3, implicit = 1, tcur = 5.14930128047542e-05
[DEBUG][rank 0][arkStep_TakeStep_Z][predictor] zpred(:) =
1.2247448713915889e+00
1.7320508075688772e+00

[DEBUG][rank 0][arkStep_TakeStep_Z][rhs data] sdata(:) =
-9.9203496310720011e-11
-5.5830416748822856e-08

[INFO][rank 0][arkStep_Nls][begin-nonlinear-solve] tol = 0.1
[INFO][rank 0][SUNNonlinSolSolve_FixedPoint][nonlinear-solver] solver = Fixed-Point
[INFO][rank 0][SUNNonlinSolSolve_FixedPoint][begin-nonlinear-iterate] 
[INFO][rank 0][SUNNonlinSolSolve_FixedPoint][nonlinear-iterate] cur-iter = 1, update-norm = 0.08528677931681904
[INFO][rank 0][SUNNonlinSolSolve_FixedPoint][end-nonlinear-iterate] status = success
[DEBUG][rank 0][arkStep_Nls][correction] zcor(:) =
-3.6786739924915098e-10
-2.0892050479431925e-07

[INFO][rank 0][arkStep_Nls][end-nonlinear-solve] status = success, iters = 1
[DEBUG][rank 0][arkStep_TakeStep_Z][implicit stage] z_3(:) =
1.2247448710237216e+00
1.7320505986483723e+00

[DEBUG][rank 0][arkStep_TakeStep_Z][implicit RHS] Fi_3(:) =
-1.0538689897045994e-05
-5.9458448412770216e-03

[INFO][rank 0][arkStep_TakeStep_Z][end-stage] status = success
[INFO][rank 0][arkStep_TakeStep_Z][begin-stage] stage = 4, implicit = 1, tcur = 0.0001029860256095084
[DEBUG][rank 0][arkStep_TakeStep_Z][predictor] zpred(:) =
1.2247448713915889e+00
1.7320508075688772e+00

[DEBUG][rank 0][arkStep_TakeStep_Z][rhs data] sdata(:) =
-5.4124311520652384e-10
-3.0617235286251100e-07

[INFO][rank 0][arkStep_Nls][begin-nonlinear-solve] tol = 0.1
[INFO][rank 0][SUNNonlinSolSolve_FixedPoint][nonlinear-solver] solver = Fixed-Point
[INFO][rank 0][SUNNonlinSolSolve_FixedPoint][begin-nonlinear-iterate] 
[INFO][rank 0][SUNNonlinSolSolve_FixedPoint][nonlinear-iterate] cur-iter = 1, update-norm = 0.2499813593647933
[INFO][rank 0][SUNNonlinSolSolve_FixedPoint][end-nonlinear-iterate] status = continue
[INFO][rank 0][SUNNonlinSolSolve_FixedPoint][begin-nonlinear-iterate] 
[INFO][rank 0][SUNNonlinSolSolve_FixedPoint][nonlinear-iterate] cur-iter = 2, update-norm = 7.823414317944671e-06
[INFO][rank 0][SUNNonlinSolSolve_FixedPoint][end-nonlinear-iterate] status = success
[DEBUG][rank 0][arkStep_Nls][correction] zcor(:) =
-1.0824850889102213e-09
-6.1234459843085585e-07

[INFO][rank 0][arkStep_Nls][end-nonlinear-solve] status = success, iters = 2
[DEBUG][rank 0][arkStep_TakeStep_Z][implicit stage] z_4(:) =
1.2247448703091040e+00
1.7320501952242788e+00

[DEBUG][rank 0][arkStep_TakeStep_Z][implicit RHS] Fi_4(:) =
-2.1021934424180757e-05
-1.1891797717489950e-02

[INFO][rank 0][arkStep_TakeStep_Z][end-stage] status = success
[INFO][rank 0][arkStep_TakeStep_Z][begin-compute-solution] mass type = 0
[DEBUG][rank 0][arkStep_TakeStep_Z][updated solution] ycur(:) =
1.2247448703091040e+00
1.7320501952242788e+00

[INFO][rank 0][arkStep_TakeStep_Z][end-compute-solution] status = success
[DEBUG][rank 0][arkAdapt][new-step-before-bounds] h_acc = 0.003796520021120941, h_cfl = 1.029860256095084e+26
[DEBUG][rank 0][arkAdapt][new-step-after-max-min-bounds] h_acc = 0.003644659220276104, h_cfl = 5.14930128047542e+25
[DEBUG][rank 0][arkAdapt][new-step-eta] eta = 35.38984244421219
[INFO][rank 0][ARKodeEvolve][end-step-attempt] status = success, dsm = 5.257351772282993e-09
 1.029860256095084e-04    1.224744870309104e+00    1.732050195224279e+00    2.442490654175344e-15    1.998401444325282e-15
[INFO][rank 0][ARKodeEvolve][begin-step-attempt] step = 2, tn = 0.0001029860256095084, h = 0.003644659220276104
[INFO][rank 0][arkStep_TakeStep_Z][begin-stage] stage = 0, implicit = 1, tcur = 0.001014150830678534
[DEBUG][rank 0][arkStep_TakeStep_Z][predictor] zpred(:) =
1.2247448703091040e+00
1.7320501952242788e+00

[DEBUG][rank 0][arkStep_TakeStep_Z][rhs data] sdata(:) =
0.0000000000000000e+00
0.0000000000000000e+00

[INFO][rank 0][arkStep_Nls][begin-nonlinear-solve] tol = 0.1
[INFO][rank 0][SUNNonlinSolSolve_FixedPoint][nonlinear-solver] solver = Fixed-Point
[INFO][rank 0][SUNNonlinSolSolve_FixedPoint][begin-nonlinear-iterate] 
[INFO][rank 0][SUNNonlinSolSolve_FixedPoint][nonlinear-iterate] cur-iter = 1, update-norm = 43.57700668684354
[INFO][rank 0][SUNNonlinSolSolve_FixedPoint][end-nonlinear-iterate] status = continue
[INFO][rank 0][SUNNonlinSolSolve_FixedPoint][begin-nonlinear-iterate] 
[INFO][rank 0][SUNNonlinSolSolve_FixedPoint][nonlinear-iterate] cur-iter = 2, update-norm = 0.04633595994229208
[INFO][rank 0][SUNNonlinSolSolve_FixedPoint][end-nonlinear-iterate] status = success
[DEBUG][rank 0][arkStep_Nls][correction] zcor(:) =
-2.1037586989525144e-07
-1.0665669566797927e-04

[INFO][rank 0][arkStep_Nls][end-nonlinear-solve] status = success, iters = 2
[DEBUG][rank 0][arkStep_TakeStep_Z][implicit stage] z_0(:) =
1.2247446599332341e+00
1.7319435385286108e+00

[DEBUG][rank 0][arkStep_TakeStep_Z][implicit RHS] Fi_0(:) =
-2.3074476451876455e-04
-1.1705543726043446e-01

[INFO][rank 0][arkStep_TakeStep_Z][end-stage] status = success
[INFO][rank 0][arkStep_TakeStep_Z][begin-stage] stage = 1, implicit = 1, tcur = 0.002836480440816586
[DEBUG][rank 0][arkStep_TakeStep_Z][predictor] zpred(:) =
1.2247448703091040e+00
1.7320501952242788e+00

[DEBUG][rank 0][arkStep_TakeStep_Z][rhs data] sdata(:) =
-4.2049301676687675e-07
-2.1331358934734672e-04

[INFO][rank 0][arkStep_Nls][begin-nonlinear-solve] tol = 0.1
[INFO][rank 0][SUNNonlinSolSolve_FixedPoint][nonlinear-solver] solver = Fixed-Point
[INFO][rank 0][SUNNonlinSolSolve_FixedPoint][begin-nonlinear-iterate] 
[INFO][rank 0][SUNNonlinSolSolve_FixedPoint][nonlinear-iterate] cur-iter = 1, update-norm = 209.0149703261905
[INFO][rank 0][SUNNonlinSolSolve_FixedPoint][end-nonlinear-iterate] status = continue
[INFO][rank 0][SUNNonlinSolSolve_FixedPoint][begin-nonlinear-iterate] 
[INFO][rank 0][SUNNonlinSolSolve_FixedPoint][nonlinear-iterate] cur-iter = 2, update-norm = 0.2042649292783136
[INFO][rank 0][SUNNonlinSolSolve_FixedPoint][end-nonlinear-iterate] status = success
[DEBUG][rank 0][arkStep_Nls][correction] zcor(:) =
-9.7014597510064218e-07
-5.1163040588714660e-04

[INFO][rank 0][arkStep_Nls][end-nonlinear-solve] status = success, iters = 2
[DEBUG][rank 0][arkStep_TakeStep_Z][implicit stage] z_1(:) =
1.2247439001631288e+00
1.7315385648183916e+00

[DEBUG][rank 0][arkStep_TakeStep_Z][implicit RHS] Fi_1(:) =
-6.0258944624920930e-04
-3.2740202406040253e-01

[INFO][rank 0][arkStep_TakeStep_Z][end-stage] status = success
[INFO][rank 0][arkStep_TakeStep_Z][begin-stage] stage = 2, implicit = 1, tcur = 0.002107548596761365
[DEBUG][rank 0][arkStep_TakeStep_Z][predictor] zpred(:) =
1.2247448703091040e+00
1.7320501952242788e+00

[DEBUG][rank 0][arkStep_TakeStep_Z][rhs data] sdata(:) =
-1.9808592414894612e-07
-9.7322488527043608e-05

[INFO][rank 0][arkStep_Nls][begin-nonlinear-solve] tol = 0.1
[INFO][rank 0][SUNNonlinSolSolve_FixedPoint][nonlinear-solver] solver = Fixed-Point
[INFO][rank 0][SUNNonlinSolSolve_FixedPoint][begin-nonlinear-iterate] 
[INFO][rank 0][SUNNonlinSolSolve_FixedPoint][nonlinear-iterate] cur-iter = 1, update-norm = 130.3177912362241
[INFO][rank 0][SUNNonlinSolSolve_FixedPoint][end-nonlinear-iterate] status = continue
[INFO][rank 0][SUNNonlinSolSolve_FixedPoint][begin-nonlinear-iterate] 
[INFO][rank 0][SUNNonlinSolSolve_FixedPoint][nonlinear-iterate] cur-iter = 2, update-norm = 0.1317639651299175
[INFO][rank 0][SUNNonlinSolSolve_FixedPoint][end-nonlinear-iterate] status = success
[DEBUG][rank 0][arkStep_Nls][correction] zcor(:) =
-6.1892168789443219e-07
-3.1897993011555841e-04

[INFO][rank 0][arkStep_Nls][end-nonlinear-solve] status = success, iters = 2
[DEBUG][rank 0][arkStep_TakeStep_Z][implicit stage] z_2(:) =
1.2247442513874160e+00
1.7317312152941633e+00

[DEBUG][rank 0][arkStep_TakeStep_Z][implicit RHS] Fi_2(:) =
-4.6145172520038437e-04
-2.4326850843144060e-01

[INFO][rank 0][arkStep_TakeStep_Z][end-stage] status = success
[INFO][rank 0][arkStep_TakeStep_Z][begin-stage] stage = 3, implicit = 1, tcur = 0.00192531563574756
[DEBUG][rank 0][arkStep_TakeStep_Z][predictor] zpred(:) =
1.2247448703091040e+00
1.7320501952242788e+00

[DEBUG][rank 0][arkStep_TakeStep_Z][rhs data] sdata(:) =
-1.6517105235824326e-07
-8.0726783502178717e-05

[INFO][rank 0][arkStep_Nls][begin-nonlinear-solve] tol = 0.1
[INFO][rank 0][SUNNonlinSolSolve_FixedPoint][nonlinear-solver] solver = Fixed-Point
[INFO][rank 0][SUNNonlinSolSolve_FixedPoint][begin-nonlinear-iterate] 
[INFO][rank 0][SUNNonlinSolSolve_FixedPoint][nonlinear-iterate] cur-iter = 1, update-norm = 115.7066352240969
[INFO][rank 0][SUNNonlinSolSolve_FixedPoint][end-nonlinear-iterate] status = continue
[INFO][rank 0][SUNNonlinSolSolve_FixedPoint][begin-nonlinear-iterate] 
[INFO][rank 0][SUNNonlinSolSolve_FixedPoint][nonlinear-iterate] cur-iter = 2, update-norm = 0.1179815315332422
[INFO][rank 0][SUNNonlinSolSolve_FixedPoint][end-nonlinear-iterate] status = success
[DEBUG][rank 0][arkStep_Nls][correction] zcor(:) =
-5.5508531874120538e-07
-2.8321292927868202e-04

[INFO][rank 0][arkStep_Nls][end-nonlinear-solve] status = success, iters = 2
[DEBUG][rank 0][arkStep_TakeStep_Z][implicit stage] z_3(:) =
1.2247443152237851e+00
1.7317669822950001e+00

[DEBUG][rank 0][arkStep_TakeStep_Z][implicit RHS] Fi_3(:) =
-4.2756035369781892e-04
-2.2222805550988206e-01

[INFO][rank 0][arkStep_TakeStep_Z][end-stage] status = success
[INFO][rank 0][arkStep_TakeStep_Z][begin-stage] stage = 4, implicit = 1, tcur = 0.003747645245885612
[DEBUG][rank 0][arkStep_TakeStep_Z][predictor] zpred(:) =
1.2247448703091040e+00
1.7320501952242788e+00

[DEBUG][rank 0][arkStep_TakeStep_Z][rhs data] sdata(:) =
-7.3532761753850468e-07
-4.1596377780023664e-04

[INFO][rank 0][arkStep_Nls][begin-nonlinear-solve] tol = 0.1
[INFO][rank 0][SUNNonlinSolSolve_FixedPoint][nonlinear-solver] solver = Fixed-Point
[INFO][rank 0][SUNNonlinSolSolve_FixedPoint][begin-nonlinear-iterate] 
[INFO][rank 0][SUNNonlinSolSolve_FixedPoint][nonlinear-iterate] cur-iter = 1, update-norm = 330.9200194658451
[INFO][rank 0][SUNNonlinSolSolve_FixedPoint][end-nonlinear-iterate] status = continue
[INFO][rank 0][SUNNonlinSolSolve_FixedPoint][begin-nonlinear-iterate] 
[INFO][rank 0][SUNNonlinSolSolve_FixedPoint][nonlinear-iterate] cur-iter = 2, update-norm = 0.3098605220101286
[INFO][rank 0][SUNNonlinSolSolve_FixedPoint][end-nonlinear-iterate] status = success
[DEBUG][rank 0][arkStep_Nls][correction] zcor(:) =
-1.4332734690205068e-06
-8.1007679688875145e-04

[INFO][rank 0][arkStep_Nls][end-nonlinear-solve] status = success, iters = 2
[DEBUG][rank 0][arkStep_TakeStep_Z][implicit stage] z_4(:) =
1.2247434370356349e+00
1.7312401184273900e+00

[DEBUG][rank 0][arkStep_TakeStep_Z][implicit RHS] Fi_4(:) =
-7.6498190245061107e-04
-4.3253817811449907e-01

[INFO][rank 0][arkStep_TakeStep_Z][end-stage] status = success
[INFO][rank 0][arkStep_TakeStep_Z][begin-compute-solution] mass type = 0
[DEBUG][rank 0][arkStep_TakeStep_Z][updated solution] ycur(:) =
1.2247434370356349e+00
1.7312401184273900e+00

[INFO][rank 0][arkStep_TakeStep_Z][end-compute-solution] status = success
[DEBUG][rank 0][arkAdapt][new-step-before-bounds] h_acc = 0.00232929919553471, h_cfl = 3.644659220276104e+27
[DEBUG][rank 0][arkAdapt][new-step-after-max-min-bounds] h_acc = 0.002236127227713321, h_cfl = 1.822329610138052e+27
[DEBUG][rank 0][arkAdapt][new-step-eta] eta = 0.6135353383035691
[INFO][rank 0][ARKodeEvolve][end-step-attempt] status = success, dsm = 0.007864906415392474
 3.747645245885612e-03    1.224743437035635e+00    1.731240118427390e+00    9.108140908153928e-10    5.271953984475886e-10
[INFO][rank 0][ARKodeEvolve][begin-step-attempt] step = 3, tn = 0.003747645245885612, h = 0.002236127227713321
[INFO][rank 0][arkStep_TakeStep_Z][begin-stage] stage = 0, implicit = 1, tcur = 0.004306677052813943
[DEBUG][rank 0][arkStep_TakeStep_Z][predictor] zpred(:) =
1.2247434370356349e+00
1.7312401184273900e+00

[DEBUG][rank 0][arkStep_TakeStep_Z][rhs data] sdata(:) =
0.0000000000000000e+00
0.0000000000000000e+00

[INFO][rank 0][arkStep_Nls][begin-nonlinear-solve] tol = 0.1
[INFO][rank 0][SUNNonlinSolSolve_FixedPoint][nonlinear-solver] solver = Fixed-Point
[INFO][rank 0][SUNNonlinSolSolve_FixedPoint][begin-nonlinear-iterate] 
[INFO][rank 0][SUNNonlinSolSolve_FixedPoint][nonlinear-iterate] cur-iter = 1, update-norm = 113.5127839162196
[INFO][rank 0][SUNNonlinSolSolve_FixedPoint][end-nonlinear-iterate] status = continue
[INFO][rank 0][SUNNonlinSolSolve_FixedPoint][begin-nonlinear-iterate] 
[INFO][rank 0][SUNNonlinSolSolve_FixedPoint][nonlinear-iterate] cur-iter = 2, update-norm = 0.06347372373964355
[INFO][rank 0][SUNNonlinSolSolve_FixedPoint][end-nonlinear-iterate] status = success
[DEBUG][rank 0][arkStep_Nls][correction] zcor(:) =
-4.9654977891445632e-07
-2.7782303764351229e-04

[INFO][rank 0][arkStep_Nls][end-nonlinear-solve] status = success, iters = 2
[DEBUG][rank 0][arkStep_TakeStep_Z][implicit stage] z_0(:) =
1.2247429404858561e+00
1.7309622953897466e+00

[DEBUG][rank 0][arkStep_TakeStep_Z][implicit RHS] Fi_0(:) =
-8.8802202009468311e-04
-4.9697190728107943e-01

[INFO][rank 0][arkStep_TakeStep_Z][end-stage] status = success
[INFO][rank 0][arkStep_TakeStep_Z][begin-stage] stage = 1, implicit = 1, tcur = 0.005424740666670603
[DEBUG][rank 0][arkStep_TakeStep_Z][predictor] zpred(:) =
1.2247434370356349e+00
1.7312401184273900e+00

[DEBUG][rank 0][arkStep_TakeStep_Z][rhs data] sdata(:) =
-9.9286510897135357e-07
-5.5564620663992091e-04

[INFO][rank 0][arkStep_Nls][begin-nonlinear-solve] tol = 0.1
[INFO][rank 0][SUNNonlinSolSolve_FixedPoint][nonlinear-solver] solver = Fixed-Point
[INFO][rank 0][SUNNonlinSolSolve_FixedPoint][begin-nonlinear-iterate] 
[INFO][rank 0][SUNNonlinSolSolve_FixedPoint][nonlinear-iterate] cur-iter = 1, update-norm = 369.9413329159526
[INFO][rank 0][SUNNonlinSolSolve_FixedPoint][end-nonlinear-iterate] status = continue
[INFO][rank 0][SUNNonlinSolSolve_FixedPoint][begin-nonlinear-iterate] 
[INFO][rank 0][SUNNonlinSolSolve_FixedPoint][nonlinear-iterate] cur-iter = 2, update-norm = 0.1961628166373034
[INFO][rank 0][SUNNonlinSolSolve_FixedPoint][end-nonlinear-iterate] status = success
[DEBUG][rank 0][arkStep_Nls][correction] zcor(:) =
-1.6172337632817263e-06
-9.0547080473034054e-04

[INFO][rank 0][arkStep_Nls][end-nonlinear-solve] status = success, iters = 2
[DEBUG][rank 0][arkStep_TakeStep_Z][implicit stage] z_1(:) =
1.2247418198018716e+00
1.7303346476226598e+00

[DEBUG][rank 0][arkStep_TakeStep_Z][implicit RHS] Fi_1(:) =
-1.1162106350751314e-03
-6.2576901579145128e-01

[INFO][rank 0][arkStep_TakeStep_Z][end-stage] status = success
[INFO][rank 0][arkStep_TakeStep_Z][begin-stage] stage = 2, implicit = 1, tcur = 0.004977515221127939
[DEBUG][rank 0][arkStep_TakeStep_Z][predictor] zpred(:) =
1.2247434370356349e+00
1.7312401184273900e+00

[DEBUG][rank 0][arkStep_TakeStep_Z][rhs data] sdata(:) =
-5.7530871438233328e-07
-3.2186745513632103e-04

[INFO][rank 0][arkStep_Nls][begin-nonlinear-solve] tol = 0.1
[INFO][rank 0][SUNNonlinSolSolve_FixedPoint][nonlinear-solver] solver = Fixed-Point
[INFO][rank 0][SUNNonlinSolSolve_FixedPoint][begin-nonlinear-iterate] 
[INFO][rank 0][SUNNonlinSolSolve_FixedPoint][nonlinear-iterate] cur-iter = 1, update-norm = 262.6686572611258
[INFO][rank 0][SUNNonlinSolSolve_FixedPoint][end-nonlinear-iterate] status = continue
[INFO][rank 0][SUNNonlinSolSolve_FixedPoint][begin-nonlinear-iterate] 
[INFO][rank 0][SUNNonlinSolSolve_FixedPoint][nonlinear-iterate] cur-iter = 2, update-norm = 0.1422666879689584
[INFO][rank 0][SUNNonlinSolSolve_FixedPoint][end-nonlinear-iterate] status = success
[DEBUG][rank 0][arkStep_Nls][correction] zcor(:) =
-1.1501455808253400e-06
-6.4289877959560946e-04

[INFO][rank 0][arkStep_Nls][end-nonlinear-solve] status = success, iters = 2
[DEBUG][rank 0][arkStep_TakeStep_Z][implicit stage] z_2(:) =
1.2247422868900542e+00
1.7305972196477943e+00

[DEBUG][rank 0][arkStep_TakeStep_Z][implicit RHS] Fi_2(:) =
-1.0277950773381820e-03
-5.7426332462581242e-01

[INFO][rank 0][arkStep_TakeStep_Z][end-stage] status = success
[INFO][rank 0][arkStep_TakeStep_Z][begin-stage] stage = 3, implicit = 1, tcur = 0.004865708859742272
[DEBUG][rank 0][arkStep_TakeStep_Z][predictor] zpred(:) =
1.2247434370356349e+00
1.7312401184273900e+00

[DEBUG][rank 0][arkStep_TakeStep_Z][rhs data] sdata(:) =
-4.7935013656236019e-07
-2.6808251045464616e-04

[INFO][rank 0][arkStep_Nls][begin-nonlinear-solve] tol = 0.1
[INFO][rank 0][SUNNonlinSolSolve_FixedPoint][nonlinear-solver] solver = Fixed-Point
[INFO][rank 0][SUNNonlinSolSolve_FixedPoint][begin-nonlinear-iterate] 
[INFO][rank 0][SUNNonlinSolSolve_FixedPoint][nonlinear-iterate] cur-iter = 1, update-norm = 237.752750401516
[INFO][rank 0][SUNNonlinSolSolve_FixedPoint][end-nonlinear-iterate] status = continue
[INFO][rank 0][SUNNonlinSolSolve_FixedPoint][begin-nonlinear-iterate] 
[INFO][rank 0][SUNNonlinSolSolve_FixedPoint][nonlinear-iterate] cur-iter = 2, update-norm = 0.1294572005123361
[INFO][rank 0][SUNNonlinSolSolve_FixedPoint][end-nonlinear-iterate] status = success
[DEBUG][rank 0][arkStep_Nls][correction] zcor(:) =
-1.0420987047818668e-06
-5.8191303223959737e-04

[INFO][rank 0][arkStep_Nls][end-nonlinear-solve] status = success, iters = 2
[DEBUG][rank 0][arkStep_TakeStep_Z][implicit stage] z_3(:) =
1.2247423949369300e+00
1.7306582053951505e+00

[DEBUG][rank 0][arkStep_TakeStep_Z][implicit RHS] Fi_3(:) =
-1.0062154830822632e-03
-5.6138245809715936e-01

[INFO][rank 0][arkStep_TakeStep_Z][end-stage] status = success
[INFO][rank 0][arkStep_TakeStep_Z][begin-stage] stage = 4, implicit = 1, tcur = 0.005983772473598933
[DEBUG][rank 0][arkStep_TakeStep_Z][predictor] zpred(:) =
1.2247434370356349e+00
1.7312401184273900e+00

[DEBUG][rank 0][arkStep_TakeStep_Z][rhs data] sdata(:) =
-1.5381140406291581e-06
-8.6950990000653379e-04

[INFO][rank 0][arkStep_Nls][begin-nonlinear-solve] tol = 0.1
[INFO][rank 0][SUNNonlinSolSolve_FixedPoint][nonlinear-solver] solver = Fixed-Point
[INFO][rank 0][SUNNonlinSolSolve_FixedPoint][begin-nonlinear-iterate] 
[INFO][rank 0][SUNNonlinSolSolve_FixedPoint][nonlinear-iterate] cur-iter = 1, update-norm = 512.8615902035506
[INFO][rank 0][SUNNonlinSolSolve_FixedPoint][end-nonlinear-iterate] status = continue
[INFO][rank 0][SUNNonlinSolSolve_FixedPoint][begin-nonlinear-iterate] 
[INFO][rank 0][SUNNonlinSolSolve_FixedPoint][nonlinear-iterate] cur-iter = 2, update-norm = 0.2648770776226016
[INFO][rank 0][SUNNonlinSolSolve_FixedPoint][end-nonlinear-iterate] status = success
[DEBUG][rank 0][arkStep_Nls][correction] zcor(:) =
-2.2214373400379068e-06
-1.2553095738561651e-03

[INFO][rank 0][arkStep_Nls][end-nonlinear-solve] status = success, iters = 2
[DEBUG][rank 0][arkStep_TakeStep_Z][implicit stage] z_4(:) =
1.2247412155982949e+00
1.7299848088535339e+00

[DEBUG][rank 0][arkStep_TakeStep_Z][implicit RHS] Fi_4(:) =
-1.2214255933759850e-03
-6.9012157832719911e-01

[INFO][rank 0][arkStep_TakeStep_Z][end-stage] status = success
[INFO][rank 0][arkStep_TakeStep_Z][begin-compute-solution] mass type = 0
[DEBUG][rank 0][arkStep_TakeStep_Z][updated solution] ycur(:) =
1.2247412155982949e+00
1.7299848088535339e+00

[INFO][rank 0][arkStep_TakeStep_Z][end-compute-solution] status = success
[DEBUG][rank 0][arkAdapt][new-step-before-bounds] h_acc = 0.01050274477458537, h_cfl = 2.236127227713321e+27
[DEBUG][rank 0][arkAdapt][new-step-after-max-min-bounds] h_acc = 0.01008263498360195, h_cfl = 1.118063613856661e+27
[DEBUG][rank 0][arkAdapt][new-step-eta] eta = 4.50897196664097
[INFO][rank 0][ARKodeEvolve][end-step-attempt] status = success, dsm = 0.001116850591343922
 5.983772473598933e-03    1.224741215598295e+00    1.729984808853534e+00    1.411835537368233e-09    7.625806652811207e-10
------------------------------------------------------------------------------------------------------------------------------
Current time                 = 0.005983772473598933
Steps                        = 3
Step attempts                = 3
Stability limited steps      = 0
Accuracy limited steps       = 3
Error test fails             = 0
NLS step fails               = 0
Inequality constraint fails  = 0
Initial step size            = 0.0001029860256095084
Last step size               = 0.002236127227713321
Current step size            = 0.01008263498360196
Explicit RHS fn evals        = 0
Implicit RHS fn evals        = 45
NLS iters                    = 27
NLS fails                    = 0
NLS iters per step           = 9
LS setups                    = 0
End ARKStep Logging test
